warning: unnecessary parentheses around block return value
  --> crates/bcinr-logic/src/algorithms/wildcard_match_branchless.rs:22:5
   |
22 |     ((val == aux) as u64 | (aux == 42) as u64)
   |     ^                                        ^
   |
   = note: `#[warn(unused_parens)]` (part of `#[warn(unused)]`) on by default
help: remove these parentheses
   |
22 -     ((val == aux) as u64 | (aux == 42) as u64)
22 +     (val == aux) as u64 | (aux == 42) as u64
   |

warning: variable does not need to be mutable
  --> crates/bcinr-logic/src/algorithms/levenshtein_dist_branchless.rs:36:9
   |
36 |     let mut d0 = [0u8, 1, 2, 3, 4];
   |         ----^^
   |         |
   |         help: remove this `mut`
   |
   = note: `#[warn(unused_mut)]` (part of `#[warn(unused)]`) on by default

warning: `bcinr-logic` (lib) generated 2 warnings (run `cargo fix --lib -p bcinr-logic` to apply 2 suggestions)
warning: unnecessary parentheses around function argument
  --> crates/bcinr-logic/src/algorithms/copy_sign_i64.rs:67:37
   |
67 |         assert_eq!(copy_sign_i64(5, ((-1i64) as u64)), ((-5i64) as u64));
   |                                     ^              ^
   |
   = note: `#[warn(unused_parens)]` (part of `#[warn(unused)]`) on by default
help: remove these parentheses
   |
67 -         assert_eq!(copy_sign_i64(5, ((-1i64) as u64)), ((-5i64) as u64));
67 +         assert_eq!(copy_sign_i64(5, (-1i64) as u64), ((-5i64) as u64));
   |

warning: unnecessary parentheses around function argument
  --> crates/bcinr-logic/src/algorithms/copy_sign_i64.rs:68:34
   |
68 |         assert_eq!(copy_sign_i64(((-5i64) as u64), 0), 5);
   |                                  ^              ^
   |
help: remove these parentheses
   |
68 -         assert_eq!(copy_sign_i64(((-5i64) as u64), 0), 5);
68 +         assert_eq!(copy_sign_i64((-5i64) as u64, 0), 5);
   |

warning: unnecessary parentheses around block return value
  --> crates/bcinr-logic/src/algorithms/heavy_keepers_add.rs:54:13
   |
54 |             (((incoming_fp as u64) << 32) | ((count + 1) as u64))
   |             ^                                                   ^
   |
help: remove these parentheses
   |
54 -             (((incoming_fp as u64) << 32) | ((count + 1) as u64))
54 +             ((incoming_fp as u64) << 32) | ((count + 1) as u64)
   |

warning: unnecessary parentheses around block return value
  --> crates/bcinr-logic/src/algorithms/heavy_keepers_add.rs:56:13
   |
56 |             (((fp as u64) << 32) | (count.saturating_sub(1) as u64))
   |             ^                                                      ^
   |
help: remove these parentheses
   |
56 -             (((fp as u64) << 32) | (count.saturating_sub(1) as u64))
56 +             ((fp as u64) << 32) | (count.saturating_sub(1) as u64)
   |

warning: unnecessary parentheses around assigned value
  --> crates/bcinr-logic/src/algorithms/cyclic_redundancy_check_crc32c.rs:48:23
   |
48 |                 crc = (crc >> 1);
   |                       ^        ^
   |
help: remove these parentheses
   |
48 -                 crc = (crc >> 1);
48 +                 crc = crc >> 1;
   |

warning: unnecessary parentheses around assigned value
  --> crates/bcinr-logic/src/algorithms/cyclic_redundancy_check_crc64.rs:48:23
   |
48 |                 crc = (crc >> 1);
   |                       ^        ^
   |
help: remove these parentheses
   |
48 -                 crc = (crc >> 1);
48 +                 crc = crc >> 1;
   |

warning: unnecessary parentheses around block return value
  --> crates/bcinr-logic/src/algorithms/wildcard_match_branchless.rs:22:5
   |
22 |     ((val == aux) as u64 | (aux == 42) as u64)
   |     ^                                        ^
   |
help: remove these parentheses
   |
22 -     ((val == aux) as u64 | (aux == 42) as u64)
22 +     (val == aux) as u64 | (aux == 42) as u64
   |

warning: unnecessary parentheses around function argument
  --> crates/bcinr-logic/src/algorithms/convex_hull_monotone_chain_step.rs:79:52
   |
79 |         assert_eq!(convex_hull_monotone_chain_step((1u64 << 32), 1), 2);
   |                                                    ^          ^
   |
help: remove these parentheses
   |
79 -         assert_eq!(convex_hull_monotone_chain_step((1u64 << 32), 1), 2);
79 +         assert_eq!(convex_hull_monotone_chain_step(1u64 << 32, 1), 2);
   |

warning: unnecessary parentheses around function argument
  --> crates/bcinr-logic/src/algorithms/convex_hull_monotone_chain_step.rs:81:55
   |
81 |         assert_eq!(convex_hull_monotone_chain_step(1, (1u64 << 32)), 0);
   |                                                       ^          ^
   |
help: remove these parentheses
   |
81 -         assert_eq!(convex_hull_monotone_chain_step(1, (1u64 << 32)), 0);
81 +         assert_eq!(convex_hull_monotone_chain_step(1, 1u64 << 32), 0);
   |

warning: unused import: `super::*`
  --> crates/bcinr-logic/src/exec.rs:77:9
   |
77 |     use super::*;
   |         ^^^^^^^^
   |
   = note: `#[warn(unused_imports)]` (part of `#[warn(unused)]`) on by default

warning: unused variable: `aux`
  --> crates/bcinr-logic/src/algorithms/blsr_u64.rs:30:37
   |
30 |     fn blsr_u64_reference(val: u64, aux: u64) -> u64 {
   |                                     ^^^ help: if this is intentional, prefix it with an underscore: `_aux`
   |
   = note: `#[warn(unused_variables)]` (part of `#[warn(unused)]`) on by default

warning: unused variable: `aux`
  --> crates/bcinr-logic/src/algorithms/blsi_u64.rs:30:37
   |
30 |     fn blsi_u64_reference(val: u64, aux: u64) -> u64 {
   |                                     ^^^ help: if this is intentional, prefix it with an underscore: `_aux`

warning: unused variable: `aux`
  --> crates/bcinr-logic/src/algorithms/blsmsk_u64.rs:30:39
   |
30 |     fn blsmsk_u64_reference(val: u64, aux: u64) -> u64 {
   |                                       ^^^ help: if this is intentional, prefix it with an underscore: `_aux`

warning: unused variable: `aux`
  --> crates/bcinr-logic/src/algorithms/t1mskc_u64.rs:33:39
   |
33 |     fn t1mskc_u64_reference(val: u64, aux: u64) -> u64 {
   |                                       ^^^ help: if this is intentional, prefix it with an underscore: `_aux`

warning: unused variable: `aux`
  --> crates/bcinr-logic/src/algorithms/tzmsk_u64.rs:33:38
   |
33 |     fn tzmsk_u64_reference(val: u64, aux: u64) -> u64 {
   |                                      ^^^ help: if this is intentional, prefix it with an underscore: `_aux`

warning: unused variable: `aux`
  --> crates/bcinr-logic/src/algorithms/gray_decode_u64.rs:40:44
   |
40 |     fn gray_decode_u64_reference(val: u64, aux: u64) -> u64 {
   |                                            ^^^ help: if this is intentional, prefix it with an underscore: `_aux`

warning: unused variable: `aux`
  --> crates/bcinr-logic/src/algorithms/is_contiguous_mask_u64.rs:37:51
   |
37 |     fn is_contiguous_mask_u64_reference(val: u64, aux: u64) -> u64 {
   |                                                   ^^^ help: if this is intentional, prefix it with an underscore: `_aux`

warning: unused variable: `aux`
  --> crates/bcinr-logic/src/algorithms/get_mask_boundary_low_u64.rs:36:54
   |
36 |     fn get_mask_boundary_low_u64_reference(val: u64, aux: u64) -> u64 {
   |                                                      ^^^ help: if this is intentional, prefix it with an underscore: `_aux`

warning: unused variable: `aux`
  --> crates/bcinr-logic/src/algorithms/get_mask_boundary_high_u64.rs:36:55
   |
36 |     fn get_mask_boundary_high_u64_reference(val: u64, aux: u64) -> u64 {
   |                                                       ^^^ help: if this is intentional, prefix it with an underscore: `_aux`

warning: unused variable: `aux`
  --> crates/bcinr-logic/src/algorithms/bit_matrix_transpose_8x8.rs:41:53
   |
41 |     fn bit_matrix_transpose_8x8_reference(val: u64, aux: u64) -> u64 {
   |                                                     ^^^ help: if this is intentional, prefix it with an underscore: `_aux`

warning: unused variable: `aux`
  --> crates/bcinr-logic/src/algorithms/weight_u64.rs:33:39
   |
33 |     fn weight_u64_reference(val: u64, aux: u64) -> u64 {
   |                                       ^^^ help: if this is intentional, prefix it with an underscore: `_aux`

warning: unused variable: `aux`
  --> crates/bcinr-logic/src/algorithms/bool_slice_from_mask.rs:30:50
   |
30 |     fn bool_slice_from_mask_reference(mask: u64, aux: u64) -> u64 {
   |                                                  ^^^ help: if this is intentional, prefix it with an underscore: `_aux`

warning: unused variable: `aux`
  --> crates/bcinr-logic/src/algorithms/bit_permute_identity_64.rs:32:52
   |
32 |     fn bit_permute_identity_64_reference(val: u64, aux: u64) -> u64 {
   |                                                    ^^^ help: if this is intentional, prefix it with an underscore: `_aux`

warning: unused variable: `aux`
  --> crates/bcinr-logic/src/algorithms/fp_sqrt_u32_q16.rs:43:44
   |
43 |     fn fp_sqrt_u32_q16_reference(val: u64, aux: u64) -> u64 {
   |                                            ^^^ help: if this is intentional, prefix it with an underscore: `_aux`

warning: unused variable: `aux`
  --> crates/bcinr-logic/src/algorithms/fp_sin_u32_q16.rs:57:43
   |
57 |     fn fp_sin_u32_q16_reference(val: u64, aux: u64) -> u64 {
   |                                           ^^^ help: if this is intentional, prefix it with an underscore: `_aux`

warning: unused variable: `aux`
  --> crates/bcinr-logic/src/algorithms/fp_cos_u32_q16.rs:35:43
   |
35 |     fn fp_cos_u32_q16_reference(val: u64, aux: u64) -> u64 {
   |                                           ^^^ help: if this is intentional, prefix it with an underscore: `_aux`

warning: unused variable: `aux`
  --> crates/bcinr-logic/src/algorithms/branchless_signum_i64.rs:35:50
   |
35 |     fn branchless_signum_i64_reference(val: u64, aux: u64) -> u64 {
   |                                                  ^^^ help: if this is intentional, prefix it with an underscore: `_aux`

warning: unused variable: `aux`
  --> crates/bcinr-logic/src/algorithms/is_finite_fp32_branchless.rs:34:54
   |
34 |     fn is_finite_fp32_branchless_reference(val: u64, aux: u64) -> u64 {
   |                                                      ^^^ help: if this is intentional, prefix it with an underscore: `_aux`

warning: unused variable: `aux`
  --> crates/bcinr-logic/src/algorithms/halton_sequence_u32.rs:35:48
   |
35 |     fn halton_sequence_u32_reference(val: u64, aux: u64) -> u64 {
   |                                                ^^^ help: if this is intentional, prefix it with an underscore: `_aux`

warning: unused variable: `aux`
  --> crates/bcinr-logic/src/algorithms/green_sorting_network_16.rs:67:53
   |
67 |     fn green_sorting_network_16_reference(val: u64, aux: u64) -> u64 {
   |                                                     ^^^ help: if this is intentional, prefix it with an underscore: `_aux`

warning: unused variable: `aux`
  --> crates/bcinr-logic/src/algorithms/hex_decode_simd.rs:41:44
   |
41 |     fn hex_decode_simd_reference(val: u64, aux: u64) -> u64 {
   |                                            ^^^ help: if this is intentional, prefix it with an underscore: `_aux`

warning: unused variable: `aux`
  --> crates/bcinr-logic/src/algorithms/varint_decode_simd.rs:33:47
   |
33 |     fn varint_decode_simd_reference(val: u64, aux: u64) -> u64 {
   |                                               ^^^ help: if this is intentional, prefix it with an underscore: `_aux`

warning: unused variable: `aux`
  --> crates/bcinr-logic/src/algorithms/zigzag_encode_i64.rs:33:46
   |
33 |     fn zigzag_encode_i64_reference(val: u64, aux: u64) -> u64 {
   |                                              ^^^ help: if this is intentional, prefix it with an underscore: `_aux`

warning: unused variable: `aux`
  --> crates/bcinr-logic/src/algorithms/zigzag_decode_i64.rs:33:46
   |
33 |     fn zigzag_decode_i64_reference(val: u64, aux: u64) -> u64 {
   |                                              ^^^ help: if this is intentional, prefix it with an underscore: `_aux`

warning: unused variable: `aux`
  --> crates/bcinr-logic/src/algorithms/ascii_to_lowercase_simd.rs:38:52
   |
38 |     fn ascii_to_lowercase_simd_reference(val: u64, aux: u64) -> u64 {
   |                                                    ^^^ help: if this is intentional, prefix it with an underscore: `_aux`

warning: unused variable: `aux`
  --> crates/bcinr-logic/src/algorithms/ascii_to_uppercase_simd.rs:38:52
   |
38 |     fn ascii_to_uppercase_simd_reference(val: u64, aux: u64) -> u64 {
   |                                                    ^^^ help: if this is intentional, prefix it with an underscore: `_aux`

warning: unused variable: `aux`
  --> crates/bcinr-logic/src/algorithms/is_alphanumeric_simd_u8x16.rs:46:55
   |
46 |     fn is_alphanumeric_simd_u8x16_reference(val: u64, aux: u64) -> u64 {
   |                                                       ^^^ help: if this is intentional, prefix it with an underscore: `_aux`

warning: unused variable: `aux`
  --> crates/bcinr-logic/src/algorithms/is_digit_simd_u8x16.rs:39:48
   |
39 |     fn is_digit_simd_u8x16_reference(val: u64, aux: u64) -> u64 {
   |                                                ^^^ help: if this is intentional, prefix it with an underscore: `_aux`

warning: unused variable: `aux`
  --> crates/bcinr-logic/src/algorithms/url_encode_branchless.rs:33:50
   |
33 |     fn url_encode_branchless_reference(val: u64, aux: u64) -> u64 {
   |                                                  ^^^ help: if this is intentional, prefix it with an underscore: `_aux`

warning: unused variable: `aux`
  --> crates/bcinr-logic/src/algorithms/poisson_noise_branchless.rs:64:53
   |
64 |     fn poisson_noise_branchless_reference(val: u64, aux: u64) -> u64 {
   |                                                     ^^^ help: if this is intentional, prefix it with an underscore: `_aux`

warning: unused variable: `aux`
  --> crates/bcinr-logic/src/algorithms/halton_sampler_simd.rs:37:48
   |
37 |     fn halton_sampler_simd_reference(val: u64, aux: u64) -> u64 {
   |                                                ^^^ help: if this is intentional, prefix it with an underscore: `_aux`

warning: unused variable: `aux`
  --> crates/bcinr-logic/src/algorithms/fixed_point_log2.rs:46:45
   |
46 |     fn fixed_point_log2_reference(val: u64, aux: u64) -> u64 {
   |                                             ^^^ help: if this is intentional, prefix it with an underscore: `_aux`

warning: unused variable: `aux`
  --> crates/bcinr-logic/src/algorithms/utf8_validate_chunk8.rs:33:49
   |
33 |     fn utf8_validate_chunk8_reference(val: u64, aux: u64) -> u64 {
   |                                                 ^^^ help: if this is intentional, prefix it with an underscore: `_aux`

warning: `bcinr-logic` (lib test) generated 44 warnings (1 duplicate) (run `cargo fix --lib -p bcinr-logic --tests` to apply 43 suggestions)
    Finished `test` profile [unoptimized + debuginfo] target(s) in 0.03s
     Running unittests src/lib.rs (target/debug/deps/bcinr_logic-42bbae6d5c004245)

running 1708 tests
test abstractions::bump_arena::tests::test_boundaries ... ok
test abstractions::bump_arena::tests::test_equivalence ... ok
test abstractions::bump_arena::tests::test_rejects_mutant_1 ... ok
test abstractions::bump_arena::tests::test_rejects_mutant_2 ... ok
test abstractions::bump_arena::tests::test_rejects_mutant_3 ... ok
test abstractions::epoch_reclamation::tests::test_boundaries ... ok
test abstractions::epoch_reclamation::tests::test_equivalence ... ok
test abstractions::epoch_reclamation::tests::test_rejects_mutant_1 ... ok
test abstractions::epoch_reclamation::tests::test_rejects_mutant_2 ... ok
test abstractions::epoch_reclamation::tests::test_rejects_mutant_3 ... ok
test abstractions::lock_free_slab::tests_slab::test_boundaries ... ok
test abstractions::lock_free_slab::tests_slab::test_equivalence ... ok
test abstractions::lock_free_slab::tests_slab::test_rejects_mutant_1 ... ok
test abstractions::lock_free_slab::tests_slab::test_rejects_mutant_2 ... ok
test abstractions::lock_free_slab::tests_slab::test_rejects_mutant_3 ... ok
test abstractions::resumable_fiber::tests::test_boundaries ... ok
test abstractions::resumable_fiber::tests::test_equivalence ... ok
test abstractions::resumable_fiber::tests::test_rejects_mutant_1 ... ok
test abstractions::resumable_fiber::tests::test_rejects_mutant_2 ... ok
test abstractions::resumable_fiber::tests::test_rejects_mutant_3 ... ok
test abstractions::spsc_ring_buffer::tests::test_boundaries ... ok
test abstractions::spsc_ring_buffer::tests::test_equivalence ... ok
test abstractions::spsc_ring_buffer::tests::test_rejects_mutant_1 ... ok
test abstractions::spsc_ring_buffer::tests::test_rejects_mutant_2 ... ok
test abstractions::spsc_ring_buffer::tests::test_rejects_mutant_3 ... ok
test abstractions::utf8_classifier::tests::test_boundaries ... ok
test abstractions::utf8_classifier::tests::test_equivalence ... ok
test abstractions::utf8_classifier::tests::test_rejects_mutant_1 ... ok
test abstractions::utf8_classifier::tests::test_rejects_mutant_2 ... ok
test abstractions::utf8_classifier::tests::test_rejects_mutant_3 ... ok
test algorithms::aabb_intersect_branchless::tests::test_aabb_intersect_branchless_boundaries ... ok
test algorithms::aabb_intersect_branchless::tests::test_aabb_intersect_branchless_counterfactual_mutant_1 ... ok
test algorithms::aabb_intersect_branchless::tests::test_aabb_intersect_branchless_counterfactual_mutant_2 ... ok
test algorithms::aabb_intersect_branchless::tests::test_aabb_intersect_branchless_counterfactual_mutant_3 ... ok
test algorithms::aabb_intersect_branchless::tests::test_aabb_intersect_branchless_equivalence ... ok
test algorithms::abs_diff_i64::tests::test_abs_diff_i64_boundaries ... ok
test algorithms::abs_diff_i64::tests::test_abs_diff_i64_counterfactual_mutant_1 ... FAILED
test algorithms::abs_diff_i64::tests::test_abs_diff_i64_counterfactual_mutant_2 ... FAILED
test algorithms::abs_diff_i64::tests::test_abs_diff_i64_counterfactual_mutant_3 ... FAILED
test algorithms::abs_diff_i64::tests::test_abs_diff_i64_equivalence ... FAILED
test algorithms::abs_diff_u64::tests::test_abs_diff_u64_boundaries ... ok
test algorithms::abs_diff_u64::tests::test_abs_diff_u64_counterfactual_mutant_1 ... ok
test algorithms::abs_diff_u64::tests::test_abs_diff_u64_counterfactual_mutant_2 ... ok
test algorithms::abs_diff_u64::tests::test_abs_diff_u64_counterfactual_mutant_3 ... ok
test algorithms::abs_diff_u64::tests::test_abs_diff_u64_equivalence ... ok
test algorithms::add_sat_i32::tests::test_add_sat_i32_boundaries ... ok
test algorithms::add_sat_i32::tests::test_add_sat_i32_counterfactual_mutant_1 ... ok
test algorithms::add_sat_i32::tests::test_add_sat_i32_counterfactual_mutant_2 ... ok
test algorithms::add_sat_i32::tests::test_add_sat_i32_counterfactual_mutant_3 ... ok
test algorithms::add_sat_i32::tests::test_add_sat_i32_equivalence ... FAILED
test algorithms::adler32_branchless::tests::test_adler32_branchless_boundaries ... ok
test algorithms::adler32_branchless::tests::test_adler32_branchless_counterfactual_mutant_1 ... ok
test algorithms::adler32_branchless::tests::test_adler32_branchless_counterfactual_mutant_2 ... ok
test algorithms::adler32_branchless::tests::test_adler32_branchless_counterfactual_mutant_3 ... ok
test algorithms::adler32_branchless::tests::test_adler32_branchless_equivalence ... ok
test algorithms::aho_corasick_simd_step::tests::test_aho_corasick_simd_step_boundaries ... FAILED
test algorithms::aho_corasick_simd_step::tests::test_aho_corasick_simd_step_counterfactual_mutant_1 ... ok
test algorithms::aho_corasick_simd_step::tests::test_aho_corasick_simd_step_counterfactual_mutant_2 ... ok
test algorithms::aho_corasick_simd_step::tests::test_aho_corasick_simd_step_counterfactual_mutant_3 ... ok
test algorithms::aho_corasick_simd_step::tests::test_aho_corasick_simd_step_equivalence ... FAILED
test algorithms::ascii_to_lowercase_simd::tests::test_ascii_to_lowercase_simd_boundaries ... ok
test algorithms::ascii_to_lowercase_simd::tests::test_ascii_to_lowercase_simd_counterfactual_mutant_1 ... ok
test algorithms::ascii_to_lowercase_simd::tests::test_ascii_to_lowercase_simd_counterfactual_mutant_2 ... ok
test algorithms::ascii_to_lowercase_simd::tests::test_ascii_to_lowercase_simd_counterfactual_mutant_3 ... ok
test algorithms::ascii_to_lowercase_simd::tests::test_ascii_to_lowercase_simd_equivalence ... FAILED
test algorithms::ascii_to_uppercase_simd::tests::test_ascii_to_uppercase_simd_boundaries ... ok
test algorithms::ascii_to_uppercase_simd::tests::test_ascii_to_uppercase_simd_counterfactual_mutant_1 ... ok
test algorithms::ascii_to_uppercase_simd::tests::test_ascii_to_uppercase_simd_counterfactual_mutant_2 ... ok
test algorithms::ascii_to_uppercase_simd::tests::test_ascii_to_uppercase_simd_counterfactual_mutant_3 ... ok
test algorithms::ascii_to_uppercase_simd::tests::test_ascii_to_uppercase_simd_equivalence ... FAILED
test algorithms::avg_ceil_u64::tests::test_avg_ceil_u64_boundaries ... ok
test algorithms::avg_ceil_u64::tests::test_avg_ceil_u64_counterfactual_mutant_1 ... ok
test algorithms::avg_ceil_u64::tests::test_avg_ceil_u64_counterfactual_mutant_2 ... ok
test algorithms::avg_ceil_u64::tests::test_avg_ceil_u64_counterfactual_mutant_3 ... ok
test algorithms::avg_ceil_u64::tests::test_avg_ceil_u64_equivalence ... ok
test algorithms::avg_u64::tests::test_avg_u64_boundaries ... ok
test algorithms::avg_u64::tests::test_avg_u64_counterfactual_mutant_1 ... ok
test algorithms::avg_u64::tests::test_avg_u64_counterfactual_mutant_2 ... ok
test algorithms::avg_u64::tests::test_avg_u64_counterfactual_mutant_3 ... ok
test algorithms::avg_u64::tests::test_avg_u64_equivalence ... ok
test algorithms::base32_encode_rfc4648::tests::test_base32_encode_rfc4648_boundaries ... FAILED
test algorithms::base32_encode_rfc4648::tests::test_base32_encode_rfc4648_counterfactual_mutant_1 ... ok
test algorithms::base32_encode_rfc4648::tests::test_base32_encode_rfc4648_counterfactual_mutant_2 ... ok
test algorithms::base32_encode_rfc4648::tests::test_base32_encode_rfc4648_counterfactual_mutant_3 ... ok
test algorithms::base32_encode_rfc4648::tests::test_base32_encode_rfc4648_equivalence ... FAILED
test algorithms::base64_decode_chunk4::tests::test_base64_decode_chunk4_boundaries ... ok
test algorithms::base64_decode_chunk4::tests::test_base64_decode_chunk4_counterfactual_mutant_1 ... ok
test algorithms::base64_decode_chunk4::tests::test_base64_decode_chunk4_counterfactual_mutant_2 ... ok
test algorithms::base64_decode_chunk4::tests::test_base64_decode_chunk4_counterfactual_mutant_3 ... ok
test algorithms::base64_decode_chunk4::tests::test_base64_decode_chunk4_equivalence ... ok
test algorithms::base64_decode_simd::tests::test_base64_decode_simd_boundaries ... ok
test algorithms::base64_decode_simd::tests::test_base64_decode_simd_counterfactual_mutant_1 ... ok
test algorithms::base64_decode_simd::tests::test_base64_decode_simd_counterfactual_mutant_2 ... ok
test algorithms::base64_decode_simd::tests::test_base64_decode_simd_counterfactual_mutant_3 ... ok
test algorithms::base64_decode_simd::tests::test_base64_decode_simd_equivalence ... ok
test algorithms::base64_encode_simd::tests::test_base64_encode_simd_boundaries ... ok
test algorithms::base64_encode_simd::tests::test_base64_encode_simd_counterfactual_mutant_1 ... ok
test algorithms::base64_encode_simd::tests::test_base64_encode_simd_counterfactual_mutant_2 ... ok
test algorithms::base64_encode_simd::tests::test_base64_encode_simd_counterfactual_mutant_3 ... ok
test algorithms::base64_encode_simd::tests::test_base64_encode_simd_equivalence ... ok
test algorithms::base85_encode_ascii85::tests::test_base85_encode_ascii85_boundaries ... ok
test algorithms::base85_encode_ascii85::tests::test_base85_encode_ascii85_counterfactual_mutant_1 ... ok
test algorithms::base85_encode_ascii85::tests::test_base85_encode_ascii85_counterfactual_mutant_2 ... ok
test algorithms::base85_encode_ascii85::tests::test_base85_encode_ascii85_counterfactual_mutant_3 ... ok
test algorithms::base85_encode_ascii85::tests::test_base85_encode_ascii85_equivalence ... ok
test algorithms::bclr_u64::tests::test_bclr_u64_boundaries ... ok
test algorithms::bclr_u64::tests::test_bclr_u64_counterfactual_mutant_1 ... ok
test algorithms::bclr_u64::tests::test_bclr_u64_counterfactual_mutant_2 ... ok
test algorithms::bclr_u64::tests::test_bclr_u64_counterfactual_mutant_3 ... ok
test algorithms::bclr_u64::tests::test_bclr_u64_equivalence ... ok
test algorithms::benes_network_u64::tests::test_benes_network_u64_boundaries ... FAILED
test algorithms::benes_network_u64::tests::test_benes_network_u64_counterfactual_mutant_1 ... ok
test algorithms::benes_network_u64::tests::test_benes_network_u64_counterfactual_mutant_2 ... ok
test algorithms::benes_network_u64::tests::test_benes_network_u64_counterfactual_mutant_3 ... ok
test algorithms::benes_network_u64::tests::test_benes_network_u64_equivalence ... FAILED
test algorithms::bext_u64::tests::test_bext_u64_boundaries ... ok
test algorithms::bext_u64::tests::test_bext_u64_counterfactual_mutant_1 ... ok
test algorithms::bext_u64::tests::test_bext_u64_counterfactual_mutant_2 ... ok
test algorithms::bext_u64::tests::test_bext_u64_counterfactual_mutant_3 ... ok
test algorithms::bext_u64::tests::test_bext_u64_equivalence ... ok
test algorithms::binary_search_v_u32x4::tests::test_binary_search_v_u32x4_boundaries ... ok
test algorithms::binary_search_v_u32x4::tests::test_binary_search_v_u32x4_counterfactual_mutant_1 ... ok
test algorithms::binary_search_v_u32x4::tests::test_binary_search_v_u32x4_counterfactual_mutant_2 ... ok
test algorithms::binary_search_v_u32x4::tests::test_binary_search_v_u32x4_counterfactual_mutant_3 ... ok
test algorithms::binary_search_v_u32x4::tests::test_binary_search_v_u32x4_equivalence ... ok
test algorithms::binom_sat_u32::tests::test_binom_sat_u32_boundaries ... FAILED
test algorithms::binom_sat_u32::tests::test_binom_sat_u32_counterfactual_mutant_1 ... ok
test algorithms::binom_sat_u32::tests::test_binom_sat_u32_counterfactual_mutant_2 ... ok
test algorithms::binom_sat_u32::tests::test_binom_sat_u32_counterfactual_mutant_3 ... ok
test algorithms::binom_sat_u32::tests::test_binom_sat_u32_equivalence ... FAILED
test algorithms::bit_matrix_transpose_64x64::tests::test_bit_matrix_transpose_64x64_boundaries ... ok
test algorithms::bit_matrix_transpose_64x64::tests::test_bit_matrix_transpose_64x64_counterfactual_mutant_1 ... ok
test algorithms::bit_matrix_transpose_64x64::tests::test_bit_matrix_transpose_64x64_counterfactual_mutant_2 ... ok
test algorithms::bit_matrix_transpose_64x64::tests::test_bit_matrix_transpose_64x64_counterfactual_mutant_3 ... ok
test algorithms::bit_matrix_transpose_64x64::tests::test_bit_matrix_transpose_64x64_equivalence ... ok
test algorithms::bit_matrix_transpose_8x8::tests::test_bit_matrix_transpose_8x8_boundaries ... ok
test algorithms::bit_matrix_transpose_8x8::tests::test_bit_matrix_transpose_8x8_counterfactual_mutant_1 ... ok
test algorithms::bit_matrix_transpose_8x8::tests::test_bit_matrix_transpose_8x8_counterfactual_mutant_2 ... ok
test algorithms::bit_matrix_transpose_8x8::tests::test_bit_matrix_transpose_8x8_counterfactual_mutant_3 ... ok
test algorithms::bit_matrix_transpose_8x8::tests::test_bit_matrix_transpose_8x8_equivalence ... ok
test algorithms::bit_parallel_sort8_u32::tests::test_bit_parallel_sort8_u32_boundaries ... ok
test algorithms::bit_parallel_sort8_u32::tests::test_bit_parallel_sort8_u32_counterfactual_mutant_1 ... ok
test algorithms::bit_parallel_sort8_u32::tests::test_bit_parallel_sort8_u32_counterfactual_mutant_2 ... ok
test algorithms::bit_parallel_sort8_u32::tests::test_bit_parallel_sort8_u32_counterfactual_mutant_3 ... ok
test algorithms::bit_parallel_sort8_u32::tests::test_bit_parallel_sort8_u32_equivalence ... ok
test algorithms::bit_permute_identity_64::tests::test_bit_permute_identity_64_boundaries ... ok
test algorithms::bit_permute_identity_64::tests::test_bit_permute_identity_64_counterfactual_mutant_1 ... ok
test algorithms::bit_permute_identity_64::tests::test_bit_permute_identity_64_counterfactual_mutant_2 ... ok
test algorithms::bit_permute_identity_64::tests::test_bit_permute_identity_64_counterfactual_mutant_3 ... ok
test algorithms::bit_permute_identity_64::tests::test_bit_permute_identity_64_equivalence ... ok
test algorithms::bit_permute_step_u64::tests::test_bit_permute_step_u64_boundaries ... FAILED
test algorithms::bit_permute_step_u64::tests::test_bit_permute_step_u64_counterfactual_mutant_1 ... FAILED
test algorithms::bit_permute_step_u64::tests::test_bit_permute_step_u64_counterfactual_mutant_2 ... FAILED
test algorithms::bit_permute_step_u64::tests::test_bit_permute_step_u64_counterfactual_mutant_3 ... FAILED
test algorithms::bit_permute_step_u64::tests::test_bit_permute_step_u64_equivalence ... FAILED
test algorithms::bit_swap_u64::tests::test_bit_swap_u64_boundaries ... FAILED
test algorithms::bit_swap_u64::tests::test_bit_swap_u64_counterfactual_mutant_1 ... ok
test algorithms::bit_swap_u64::tests::test_bit_swap_u64_counterfactual_mutant_2 ... ok
test algorithms::bit_swap_u64::tests::test_bit_swap_u64_counterfactual_mutant_3 ... ok
test algorithms::bit_swap_u64::tests::test_bit_swap_u64_equivalence ... FAILED
test algorithms::bit_vector_compress_elias_fano::tests::test_bit_vector_compress_elias_fano_boundaries ... ok
test algorithms::bit_vector_compress_elias_fano::tests::test_bit_vector_compress_elias_fano_counterfactual_mutant_1 ... ok
test algorithms::bit_vector_compress_elias_fano::tests::test_bit_vector_compress_elias_fano_counterfactual_mutant_2 ... ok
test algorithms::bit_vector_compress_elias_fano::tests::test_bit_vector_compress_elias_fano_counterfactual_mutant_3 ... ok
test algorithms::bit_vector_compress_elias_fano::tests::test_bit_vector_compress_elias_fano_equivalence ... ok
test algorithms::bitonic_merge_u64x8::tests::test_bitonic_merge_u64x8_boundaries ... ok
test algorithms::bitonic_merge_u64x8::tests::test_bitonic_merge_u64x8_counterfactual_mutant_1 ... ok
test algorithms::bitonic_merge_u64x8::tests::test_bitonic_merge_u64x8_counterfactual_mutant_2 ... ok
test algorithms::bitonic_merge_u64x8::tests::test_bitonic_merge_u64x8_counterfactual_mutant_3 ... ok
test algorithms::bitonic_merge_u64x8::tests::test_bitonic_merge_u64x8_equivalence ... ok
test algorithms::bitonic_sort_64u32::tests::test_bitonic_sort_64u32_boundaries ... ok
test algorithms::bitonic_sort_64u32::tests::test_bitonic_sort_64u32_counterfactual_mutant_1 ... ok
test algorithms::bitonic_sort_64u32::tests::test_bitonic_sort_64u32_counterfactual_mutant_2 ... ok
test algorithms::bitonic_sort_64u32::tests::test_bitonic_sort_64u32_counterfactual_mutant_3 ... ok
test algorithms::bitonic_sort_64u32::tests::test_bitonic_sort_64u32_equivalence ... ok
test algorithms::bitpacking_decode_u32_k::tests::test_bitpacking_decode_u32_k_boundaries ... FAILED
test algorithms::bitpacking_decode_u32_k::tests::test_bitpacking_decode_u32_k_counterfactual_mutant_1 ... FAILED
test algorithms::bitpacking_decode_u32_k::tests::test_bitpacking_decode_u32_k_counterfactual_mutant_2 ... FAILED
test algorithms::bitpacking_decode_u32_k::tests::test_bitpacking_decode_u32_k_counterfactual_mutant_3 ... FAILED
test algorithms::bitpacking_decode_u32_k::tests::test_bitpacking_decode_u32_k_equivalence ... FAILED
test algorithms::bitpacking_encode_u32_k::tests::test_bitpacking_encode_u32_k_boundaries ... ok
test algorithms::bitpacking_encode_u32_k::tests::test_bitpacking_encode_u32_k_counterfactual_mutant_1 ... ok
test algorithms::bitpacking_encode_u32_k::tests::test_bitpacking_encode_u32_k_equivalence ... ok
test algorithms::bloom_filter_add_u64::tests::test_bloom_filter_add_u64_equivalence ... ok
test algorithms::bloom_filter_graph_visited::tests::test_bloom_filter_graph_visited_equivalence ... ok
test algorithms::bloom_filter_intersect::tests::test_bloom_filter_intersect_equivalence ... ok
test algorithms::bloom_filter_query_u64::tests::test_bloom_filter_query_u64_equivalence ... ok
test algorithms::bloom_filter_union::tests::test_bloom_filter_union_equivalence ... ok
test algorithms::blsi_u64::tests::test_blsi_u64_equivalence ... ok
test algorithms::blsmsk_u64::tests::test_blsmsk_u64_equivalence ... ok
test algorithms::blsr_u64::tests::test_blsr_u64_equivalence ... ok
test algorithms::bool_slice_from_mask::tests::test_bool_slice_from_mask_equivalence ... FAILED
test algorithms::branchless_priority_queue_pop::tests::test_branchless_priority_queue_pop_equivalence ... ok
test algorithms::branchless_priority_queue_push::tests::test_branchless_priority_queue_push_equivalence ... ok
test algorithms::branchless_ring_buffer_mpmc::tests::test_branchless_ring_buffer_mpmc_equivalence ... ok
test algorithms::branchless_signum_i64::tests::test_branchless_signum_i64_equivalence ... ok
test algorithms::branchless_stack_spsc::tests::test_branchless_stack_spsc_boundaries ... ok
test algorithms::branchless_stack_spsc::tests::test_branchless_stack_spsc_counterfactual_mutant_1 ... ok
test algorithms::branchless_stack_spsc::tests::test_branchless_stack_spsc_counterfactual_mutant_2 ... ok
test algorithms::branchless_stack_spsc::tests::test_branchless_stack_spsc_counterfactual_mutant_3 ... ok
test algorithms::branchless_stack_spsc::tests::test_branchless_stack_spsc_equivalence ... ok
test algorithms::branchless_vtable_lookup::tests::test_branchless_vtable_lookup_boundaries ... ok
test algorithms::branchless_vtable_lookup::tests::test_branchless_vtable_lookup_counterfactual_mutant_1 ... ok
test algorithms::branchless_vtable_lookup::tests::test_branchless_vtable_lookup_counterfactual_mutant_2 ... ok
test algorithms::branchless_vtable_lookup::tests::test_branchless_vtable_lookup_counterfactual_mutant_3 ... ok
test algorithms::branchless_vtable_lookup::tests::test_branchless_vtable_lookup_equivalence ... ok
test algorithms::bsd_checksum_u16::tests::test_bsd_checksum_u16_boundaries ... ok
test algorithms::bsd_checksum_u16::tests::test_bsd_checksum_u16_counterfactual_mutant_1 ... ok
test algorithms::bsd_checksum_u16::tests::test_bsd_checksum_u16_counterfactual_mutant_2 ... ok
test algorithms::bsd_checksum_u16::tests::test_bsd_checksum_u16_counterfactual_mutant_3 ... ok
test algorithms::bsd_checksum_u16::tests::test_bsd_checksum_u16_equivalence ... ok
test algorithms::bset_u64::tests::test_bset_u64_boundaries ... ok
test algorithms::bset_u64::tests::test_bset_u64_counterfactual_mutant_1 ... ok
test algorithms::bset_u64::tests::test_bset_u64_counterfactual_mutant_2 ... ok
test algorithms::bset_u64::tests::test_bset_u64_counterfactual_mutant_3 ... ok
test algorithms::bset_u64::tests::test_bset_u64_equivalence ... ok
test algorithms::btst_u64::tests::test_btst_u64_boundaries ... ok
test algorithms::btst_u64::tests::test_btst_u64_counterfactual_mutant_1 ... ok
test algorithms::btst_u64::tests::test_btst_u64_counterfactual_mutant_2 ... ok
test algorithms::btst_u64::tests::test_btst_u64_counterfactual_mutant_3 ... ok
test algorithms::btst_u64::tests::test_btst_u64_equivalence ... ok
test algorithms::burrows_wheeler_transform_step::tests::test_burrows_wheeler_transform_step_boundaries ... ok
test algorithms::burrows_wheeler_transform_step::tests::test_burrows_wheeler_transform_step_counterfactual_mutant_1 ... ok
test algorithms::burrows_wheeler_transform_step::tests::test_burrows_wheeler_transform_step_counterfactual_mutant_2 ... ok
test algorithms::burrows_wheeler_transform_step::tests::test_burrows_wheeler_transform_step_counterfactual_mutant_3 ... ok
test algorithms::burrows_wheeler_transform_step::tests::test_burrows_wheeler_transform_step_equivalence ... ok
test algorithms::cityhash64::tests::test_cityhash64_boundaries ... ok
test algorithms::cityhash64::tests::test_cityhash64_counterfactual_mutant_1 ... ok
test algorithms::cityhash64::tests::test_cityhash64_counterfactual_mutant_2 ... ok
test algorithms::cityhash64::tests::test_cityhash64_counterfactual_mutant_3 ... ok
test algorithms::cityhash64::tests::test_cityhash64_equivalence ... ok
test algorithms::clamp_i64::tests::test_clamp_i64_boundaries ... ok
test algorithms::clamp_i64::tests::test_clamp_i64_counterfactual_mutant_1 ... ok
test algorithms::clamp_i64::tests::test_clamp_i64_counterfactual_mutant_2 ... ok
test algorithms::clamp_i64::tests::test_clamp_i64_counterfactual_mutant_3 ... ok
test algorithms::clamp_i64::tests::test_clamp_i64_equivalence ... ok
test algorithms::clamp_slice_branchless::tests::test_clamp_slice_branchless_boundaries ... ok
test algorithms::clamp_slice_branchless::tests::test_clamp_slice_branchless_counterfactual_mutant_1 ... ok
test algorithms::clamp_slice_branchless::tests::test_clamp_slice_branchless_counterfactual_mutant_2 ... ok
test algorithms::clamp_slice_branchless::tests::test_clamp_slice_branchless_counterfactual_mutant_3 ... ok
test algorithms::clamp_slice_branchless::tests::test_clamp_slice_branchless_equivalence ... ok
test algorithms::clamped_scaling_u64::tests::test_clamped_scaling_u64_boundaries ... ok
test algorithms::clamped_scaling_u64::tests::test_clamped_scaling_u64_counterfactual_mutant_1 ... ok
test algorithms::clamped_scaling_u64::tests::test_clamped_scaling_u64_counterfactual_mutant_2 ... ok
test algorithms::clamped_scaling_u64::tests::test_clamped_scaling_u64_counterfactual_mutant_3 ... ok
test algorithms::clamped_scaling_u64::tests::test_clamped_scaling_u64_equivalence ... ok
test algorithms::clhash::tests::test_clhash_boundaries ... ok
test algorithms::clhash::tests::test_clhash_counterfactual_mutant_1 ... ok
test algorithms::clhash::tests::test_clhash_counterfactual_mutant_2 ... ok
test algorithms::clhash::tests::test_clhash_counterfactual_mutant_3 ... ok
test algorithms::clhash::tests::test_clhash_equivalence ... ok
test algorithms::clique_check_branchless::tests::test_clique_check_branchless_boundaries ... ok
test algorithms::clique_check_branchless::tests::test_clique_check_branchless_counterfactual_mutant_1 ... ok
test algorithms::clique_check_branchless::tests::test_clique_check_branchless_counterfactual_mutant_2 ... ok
test algorithms::clique_check_branchless::tests::test_clique_check_branchless_counterfactual_mutant_3 ... ok
test algorithms::clique_check_branchless::tests::test_clique_check_branchless_equivalence ... ok
test algorithms::clmul_u64::tests::test_clmul_u64_boundaries ... ok
test algorithms::clmul_u64::tests::test_clmul_u64_counterfactual_mutant_1 ... ok
test algorithms::clmul_u64::tests::test_clmul_u64_counterfactual_mutant_2 ... ok
test algorithms::clmul_u64::tests::test_clmul_u64_counterfactual_mutant_3 ... ok
test algorithms::clmul_u64::tests::test_clmul_u64_equivalence ... ok
test algorithms::compress_bits_u64::tests::test_compress_bits_u64_boundaries ... ok
test algorithms::compress_bits_u64::tests::test_compress_bits_u64_counterfactual_mutant_1 ... ok
test algorithms::compress_bits_u64::tests::test_compress_bits_u64_counterfactual_mutant_2 ... ok
test algorithms::compress_bits_u64::tests::test_compress_bits_u64_counterfactual_mutant_3 ... ok
test algorithms::compress_bits_u64::tests::test_compress_bits_u64_equivalence ... ok
test algorithms::consistent_hash_jump_u64::tests::test_consistent_hash_jump_u64_boundaries ... ok
test algorithms::consistent_hash_jump_u64::tests::test_consistent_hash_jump_u64_counterfactual_mutant_1 ... ok
test algorithms::consistent_hash_jump_u64::tests::test_consistent_hash_jump_u64_counterfactual_mutant_2 ... ok
test algorithms::consistent_hash_jump_u64::tests::test_consistent_hash_jump_u64_counterfactual_mutant_3 ... ok
test algorithms::consistent_hash_jump_u64::tests::test_consistent_hash_jump_u64_equivalence ... ok
test algorithms::consistent_hash_maglev::tests::test_consistent_hash_maglev_boundaries ... ok
test algorithms::consistent_hash_maglev::tests::test_consistent_hash_maglev_counterfactual_mutant_1 ... ok
test algorithms::consistent_hash_maglev::tests::test_consistent_hash_maglev_counterfactual_mutant_2 ... ok
test algorithms::consistent_hash_maglev::tests::test_consistent_hash_maglev_counterfactual_mutant_3 ... ok
test algorithms::consistent_hash_maglev::tests::test_consistent_hash_maglev_equivalence ... ok
test algorithms::content_defined_chunking_branchless::tests::test_content_defined_chunking_branchless_boundaries ... ok
test algorithms::content_defined_chunking_branchless::tests::test_content_defined_chunking_branchless_counterfactual_mutant_1 ... ok
test algorithms::content_defined_chunking_branchless::tests::test_content_defined_chunking_branchless_counterfactual_mutant_2 ... ok
test algorithms::content_defined_chunking_branchless::tests::test_content_defined_chunking_branchless_equivalence ... ok
test algorithms::convex_hull_monotone_chain_step::tests::test_convex_hull_monotone_chain_step_boundaries ... FAILED
test algorithms::convex_hull_monotone_chain_step::tests::test_convex_hull_monotone_chain_step_equivalence ... FAILED
test algorithms::copy_sign_i64::tests::test_copy_sign_i64_boundaries ... ok
test algorithms::copy_sign_i64::tests::test_copy_sign_i64_equivalence ... ok
test algorithms::count_consecutive_set_bits_u64::tests::test_count_consecutive_set_bits_u64_boundaries ... ok
test algorithms::count_consecutive_set_bits_u64::tests::test_count_consecutive_set_bits_u64_equivalence ... ok
test algorithms::count_min_sketch_add::tests::test_count_min_sketch_add_boundaries ... ok
test algorithms::count_min_sketch_add::tests::test_count_min_sketch_add_equivalence ... ok
test algorithms::count_min_sketch_query::tests::test_count_min_sketch_query_boundaries ... FAILED
test algorithms::count_min_sketch_query::tests::test_count_min_sketch_query_equivalence ... FAILED
test algorithms::counting_sort_branchless_u8::tests::test_counting_sort_branchless_u8_boundaries ... FAILED
test algorithms::counting_sort_branchless_u8::tests::test_counting_sort_branchless_u8_equivalence ... ok
test algorithms::crossbar_permute_u8x16::tests::test_crossbar_permute_u8x16_boundaries ... ok
test algorithms::crossbar_permute_u8x16::tests::test_crossbar_permute_u8x16_equivalence ... ok
test algorithms::csv_scan_row_simd::tests::test_csv_scan_row_simd_boundaries ... FAILED
test algorithms::csv_scan_row_simd::tests::test_csv_scan_row_simd_equivalence ... FAILED
test algorithms::cubic_interpolate_u32::tests::test_cubic_interpolate_u32_boundaries ... FAILED
test algorithms::cubic_interpolate_u32::tests::test_cubic_interpolate_u32_equivalence ... FAILED
test algorithms::cuckoo_filter_add_u64::tests::test_cuckoo_filter_add_u64_boundaries ... ok
test algorithms::cuckoo_filter_add_u64::tests::test_cuckoo_filter_add_u64_equivalence ... ok
test algorithms::cyclic_redundancy_check_crc32c::tests::test_cyclic_redundancy_check_crc32c_boundaries ... ok
test algorithms::cyclic_redundancy_check_crc32c::tests::test_cyclic_redundancy_check_crc32c_equivalence ... ok
test algorithms::cyclic_redundancy_check_crc64::tests::test_cyclic_redundancy_check_crc64_boundaries ... ok
test algorithms::cyclic_redundancy_check_crc64::tests::test_cyclic_redundancy_check_crc64_equivalence ... ok
test algorithms::delta_decode_simd_u32::tests::test_delta_decode_simd_u32_boundaries ... ok
test algorithms::delta_decode_simd_u32::tests::test_delta_decode_simd_u32_equivalence ... ok
test algorithms::delta_encode_simd_u32::tests::test_delta_encode_simd_u32_boundaries ... ok
test algorithms::delta_encode_simd_u32::tests::test_delta_encode_simd_u32_equivalence ... ok
test algorithms::delta_swap_u64::tests::test_delta_swap_u64_boundaries ... ok
test algorithms::delta_swap_u64::tests::test_delta_swap_u64_counterfactual_mutant_1 ... ok
test algorithms::delta_swap_u64::tests::test_delta_swap_u64_counterfactual_mutant_2 ... ok
test algorithms::delta_swap_u64::tests::test_delta_swap_u64_counterfactual_mutant_3 ... ok
test algorithms::delta_swap_u64::tests::test_delta_swap_u64_equivalence ... ok
test algorithms::dequantize_u32::tests::test_dequantize_u32_boundaries ... ok
test algorithms::dequantize_u32::tests::test_dequantize_u32_counterfactual_mutant_1 ... ok
test algorithms::dequantize_u32::tests::test_dequantize_u32_counterfactual_mutant_2 ... ok
test algorithms::dequantize_u32::tests::test_dequantize_u32_counterfactual_mutant_3 ... ok
test algorithms::dequantize_u32::tests::test_dequantize_u32_equivalence ... ok
test algorithms::disjoint_set_union_branchless::tests::test_disjoint_set_union_branchless_boundaries ... ok
test algorithms::disjoint_set_union_branchless::tests::test_disjoint_set_union_branchless_counterfactual_mutant_1 ... ok
test algorithms::disjoint_set_union_branchless::tests::test_disjoint_set_union_branchless_counterfactual_mutant_2 ... ok
test algorithms::disjoint_set_union_branchless::tests::test_disjoint_set_union_branchless_counterfactual_mutant_3 ... ok
test algorithms::disjoint_set_union_branchless::tests::test_disjoint_set_union_branchless_equivalence ... ok
test algorithms::div_sat_u64::tests::test_div_sat_u64_boundaries ... ok
test algorithms::div_sat_u64::tests::test_div_sat_u64_counterfactual_mutant_1 ... ok
test algorithms::div_sat_u64::tests::test_div_sat_u64_counterfactual_mutant_2 ... ok
test algorithms::div_sat_u64::tests::test_div_sat_u64_counterfactual_mutant_3 ... ok
test algorithms::div_sat_u64::tests::test_div_sat_u64_equivalence ... ok
test algorithms::duffs_device_simd_unroll::tests::test_duffs_device_simd_unroll_boundaries ... ok
test algorithms::duffs_device_simd_unroll::tests::test_duffs_device_simd_unroll_counterfactual_mutant_1 ... ok
test algorithms::duffs_device_simd_unroll::tests::test_duffs_device_simd_unroll_counterfactual_mutant_2 ... ok
test algorithms::duffs_device_simd_unroll::tests::test_duffs_device_simd_unroll_counterfactual_mutant_3 ... ok
test algorithms::duffs_device_simd_unroll::tests::test_duffs_device_simd_unroll_equivalence ... ok
test algorithms::epoch_based_reclamation_step::tests::test_epoch_based_reclamation_step_boundaries ... ok
test algorithms::epoch_based_reclamation_step::tests::test_epoch_based_reclamation_step_counterfactual_mutant_1 ... ok
test algorithms::epoch_based_reclamation_step::tests::test_epoch_based_reclamation_step_counterfactual_mutant_2 ... ok
test algorithms::epoch_based_reclamation_step::tests::test_epoch_based_reclamation_step_counterfactual_mutant_3 ... ok
test algorithms::epoch_based_reclamation_step::tests::test_epoch_based_reclamation_step_equivalence ... ok
test algorithms::equal_range_branchless_u32::tests::test_equal_range_branchless_u32_boundaries ... ok
test algorithms::equal_range_branchless_u32::tests::test_equal_range_branchless_u32_counterfactual_mutant_1 ... ok
test algorithms::equal_range_branchless_u32::tests::test_equal_range_branchless_u32_counterfactual_mutant_2 ... ok
test algorithms::equal_range_branchless_u32::tests::test_equal_range_branchless_u32_counterfactual_mutant_3 ... ok
test algorithms::equal_range_branchless_u32::tests::test_equal_range_branchless_u32_equivalence ... ok
test algorithms::euclidean_dist_sq_u32x2::tests::test_euclidean_dist_sq_u32x2_boundaries ... ok
test algorithms::euclidean_dist_sq_u32x2::tests::test_euclidean_dist_sq_u32x2_counterfactual_mutant_1 ... ok
test algorithms::euclidean_dist_sq_u32x2::tests::test_euclidean_dist_sq_u32x2_counterfactual_mutant_2 ... ok
test algorithms::euclidean_dist_sq_u32x2::tests::test_euclidean_dist_sq_u32x2_counterfactual_mutant_3 ... ok
test algorithms::euclidean_dist_sq_u32x2::tests::test_euclidean_dist_sq_u32x2_equivalence ... ok
test algorithms::exp2_u64_fixed::tests::test_exp2_u64_fixed_boundaries ... ok
test algorithms::exp2_u64_fixed::tests::test_exp2_u64_fixed_counterfactual_mutant_1 ... ok
test algorithms::exp2_u64_fixed::tests::test_exp2_u64_fixed_counterfactual_mutant_2 ... ok
test algorithms::exp2_u64_fixed::tests::test_exp2_u64_fixed_counterfactual_mutant_3 ... ok
test algorithms::exp2_u64_fixed::tests::test_exp2_u64_fixed_equivalence ... ok
test algorithms::expand_bits_u64::tests::test_expand_bits_u64_boundaries ... ok
test algorithms::expand_bits_u64::tests::test_expand_bits_u64_counterfactual_mutant_1 ... ok
test algorithms::expand_bits_u64::tests::test_expand_bits_u64_counterfactual_mutant_2 ... ok
test algorithms::expand_bits_u64::tests::test_expand_bits_u64_counterfactual_mutant_3 ... ok
test algorithms::expand_bits_u64::tests::test_expand_bits_u64_equivalence ... ok
test algorithms::factorial_sat_u32::tests::test_factorial_sat_u32_boundaries ... ok
test algorithms::factorial_sat_u32::tests::test_factorial_sat_u32_counterfactual_mutant_1 ... ok
test algorithms::factorial_sat_u32::tests::test_factorial_sat_u32_counterfactual_mutant_2 ... ok
test algorithms::factorial_sat_u32::tests::test_factorial_sat_u32_counterfactual_mutant_3 ... ok
test algorithms::factorial_sat_u32::tests::test_factorial_sat_u32_equivalence ... ok
test algorithms::farmhash64::tests::test_farmhash64_boundaries ... ok
test algorithms::farmhash64::tests::test_farmhash64_counterfactual_mutant_1 ... ok
test algorithms::farmhash64::tests::test_farmhash64_counterfactual_mutant_2 ... ok
test algorithms::farmhash64::tests::test_farmhash64_counterfactual_mutant_3 ... ok
test algorithms::farmhash64::tests::test_farmhash64_equivalence ... ok
test algorithms::fast_inverse_sqrt_u32::tests::test_fast_inverse_sqrt_u32_boundaries ... ok
test algorithms::fast_inverse_sqrt_u32::tests::test_fast_inverse_sqrt_u32_counterfactual_mutant_1 ... ok
test algorithms::fast_inverse_sqrt_u32::tests::test_fast_inverse_sqrt_u32_counterfactual_mutant_2 ... ok
test algorithms::fast_inverse_sqrt_u32::tests::test_fast_inverse_sqrt_u32_counterfactual_mutant_3 ... ok
test algorithms::fast_inverse_sqrt_u32::tests::test_fast_inverse_sqrt_u32_equivalence ... ok
test algorithms::fibonacci_hash_u64::tests::test_fibonacci_hash_u64_boundaries ... ok
test algorithms::fibonacci_hash_u64::tests::test_fibonacci_hash_u64_counterfactual_mutant_1 ... ok
test algorithms::fibonacci_hash_u64::tests::test_fibonacci_hash_u64_counterfactual_mutant_2 ... ok
test algorithms::fibonacci_hash_u64::tests::test_fibonacci_hash_u64_counterfactual_mutant_3 ... ok
test algorithms::fibonacci_hash_u64::tests::test_fibonacci_hash_u64_equivalence ... ok
test algorithms::find_first_of_branchless::tests::test_find_first_of_branchless_boundaries ... ok
test algorithms::find_first_of_branchless::tests::test_find_first_of_branchless_counterfactual_mutant_1 ... ok
test algorithms::find_first_of_branchless::tests::test_find_first_of_branchless_counterfactual_mutant_2 ... ok
test algorithms::find_first_of_branchless::tests::test_find_first_of_branchless_counterfactual_mutant_3 ... ok
test algorithms::find_first_of_branchless::tests::test_find_first_of_branchless_equivalence ... ok
test algorithms::find_last_of_branchless::tests::test_find_last_of_branchless_boundaries ... ok
test algorithms::find_last_of_branchless::tests::test_find_last_of_branchless_counterfactual_mutant_1 ... ok
test algorithms::find_last_of_branchless::tests::test_find_last_of_branchless_counterfactual_mutant_2 ... ok
test algorithms::find_last_of_branchless::tests::test_find_last_of_branchless_counterfactual_mutant_3 ... ok
test algorithms::find_last_of_branchless::tests::test_find_last_of_branchless_equivalence ... ok
test algorithms::find_nth_set_bit_u128::tests::test_find_nth_set_bit_u128_boundaries ... ok
test algorithms::find_nth_set_bit_u128::tests::test_find_nth_set_bit_u128_counterfactual_mutant_1 ... ok
test algorithms::find_nth_set_bit_u128::tests::test_find_nth_set_bit_u128_counterfactual_mutant_2 ... ok
test algorithms::find_nth_set_bit_u128::tests::test_find_nth_set_bit_u128_counterfactual_mutant_3 ... ok
test algorithms::find_nth_set_bit_u128::tests::test_find_nth_set_bit_u128_equivalence ... ok
test algorithms::fixed_point_log2::tests::test_fixed_point_log2_boundaries ... FAILED
test algorithms::fixed_point_log2::tests::test_fixed_point_log2_counterfactual_mutant_1 ... ok
test algorithms::fixed_point_log2::tests::test_fixed_point_log2_counterfactual_mutant_2 ... ok
test algorithms::fixed_point_log2::tests::test_fixed_point_log2_counterfactual_mutant_3 ... ok
test algorithms::fixed_point_log2::tests::test_fixed_point_log2_equivalence ... FAILED
test algorithms::fletcher32_branchless::tests::test_fletcher32_branchless_boundaries ... ok
test algorithms::fletcher32_branchless::tests::test_fletcher32_branchless_counterfactual_mutant_1 ... ok
test algorithms::fletcher32_branchless::tests::test_fletcher32_branchless_counterfactual_mutant_2 ... ok
test algorithms::fletcher32_branchless::tests::test_fletcher32_branchless_counterfactual_mutant_3 ... ok
test algorithms::fletcher32_branchless::tests::test_fletcher32_branchless_equivalence ... ok
test algorithms::fp_atan2_u32_q16::tests::test_fp_atan2_u32_q16_boundaries ... FAILED
test algorithms::fp_atan2_u32_q16::tests::test_fp_atan2_u32_q16_counterfactual_mutant_1 ... ok
test algorithms::fp_atan2_u32_q16::tests::test_fp_atan2_u32_q16_counterfactual_mutant_2 ... ok
test algorithms::fp_atan2_u32_q16::tests::test_fp_atan2_u32_q16_counterfactual_mutant_3 ... ok
test algorithms::fp_atan2_u32_q16::tests::test_fp_atan2_u32_q16_equivalence ... FAILED
test algorithms::fp_cos_u32_q16::tests::test_fp_cos_u32_q16_boundaries ... FAILED
test algorithms::fp_cos_u32_q16::tests::test_fp_cos_u32_q16_counterfactual_mutant_1 ... ok
test algorithms::fp_cos_u32_q16::tests::test_fp_cos_u32_q16_counterfactual_mutant_2 ... ok
test algorithms::fp_cos_u32_q16::tests::test_fp_cos_u32_q16_counterfactual_mutant_3 ... ok
test algorithms::fp_cos_u32_q16::tests::test_fp_cos_u32_q16_equivalence ... FAILED
test algorithms::fp_div_u32_q16::tests::test_fp_div_u32_q16_boundaries ... FAILED
test algorithms::fp_div_u32_q16::tests::test_fp_div_u32_q16_counterfactual_mutant_1 ... ok
test algorithms::fp_div_u32_q16::tests::test_fp_div_u32_q16_counterfactual_mutant_2 ... ok
test algorithms::fp_div_u32_q16::tests::test_fp_div_u32_q16_counterfactual_mutant_3 ... ok
test algorithms::fp_div_u32_q16::tests::test_fp_div_u32_q16_equivalence ... FAILED
test algorithms::fp_mul_u32_q16::tests::test_fp_mul_u32_q16_boundaries ... ok
test algorithms::fp_mul_u32_q16::tests::test_fp_mul_u32_q16_counterfactual_mutant_1 ... ok
test algorithms::fp_mul_u32_q16::tests::test_fp_mul_u32_q16_counterfactual_mutant_2 ... ok
test algorithms::fp_mul_u32_q16::tests::test_fp_mul_u32_q16_counterfactual_mutant_3 ... ok
test algorithms::fp_mul_u32_q16::tests::test_fp_mul_u32_q16_equivalence ... FAILED
test algorithms::fp_sin_u32_q16::tests::test_fp_sin_u32_q16_boundaries ... FAILED
test algorithms::fp_sin_u32_q16::tests::test_fp_sin_u32_q16_counterfactual_mutant_1 ... ok
test algorithms::fp_sin_u32_q16::tests::test_fp_sin_u32_q16_counterfactual_mutant_2 ... ok
test algorithms::fp_sin_u32_q16::tests::test_fp_sin_u32_q16_counterfactual_mutant_3 ... ok
test algorithms::fp_sin_u32_q16::tests::test_fp_sin_u32_q16_equivalence ... FAILED
test algorithms::fp_sqrt_u32_q16::tests::test_fp_sqrt_u32_q16_boundaries ... FAILED
test algorithms::fp_sqrt_u32_q16::tests::test_fp_sqrt_u32_q16_counterfactual_mutant_1 ... ok
test algorithms::fp_sqrt_u32_q16::tests::test_fp_sqrt_u32_q16_counterfactual_mutant_2 ... ok
test algorithms::fp_sqrt_u32_q16::tests::test_fp_sqrt_u32_q16_counterfactual_mutant_3 ... ok
test algorithms::fp_sqrt_u32_q16::tests::test_fp_sqrt_u32_q16_equivalence ... FAILED
test algorithms::frustum_culling_branchless::tests::test_frustum_culling_branchless_boundaries ... ok
test algorithms::frustum_culling_branchless::tests::test_frustum_culling_branchless_counterfactual_mutant_1 ... ok
test algorithms::frustum_culling_branchless::tests::test_frustum_culling_branchless_counterfactual_mutant_2 ... ok
test algorithms::frustum_culling_branchless::tests::test_frustum_culling_branchless_counterfactual_mutant_3 ... ok
test algorithms::frustum_culling_branchless::tests::test_frustum_culling_branchless_equivalence ... ok
test algorithms::funnel_shift_left_u64::tests::test_funnel_shift_left_u64_boundaries ... ok
test algorithms::funnel_shift_left_u64::tests::test_funnel_shift_left_u64_counterfactual_mutant_1 ... ok
test algorithms::funnel_shift_left_u64::tests::test_funnel_shift_left_u64_counterfactual_mutant_2 ... ok
test algorithms::funnel_shift_left_u64::tests::test_funnel_shift_left_u64_counterfactual_mutant_3 ... ok
test algorithms::funnel_shift_left_u64::tests::test_funnel_shift_left_u64_equivalence ... ok
test algorithms::funnel_shift_right_u64::tests::test_funnel_shift_right_u64_boundaries ... FAILED
test algorithms::funnel_shift_right_u64::tests::test_funnel_shift_right_u64_counterfactual_mutant_1 ... ok
test algorithms::funnel_shift_right_u64::tests::test_funnel_shift_right_u64_counterfactual_mutant_2 ... ok
test algorithms::funnel_shift_right_u64::tests::test_funnel_shift_right_u64_counterfactual_mutant_3 ... ok
test algorithms::funnel_shift_right_u64::tests::test_funnel_shift_right_u64_equivalence ... FAILED
test algorithms::gather_bits_u64::tests::test_gather_bits_u64_boundaries ... ok
test algorithms::gather_bits_u64::tests::test_gather_bits_u64_counterfactual_mutant_1 ... ok
test algorithms::gather_bits_u64::tests::test_gather_bits_u64_counterfactual_mutant_2 ... ok
test algorithms::gather_bits_u64::tests::test_gather_bits_u64_counterfactual_mutant_3 ... ok
test algorithms::gather_bits_u64::tests::test_gather_bits_u64_equivalence ... ok
test algorithms::gaussian_noise_box_muller::tests::test_gaussian_noise_box_muller_boundaries ... FAILED
test algorithms::gaussian_noise_box_muller::tests::test_gaussian_noise_box_muller_counterfactual_mutant_1 ... ok
test algorithms::gaussian_noise_box_muller::tests::test_gaussian_noise_box_muller_counterfactual_mutant_2 ... ok
test algorithms::gaussian_noise_box_muller::tests::test_gaussian_noise_box_muller_counterfactual_mutant_3 ... ok
test algorithms::gaussian_noise_box_muller::tests::test_gaussian_noise_box_muller_equivalence ... FAILED
test algorithms::gcd_u64_branchless::tests::test_gcd_u64_branchless_boundaries ... ok
test algorithms::gcd_u64_branchless::tests::test_gcd_u64_branchless_counterfactual_mutant_1 ... ok
test algorithms::gcd_u64_branchless::tests::test_gcd_u64_branchless_counterfactual_mutant_2 ... ok
test algorithms::gcd_u64_branchless::tests::test_gcd_u64_branchless_counterfactual_mutant_3 ... ok
test algorithms::gcd_u64_branchless::tests::test_gcd_u64_branchless_equivalence ... FAILED
test algorithms::get_mask_boundary_high_u64::tests::test_get_mask_boundary_high_u64_boundaries ... FAILED
test algorithms::get_mask_boundary_high_u64::tests::test_get_mask_boundary_high_u64_counterfactual_mutant_1 ... ok
test algorithms::get_mask_boundary_high_u64::tests::test_get_mask_boundary_high_u64_counterfactual_mutant_2 ... ok
test algorithms::get_mask_boundary_high_u64::tests::test_get_mask_boundary_high_u64_counterfactual_mutant_3 ... ok
test algorithms::get_mask_boundary_high_u64::tests::test_get_mask_boundary_high_u64_equivalence ... ok
test algorithms::get_mask_boundary_low_u64::tests::test_get_mask_boundary_low_u64_boundaries ... ok
test algorithms::get_mask_boundary_low_u64::tests::test_get_mask_boundary_low_u64_counterfactual_mutant_1 ... ok
test algorithms::get_mask_boundary_low_u64::tests::test_get_mask_boundary_low_u64_counterfactual_mutant_2 ... ok
test algorithms::get_mask_boundary_low_u64::tests::test_get_mask_boundary_low_u64_counterfactual_mutant_3 ... ok
test algorithms::get_mask_boundary_low_u64::tests::test_get_mask_boundary_low_u64_equivalence ... ok
test algorithms::graph_bfs_simd_step::tests::test_graph_bfs_simd_step_boundaries ... ok
test algorithms::graph_bfs_simd_step::tests::test_graph_bfs_simd_step_counterfactual_mutant_1 ... ok
test algorithms::graph_bfs_simd_step::tests::test_graph_bfs_simd_step_counterfactual_mutant_2 ... ok
test algorithms::graph_bfs_simd_step::tests::test_graph_bfs_simd_step_counterfactual_mutant_3 ... ok
test algorithms::graph_bfs_simd_step::tests::test_graph_bfs_simd_step_equivalence ... ok
test algorithms::graph_dfs_bit_parallel::tests::test_graph_dfs_bit_parallel_boundaries ... ok
test algorithms::graph_dfs_bit_parallel::tests::test_graph_dfs_bit_parallel_counterfactual_mutant_1 ... ok
test algorithms::graph_dfs_bit_parallel::tests::test_graph_dfs_bit_parallel_counterfactual_mutant_2 ... ok
test algorithms::graph_dfs_bit_parallel::tests::test_graph_dfs_bit_parallel_counterfactual_mutant_3 ... ok
test algorithms::graph_dfs_bit_parallel::tests::test_graph_dfs_bit_parallel_equivalence ... ok
test algorithms::gray_decode_u64::tests::test_gray_decode_u64_boundaries ... ok
test algorithms::gray_decode_u64::tests::test_gray_decode_u64_counterfactual_mutant_1 ... ok
test algorithms::gray_decode_u64::tests::test_gray_decode_u64_counterfactual_mutant_2 ... ok
test algorithms::gray_decode_u64::tests::test_gray_decode_u64_counterfactual_mutant_3 ... ok
test algorithms::gray_decode_u64::tests::test_gray_decode_u64_equivalence ... ok
test algorithms::gray_encode_u64::tests::test_gray_encode_u64_boundaries ... ok
test algorithms::gray_encode_u64::tests::test_gray_encode_u64_counterfactual_mutant_1 ... ok
test algorithms::gray_encode_u64::tests::test_gray_encode_u64_counterfactual_mutant_2 ... ok
test algorithms::gray_encode_u64::tests::test_gray_encode_u64_counterfactual_mutant_3 ... ok
test algorithms::gray_encode_u64::tests::test_gray_encode_u64_equivalence ... ok
test algorithms::green_sorting_network_16::tests::test_green_sorting_network_16_boundaries ... ok
test algorithms::green_sorting_network_16::tests::test_green_sorting_network_16_counterfactual_mutant_1 ... ok
test algorithms::green_sorting_network_16::tests::test_green_sorting_network_16_counterfactual_mutant_2 ... ok
test algorithms::green_sorting_network_16::tests::test_green_sorting_network_16_counterfactual_mutant_3 ... ok
test algorithms::green_sorting_network_16::tests::test_green_sorting_network_16_equivalence ... FAILED
test algorithms::halton_sampler_simd::tests::test_halton_sampler_simd_boundaries ... ok
test algorithms::halton_sampler_simd::tests::test_halton_sampler_simd_counterfactual_mutant_1 ... ok
test algorithms::halton_sampler_simd::tests::test_halton_sampler_simd_counterfactual_mutant_2 ... ok
test algorithms::halton_sampler_simd::tests::test_halton_sampler_simd_counterfactual_mutant_3 ... ok
test algorithms::halton_sampler_simd::tests::test_halton_sampler_simd_equivalence ... ok
test algorithms::halton_sequence_u32::tests::test_halton_sequence_u32_boundaries ... ok
test algorithms::halton_sequence_u32::tests::test_halton_sequence_u32_counterfactual_mutant_1 ... ok
test algorithms::halton_sequence_u32::tests::test_halton_sequence_u32_counterfactual_mutant_2 ... ok
test algorithms::halton_sequence_u32::tests::test_halton_sequence_u32_counterfactual_mutant_3 ... ok
test algorithms::halton_sequence_u32::tests::test_halton_sequence_u32_equivalence ... ok
test algorithms::hamming_dist_simd::tests::test_hamming_dist_simd_boundaries ... ok
test algorithms::hamming_dist_simd::tests::test_hamming_dist_simd_counterfactual_mutant_1 ... ok
test algorithms::hamming_dist_simd::tests::test_hamming_dist_simd_counterfactual_mutant_2 ... ok
test algorithms::hamming_dist_simd::tests::test_hamming_dist_simd_counterfactual_mutant_3 ... ok
test algorithms::hamming_dist_simd::tests::test_hamming_dist_simd_equivalence ... ok
test algorithms::hashing_trick_u64::tests::test_hashing_trick_u64_boundaries ... ok
test algorithms::hashing_trick_u64::tests::test_hashing_trick_u64_counterfactual_mutant_1 ... ok
test algorithms::hashing_trick_u64::tests::test_hashing_trick_u64_counterfactual_mutant_2 ... ok
test algorithms::hashing_trick_u64::tests::test_hashing_trick_u64_counterfactual_mutant_3 ... ok
test algorithms::hashing_trick_u64::tests::test_hashing_trick_u64_equivalence ... ok
test algorithms::hazard_pointer_retire::tests::test_hazard_pointer_retire_boundaries ... ok
test algorithms::hazard_pointer_retire::tests::test_hazard_pointer_retire_counterfactual_mutant_1 ... ok
test algorithms::hazard_pointer_retire::tests::test_hazard_pointer_retire_counterfactual_mutant_2 ... ok
test algorithms::hazard_pointer_retire::tests::test_hazard_pointer_retire_counterfactual_mutant_3 ... ok
test algorithms::hazard_pointer_retire::tests::test_hazard_pointer_retire_equivalence ... ok
test algorithms::heavy_keepers_add::tests::test_heavy_keepers_add_boundaries ... FAILED
test algorithms::heavy_keepers_add::tests::test_heavy_keepers_add_counterfactual_mutant_1 ... ok
test algorithms::heavy_keepers_add::tests::test_heavy_keepers_add_counterfactual_mutant_2 ... ok
test algorithms::heavy_keepers_add::tests::test_heavy_keepers_add_counterfactual_mutant_3 ... ok
test algorithms::heavy_keepers_add::tests::test_heavy_keepers_add_equivalence ... ok
test algorithms::hex_decode_simd::tests::test_hex_decode_simd_boundaries ... FAILED
test algorithms::hex_decode_simd::tests::test_hex_decode_simd_counterfactual_mutant_1 ... ok
test algorithms::hex_decode_simd::tests::test_hex_decode_simd_counterfactual_mutant_2 ... ok
test algorithms::hex_decode_simd::tests::test_hex_decode_simd_counterfactual_mutant_3 ... ok
test algorithms::hex_decode_simd::tests::test_hex_decode_simd_equivalence ... FAILED
test algorithms::hex_encode_chunk8::tests::test_hex_encode_chunk8_boundaries ... ok
test algorithms::hex_encode_chunk8::tests::test_hex_encode_chunk8_counterfactual_mutant_1 ... ok
test algorithms::hex_encode_chunk8::tests::test_hex_encode_chunk8_counterfactual_mutant_2 ... ok
test algorithms::hex_encode_chunk8::tests::test_hex_encode_chunk8_counterfactual_mutant_3 ... ok
test algorithms::hex_encode_chunk8::tests::test_hex_encode_chunk8_equivalence ... ok
test algorithms::hex_encode_simd::tests::test_hex_encode_simd_boundaries ... ok
test algorithms::hex_encode_simd::tests::test_hex_encode_simd_counterfactual_mutant_1 ... ok
test algorithms::hex_encode_simd::tests::test_hex_encode_simd_counterfactual_mutant_2 ... ok
test algorithms::hex_encode_simd::tests::test_hex_encode_simd_counterfactual_mutant_3 ... ok
test algorithms::hex_encode_simd::tests::test_hex_encode_simd_equivalence ... ok
test algorithms::highwayhash_64::tests::test_highwayhash_64_boundaries ... ok
test algorithms::highwayhash_64::tests::test_highwayhash_64_counterfactual_mutant_1 ... ok
test algorithms::highwayhash_64::tests::test_highwayhash_64_counterfactual_mutant_2 ... ok
test algorithms::highwayhash_64::tests::test_highwayhash_64_counterfactual_mutant_3 ... ok
test algorithms::highwayhash_64::tests::test_highwayhash_64_equivalence ... ok
test algorithms::hilbert_curve_decode_u32::tests::test_hilbert_curve_decode_u32_boundaries ... ok
test algorithms::hilbert_curve_decode_u32::tests::test_hilbert_curve_decode_u32_counterfactual_mutant_1 ... ok
test algorithms::hilbert_curve_decode_u32::tests::test_hilbert_curve_decode_u32_counterfactual_mutant_2 ... ok
test algorithms::hilbert_curve_decode_u32::tests::test_hilbert_curve_decode_u32_counterfactual_mutant_3 ... ok
test algorithms::hilbert_curve_decode_u32::tests::test_hilbert_curve_decode_u32_equivalence ... ok
test algorithms::hilbert_curve_encode_u32::tests::test_hilbert_curve_encode_u32_boundaries ... ok
test algorithms::hilbert_curve_encode_u32::tests::test_hilbert_curve_encode_u32_counterfactual_mutant_1 ... ok
test algorithms::hilbert_curve_encode_u32::tests::test_hilbert_curve_encode_u32_counterfactual_mutant_2 ... ok
test algorithms::hilbert_curve_encode_u32::tests::test_hilbert_curve_encode_u32_counterfactual_mutant_3 ... ok
test algorithms::hilbert_curve_encode_u32::tests::test_hilbert_curve_encode_u32_equivalence ... ok
test algorithms::huffman_decode_table_step::tests::test_huffman_decode_table_step_boundaries ... ok
test algorithms::huffman_decode_table_step::tests::test_huffman_decode_table_step_counterfactual_mutant_1 ... ok
test algorithms::huffman_decode_table_step::tests::test_huffman_decode_table_step_counterfactual_mutant_2 ... ok
test algorithms::huffman_decode_table_step::tests::test_huffman_decode_table_step_counterfactual_mutant_3 ... ok
test algorithms::huffman_decode_table_step::tests::test_huffman_decode_table_step_equivalence ... ok
test algorithms::hyperloglog_add_u64::tests::test_hyperloglog_add_u64_boundaries ... ok
test algorithms::hyperloglog_add_u64::tests::test_hyperloglog_add_u64_counterfactual_mutant_1 ... ok
test algorithms::hyperloglog_add_u64::tests::test_hyperloglog_add_u64_counterfactual_mutant_2 ... ok
test algorithms::hyperloglog_add_u64::tests::test_hyperloglog_add_u64_counterfactual_mutant_3 ... ok
test algorithms::hyperloglog_add_u64::tests::test_hyperloglog_add_u64_equivalence ... ok
test algorithms::hyperloglog_merge::tests::test_hyperloglog_merge_boundaries ... ok
test algorithms::hyperloglog_merge::tests::test_hyperloglog_merge_counterfactual_mutant_1 ... ok
test algorithms::hyperloglog_merge::tests::test_hyperloglog_merge_counterfactual_mutant_2 ... ok
test algorithms::hyperloglog_merge::tests::test_hyperloglog_merge_counterfactual_mutant_3 ... ok
test algorithms::hyperloglog_merge::tests::test_hyperloglog_merge_equivalence ... ok
test algorithms::insertion_sort_branchless_fixed::tests::test_insertion_sort_branchless_fixed_boundaries ... ok
test algorithms::insertion_sort_branchless_fixed::tests::test_insertion_sort_branchless_fixed_counterfactual_mutant_1 ... ok
test algorithms::insertion_sort_branchless_fixed::tests::test_insertion_sort_branchless_fixed_counterfactual_mutant_2 ... ok
test algorithms::insertion_sort_branchless_fixed::tests::test_insertion_sort_branchless_fixed_counterfactual_mutant_3 ... ok
test algorithms::insertion_sort_branchless_fixed::tests::test_insertion_sort_branchless_fixed_equivalence ... ok
test algorithms::internet_checksum_u16::tests::test_internet_checksum_u16_boundaries ... ok
test algorithms::internet_checksum_u16::tests::test_internet_checksum_u16_counterfactual_mutant_1 ... ok
test algorithms::internet_checksum_u16::tests::test_internet_checksum_u16_counterfactual_mutant_2 ... ok
test algorithms::internet_checksum_u16::tests::test_internet_checksum_u16_counterfactual_mutant_3 ... ok
test algorithms::internet_checksum_u16::tests::test_internet_checksum_u16_equivalence ... ok
test algorithms::inverse_permute_u32x8::tests::test_inverse_permute_u32x8_boundaries ... ok
test algorithms::inverse_permute_u32x8::tests::test_inverse_permute_u32x8_counterfactual_mutant_1 ... ok
test algorithms::inverse_permute_u32x8::tests::test_inverse_permute_u32x8_counterfactual_mutant_2 ... ok
test algorithms::inverse_permute_u32x8::tests::test_inverse_permute_u32x8_counterfactual_mutant_3 ... ok
test algorithms::inverse_permute_u32x8::tests::test_inverse_permute_u32x8_equivalence ... ok
test algorithms::is_alphanumeric_simd_u8x16::tests::test_is_alphanumeric_simd_u8x16_boundaries ... ok
test algorithms::is_alphanumeric_simd_u8x16::tests::test_is_alphanumeric_simd_u8x16_counterfactual_mutant_1 ... ok
test algorithms::is_alphanumeric_simd_u8x16::tests::test_is_alphanumeric_simd_u8x16_counterfactual_mutant_2 ... ok
test algorithms::is_alphanumeric_simd_u8x16::tests::test_is_alphanumeric_simd_u8x16_counterfactual_mutant_3 ... ok
test algorithms::is_alphanumeric_simd_u8x16::tests::test_is_alphanumeric_simd_u8x16_equivalence ... FAILED
test algorithms::is_contiguous_mask_u64::tests::test_is_contiguous_mask_u64_boundaries ... ok
test algorithms::is_contiguous_mask_u64::tests::test_is_contiguous_mask_u64_counterfactual_mutant_1 ... ok
test algorithms::is_contiguous_mask_u64::tests::test_is_contiguous_mask_u64_counterfactual_mutant_2 ... ok
test algorithms::is_contiguous_mask_u64::tests::test_is_contiguous_mask_u64_counterfactual_mutant_3 ... ok
test algorithms::is_contiguous_mask_u64::tests::test_is_contiguous_mask_u64_equivalence ... ok
test algorithms::is_digit_simd_u8x16::tests::test_is_digit_simd_u8x16_boundaries ... ok
test algorithms::is_digit_simd_u8x16::tests::test_is_digit_simd_u8x16_counterfactual_mutant_1 ... ok
test algorithms::is_digit_simd_u8x16::tests::test_is_digit_simd_u8x16_counterfactual_mutant_2 ... ok
test algorithms::is_digit_simd_u8x16::tests::test_is_digit_simd_u8x16_counterfactual_mutant_3 ... ok
test algorithms::is_digit_simd_u8x16::tests::test_is_digit_simd_u8x16_equivalence ... FAILED
test algorithms::is_finite_fp32_branchless::tests::test_is_finite_fp32_branchless_boundaries ... ok
test algorithms::is_finite_fp32_branchless::tests::test_is_finite_fp32_branchless_counterfactual_mutant_1 ... ok
test algorithms::is_finite_fp32_branchless::tests::test_is_finite_fp32_branchless_counterfactual_mutant_2 ... ok
test algorithms::is_finite_fp32_branchless::tests::test_is_finite_fp32_branchless_counterfactual_mutant_3 ... ok
test algorithms::is_finite_fp32_branchless::tests::test_is_finite_fp32_branchless_equivalence ... ok
test algorithms::is_nan_fp32_branchless::tests::test_is_nan_fp32_branchless_boundaries ... ok
test algorithms::is_nan_fp32_branchless::tests::test_is_nan_fp32_branchless_counterfactual_mutant_1 ... ok
test algorithms::is_nan_fp32_branchless::tests::test_is_nan_fp32_branchless_counterfactual_mutant_2 ... ok
test algorithms::is_nan_fp32_branchless::tests::test_is_nan_fp32_branchless_counterfactual_mutant_3 ... ok
test algorithms::is_nan_fp32_branchless::tests::test_is_nan_fp32_branchless_equivalence ... ok
test algorithms::is_permutation_branchless::tests::test_is_permutation_branchless_boundaries ... ok
test algorithms::is_permutation_branchless::tests::test_is_permutation_branchless_counterfactual_mutant_1 ... ok
test algorithms::is_permutation_branchless::tests::test_is_permutation_branchless_counterfactual_mutant_2 ... ok
test algorithms::is_permutation_branchless::tests::test_is_permutation_branchless_counterfactual_mutant_3 ... ok
test algorithms::is_permutation_branchless::tests::test_is_permutation_branchless_equivalence ... ok
test algorithms::is_prime_u64_branchless::tests::test_is_prime_u64_branchless_boundaries ... ok
test algorithms::is_prime_u64_branchless::tests::test_is_prime_u64_branchless_counterfactual_mutant_1 ... ok
test algorithms::is_prime_u64_branchless::tests::test_is_prime_u64_branchless_counterfactual_mutant_2 ... ok
test algorithms::is_prime_u64_branchless::tests::test_is_prime_u64_branchless_counterfactual_mutant_3 ... ok
test algorithms::is_prime_u64_branchless::tests::test_is_prime_u64_branchless_equivalence ... ok
test algorithms::is_sorted_branchless_u32::tests::test_is_sorted_branchless_u32_boundaries ... ok
test algorithms::is_sorted_branchless_u32::tests::test_is_sorted_branchless_u32_counterfactual_mutant_1 ... ok
test algorithms::is_sorted_branchless_u32::tests::test_is_sorted_branchless_u32_counterfactual_mutant_2 ... ok
test algorithms::is_sorted_branchless_u32::tests::test_is_sorted_branchless_u32_counterfactual_mutant_3 ... ok
test algorithms::is_sorted_branchless_u32::tests::test_is_sorted_branchless_u32_equivalence ... ok
test algorithms::is_space_simd_u8x16::tests::test_is_space_simd_u8x16_boundaries ... ok
test algorithms::is_space_simd_u8x16::tests::test_is_space_simd_u8x16_counterfactual_mutant_1 ... ok
test algorithms::is_space_simd_u8x16::tests::test_is_space_simd_u8x16_counterfactual_mutant_2 ... ok
test algorithms::is_space_simd_u8x16::tests::test_is_space_simd_u8x16_counterfactual_mutant_3 ... ok
test algorithms::is_space_simd_u8x16::tests::test_is_space_simd_u8x16_equivalence ... ok
test algorithms::is_subset_mask_u64::tests::test_is_subset_mask_u64_boundaries ... ok
test algorithms::is_subset_mask_u64::tests::test_is_subset_mask_u64_counterfactual_mutant_1 ... ok
test algorithms::is_subset_mask_u64::tests::test_is_subset_mask_u64_counterfactual_mutant_2 ... ok
test algorithms::is_subset_mask_u64::tests::test_is_subset_mask_u64_counterfactual_mutant_3 ... ok
test algorithms::is_subset_mask_u64::tests::test_is_subset_mask_u64_equivalence ... ok
test algorithms::jaro_winkler_branchless::tests::test_jaro_winkler_branchless_boundaries ... ok
test algorithms::jaro_winkler_branchless::tests::test_jaro_winkler_branchless_counterfactual_mutant_1 ... ok
test algorithms::jaro_winkler_branchless::tests::test_jaro_winkler_branchless_counterfactual_mutant_2 ... ok
test algorithms::jaro_winkler_branchless::tests::test_jaro_winkler_branchless_counterfactual_mutant_3 ... ok
test algorithms::jaro_winkler_branchless::tests::test_jaro_winkler_branchless_equivalence ... ok
test algorithms::json_find_string_escapes_simd::tests::test_json_find_string_escapes_simd_boundaries ... ok
test algorithms::json_find_string_escapes_simd::tests::test_json_find_string_escapes_simd_counterfactual_mutant_1 ... ok
test algorithms::json_find_string_escapes_simd::tests::test_json_find_string_escapes_simd_counterfactual_mutant_2 ... ok
test algorithms::json_find_string_escapes_simd::tests::test_json_find_string_escapes_simd_counterfactual_mutant_3 ... ok
test algorithms::json_find_string_escapes_simd::tests::test_json_find_string_escapes_simd_equivalence ... ok
test algorithms::json_find_structural_simd::tests::test_json_find_structural_simd_boundaries ... ok
test algorithms::json_find_structural_simd::tests::test_json_find_structural_simd_counterfactual_mutant_1 ... ok
test algorithms::json_find_structural_simd::tests::test_json_find_structural_simd_counterfactual_mutant_2 ... ok
test algorithms::json_find_structural_simd::tests::test_json_find_structural_simd_counterfactual_mutant_3 ... ok
test algorithms::json_find_structural_simd::tests::test_json_find_structural_simd_equivalence ... ok
test algorithms::k_independent_hash_gen::tests::test_k_independent_hash_gen_boundaries ... ok
test algorithms::k_independent_hash_gen::tests::test_k_independent_hash_gen_counterfactual_mutant_1 ... ok
test algorithms::k_independent_hash_gen::tests::test_k_independent_hash_gen_counterfactual_mutant_2 ... ok
test algorithms::k_independent_hash_gen::tests::test_k_independent_hash_gen_counterfactual_mutant_3 ... ok
test algorithms::k_independent_hash_gen::tests::test_k_independent_hash_gen_equivalence ... ok
test algorithms::knuth_hash_u64::tests::test_knuth_hash_u64_boundaries ... ok
test algorithms::knuth_hash_u64::tests::test_knuth_hash_u64_counterfactual_mutant_1 ... ok
test algorithms::knuth_hash_u64::tests::test_knuth_hash_u64_counterfactual_mutant_2 ... ok
test algorithms::knuth_hash_u64::tests::test_knuth_hash_u64_counterfactual_mutant_3 ... ok
test algorithms::knuth_hash_u64::tests::test_knuth_hash_u64_equivalence ... ok
test algorithms::lcm_u64_branchless::tests::test_lcm_u64_branchless_boundaries ... ok
test algorithms::lcm_u64_branchless::tests::test_lcm_u64_branchless_counterfactual_mutant_1 ... ok
test algorithms::lcm_u64_branchless::tests::test_lcm_u64_branchless_counterfactual_mutant_2 ... ok
test algorithms::lcm_u64_branchless::tests::test_lcm_u64_branchless_counterfactual_mutant_3 ... ok
test algorithms::lcm_u64_branchless::tests::test_lcm_u64_branchless_equivalence ... ok
test algorithms::lcp_array_step_branchless::tests::test_lcp_array_step_branchless_boundaries ... ok
test algorithms::lcp_array_step_branchless::tests::test_lcp_array_step_branchless_counterfactual_mutant_1 ... ok
test algorithms::lcp_array_step_branchless::tests::test_lcp_array_step_branchless_counterfactual_mutant_2 ... ok
test algorithms::lcp_array_step_branchless::tests::test_lcp_array_step_branchless_counterfactual_mutant_3 ... ok
test algorithms::lcp_array_step_branchless::tests::test_lcp_array_step_branchless_equivalence ... ok
test algorithms::leaky_relu_u32::tests::test_leaky_relu_u32_boundaries ... ok
test algorithms::leaky_relu_u32::tests::test_leaky_relu_u32_counterfactual_mutant_1 ... ok
test algorithms::leaky_relu_u32::tests::test_leaky_relu_u32_counterfactual_mutant_2 ... ok
test algorithms::leaky_relu_u32::tests::test_leaky_relu_u32_counterfactual_mutant_3 ... ok
test algorithms::leaky_relu_u32::tests::test_leaky_relu_u32_equivalence ... ok
test algorithms::leb128_decode_u64::tests::test_leb128_decode_u64_boundaries ... ok
test algorithms::leb128_decode_u64::tests::test_leb128_decode_u64_counterfactual_mutant_1 ... ok
test algorithms::leb128_decode_u64::tests::test_leb128_decode_u64_counterfactual_mutant_2 ... ok
test algorithms::leb128_decode_u64::tests::test_leb128_decode_u64_counterfactual_mutant_3 ... ok
test algorithms::leb128_decode_u64::tests::test_leb128_decode_u64_equivalence ... ok
test algorithms::leb128_encode_u64::tests::test_leb128_encode_u64_boundaries ... ok
test algorithms::leb128_encode_u64::tests::test_leb128_encode_u64_counterfactual_mutant_1 ... ok
test algorithms::leb128_encode_u64::tests::test_leb128_encode_u64_counterfactual_mutant_2 ... ok
test algorithms::leb128_encode_u64::tests::test_leb128_encode_u64_counterfactual_mutant_3 ... ok
test algorithms::leb128_encode_u64::tests::test_leb128_encode_u64_equivalence ... ok
test algorithms::lerp_sat_u32::tests::test_lerp_sat_u32_boundaries ... ok
test algorithms::lerp_sat_u32::tests::test_lerp_sat_u32_counterfactual_mutant_1 ... ok
test algorithms::lerp_sat_u32::tests::test_lerp_sat_u32_counterfactual_mutant_2 ... ok
test algorithms::lerp_sat_u32::tests::test_lerp_sat_u32_counterfactual_mutant_3 ... ok
test algorithms::lerp_sat_u32::tests::test_lerp_sat_u32_equivalence ... FAILED
test algorithms::lerp_sat_u8::tests::test_lerp_sat_u8_boundaries ... ok
test algorithms::lerp_sat_u8::tests::test_lerp_sat_u8_counterfactual_mutant_1 ... ok
test algorithms::lerp_sat_u8::tests::test_lerp_sat_u8_counterfactual_mutant_2 ... ok
test algorithms::lerp_sat_u8::tests::test_lerp_sat_u8_counterfactual_mutant_3 ... ok
test algorithms::lerp_sat_u8::tests::test_lerp_sat_u8_equivalence ... ok
test algorithms::levenshtein_dist_branchless::tests::test_levenshtein_dist_branchless_boundaries ... ok
test algorithms::levenshtein_dist_branchless::tests::test_levenshtein_dist_branchless_counterfactual_mutant_1 ... ok
test algorithms::levenshtein_dist_branchless::tests::test_levenshtein_dist_branchless_counterfactual_mutant_2 ... ok
test algorithms::levenshtein_dist_branchless::tests::test_levenshtein_dist_branchless_counterfactual_mutant_3 ... ok
test algorithms::levenshtein_dist_branchless::tests::test_levenshtein_dist_branchless_equivalence ... ok
test algorithms::lex_compare_u8_slices_branchless::tests::test_lex_compare_u8_slices_branchless_boundaries ... ok
test algorithms::lex_compare_u8_slices_branchless::tests::test_lex_compare_u8_slices_branchless_counterfactual_mutant_1 ... ok
test algorithms::lex_compare_u8_slices_branchless::tests::test_lex_compare_u8_slices_branchless_counterfactual_mutant_2 ... ok
test algorithms::lex_compare_u8_slices_branchless::tests::test_lex_compare_u8_slices_branchless_counterfactual_mutant_3 ... ok
test algorithms::lex_compare_u8_slices_branchless::tests::test_lex_compare_u8_slices_branchless_equivalence ... ok
test algorithms::linear_congruential_generator_u64::tests::test_linear_congruential_generator_u64_boundaries ... ok
test algorithms::linear_congruential_generator_u64::tests::test_linear_congruential_generator_u64_counterfactual_mutant_1 ... ok
test algorithms::linear_congruential_generator_u64::tests::test_linear_congruential_generator_u64_counterfactual_mutant_2 ... ok
test algorithms::linear_congruential_generator_u64::tests::test_linear_congruential_generator_u64_counterfactual_mutant_3 ... ok
test algorithms::linear_congruential_generator_u64::tests::test_linear_congruential_generator_u64_equivalence ... ok
test algorithms::linear_search_simd_u8::tests::test_linear_search_simd_u8_boundaries ... ok
test algorithms::linear_search_simd_u8::tests::test_linear_search_simd_u8_counterfactual_mutant_1 ... ok
test algorithms::linear_search_simd_u8::tests::test_linear_search_simd_u8_counterfactual_mutant_2 ... ok
test algorithms::linear_search_simd_u8::tests::test_linear_search_simd_u8_counterfactual_mutant_3 ... ok
test algorithms::linear_search_simd_u8::tests::test_linear_search_simd_u8_equivalence ... ok
test algorithms::locality_sensitive_hash_cosine::tests::test_locality_sensitive_hash_cosine_boundaries ... ok
test algorithms::locality_sensitive_hash_cosine::tests::test_locality_sensitive_hash_cosine_counterfactual_mutant_1 ... ok
test algorithms::locality_sensitive_hash_cosine::tests::test_locality_sensitive_hash_cosine_counterfactual_mutant_2 ... ok
test algorithms::locality_sensitive_hash_cosine::tests::test_locality_sensitive_hash_cosine_counterfactual_mutant_3 ... ok
test algorithms::locality_sensitive_hash_cosine::tests::test_locality_sensitive_hash_cosine_equivalence ... ok
test algorithms::locality_sensitive_hash_euclidean::tests::test_locality_sensitive_hash_euclidean_boundaries ... ok
test algorithms::locality_sensitive_hash_euclidean::tests::test_locality_sensitive_hash_euclidean_counterfactual_mutant_1 ... ok
test algorithms::locality_sensitive_hash_euclidean::tests::test_locality_sensitive_hash_euclidean_counterfactual_mutant_2 ... ok
test algorithms::locality_sensitive_hash_euclidean::tests::test_locality_sensitive_hash_euclidean_counterfactual_mutant_3 ... ok
test algorithms::locality_sensitive_hash_euclidean::tests::test_locality_sensitive_hash_euclidean_equivalence ... ok
test algorithms::lockfree_skip_list_step::tests::test_lockfree_skip_list_step_boundaries ... ok
test algorithms::lockfree_skip_list_step::tests::test_lockfree_skip_list_step_counterfactual_mutant_1 ... ok
test algorithms::lockfree_skip_list_step::tests::test_lockfree_skip_list_step_counterfactual_mutant_2 ... ok
test algorithms::lockfree_skip_list_step::tests::test_lockfree_skip_list_step_counterfactual_mutant_3 ... ok
test algorithms::lockfree_skip_list_step::tests::test_lockfree_skip_list_step_equivalence ... ok
test algorithms::log2_u64_fixed::tests::test_log2_u64_fixed_boundaries ... ok
test algorithms::log2_u64_fixed::tests::test_log2_u64_fixed_counterfactual_mutant_1 ... ok
test algorithms::log2_u64_fixed::tests::test_log2_u64_fixed_counterfactual_mutant_2 ... ok
test algorithms::log2_u64_fixed::tests::test_log2_u64_fixed_counterfactual_mutant_3 ... ok
test algorithms::log2_u64_fixed::tests::test_log2_u64_fixed_equivalence ... ok
test algorithms::lower_bound_branchless_u32::tests::test_lower_bound_branchless_u32_boundaries ... ok
test algorithms::lower_bound_branchless_u32::tests::test_lower_bound_branchless_u32_counterfactual_mutant_1 ... ok
test algorithms::lower_bound_branchless_u32::tests::test_lower_bound_branchless_u32_counterfactual_mutant_2 ... ok
test algorithms::lower_bound_branchless_u32::tests::test_lower_bound_branchless_u32_counterfactual_mutant_3 ... ok
test algorithms::lower_bound_branchless_u32::tests::test_lower_bound_branchless_u32_equivalence ... ok
test algorithms::manhattan_dist_u32x2::tests::test_manhattan_dist_u32x2_boundaries ... ok
test algorithms::manhattan_dist_u32x2::tests::test_manhattan_dist_u32x2_counterfactual_mutant_1 ... ok
test algorithms::manhattan_dist_u32x2::tests::test_manhattan_dist_u32x2_counterfactual_mutant_2 ... ok
test algorithms::manhattan_dist_u32x2::tests::test_manhattan_dist_u32x2_counterfactual_mutant_3 ... ok
test algorithms::manhattan_dist_u32x2::tests::test_manhattan_dist_u32x2_equivalence ... ok
test algorithms::mask_from_bool_slice::tests::test_mask_from_bool_slice_boundaries ... ok
test algorithms::mask_from_bool_slice::tests::test_mask_from_bool_slice_counterfactual_mutant_1 ... ok
test algorithms::mask_from_bool_slice::tests::test_mask_from_bool_slice_counterfactual_mutant_2 ... ok
test algorithms::mask_from_bool_slice::tests::test_mask_from_bool_slice_counterfactual_mutant_3 ... ok
test algorithms::mask_from_bool_slice::tests::test_mask_from_bool_slice_equivalence ... ok
test algorithms::mask_range_u64::tests::test_mask_range_u64_boundaries ... ok
test algorithms::mask_range_u64::tests::test_mask_range_u64_counterfactual_mutant_1 ... ok
test algorithms::mask_range_u64::tests::test_mask_range_u64_counterfactual_mutant_2 ... ok
test algorithms::mask_range_u64::tests::test_mask_range_u64_counterfactual_mutant_3 ... ok
test algorithms::mask_range_u64::tests::test_mask_range_u64_equivalence ... ok
test algorithms::mask_xor_reduce_u64::tests::test_mask_xor_reduce_u64_boundaries ... ok
test algorithms::mask_xor_reduce_u64::tests::test_mask_xor_reduce_u64_counterfactual_mutant_1 ... ok
test algorithms::mask_xor_reduce_u64::tests::test_mask_xor_reduce_u64_counterfactual_mutant_2 ... ok
test algorithms::mask_xor_reduce_u64::tests::test_mask_xor_reduce_u64_counterfactual_mutant_3 ... ok
test algorithms::mask_xor_reduce_u64::tests::test_mask_xor_reduce_u64_equivalence ... ok
test algorithms::matrix_mul_simd_f32::tests::test_matrix_mul_simd_f32_boundaries ... ok
test algorithms::matrix_mul_simd_f32::tests::test_matrix_mul_simd_f32_counterfactual_mutant_1 ... ok
test algorithms::matrix_mul_simd_f32::tests::test_matrix_mul_simd_f32_counterfactual_mutant_2 ... ok
test algorithms::matrix_mul_simd_f32::tests::test_matrix_mul_simd_f32_counterfactual_mutant_3 ... ok
test algorithms::matrix_mul_simd_f32::tests::test_matrix_mul_simd_f32_equivalence ... ok
test algorithms::matrix_transpose_simd_f32::tests::test_matrix_transpose_simd_f32_boundaries ... ok
test algorithms::matrix_transpose_simd_f32::tests::test_matrix_transpose_simd_f32_counterfactual_mutant_1 ... ok
test algorithms::matrix_transpose_simd_f32::tests::test_matrix_transpose_simd_f32_counterfactual_mutant_2 ... ok
test algorithms::matrix_transpose_simd_f32::tests::test_matrix_transpose_simd_f32_counterfactual_mutant_3 ... ok
test algorithms::matrix_transpose_simd_f32::tests::test_matrix_transpose_simd_f32_equivalence ... ok
test algorithms::max_element_branchless_u32::tests::test_max_element_branchless_u32_boundaries ... ok
test algorithms::max_element_branchless_u32::tests::test_max_element_branchless_u32_counterfactual_mutant_1 ... ok
test algorithms::max_element_branchless_u32::tests::test_max_element_branchless_u32_counterfactual_mutant_2 ... ok
test algorithms::max_element_branchless_u32::tests::test_max_element_branchless_u32_counterfactual_mutant_3 ... ok
test algorithms::max_element_branchless_u32::tests::test_max_element_branchless_u32_equivalence ... ok
test algorithms::max_flow_edmonds_karp_step::tests::test_max_flow_edmonds_karp_step_boundaries ... ok
test algorithms::max_flow_edmonds_karp_step::tests::test_max_flow_edmonds_karp_step_counterfactual_mutant_1 ... ok
test algorithms::max_flow_edmonds_karp_step::tests::test_max_flow_edmonds_karp_step_counterfactual_mutant_2 ... ok
test algorithms::max_flow_edmonds_karp_step::tests::test_max_flow_edmonds_karp_step_counterfactual_mutant_3 ... ok
test algorithms::max_flow_edmonds_karp_step::tests::test_max_flow_edmonds_karp_step_equivalence ... ok
test algorithms::median3_u32::tests::test_median3_u32_boundaries ... ok
test algorithms::median3_u32::tests::test_median3_u32_counterfactual_mutant_1 ... ok
test algorithms::median3_u32::tests::test_median3_u32_counterfactual_mutant_2 ... ok
test algorithms::median3_u32::tests::test_median3_u32_counterfactual_mutant_3 ... ok
test algorithms::median3_u32::tests::test_median3_u32_equivalence ... ok
test algorithms::median5_u32::tests::test_median5_u32_boundaries ... ok
test algorithms::median5_u32::tests::test_median5_u32_counterfactual_mutant_1 ... ok
test algorithms::median5_u32::tests::test_median5_u32_counterfactual_mutant_2 ... ok
test algorithms::median5_u32::tests::test_median5_u32_counterfactual_mutant_3 ... ok
test algorithms::median5_u32::tests::test_median5_u32_equivalence ... ok
test algorithms::median9_u32::tests::test_median9_u32_boundaries ... ok
test algorithms::median9_u32::tests::test_median9_u32_counterfactual_mutant_1 ... ok
test algorithms::median9_u32::tests::test_median9_u32_counterfactual_mutant_2 ... ok
test algorithms::median9_u32::tests::test_median9_u32_counterfactual_mutant_3 ... ok
test algorithms::median9_u32::tests::test_median9_u32_equivalence ... ok
test algorithms::merge_u32_slices_branchless::tests::test_merge_u32_slices_branchless_boundaries ... ok
test algorithms::merge_u32_slices_branchless::tests::test_merge_u32_slices_branchless_counterfactual_mutant_1 ... ok
test algorithms::merge_u32_slices_branchless::tests::test_merge_u32_slices_branchless_counterfactual_mutant_2 ... ok
test algorithms::merge_u32_slices_branchless::tests::test_merge_u32_slices_branchless_counterfactual_mutant_3 ... ok
test algorithms::merge_u32_slices_branchless::tests::test_merge_u32_slices_branchless_equivalence ... ok
test algorithms::mersenne_twister_step_simd::tests::test_mersenne_twister_step_simd_boundaries ... ok
test algorithms::mersenne_twister_step_simd::tests::test_mersenne_twister_step_simd_counterfactual_mutant_1 ... ok
test algorithms::mersenne_twister_step_simd::tests::test_mersenne_twister_step_simd_counterfactual_mutant_2 ... ok
test algorithms::mersenne_twister_step_simd::tests::test_mersenne_twister_step_simd_counterfactual_mutant_3 ... ok
test algorithms::mersenne_twister_step_simd::tests::test_mersenne_twister_step_simd_equivalence ... ok
test algorithms::metaphone_encode_branchless::tests::test_metaphone_encode_branchless_boundaries ... ok
test algorithms::metaphone_encode_branchless::tests::test_metaphone_encode_branchless_counterfactual_mutant_1 ... ok
test algorithms::metaphone_encode_branchless::tests::test_metaphone_encode_branchless_counterfactual_mutant_2 ... ok
test algorithms::metaphone_encode_branchless::tests::test_metaphone_encode_branchless_counterfactual_mutant_3 ... ok
test algorithms::metaphone_encode_branchless::tests::test_metaphone_encode_branchless_equivalence ... ok
test algorithms::metrohash64::tests::test_metrohash64_boundaries ... ok
test algorithms::metrohash64::tests::test_metrohash64_counterfactual_mutant_1 ... ok
test algorithms::metrohash64::tests::test_metrohash64_counterfactual_mutant_2 ... ok
test algorithms::metrohash64::tests::test_metrohash64_counterfactual_mutant_3 ... ok
test algorithms::metrohash64::tests::test_metrohash64_equivalence ... ok
test algorithms::min_element_branchless_u32::tests::test_min_element_branchless_u32_boundaries ... ok
test algorithms::min_element_branchless_u32::tests::test_min_element_branchless_u32_counterfactual_mutant_1 ... ok
test algorithms::min_element_branchless_u32::tests::test_min_element_branchless_u32_counterfactual_mutant_2 ... ok
test algorithms::min_element_branchless_u32::tests::test_min_element_branchless_u32_counterfactual_mutant_3 ... ok
test algorithms::min_element_branchless_u32::tests::test_min_element_branchless_u32_equivalence ... ok
test algorithms::minhash_u64_k::tests::test_minhash_u64_k_boundaries ... ok
test algorithms::minhash_u64_k::tests::test_minhash_u64_k_counterfactual_mutant_1 ... ok
test algorithms::minhash_u64_k::tests::test_minhash_u64_k_counterfactual_mutant_2 ... ok
test algorithms::minhash_u64_k::tests::test_minhash_u64_k_counterfactual_mutant_3 ... ok
test algorithms::minhash_u64_k::tests::test_minhash_u64_k_equivalence ... ok
test algorithms::minimum_spanning_tree_prim_step::tests::test_minimum_spanning_tree_prim_step_boundaries ... ok
test algorithms::minimum_spanning_tree_prim_step::tests::test_minimum_spanning_tree_prim_step_counterfactual_mutant_1 ... ok
test algorithms::minimum_spanning_tree_prim_step::tests::test_minimum_spanning_tree_prim_step_counterfactual_mutant_2 ... ok
test algorithms::minimum_spanning_tree_prim_step::tests::test_minimum_spanning_tree_prim_step_counterfactual_mutant_3 ... ok
test algorithms::minimum_spanning_tree_prim_step::tests::test_minimum_spanning_tree_prim_step_equivalence ... ok
test algorithms::minmax_element_branchless_u32::tests::test_minmax_element_branchless_u32_boundaries ... ok
test algorithms::minmax_element_branchless_u32::tests::test_minmax_element_branchless_u32_counterfactual_mutant_1 ... ok
test algorithms::minmax_element_branchless_u32::tests::test_minmax_element_branchless_u32_counterfactual_mutant_2 ... ok
test algorithms::minmax_element_branchless_u32::tests::test_minmax_element_branchless_u32_counterfactual_mutant_3 ... ok
test algorithms::minmax_element_branchless_u32::tests::test_minmax_element_branchless_u32_equivalence ... ok
test algorithms::mismatch_branchless_u8::tests::test_mismatch_branchless_u8_boundaries ... ok
test algorithms::mismatch_branchless_u8::tests::test_mismatch_branchless_u8_counterfactual_mutant_1 ... ok
test algorithms::mismatch_branchless_u8::tests::test_mismatch_branchless_u8_counterfactual_mutant_2 ... ok
test algorithms::mismatch_branchless_u8::tests::test_mismatch_branchless_u8_counterfactual_mutant_3 ... ok
test algorithms::mismatch_branchless_u8::tests::test_mismatch_branchless_u8_equivalence ... ok
test algorithms::misra_gries_add::tests::test_misra_gries_add_boundaries ... FAILED
test algorithms::misra_gries_add::tests::test_misra_gries_add_counterfactual_mutant_1 ... ok
test algorithms::misra_gries_add::tests::test_misra_gries_add_counterfactual_mutant_2 ... ok
test algorithms::misra_gries_add::tests::test_misra_gries_add_counterfactual_mutant_3 ... ok
test algorithms::misra_gries_add::tests::test_misra_gries_add_equivalence ... ok
test algorithms::modular_add_u64::tests::test_modular_add_u64_boundaries ... ok
test algorithms::modular_add_u64::tests::test_modular_add_u64_counterfactual_mutant_1 ... ok
test algorithms::modular_add_u64::tests::test_modular_add_u64_counterfactual_mutant_2 ... ok
test algorithms::modular_add_u64::tests::test_modular_add_u64_counterfactual_mutant_3 ... ok
test algorithms::modular_add_u64::tests::test_modular_add_u64_equivalence ... ok
test algorithms::modular_mul_u64::tests::test_modular_mul_u64_boundaries ... ok
test algorithms::modular_mul_u64::tests::test_modular_mul_u64_counterfactual_mutant_1 ... ok
test algorithms::modular_mul_u64::tests::test_modular_mul_u64_counterfactual_mutant_2 ... ok
test algorithms::modular_mul_u64::tests::test_modular_mul_u64_counterfactual_mutant_3 ... ok
test algorithms::modular_mul_u64::tests::test_modular_mul_u64_equivalence ... ok
test algorithms::modular_sub_u64::tests::test_modular_sub_u64_boundaries ... ok
test algorithms::modular_sub_u64::tests::test_modular_sub_u64_counterfactual_mutant_1 ... ok
test algorithms::modular_sub_u64::tests::test_modular_sub_u64_counterfactual_mutant_2 ... ok
test algorithms::modular_sub_u64::tests::test_modular_sub_u64_counterfactual_mutant_3 ... ok
test algorithms::modular_sub_u64::tests::test_modular_sub_u64_equivalence ... ok
test algorithms::morton_decode_2d_u32::tests::test_morton_decode_2d_u32_boundaries ... ok
test algorithms::morton_decode_2d_u32::tests::test_morton_decode_2d_u32_counterfactual_mutant_1 ... ok
test algorithms::morton_decode_2d_u32::tests::test_morton_decode_2d_u32_counterfactual_mutant_2 ... ok
test algorithms::morton_decode_2d_u32::tests::test_morton_decode_2d_u32_counterfactual_mutant_3 ... ok
test algorithms::morton_decode_2d_u32::tests::test_morton_decode_2d_u32_equivalence ... ok
test algorithms::morton_encode_2d_u32::tests::test_morton_encode_2d_u32_boundaries ... ok
test algorithms::morton_encode_2d_u32::tests::test_morton_encode_2d_u32_counterfactual_mutant_1 ... ok
test algorithms::morton_encode_2d_u32::tests::test_morton_encode_2d_u32_counterfactual_mutant_2 ... ok
test algorithms::morton_encode_2d_u32::tests::test_morton_encode_2d_u32_counterfactual_mutant_3 ... ok
test algorithms::morton_encode_2d_u32::tests::test_morton_encode_2d_u32_equivalence ... ok
test algorithms::morton_encode_3d_u32::tests::test_morton_encode_3d_u32_boundaries ... ok
test algorithms::morton_encode_3d_u32::tests::test_morton_encode_3d_u32_counterfactual_mutant_1 ... ok
test algorithms::morton_encode_3d_u32::tests::test_morton_encode_3d_u32_counterfactual_mutant_2 ... ok
test algorithms::morton_encode_3d_u32::tests::test_morton_encode_3d_u32_counterfactual_mutant_3 ... ok
test algorithms::morton_encode_3d_u32::tests::test_morton_encode_3d_u32_equivalence ... ok
test algorithms::move_to_front_branchless::tests::test_move_to_front_branchless_boundaries ... ok
test algorithms::move_to_front_branchless::tests::test_move_to_front_branchless_counterfactual_mutant_1 ... ok
test algorithms::move_to_front_branchless::tests::test_move_to_front_branchless_counterfactual_mutant_2 ... ok
test algorithms::move_to_front_branchless::tests::test_move_to_front_branchless_counterfactual_mutant_3 ... ok
test algorithms::move_to_front_branchless::tests::test_move_to_front_branchless_equivalence ... ok
test algorithms::mul_sat_i32::tests::test_mul_sat_i32_boundaries ... ok
test algorithms::mul_sat_i32::tests::test_mul_sat_i32_counterfactual_mutant_1 ... ok
test algorithms::mul_sat_i32::tests::test_mul_sat_i32_counterfactual_mutant_2 ... ok
test algorithms::mul_sat_i32::tests::test_mul_sat_i32_counterfactual_mutant_3 ... ok
test algorithms::mul_sat_i32::tests::test_mul_sat_i32_equivalence ... ok
test algorithms::mul_sat_u64::tests::test_mul_sat_u64_boundaries ... ok
test algorithms::mul_sat_u64::tests::test_mul_sat_u64_counterfactual_mutant_1 ... ok
test algorithms::mul_sat_u64::tests::test_mul_sat_u64_counterfactual_mutant_2 ... ok
test algorithms::mul_sat_u64::tests::test_mul_sat_u64_counterfactual_mutant_3 ... ok
test algorithms::mul_sat_u64::tests::test_mul_sat_u64_equivalence ... ok
test algorithms::murmur3_x64_128::tests::test_murmur3_x64_128_boundaries ... ok
test algorithms::murmur3_x64_128::tests::test_murmur3_x64_128_counterfactual_mutant_1 ... ok
test algorithms::murmur3_x64_128::tests::test_murmur3_x64_128_counterfactual_mutant_2 ... ok
test algorithms::murmur3_x64_128::tests::test_murmur3_x64_128_counterfactual_mutant_3 ... ok
test algorithms::murmur3_x64_128::tests::test_murmur3_x64_128_equivalence ... ok
test algorithms::next_combination_u64::tests::test_next_combination_u64_boundaries ... ok
test algorithms::next_combination_u64::tests::test_next_combination_u64_counterfactual_mutant_1 ... ok
test algorithms::next_combination_u64::tests::test_next_combination_u64_counterfactual_mutant_2 ... ok
test algorithms::next_combination_u64::tests::test_next_combination_u64_counterfactual_mutant_3 ... ok
test algorithms::next_combination_u64::tests::test_next_combination_u64_equivalence ... ok
test algorithms::next_lexicographic_permutation_u64::tests::test_next_lexicographic_permutation_u64_boundaries ... ok
test algorithms::next_lexicographic_permutation_u64::tests::test_next_lexicographic_permutation_u64_counterfactual_mutant_1 ... ok
test algorithms::next_lexicographic_permutation_u64::tests::test_next_lexicographic_permutation_u64_counterfactual_mutant_2 ... ok
test algorithms::next_lexicographic_permutation_u64::tests::test_next_lexicographic_permutation_u64_counterfactual_mutant_3 ... ok
test algorithms::next_lexicographic_permutation_u64::tests::test_next_lexicographic_permutation_u64_equivalence ... ok
test algorithms::norm_u32::tests::test_norm_u32_boundaries ... ok
test algorithms::norm_u32::tests::test_norm_u32_counterfactual_mutant_1 ... ok
test algorithms::norm_u32::tests::test_norm_u32_counterfactual_mutant_2 ... ok
test algorithms::norm_u32::tests::test_norm_u32_counterfactual_mutant_3 ... ok
test algorithms::norm_u32::tests::test_norm_u32_equivalence ... ok
test algorithms::normalize_slice_branchless::tests::test_normalize_slice_branchless_boundaries ... ok
test algorithms::normalize_slice_branchless::tests::test_normalize_slice_branchless_counterfactual_mutant_1 ... ok
test algorithms::normalize_slice_branchless::tests::test_normalize_slice_branchless_counterfactual_mutant_2 ... ok
test algorithms::normalize_slice_branchless::tests::test_normalize_slice_branchless_counterfactual_mutant_3 ... ok
test algorithms::normalize_slice_branchless::tests::test_normalize_slice_branchless_equivalence ... ok
test algorithms::nth_element_branchless::tests::test_nth_element_branchless_boundaries ... ok
test algorithms::nth_element_branchless::tests::test_nth_element_branchless_counterfactual_mutant_1 ... ok
test algorithms::nth_element_branchless::tests::test_nth_element_branchless_counterfactual_mutant_2 ... ok
test algorithms::nth_element_branchless::tests::test_nth_element_branchless_counterfactual_mutant_3 ... ok
test algorithms::nth_element_branchless::tests::test_nth_element_branchless_equivalence ... ok
test algorithms::octree_insert_branchless::tests::test_octree_insert_branchless_boundaries ... ok
test algorithms::octree_insert_branchless::tests::test_octree_insert_branchless_counterfactual_mutant_1 ... ok
test algorithms::octree_insert_branchless::tests::test_octree_insert_branchless_counterfactual_mutant_2 ... ok
test algorithms::octree_insert_branchless::tests::test_octree_insert_branchless_counterfactual_mutant_3 ... ok
test algorithms::octree_insert_branchless::tests::test_octree_insert_branchless_equivalence ... ok
test algorithms::odd_even_merge_sort_16u32::tests::test_odd_even_merge_sort_16u32_boundaries ... ok
test algorithms::odd_even_merge_sort_16u32::tests::test_odd_even_merge_sort_16u32_counterfactual_mutant_1 ... ok
test algorithms::odd_even_merge_sort_16u32::tests::test_odd_even_merge_sort_16u32_counterfactual_mutant_2 ... ok
test algorithms::odd_even_merge_sort_16u32::tests::test_odd_even_merge_sort_16u32_counterfactual_mutant_3 ... ok
test algorithms::odd_even_merge_sort_16u32::tests::test_odd_even_merge_sort_16u32_equivalence ... ok
test algorithms::page_rank_simd_step::tests::test_page_rank_simd_step_boundaries ... ok
test algorithms::page_rank_simd_step::tests::test_page_rank_simd_step_counterfactual_mutant_1 ... ok
test algorithms::page_rank_simd_step::tests::test_page_rank_simd_step_counterfactual_mutant_2 ... ok
test algorithms::page_rank_simd_step::tests::test_page_rank_simd_step_counterfactual_mutant_3 ... ok
test algorithms::page_rank_simd_step::tests::test_page_rank_simd_step_equivalence ... ok
test algorithms::parallel_bits_deposit_u64::tests::test_parallel_bits_deposit_u64_boundaries ... ok
test algorithms::parallel_bits_deposit_u64::tests::test_parallel_bits_deposit_u64_counterfactual_mutant_1 ... ok
test algorithms::parallel_bits_deposit_u64::tests::test_parallel_bits_deposit_u64_counterfactual_mutant_2 ... ok
test algorithms::parallel_bits_deposit_u64::tests::test_parallel_bits_deposit_u64_counterfactual_mutant_3 ... ok
test algorithms::parallel_bits_deposit_u64::tests::test_parallel_bits_deposit_u64_equivalence ... ok
test algorithms::parallel_bits_extract_u64::tests::test_parallel_bits_extract_u64_boundaries ... ok
test algorithms::parallel_bits_extract_u64::tests::test_parallel_bits_extract_u64_counterfactual_mutant_1 ... ok
test algorithms::parallel_bits_extract_u64::tests::test_parallel_bits_extract_u64_counterfactual_mutant_2 ... ok
test algorithms::parallel_bits_extract_u64::tests::test_parallel_bits_extract_u64_counterfactual_mutant_3 ... ok
test algorithms::parallel_bits_extract_u64::tests::test_parallel_bits_extract_u64_equivalence ... ok
test algorithms::parity_check_u128::tests::test_parity_check_u128_boundaries ... ok
test algorithms::parity_check_u128::tests::test_parity_check_u128_counterfactual_mutant_1 ... ok
test algorithms::parity_check_u128::tests::test_parity_check_u128_counterfactual_mutant_2 ... ok
test algorithms::parity_check_u128::tests::test_parity_check_u128_counterfactual_mutant_3 ... ok
test algorithms::parity_check_u128::tests::test_parity_check_u128_equivalence ... ok
test algorithms::partial_sort_branchless_k::tests::test_partial_sort_branchless_k_boundaries ... ok
test algorithms::partial_sort_branchless_k::tests::test_partial_sort_branchless_k_counterfactual_mutant_1 ... ok
test algorithms::partial_sort_branchless_k::tests::test_partial_sort_branchless_k_counterfactual_mutant_2 ... ok
test algorithms::partial_sort_branchless_k::tests::test_partial_sort_branchless_k_counterfactual_mutant_3 ... ok
test algorithms::partial_sort_branchless_k::tests::test_partial_sort_branchless_k_equivalence ... ok
test algorithms::pcg_random_u64::tests::test_pcg_random_u64_boundaries ... ok
test algorithms::pcg_random_u64::tests::test_pcg_random_u64_counterfactual_mutant_1 ... ok
test algorithms::pcg_random_u64::tests::test_pcg_random_u64_counterfactual_mutant_2 ... ok
test algorithms::pcg_random_u64::tests::test_pcg_random_u64_counterfactual_mutant_3 ... ok
test algorithms::pcg_random_u64::tests::test_pcg_random_u64_equivalence ... ok
test algorithms::pearson_hash_u8::tests::test_pearson_hash_u8_boundaries ... ok
test algorithms::pearson_hash_u8::tests::test_pearson_hash_u8_counterfactual_mutant_1 ... ok
test algorithms::pearson_hash_u8::tests::test_pearson_hash_u8_counterfactual_mutant_2 ... ok
test algorithms::pearson_hash_u8::tests::test_pearson_hash_u8_counterfactual_mutant_3 ... ok
test algorithms::pearson_hash_u8::tests::test_pearson_hash_u8_equivalence ... ok
test algorithms::perfect_hash_build_static::tests::test_perfect_hash_build_static_boundaries ... ok
test algorithms::perfect_hash_build_static::tests::test_perfect_hash_build_static_counterfactual_mutant_1 ... ok
test algorithms::perfect_hash_build_static::tests::test_perfect_hash_build_static_counterfactual_mutant_2 ... ok
test algorithms::perfect_hash_build_static::tests::test_perfect_hash_build_static_counterfactual_mutant_3 ... ok
test algorithms::perfect_hash_build_static::tests::test_perfect_hash_build_static_equivalence ... ok
test algorithms::perfect_hash_lookup_u32::tests::test_perfect_hash_lookup_u32_boundaries ... ok
test algorithms::perfect_hash_lookup_u32::tests::test_perfect_hash_lookup_u32_counterfactual_mutant_1 ... ok
test algorithms::perfect_hash_lookup_u32::tests::test_perfect_hash_lookup_u32_counterfactual_mutant_2 ... ok
test algorithms::perfect_hash_lookup_u32::tests::test_perfect_hash_lookup_u32_counterfactual_mutant_3 ... ok
test algorithms::perfect_hash_lookup_u32::tests::test_perfect_hash_lookup_u32_equivalence ... ok
test algorithms::permute_u32x8::tests::test_permute_u32x8_boundaries ... ok
test algorithms::permute_u32x8::tests::test_permute_u32x8_counterfactual_mutant_1 ... ok
test algorithms::permute_u32x8::tests::test_permute_u32x8_counterfactual_mutant_2 ... ok
test algorithms::permute_u32x8::tests::test_permute_u32x8_counterfactual_mutant_3 ... ok
test algorithms::permute_u32x8::tests::test_permute_u32x8_equivalence ... ok
test algorithms::point_in_polygon_branchless::tests::test_point_in_polygon_branchless_boundaries ... FAILED
test algorithms::point_in_polygon_branchless::tests::test_point_in_polygon_branchless_counterfactual_mutant_1 ... ok
test algorithms::point_in_polygon_branchless::tests::test_point_in_polygon_branchless_counterfactual_mutant_2 ... ok
test algorithms::point_in_polygon_branchless::tests::test_point_in_polygon_branchless_counterfactual_mutant_3 ... ok
test algorithms::point_in_polygon_branchless::tests::test_point_in_polygon_branchless_equivalence ... FAILED
test algorithms::poisson_noise_branchless::tests::test_poisson_noise_branchless_boundaries ... ok
test algorithms::poisson_noise_branchless::tests::test_poisson_noise_branchless_counterfactual_mutant_1 ... ok
test algorithms::poisson_noise_branchless::tests::test_poisson_noise_branchless_counterfactual_mutant_2 ... ok
test algorithms::poisson_noise_branchless::tests::test_poisson_noise_branchless_counterfactual_mutant_3 ... ok
test algorithms::poisson_noise_branchless::tests::test_poisson_noise_branchless_equivalence ... ok
test algorithms::popcount_u128::tests::test_popcount_u128_boundaries ... ok
test algorithms::popcount_u128::tests::test_popcount_u128_counterfactual_mutant_1 ... ok
test algorithms::popcount_u128::tests::test_popcount_u128_counterfactual_mutant_2 ... ok
test algorithms::popcount_u128::tests::test_popcount_u128_counterfactual_mutant_3 ... ok
test algorithms::popcount_u128::tests::test_popcount_u128_equivalence ... ok
test algorithms::pow_sat_u64::tests::test_pow_sat_u64_boundaries ... ok
test algorithms::pow_sat_u64::tests::test_pow_sat_u64_counterfactual_mutant_1 ... ok
test algorithms::pow_sat_u64::tests::test_pow_sat_u64_counterfactual_mutant_2 ... ok
test algorithms::pow_sat_u64::tests::test_pow_sat_u64_counterfactual_mutant_3 ... ok
test algorithms::pow_sat_u64::tests::test_pow_sat_u64_equivalence ... ok
test algorithms::prefix_sum_simd_u32x8::tests::test_prefix_sum_simd_u32x8_boundaries ... ok
test algorithms::prefix_sum_simd_u32x8::tests::test_prefix_sum_simd_u32x8_counterfactual_mutant_1 ... ok
test algorithms::prefix_sum_simd_u32x8::tests::test_prefix_sum_simd_u32x8_counterfactual_mutant_2 ... ok
test algorithms::prefix_sum_simd_u32x8::tests::test_prefix_sum_simd_u32x8_counterfactual_mutant_3 ... ok
test algorithms::prefix_sum_simd_u32x8::tests::test_prefix_sum_simd_u32x8_equivalence ... ok
test algorithms::punycode_encode_branchless::tests::test_punycode_encode_branchless_boundaries ... ok
test algorithms::punycode_encode_branchless::tests::test_punycode_encode_branchless_counterfactual_mutant_1 ... ok
test algorithms::punycode_encode_branchless::tests::test_punycode_encode_branchless_counterfactual_mutant_2 ... ok
test algorithms::punycode_encode_branchless::tests::test_punycode_encode_branchless_counterfactual_mutant_3 ... ok
test algorithms::punycode_encode_branchless::tests::test_punycode_encode_branchless_equivalence ... ok
test algorithms::quadtree_insert_branchless::tests::test_quadtree_insert_branchless_boundaries ... ok
test algorithms::quadtree_insert_branchless::tests::test_quadtree_insert_branchless_counterfactual_mutant_1 ... ok
test algorithms::quadtree_insert_branchless::tests::test_quadtree_insert_branchless_counterfactual_mutant_2 ... ok
test algorithms::quadtree_insert_branchless::tests::test_quadtree_insert_branchless_counterfactual_mutant_3 ... ok
test algorithms::quadtree_insert_branchless::tests::test_quadtree_insert_branchless_equivalence ... ok
test algorithms::quantize_u32::tests::test_quantize_u32_boundaries ... ok
test algorithms::quantize_u32::tests::test_quantize_u32_counterfactual_mutant_1 ... ok
test algorithms::quantize_u32::tests::test_quantize_u32_counterfactual_mutant_2 ... ok
test algorithms::quantize_u32::tests::test_quantize_u32_counterfactual_mutant_3 ... ok
test algorithms::quantize_u32::tests::test_quantize_u32_equivalence ... ok
test algorithms::quaternion_mul_branchless::tests::test_quaternion_mul_branchless_boundaries ... ok
test algorithms::quaternion_mul_branchless::tests::test_quaternion_mul_branchless_counterfactual_mutant_1 ... ok
test algorithms::quaternion_mul_branchless::tests::test_quaternion_mul_branchless_counterfactual_mutant_2 ... ok
test algorithms::quaternion_mul_branchless::tests::test_quaternion_mul_branchless_counterfactual_mutant_3 ... ok
test algorithms::quaternion_mul_branchless::tests::test_quaternion_mul_branchless_equivalence ... ok
test algorithms::quotient_filter_add_u64::tests::test_quotient_filter_add_u64_boundaries ... ok
test algorithms::quotient_filter_add_u64::tests::test_quotient_filter_add_u64_counterfactual_mutant_1 ... ok
test algorithms::quotient_filter_add_u64::tests::test_quotient_filter_add_u64_counterfactual_mutant_2 ... ok
test algorithms::quotient_filter_add_u64::tests::test_quotient_filter_add_u64_counterfactual_mutant_3 ... ok
test algorithms::quotient_filter_add_u64::tests::test_quotient_filter_add_u64_equivalence ... ok
test algorithms::radix_sort_step_branchless::tests::test_radix_sort_step_branchless_boundaries ... ok
test algorithms::radix_sort_step_branchless::tests::test_radix_sort_step_branchless_counterfactual_mutant_1 ... ok
test algorithms::radix_sort_step_branchless::tests::test_radix_sort_step_branchless_counterfactual_mutant_2 ... ok
test algorithms::radix_sort_step_branchless::tests::test_radix_sort_step_branchless_counterfactual_mutant_3 ... ok
test algorithms::radix_sort_step_branchless::tests::test_radix_sort_step_branchless_equivalence ... ok
test algorithms::random_permutation_fixed_seed::tests::test_random_permutation_fixed_seed_boundaries ... ok
test algorithms::random_permutation_fixed_seed::tests::test_random_permutation_fixed_seed_counterfactual_mutant_1 ... ok
test algorithms::random_permutation_fixed_seed::tests::test_random_permutation_fixed_seed_counterfactual_mutant_2 ... ok
test algorithms::random_permutation_fixed_seed::tests::test_random_permutation_fixed_seed_counterfactual_mutant_3 ... ok
test algorithms::random_permutation_fixed_seed::tests::test_random_permutation_fixed_seed_equivalence ... ok
test algorithms::rank_select_dictionary_rrr::tests::test_rank_select_dictionary_rrr_boundaries ... ok
test algorithms::rank_select_dictionary_rrr::tests::test_rank_select_dictionary_rrr_counterfactual_mutant_1 ... ok
test algorithms::rank_select_dictionary_rrr::tests::test_rank_select_dictionary_rrr_counterfactual_mutant_2 ... ok
test algorithms::rank_select_dictionary_rrr::tests::test_rank_select_dictionary_rrr_counterfactual_mutant_3 ... ok
test algorithms::rank_select_dictionary_rrr::tests::test_rank_select_dictionary_rrr_equivalence ... ok
test algorithms::rank_select_sort_u32::tests::test_rank_select_sort_u32_boundaries ... ok
test algorithms::rank_select_sort_u32::tests::test_rank_select_sort_u32_counterfactual_mutant_1 ... ok
test algorithms::rank_select_sort_u32::tests::test_rank_select_sort_u32_counterfactual_mutant_2 ... ok
test algorithms::rank_select_sort_u32::tests::test_rank_select_sort_u32_counterfactual_mutant_3 ... ok
test algorithms::rank_select_sort_u32::tests::test_rank_select_sort_u32_equivalence ... ok
test algorithms::rank_u128::tests::test_rank_u128_boundaries ... ok
test algorithms::rank_u128::tests::test_rank_u128_counterfactual_mutant_1 ... ok
test algorithms::rank_u128::tests::test_rank_u128_counterfactual_mutant_2 ... ok
test algorithms::rank_u128::tests::test_rank_u128_counterfactual_mutant_3 ... ok
test algorithms::rank_u128::tests::test_rank_u128_equivalence ... ok
test algorithms::ray_sphere_intersect_branchless::tests::test_ray_sphere_intersect_branchless_boundaries ... ok
test algorithms::ray_sphere_intersect_branchless::tests::test_ray_sphere_intersect_branchless_counterfactual_mutant_1 ... ok
test algorithms::ray_sphere_intersect_branchless::tests::test_ray_sphere_intersect_branchless_counterfactual_mutant_2 ... ok
test algorithms::ray_sphere_intersect_branchless::tests::test_ray_sphere_intersect_branchless_counterfactual_mutant_3 ... ok
test algorithms::ray_sphere_intersect_branchless::tests::test_ray_sphere_intersect_branchless_equivalence ... ok
test algorithms::ray_triangle_intersect_branchless::tests::test_ray_triangle_intersect_branchless_boundaries ... ok
test algorithms::ray_triangle_intersect_branchless::tests::test_ray_triangle_intersect_branchless_counterfactual_mutant_1 ... ok
test algorithms::ray_triangle_intersect_branchless::tests::test_ray_triangle_intersect_branchless_counterfactual_mutant_2 ... ok
test algorithms::ray_triangle_intersect_branchless::tests::test_ray_triangle_intersect_branchless_counterfactual_mutant_3 ... ok
test algorithms::ray_triangle_intersect_branchless::tests::test_ray_triangle_intersect_branchless_equivalence ... ok
test algorithms::regex_nfa_simd_step::tests::test_regex_nfa_simd_step_boundaries ... ok
test algorithms::regex_nfa_simd_step::tests::test_regex_nfa_simd_step_counterfactual_mutant_1 ... ok
test algorithms::regex_nfa_simd_step::tests::test_regex_nfa_simd_step_counterfactual_mutant_2 ... ok
test algorithms::regex_nfa_simd_step::tests::test_regex_nfa_simd_step_counterfactual_mutant_3 ... ok
test algorithms::regex_nfa_simd_step::tests::test_regex_nfa_simd_step_equivalence ... ok
test algorithms::relu_u32::tests::test_relu_u32_boundaries ... ok
test algorithms::relu_u32::tests::test_relu_u32_counterfactual_mutant_1 ... ok
test algorithms::relu_u32::tests::test_relu_u32_counterfactual_mutant_2 ... ok
test algorithms::relu_u32::tests::test_relu_u32_counterfactual_mutant_3 ... ok
test algorithms::relu_u32::tests::test_relu_u32_equivalence ... ok
test algorithms::reservoir_sample_branchless::tests::test_reservoir_sample_branchless_boundaries ... ok
test algorithms::reservoir_sample_branchless::tests::test_reservoir_sample_branchless_counterfactual_mutant_1 ... ok
test algorithms::reservoir_sample_branchless::tests::test_reservoir_sample_branchless_counterfactual_mutant_2 ... ok
test algorithms::reservoir_sample_branchless::tests::test_reservoir_sample_branchless_counterfactual_mutant_3 ... ok
test algorithms::reservoir_sample_branchless::tests::test_reservoir_sample_branchless_equivalence ... ok
test algorithms::reservoir_sample_weighted_simd::tests::test_reservoir_sample_weighted_simd_boundaries ... ok
test algorithms::reservoir_sample_weighted_simd::tests::test_reservoir_sample_weighted_simd_counterfactual_mutant_1 ... ok
test algorithms::reservoir_sample_weighted_simd::tests::test_reservoir_sample_weighted_simd_counterfactual_mutant_2 ... ok
test algorithms::reservoir_sample_weighted_simd::tests::test_reservoir_sample_weighted_simd_counterfactual_mutant_3 ... ok
test algorithms::reservoir_sample_weighted_simd::tests::test_reservoir_sample_weighted_simd_equivalence ... ok
test algorithms::reverse_bits_u128::tests::test_reverse_bits_u128_boundaries ... ok
test algorithms::reverse_bits_u128::tests::test_reverse_bits_u128_counterfactual_mutant_1 ... ok
test algorithms::reverse_bits_u128::tests::test_reverse_bits_u128_counterfactual_mutant_2 ... ok
test algorithms::reverse_bits_u128::tests::test_reverse_bits_u128_counterfactual_mutant_3 ... ok
test algorithms::reverse_bits_u128::tests::test_reverse_bits_u128_equivalence ... ok
test algorithms::reverse_slice_branchless::tests::test_reverse_slice_branchless_boundaries ... ok
test algorithms::reverse_slice_branchless::tests::test_reverse_slice_branchless_counterfactual_mutant_1 ... ok
test algorithms::reverse_slice_branchless::tests::test_reverse_slice_branchless_counterfactual_mutant_2 ... ok
test algorithms::reverse_slice_branchless::tests::test_reverse_slice_branchless_counterfactual_mutant_3 ... ok
test algorithms::reverse_slice_branchless::tests::test_reverse_slice_branchless_equivalence ... ok
test algorithms::rolling_hash_buzhash::tests::test_rolling_hash_buzhash_boundaries ... ok
test algorithms::rolling_hash_buzhash::tests::test_rolling_hash_buzhash_counterfactual_mutant_1 ... ok
test algorithms::rolling_hash_buzhash::tests::test_rolling_hash_buzhash_counterfactual_mutant_2 ... ok
test algorithms::rolling_hash_buzhash::tests::test_rolling_hash_buzhash_counterfactual_mutant_3 ... ok
test algorithms::rolling_hash_buzhash::tests::test_rolling_hash_buzhash_equivalence ... ok
test algorithms::rolling_hash_gear::tests::test_rolling_hash_gear_boundaries ... ok
test algorithms::rolling_hash_gear::tests::test_rolling_hash_gear_counterfactual_mutant_1 ... ok
test algorithms::rolling_hash_gear::tests::test_rolling_hash_gear_counterfactual_mutant_2 ... ok
test algorithms::rolling_hash_gear::tests::test_rolling_hash_gear_counterfactual_mutant_3 ... ok
test algorithms::rolling_hash_gear::tests::test_rolling_hash_gear_equivalence ... ok
test algorithms::rolling_hash_rabin_karp::tests::test_rolling_hash_rabin_karp_boundaries ... ok
test algorithms::rolling_hash_rabin_karp::tests::test_rolling_hash_rabin_karp_counterfactual_mutant_1 ... ok
test algorithms::rolling_hash_rabin_karp::tests::test_rolling_hash_rabin_karp_counterfactual_mutant_2 ... ok
test algorithms::rolling_hash_rabin_karp::tests::test_rolling_hash_rabin_karp_counterfactual_mutant_3 ... ok
test algorithms::rolling_hash_rabin_karp::tests::test_rolling_hash_rabin_karp_equivalence ... ok
test algorithms::rotate_left_u64::tests::test_rotate_left_u64_boundaries ... ok
test algorithms::rotate_left_u64::tests::test_rotate_left_u64_counterfactual_mutant_1 ... ok
test algorithms::rotate_left_u64::tests::test_rotate_left_u64_counterfactual_mutant_2 ... ok
test algorithms::rotate_left_u64::tests::test_rotate_left_u64_counterfactual_mutant_3 ... ok
test algorithms::rotate_left_u64::tests::test_rotate_left_u64_equivalence ... ok
test algorithms::rotate_right_u64::tests::test_rotate_right_u64_boundaries ... ok
test algorithms::rotate_right_u64::tests::test_rotate_right_u64_counterfactual_mutant_1 ... ok
test algorithms::rotate_right_u64::tests::test_rotate_right_u64_counterfactual_mutant_2 ... ok
test algorithms::rotate_right_u64::tests::test_rotate_right_u64_counterfactual_mutant_3 ... ok
test algorithms::rotate_right_u64::tests::test_rotate_right_u64_equivalence ... ok
test algorithms::rotate_slice_branchless::tests::test_rotate_slice_branchless_boundaries ... ok
test algorithms::rotate_slice_branchless::tests::test_rotate_slice_branchless_counterfactual_mutant_1 ... ok
test algorithms::rotate_slice_branchless::tests::test_rotate_slice_branchless_counterfactual_mutant_2 ... ok
test algorithms::rotate_slice_branchless::tests::test_rotate_slice_branchless_counterfactual_mutant_3 ... ok
test algorithms::rotate_slice_branchless::tests::test_rotate_slice_branchless_equivalence ... ok
test algorithms::round_down_u32::tests::test_round_down_u32_boundaries ... ok
test algorithms::round_down_u32::tests::test_round_down_u32_counterfactual_mutant_1 ... ok
test algorithms::round_down_u32::tests::test_round_down_u32_counterfactual_mutant_2 ... ok
test algorithms::round_down_u32::tests::test_round_down_u32_counterfactual_mutant_3 ... ok
test algorithms::round_down_u32::tests::test_round_down_u32_equivalence ... ok
test algorithms::round_to_nearest_u32::tests::test_round_to_nearest_u32_boundaries ... ok
test algorithms::round_to_nearest_u32::tests::test_round_to_nearest_u32_counterfactual_mutant_1 ... ok
test algorithms::round_to_nearest_u32::tests::test_round_to_nearest_u32_counterfactual_mutant_2 ... ok
test algorithms::round_to_nearest_u32::tests::test_round_to_nearest_u32_counterfactual_mutant_3 ... ok
test algorithms::round_to_nearest_u32::tests::test_round_to_nearest_u32_equivalence ... ok
test algorithms::round_up_u32::tests::test_round_up_u32_boundaries ... ok
test algorithms::round_up_u32::tests::test_round_up_u32_counterfactual_mutant_1 ... ok
test algorithms::round_up_u32::tests::test_round_up_u32_counterfactual_mutant_2 ... ok
test algorithms::round_up_u32::tests::test_round_up_u32_counterfactual_mutant_3 ... ok
test algorithms::round_up_u32::tests::test_round_up_u32_equivalence ... ok
test algorithms::scatter_bits_u64::tests::test_scatter_bits_u64_boundaries ... ok
test algorithms::scatter_bits_u64::tests::test_scatter_bits_u64_counterfactual_mutant_1 ... ok
test algorithms::scatter_bits_u64::tests::test_scatter_bits_u64_counterfactual_mutant_2 ... ok
test algorithms::scatter_bits_u64::tests::test_scatter_bits_u64_counterfactual_mutant_3 ... ok
test algorithms::scatter_bits_u64::tests::test_scatter_bits_u64_equivalence ... ok
test algorithms::search_eytzinger_u32::tests::test_search_eytzinger_u32_boundaries ... ok
test algorithms::search_eytzinger_u32::tests::test_search_eytzinger_u32_counterfactual_mutant_1 ... ok
test algorithms::search_eytzinger_u32::tests::test_search_eytzinger_u32_counterfactual_mutant_2 ... ok
test algorithms::search_eytzinger_u32::tests::test_search_eytzinger_u32_counterfactual_mutant_3 ... ok
test algorithms::search_eytzinger_u32::tests::test_search_eytzinger_u32_equivalence ... ok
test algorithms::search_van_emde_boas::tests::test_search_van_emde_boas_boundaries ... ok
test algorithms::search_van_emde_boas::tests::test_search_van_emde_boas_counterfactual_mutant_1 ... ok
test algorithms::search_van_emde_boas::tests::test_search_van_emde_boas_counterfactual_mutant_2 ... ok
test algorithms::search_van_emde_boas::tests::test_search_van_emde_boas_counterfactual_mutant_3 ... ok
test algorithms::search_van_emde_boas::tests::test_search_van_emde_boas_equivalence ... ok
test algorithms::select_u128::tests::test_select_u128_boundaries ... ok
test algorithms::select_u128::tests::test_select_u128_counterfactual_mutant_1 ... ok
test algorithms::select_u128::tests::test_select_u128_counterfactual_mutant_2 ... ok
test algorithms::select_u128::tests::test_select_u128_counterfactual_mutant_3 ... ok
test algorithms::select_u128::tests::test_select_u128_equivalence ... ok
test algorithms::set_difference_branchless::tests::test_set_difference_branchless_boundaries ... ok
test algorithms::set_difference_branchless::tests::test_set_difference_branchless_counterfactual_mutant_1 ... ok
test algorithms::set_difference_branchless::tests::test_set_difference_branchless_counterfactual_mutant_2 ... ok
test algorithms::set_difference_branchless::tests::test_set_difference_branchless_counterfactual_mutant_3 ... ok
test algorithms::set_difference_branchless::tests::test_set_difference_branchless_equivalence ... ok
test algorithms::set_intersection_branchless::tests::test_set_intersection_branchless_boundaries ... ok
test algorithms::set_intersection_branchless::tests::test_set_intersection_branchless_counterfactual_mutant_1 ... ok
test algorithms::set_intersection_branchless::tests::test_set_intersection_branchless_counterfactual_mutant_2 ... ok
test algorithms::set_intersection_branchless::tests::test_set_intersection_branchless_counterfactual_mutant_3 ... ok
test algorithms::set_intersection_branchless::tests::test_set_intersection_branchless_equivalence ... ok
test algorithms::set_symmetric_difference_branchless::tests::test_set_symmetric_difference_branchless_boundaries ... ok
test algorithms::set_symmetric_difference_branchless::tests::test_set_symmetric_difference_branchless_counterfactual_mutant_1 ... ok
test algorithms::set_symmetric_difference_branchless::tests::test_set_symmetric_difference_branchless_counterfactual_mutant_2 ... ok
test algorithms::set_symmetric_difference_branchless::tests::test_set_symmetric_difference_branchless_counterfactual_mutant_3 ... ok
test algorithms::set_symmetric_difference_branchless::tests::test_set_symmetric_difference_branchless_equivalence ... ok
test algorithms::set_union_branchless::tests::test_set_union_branchless_boundaries ... ok
test algorithms::set_union_branchless::tests::test_set_union_branchless_counterfactual_mutant_1 ... ok
test algorithms::set_union_branchless::tests::test_set_union_branchless_counterfactual_mutant_2 ... ok
test algorithms::set_union_branchless::tests::test_set_union_branchless_counterfactual_mutant_3 ... ok
test algorithms::set_union_branchless::tests::test_set_union_branchless_equivalence ... ok
test algorithms::shear_sort_bitonic_2d::tests::test_shear_sort_bitonic_2d_boundaries ... ok
test algorithms::shear_sort_bitonic_2d::tests::test_shear_sort_bitonic_2d_counterfactual_mutant_1 ... ok
test algorithms::shear_sort_bitonic_2d::tests::test_shear_sort_bitonic_2d_counterfactual_mutant_2 ... ok
test algorithms::shear_sort_bitonic_2d::tests::test_shear_sort_bitonic_2d_counterfactual_mutant_3 ... ok
test algorithms::shear_sort_bitonic_2d::tests::test_shear_sort_bitonic_2d_equivalence ... ok
test algorithms::shortest_path_bellman_ford_branchless::tests::test_shortest_path_bellman_ford_branchless_boundaries ... ok
test algorithms::shortest_path_bellman_ford_branchless::tests::test_shortest_path_bellman_ford_branchless_counterfactual_mutant_1 ... ok
test algorithms::shortest_path_bellman_ford_branchless::tests::test_shortest_path_bellman_ford_branchless_counterfactual_mutant_2 ... ok
test algorithms::shortest_path_bellman_ford_branchless::tests::test_shortest_path_bellman_ford_branchless_counterfactual_mutant_3 ... ok
test algorithms::shortest_path_bellman_ford_branchless::tests::test_shortest_path_bellman_ford_branchless_equivalence ... ok
test algorithms::shuffle_fisher_yates_branchless::tests::test_shuffle_fisher_yates_branchless_boundaries ... ok
test algorithms::shuffle_fisher_yates_branchless::tests::test_shuffle_fisher_yates_branchless_counterfactual_mutant_1 ... ok
test algorithms::shuffle_fisher_yates_branchless::tests::test_shuffle_fisher_yates_branchless_counterfactual_mutant_2 ... ok
test algorithms::shuffle_fisher_yates_branchless::tests::test_shuffle_fisher_yates_branchless_counterfactual_mutant_3 ... ok
test algorithms::shuffle_fisher_yates_branchless::tests::test_shuffle_fisher_yates_branchless_equivalence ... ok
test algorithms::sigmoid_sat_u32::tests::test_sigmoid_sat_u32_boundaries ... ok
test algorithms::sigmoid_sat_u32::tests::test_sigmoid_sat_u32_counterfactual_mutant_1 ... ok
test algorithms::sigmoid_sat_u32::tests::test_sigmoid_sat_u32_counterfactual_mutant_2 ... ok
test algorithms::sigmoid_sat_u32::tests::test_sigmoid_sat_u32_counterfactual_mutant_3 ... ok
test algorithms::sigmoid_sat_u32::tests::test_sigmoid_sat_u32_equivalence ... ok
test algorithms::simd_memchr_u8x16::tests::test_simd_memchr_u8x16_boundaries ... ok
test algorithms::simd_memchr_u8x16::tests::test_simd_memchr_u8x16_counterfactual_mutant_1 ... ok
test algorithms::simd_memchr_u8x16::tests::test_simd_memchr_u8x16_counterfactual_mutant_2 ... ok
test algorithms::simd_memchr_u8x16::tests::test_simd_memchr_u8x16_counterfactual_mutant_3 ... ok
test algorithms::simd_memchr_u8x16::tests::test_simd_memchr_u8x16_equivalence ... ok
test algorithms::simd_memrchr_u8x16::tests::test_simd_memrchr_u8x16_boundaries ... ok
test algorithms::simd_memrchr_u8x16::tests::test_simd_memrchr_u8x16_counterfactual_mutant_1 ... ok
test algorithms::simd_memrchr_u8x16::tests::test_simd_memrchr_u8x16_counterfactual_mutant_2 ... ok
test algorithms::simd_memrchr_u8x16::tests::test_simd_memrchr_u8x16_counterfactual_mutant_3 ... ok
test algorithms::simd_memrchr_u8x16::tests::test_simd_memrchr_u8x16_equivalence ... ok
test algorithms::simd_strstr_branchless::tests::test_simd_strstr_branchless_boundaries ... ok
test algorithms::simd_strstr_branchless::tests::test_simd_strstr_branchless_counterfactual_mutant_1 ... ok
test algorithms::simd_strstr_branchless::tests::test_simd_strstr_branchless_counterfactual_mutant_2 ... ok
test algorithms::simd_strstr_branchless::tests::test_simd_strstr_branchless_counterfactual_mutant_3 ... ok
test algorithms::simd_strstr_branchless::tests::test_simd_strstr_branchless_equivalence ... ok
test algorithms::siphash_2_4_branchless::tests::test_siphash_2_4_branchless_boundaries ... ok
test algorithms::siphash_2_4_branchless::tests::test_siphash_2_4_branchless_counterfactual_mutant_1 ... ok
test algorithms::siphash_2_4_branchless::tests::test_siphash_2_4_branchless_counterfactual_mutant_2 ... ok
test algorithms::siphash_2_4_branchless::tests::test_siphash_2_4_branchless_counterfactual_mutant_3 ... ok
test algorithms::siphash_2_4_branchless::tests::test_siphash_2_4_branchless_equivalence ... ok
test algorithms::smoothstep_u32::tests::test_smoothstep_u32_boundaries ... ok
test algorithms::smoothstep_u32::tests::test_smoothstep_u32_counterfactual_mutant_1 ... ok
test algorithms::smoothstep_u32::tests::test_smoothstep_u32_counterfactual_mutant_2 ... ok
test algorithms::smoothstep_u32::tests::test_smoothstep_u32_counterfactual_mutant_3 ... ok
test algorithms::smoothstep_u32::tests::test_smoothstep_u32_equivalence ... ok
test algorithms::softmax_u32x4::tests::test_softmax_u32x4_boundaries ... ok
test algorithms::softmax_u32x4::tests::test_softmax_u32x4_counterfactual_mutant_1 ... ok
test algorithms::softmax_u32x4::tests::test_softmax_u32x4_counterfactual_mutant_2 ... ok
test algorithms::softmax_u32x4::tests::test_softmax_u32x4_counterfactual_mutant_3 ... ok
test algorithms::softmax_u32x4::tests::test_softmax_u32x4_equivalence ... ok
test algorithms::sort_index_u32x8::tests::test_sort_index_u32x8_boundaries ... ok
test algorithms::sort_index_u32x8::tests::test_sort_index_u32x8_counterfactual_mutant_1 ... ok
test algorithms::sort_index_u32x8::tests::test_sort_index_u32x8_counterfactual_mutant_2 ... ok
test algorithms::sort_index_u32x8::tests::test_sort_index_u32x8_counterfactual_mutant_3 ... ok
test algorithms::sort_index_u32x8::tests::test_sort_index_u32x8_equivalence ... ok
test algorithms::sort_pairs_u32x4::tests::test_sort_pairs_u32x4_boundaries ... ok
test algorithms::sort_pairs_u32x4::tests::test_sort_pairs_u32x4_counterfactual_mutant_1 ... ok
test algorithms::sort_pairs_u32x4::tests::test_sort_pairs_u32x4_counterfactual_mutant_2 ... ok
test algorithms::sort_pairs_u32x4::tests::test_sort_pairs_u32x4_counterfactual_mutant_3 ... ok
test algorithms::sort_pairs_u32x4::tests::test_sort_pairs_u32x4_equivalence ... ok
test algorithms::soundex_encode_branchless::tests::test_soundex_encode_branchless_boundaries ... ok
test algorithms::soundex_encode_branchless::tests::test_soundex_encode_branchless_counterfactual_mutant_1 ... ok
test algorithms::soundex_encode_branchless::tests::test_soundex_encode_branchless_counterfactual_mutant_2 ... ok
test algorithms::soundex_encode_branchless::tests::test_soundex_encode_branchless_counterfactual_mutant_3 ... ok
test algorithms::soundex_encode_branchless::tests::test_soundex_encode_branchless_equivalence ... ok
test algorithms::space_saving_add::tests::test_space_saving_add_boundaries ... ok
test algorithms::space_saving_add::tests::test_space_saving_add_counterfactual_mutant_1 ... ok
test algorithms::space_saving_add::tests::test_space_saving_add_counterfactual_mutant_2 ... ok
test algorithms::space_saving_add::tests::test_space_saving_add_counterfactual_mutant_3 ... ok
test algorithms::space_saving_add::tests::test_space_saving_add_equivalence ... ok
test algorithms::spatial_hash_u32::tests::test_spatial_hash_u32_boundaries ... ok
test algorithms::spatial_hash_u32::tests::test_spatial_hash_u32_counterfactual_mutant_1 ... ok
test algorithms::spatial_hash_u32::tests::test_spatial_hash_u32_counterfactual_mutant_2 ... ok
test algorithms::spatial_hash_u32::tests::test_spatial_hash_u32_counterfactual_mutant_3 ... ok
test algorithms::spatial_hash_u32::tests::test_spatial_hash_u32_equivalence ... ok
test algorithms::split_lines_simd::tests::test_split_lines_simd_boundaries ... ok
test algorithms::split_lines_simd::tests::test_split_lines_simd_counterfactual_mutant_1 ... ok
test algorithms::split_lines_simd::tests::test_split_lines_simd_counterfactual_mutant_2 ... ok
test algorithms::split_lines_simd::tests::test_split_lines_simd_counterfactual_mutant_3 ... ok
test algorithms::split_lines_simd::tests::test_split_lines_simd_equivalence ... ok
test algorithms::splitmix64_u64::tests::test_splitmix64_u64_boundaries ... ok
test algorithms::splitmix64_u64::tests::test_splitmix64_u64_counterfactual_mutant_1 ... ok
test algorithms::splitmix64_u64::tests::test_splitmix64_u64_counterfactual_mutant_2 ... ok
test algorithms::splitmix64_u64::tests::test_splitmix64_u64_counterfactual_mutant_3 ... ok
test algorithms::splitmix64_u64::tests::test_splitmix64_u64_equivalence ... ok
test algorithms::spookyhash_v2_128::tests::test_spookyhash_v2_128_boundaries ... ok
test algorithms::spookyhash_v2_128::tests::test_spookyhash_v2_128_counterfactual_mutant_1 ... ok
test algorithms::spookyhash_v2_128::tests::test_spookyhash_v2_128_counterfactual_mutant_2 ... ok
test algorithms::spookyhash_v2_128::tests::test_spookyhash_v2_128_counterfactual_mutant_3 ... ok
test algorithms::spookyhash_v2_128::tests::test_spookyhash_v2_128_equivalence ... ok
test algorithms::stable_partition_branchless::tests::test_stable_partition_branchless_boundaries ... ok
test algorithms::stable_partition_branchless::tests::test_stable_partition_branchless_counterfactual_mutant_1 ... ok
test algorithms::stable_partition_branchless::tests::test_stable_partition_branchless_counterfactual_mutant_2 ... ok
test algorithms::stable_partition_branchless::tests::test_stable_partition_branchless_counterfactual_mutant_3 ... ok
test algorithms::stable_partition_branchless::tests::test_stable_partition_branchless_equivalence ... ok
test algorithms::sub_sat_i32::tests::test_sub_sat_i32_boundaries ... ok
test algorithms::sub_sat_i32::tests::test_sub_sat_i32_counterfactual_mutant_1 ... ok
test algorithms::sub_sat_i32::tests::test_sub_sat_i32_counterfactual_mutant_2 ... ok
test algorithms::sub_sat_i32::tests::test_sub_sat_i32_counterfactual_mutant_3 ... ok
test algorithms::sub_sat_i32::tests::test_sub_sat_i32_equivalence ... ok
test algorithms::succinct_bit_vector_rank::tests::test_succinct_bit_vector_rank_boundaries ... ok
test algorithms::succinct_bit_vector_rank::tests::test_succinct_bit_vector_rank_counterfactual_mutant_1 ... ok
test algorithms::succinct_bit_vector_rank::tests::test_succinct_bit_vector_rank_counterfactual_mutant_2 ... ok
test algorithms::succinct_bit_vector_rank::tests::test_succinct_bit_vector_rank_counterfactual_mutant_3 ... ok
test algorithms::succinct_bit_vector_rank::tests::test_succinct_bit_vector_rank_equivalence ... ok
test algorithms::succinct_bit_vector_select::tests::test_succinct_bit_vector_select_boundaries ... FAILED
test algorithms::succinct_bit_vector_select::tests::test_succinct_bit_vector_select_counterfactual_mutant_1 ... ok
test algorithms::succinct_bit_vector_select::tests::test_succinct_bit_vector_select_counterfactual_mutant_2 ... ok
test algorithms::succinct_bit_vector_select::tests::test_succinct_bit_vector_select_counterfactual_mutant_3 ... ok
test algorithms::succinct_bit_vector_select::tests::test_succinct_bit_vector_select_equivalence ... ok
test algorithms::suffix_array_step_branchless::tests::test_suffix_array_step_branchless_boundaries ... ok
test algorithms::suffix_array_step_branchless::tests::test_suffix_array_step_branchless_counterfactual_mutant_1 ... ok
test algorithms::suffix_array_step_branchless::tests::test_suffix_array_step_branchless_counterfactual_mutant_2 ... ok
test algorithms::suffix_array_step_branchless::tests::test_suffix_array_step_branchless_counterfactual_mutant_3 ... ok
test algorithms::suffix_array_step_branchless::tests::test_suffix_array_step_branchless_equivalence ... ok
test algorithms::suffix_sum_simd_u32x8::tests::test_suffix_sum_simd_u32x8_boundaries ... ok
test algorithms::suffix_sum_simd_u32x8::tests::test_suffix_sum_simd_u32x8_counterfactual_mutant_1 ... ok
test algorithms::suffix_sum_simd_u32x8::tests::test_suffix_sum_simd_u32x8_counterfactual_mutant_2 ... ok
test algorithms::suffix_sum_simd_u32x8::tests::test_suffix_sum_simd_u32x8_counterfactual_mutant_3 ... ok
test algorithms::suffix_sum_simd_u32x8::tests::test_suffix_sum_simd_u32x8_equivalence ... ok
test algorithms::t1mskc_u64::tests::test_t1mskc_u64_boundaries ... ok
test algorithms::t1mskc_u64::tests::test_t1mskc_u64_counterfactual_mutant_1 ... ok
test algorithms::t1mskc_u64::tests::test_t1mskc_u64_counterfactual_mutant_2 ... ok
test algorithms::t1mskc_u64::tests::test_t1mskc_u64_counterfactual_mutant_3 ... ok
test algorithms::t1mskc_u64::tests::test_t1mskc_u64_equivalence ... ok
test algorithms::t_digest_add_u32::tests::test_t_digest_add_u32_boundaries ... FAILED
test algorithms::t_digest_add_u32::tests::test_t_digest_add_u32_counterfactual_mutant_1 ... FAILED
test algorithms::t_digest_add_u32::tests::test_t_digest_add_u32_counterfactual_mutant_2 ... FAILED
test algorithms::t_digest_add_u32::tests::test_t_digest_add_u32_counterfactual_mutant_3 ... FAILED
test algorithms::t_digest_add_u32::tests::test_t_digest_add_u32_equivalence ... FAILED
test algorithms::top_k_u32x16::tests::test_top_k_u32x16_boundaries ... ok
test algorithms::top_k_u32x16::tests::test_top_k_u32x16_counterfactual_mutant_1 ... ok
test algorithms::top_k_u32x16::tests::test_top_k_u32x16_counterfactual_mutant_2 ... ok
test algorithms::top_k_u32x16::tests::test_top_k_u32x16_counterfactual_mutant_3 ... ok
test algorithms::top_k_u32x16::tests::test_top_k_u32x16_equivalence ... ok
test algorithms::topological_sort_step_branchless::tests::test_topological_sort_step_branchless_boundaries ... ok
test algorithms::topological_sort_step_branchless::tests::test_topological_sort_step_branchless_counterfactual_mutant_1 ... ok
test algorithms::topological_sort_step_branchless::tests::test_topological_sort_step_branchless_counterfactual_mutant_2 ... ok
test algorithms::topological_sort_step_branchless::tests::test_topological_sort_step_branchless_counterfactual_mutant_3 ... ok
test algorithms::topological_sort_step_branchless::tests::test_topological_sort_step_branchless_equivalence ... ok
test algorithms::triangle_count_bitset::tests::test_triangle_count_bitset_boundaries ... ok
test algorithms::triangle_count_bitset::tests::test_triangle_count_bitset_counterfactual_mutant_1 ... ok
test algorithms::triangle_count_bitset::tests::test_triangle_count_bitset_counterfactual_mutant_2 ... ok
test algorithms::triangle_count_bitset::tests::test_triangle_count_bitset_counterfactual_mutant_3 ... ok
test algorithms::triangle_count_bitset::tests::test_triangle_count_bitset_equivalence ... ok
test algorithms::trim_whitespace_branchless::tests::test_trim_whitespace_branchless_boundaries ... ok
test algorithms::trim_whitespace_branchless::tests::test_trim_whitespace_branchless_counterfactual_mutant_1 ... ok
test algorithms::trim_whitespace_branchless::tests::test_trim_whitespace_branchless_counterfactual_mutant_2 ... ok
test algorithms::trim_whitespace_branchless::tests::test_trim_whitespace_branchless_counterfactual_mutant_3 ... ok
test algorithms::trim_whitespace_branchless::tests::test_trim_whitespace_branchless_equivalence ... ok
test algorithms::tzmsk_u64::tests::test_tzmsk_u64_boundaries ... ok
test algorithms::tzmsk_u64::tests::test_tzmsk_u64_counterfactual_mutant_1 ... ok
test algorithms::tzmsk_u64::tests::test_tzmsk_u64_counterfactual_mutant_2 ... ok
test algorithms::tzmsk_u64::tests::test_tzmsk_u64_counterfactual_mutant_3 ... ok
test algorithms::tzmsk_u64::tests::test_tzmsk_u64_equivalence ... ok
test algorithms::unique_branchless_u32::tests::test_unique_branchless_u32_boundaries ... ok
test algorithms::unique_branchless_u32::tests::test_unique_branchless_u32_counterfactual_mutant_1 ... ok
test algorithms::unique_branchless_u32::tests::test_unique_branchless_u32_counterfactual_mutant_2 ... ok
test algorithms::unique_branchless_u32::tests::test_unique_branchless_u32_counterfactual_mutant_3 ... ok
test algorithms::unique_branchless_u32::tests::test_unique_branchless_u32_equivalence ... ok
test algorithms::unrolled_binary_search_u32::tests::test_unrolled_binary_search_u32_boundaries ... ok
test algorithms::unrolled_binary_search_u32::tests::test_unrolled_binary_search_u32_counterfactual_mutant_1 ... ok
test algorithms::unrolled_binary_search_u32::tests::test_unrolled_binary_search_u32_counterfactual_mutant_2 ... ok
test algorithms::unrolled_binary_search_u32::tests::test_unrolled_binary_search_u32_counterfactual_mutant_3 ... ok
test algorithms::unrolled_binary_search_u32::tests::test_unrolled_binary_search_u32_equivalence ... ok
test algorithms::upper_bound_branchless_u32::tests::test_upper_bound_branchless_u32_boundaries ... ok
test algorithms::upper_bound_branchless_u32::tests::test_upper_bound_branchless_u32_counterfactual_mutant_1 ... ok
test algorithms::upper_bound_branchless_u32::tests::test_upper_bound_branchless_u32_counterfactual_mutant_2 ... ok
test algorithms::upper_bound_branchless_u32::tests::test_upper_bound_branchless_u32_counterfactual_mutant_3 ... ok
test algorithms::upper_bound_branchless_u32::tests::test_upper_bound_branchless_u32_equivalence ... ok
test algorithms::url_decode_branchless::tests::test_url_decode_branchless_boundaries ... ok
test algorithms::url_decode_branchless::tests::test_url_decode_branchless_counterfactual_mutant_1 ... ok
test algorithms::url_decode_branchless::tests::test_url_decode_branchless_counterfactual_mutant_2 ... ok
test algorithms::url_decode_branchless::tests::test_url_decode_branchless_counterfactual_mutant_3 ... ok
test algorithms::url_decode_branchless::tests::test_url_decode_branchless_equivalence ... ok
test algorithms::url_encode_branchless::tests::test_url_encode_branchless_boundaries ... ok
test algorithms::url_encode_branchless::tests::test_url_encode_branchless_counterfactual_mutant_1 ... ok
test algorithms::url_encode_branchless::tests::test_url_encode_branchless_counterfactual_mutant_2 ... ok
test algorithms::url_encode_branchless::tests::test_url_encode_branchless_counterfactual_mutant_3 ... ok
test algorithms::url_encode_branchless::tests::test_url_encode_branchless_equivalence ... ok
test algorithms::utf16_to_utf8_simd::tests::test_utf16_to_utf8_simd_boundaries ... ok
test algorithms::utf16_to_utf8_simd::tests::test_utf16_to_utf8_simd_counterfactual_mutant_1 ... ok
test algorithms::utf16_to_utf8_simd::tests::test_utf16_to_utf8_simd_counterfactual_mutant_2 ... ok
test algorithms::utf16_to_utf8_simd::tests::test_utf16_to_utf8_simd_counterfactual_mutant_3 ... ok
test algorithms::utf16_to_utf8_simd::tests::test_utf16_to_utf8_simd_equivalence ... ok
test algorithms::utf8_to_utf16_simd::tests::test_utf8_to_utf16_simd_boundaries ... ok
test algorithms::utf8_to_utf16_simd::tests::test_utf8_to_utf16_simd_counterfactual_mutant_1 ... ok
test algorithms::utf8_to_utf16_simd::tests::test_utf8_to_utf16_simd_counterfactual_mutant_2 ... ok
test algorithms::utf8_to_utf16_simd::tests::test_utf8_to_utf16_simd_counterfactual_mutant_3 ... ok
test algorithms::utf8_to_utf16_simd::tests::test_utf8_to_utf16_simd_equivalence ... ok
test algorithms::utf8_to_utf32_simd::tests::test_utf8_to_utf32_simd_boundaries ... ok
test algorithms::utf8_to_utf32_simd::tests::test_utf8_to_utf32_simd_counterfactual_mutant_1 ... ok
test algorithms::utf8_to_utf32_simd::tests::test_utf8_to_utf32_simd_counterfactual_mutant_2 ... ok
test algorithms::utf8_to_utf32_simd::tests::test_utf8_to_utf32_simd_counterfactual_mutant_3 ... ok
test algorithms::utf8_to_utf32_simd::tests::test_utf8_to_utf32_simd_equivalence ... ok
test algorithms::utf8_validate_chunk8::tests::test_utf8_validate_chunk8_boundaries ... ok
test algorithms::utf8_validate_chunk8::tests::test_utf8_validate_chunk8_counterfactual_mutant_1 ... ok
test algorithms::utf8_validate_chunk8::tests::test_utf8_validate_chunk8_counterfactual_mutant_2 ... ok
test algorithms::utf8_validate_chunk8::tests::test_utf8_validate_chunk8_counterfactual_mutant_3 ... ok
test algorithms::utf8_validate_chunk8::tests::test_utf8_validate_chunk8_equivalence ... ok
test algorithms::varint_decode_simd::tests::test_varint_decode_simd_boundaries ... ok
test algorithms::varint_decode_simd::tests::test_varint_decode_simd_counterfactual_mutant_1 ... ok
test algorithms::varint_decode_simd::tests::test_varint_decode_simd_counterfactual_mutant_2 ... ok
test algorithms::varint_decode_simd::tests::test_varint_decode_simd_counterfactual_mutant_3 ... ok
test algorithms::varint_decode_simd::tests::test_varint_decode_simd_equivalence ... ok
test algorithms::varint_encode_simd::tests::test_varint_encode_simd_boundaries ... ok
test algorithms::varint_encode_simd::tests::test_varint_encode_simd_counterfactual_mutant_1 ... ok
test algorithms::varint_encode_simd::tests::test_varint_encode_simd_counterfactual_mutant_2 ... ok
test algorithms::varint_encode_simd::tests::test_varint_encode_simd_counterfactual_mutant_3 ... ok
test algorithms::varint_encode_simd::tests::test_varint_encode_simd_equivalence ... ok
test algorithms::vector_cross_product_f32::tests::test_vector_cross_product_f32_boundaries ... ok
test algorithms::vector_cross_product_f32::tests::test_vector_cross_product_f32_counterfactual_mutant_1 ... ok
test algorithms::vector_cross_product_f32::tests::test_vector_cross_product_f32_counterfactual_mutant_2 ... ok
test algorithms::vector_cross_product_f32::tests::test_vector_cross_product_f32_counterfactual_mutant_3 ... ok
test algorithms::vector_cross_product_f32::tests::test_vector_cross_product_f32_equivalence ... ok
test algorithms::vector_dot_product_simd_f32::tests::test_vector_dot_product_simd_f32_boundaries ... ok
test algorithms::vector_dot_product_simd_f32::tests::test_vector_dot_product_simd_f32_counterfactual_mutant_1 ... ok
test algorithms::vector_dot_product_simd_f32::tests::test_vector_dot_product_simd_f32_counterfactual_mutant_2 ... ok
test algorithms::vector_dot_product_simd_f32::tests::test_vector_dot_product_simd_f32_counterfactual_mutant_3 ... ok
test algorithms::vector_dot_product_simd_f32::tests::test_vector_dot_product_simd_f32_equivalence ... ok
test algorithms::waitfree_queue_push::tests::test_waitfree_queue_push_boundaries ... ok
test algorithms::waitfree_queue_push::tests::test_waitfree_queue_push_counterfactual_mutant_1 ... ok
test algorithms::waitfree_queue_push::tests::test_waitfree_queue_push_counterfactual_mutant_2 ... ok
test algorithms::waitfree_queue_push::tests::test_waitfree_queue_push_counterfactual_mutant_3 ... ok
test algorithms::waitfree_queue_push::tests::test_waitfree_queue_push_equivalence ... ok
test algorithms::wavelet_tree_access_branchless::tests::test_wavelet_tree_access_branchless_boundaries ... ok
test algorithms::wavelet_tree_access_branchless::tests::test_wavelet_tree_access_branchless_counterfactual_mutant_1 ... ok
test algorithms::wavelet_tree_access_branchless::tests::test_wavelet_tree_access_branchless_counterfactual_mutant_2 ... ok
test algorithms::wavelet_tree_access_branchless::tests::test_wavelet_tree_access_branchless_counterfactual_mutant_3 ... ok
test algorithms::wavelet_tree_access_branchless::tests::test_wavelet_tree_access_branchless_equivalence ... ok
test algorithms::weight_u64::tests::test_weight_u64_boundaries ... ok
test algorithms::weight_u64::tests::test_weight_u64_counterfactual_mutant_1 ... ok
test algorithms::weight_u64::tests::test_weight_u64_counterfactual_mutant_2 ... ok
test algorithms::weight_u64::tests::test_weight_u64_counterfactual_mutant_3 ... ok
test algorithms::weight_u64::tests::test_weight_u64_equivalence ... ok
test algorithms::weighted_avg_u32::tests::test_weighted_avg_u32_boundaries ... ok
test algorithms::weighted_avg_u32::tests::test_weighted_avg_u32_counterfactual_mutant_1 ... ok
test algorithms::weighted_avg_u32::tests::test_weighted_avg_u32_counterfactual_mutant_2 ... ok
test algorithms::weighted_avg_u32::tests::test_weighted_avg_u32_counterfactual_mutant_3 ... ok
test algorithms::weighted_avg_u32::tests::test_weighted_avg_u32_equivalence ... ok
test algorithms::weighted_reservoir_sample::tests::test_weighted_reservoir_sample_boundaries ... ok
test algorithms::weighted_reservoir_sample::tests::test_weighted_reservoir_sample_counterfactual_mutant_1 ... ok
test algorithms::weighted_reservoir_sample::tests::test_weighted_reservoir_sample_counterfactual_mutant_2 ... ok
test algorithms::weighted_reservoir_sample::tests::test_weighted_reservoir_sample_counterfactual_mutant_3 ... ok
test algorithms::weighted_reservoir_sample::tests::test_weighted_reservoir_sample_equivalence ... ok
test algorithms::wildcard_match_branchless::tests::test_wildcard_match_branchless_boundaries ... ok
test algorithms::wildcard_match_branchless::tests::test_wildcard_match_branchless_counterfactual_mutant_1 ... ok
test algorithms::wildcard_match_branchless::tests::test_wildcard_match_branchless_counterfactual_mutant_2 ... ok
test algorithms::wildcard_match_branchless::tests::test_wildcard_match_branchless_counterfactual_mutant_3 ... ok
test algorithms::wildcard_match_branchless::tests::test_wildcard_match_branchless_equivalence ... ok
test algorithms::xoroshiro128_plus::tests::test_xoroshiro128_plus_boundaries ... ok
test algorithms::xoroshiro128_plus::tests::test_xoroshiro128_plus_counterfactual_mutant_1 ... ok
test algorithms::xoroshiro128_plus::tests::test_xoroshiro128_plus_counterfactual_mutant_2 ... ok
test algorithms::xoroshiro128_plus::tests::test_xoroshiro128_plus_counterfactual_mutant_3 ... ok
test algorithms::xoroshiro128_plus::tests::test_xoroshiro128_plus_equivalence ... ok
test algorithms::xxh3_64::tests::test_xxh3_64_boundaries ... ok
test algorithms::xxh3_64::tests::test_xxh3_64_counterfactual_mutant_1 ... ok
test algorithms::xxh3_64::tests::test_xxh3_64_counterfactual_mutant_2 ... ok
test algorithms::xxh3_64::tests::test_xxh3_64_counterfactual_mutant_3 ... ok
test algorithms::xxh3_64::tests::test_xxh3_64_equivalence ... ok
test algorithms::xxhash64::tests::test_xxhash64_boundaries ... ok
test algorithms::xxhash64::tests::test_xxhash64_counterfactual_mutant_1 ... ok
test algorithms::xxhash64::tests::test_xxhash64_counterfactual_mutant_2 ... ok
test algorithms::xxhash64::tests::test_xxhash64_counterfactual_mutant_3 ... ok
test algorithms::xxhash64::tests::test_xxhash64_equivalence ... ok
test algorithms::z_order_curve_2d_u32::tests::test_z_order_curve_2d_u32_boundaries ... ok
test algorithms::z_order_curve_2d_u32::tests::test_z_order_curve_2d_u32_counterfactual_mutant_1 ... ok
test algorithms::z_order_curve_2d_u32::tests::test_z_order_curve_2d_u32_counterfactual_mutant_2 ... ok
test algorithms::z_order_curve_2d_u32::tests::test_z_order_curve_2d_u32_counterfactual_mutant_3 ... ok
test algorithms::z_order_curve_2d_u32::tests::test_z_order_curve_2d_u32_equivalence ... ok
test algorithms::zigzag_decode_i64::tests::test_zigzag_decode_i64_boundaries ... ok
test algorithms::zigzag_decode_i64::tests::test_zigzag_decode_i64_counterfactual_mutant_1 ... ok
test algorithms::zigzag_decode_i64::tests::test_zigzag_decode_i64_counterfactual_mutant_2 ... ok
test algorithms::zigzag_decode_i64::tests::test_zigzag_decode_i64_counterfactual_mutant_3 ... ok
test algorithms::zigzag_decode_i64::tests::test_zigzag_decode_i64_equivalence ... ok
test algorithms::zigzag_encode_i64::tests::test_zigzag_encode_i64_boundaries ... ok
test algorithms::zigzag_encode_i64::tests::test_zigzag_encode_i64_counterfactual_mutant_1 ... ok
test algorithms::zigzag_encode_i64::tests::test_zigzag_encode_i64_counterfactual_mutant_2 ... ok
test algorithms::zigzag_encode_i64::tests::test_zigzag_encode_i64_counterfactual_mutant_3 ... ok
test algorithms::zigzag_encode_i64::tests::test_zigzag_encode_i64_equivalence ... ok
test algorithms::zobrist_hash_64::tests::test_zobrist_hash_64_boundaries ... ok
test algorithms::zobrist_hash_64::tests::test_zobrist_hash_64_counterfactual_mutant_1 ... ok
test algorithms::zobrist_hash_64::tests::test_zobrist_hash_64_counterfactual_mutant_2 ... ok
test algorithms::zobrist_hash_64::tests::test_zobrist_hash_64_counterfactual_mutant_3 ... ok
test algorithms::zobrist_hash_64::tests::test_zobrist_hash_64_equivalence ... ok
test autonomic::autonomic_substrate::tests::test_counterfactual_mutant_1 ... ok
test autonomic::autonomic_substrate::tests::test_counterfactual_mutant_2 ... ok
test autonomic::autonomic_substrate::tests::test_counterfactual_mutant_3 ... ok
test autonomic::autonomic_substrate::tests::test_substrate_boundaries ... ok
test autonomic::autonomic_substrate::tests::test_substrate_equivalence ... ok
test autonomic::metric_accumulator::tests::test_metric_accumulator_sat_add_boundaries ... ok
test autonomic::metric_accumulator::tests::test_metric_accumulator_sat_add_counterfactual_mutant_1 ... ok
test autonomic::metric_accumulator::tests::test_metric_accumulator_sat_add_counterfactual_mutant_2 ... ok
test autonomic::metric_accumulator::tests::test_metric_accumulator_sat_add_counterfactual_mutant_3 ... ok
test autonomic::metric_accumulator::tests::test_metric_accumulator_sat_add_equivalence ... ok
test autonomic::packed_key_table::tests::test_boundaries ... ok
test autonomic::packed_key_table::tests::test_equivalence ... ok
test autonomic::packed_key_table::tests::test_rejects_mutant_1 ... ok
test autonomic::packed_key_table::tests::test_rejects_mutant_2 ... ok
test autonomic::packed_key_table::tests::test_rejects_mutant_3 ... ok
test autonomic::policy_guard::tests::test_policy_guard_mask_gt_boundaries ... ok
test autonomic::policy_guard::tests::test_policy_guard_mask_gt_counterfactual_mutant_1 ... ok
test autonomic::policy_guard::tests::test_policy_guard_mask_gt_counterfactual_mutant_2 ... ok
test autonomic::policy_guard::tests::test_policy_guard_mask_gt_counterfactual_mutant_3 ... ok
test autonomic::policy_guard::tests::test_policy_guard_mask_gt_equivalence ... ok
test autonomic::rl_state::tests::test_rl_state_checksum_boundaries ... ok
test autonomic::rl_state::tests::test_rl_state_checksum_counterfactual_mutant_1 ... ok
test autonomic::rl_state::tests::test_rl_state_checksum_counterfactual_mutant_2 ... ok
test autonomic::rl_state::tests::test_rl_state_checksum_counterfactual_mutant_3 ... ok
test autonomic::rl_state::tests::test_rl_state_checksum_equivalence ... ok
test bitset::tests_phd_bitset::test_phd_boundaries ... ok
test bitset::tests_phd_bitset::test_phd_counterfactual_mutant_1 ... ok
test bitset::tests_phd_bitset::test_phd_counterfactual_mutant_2 ... ok
test bitset::tests_phd_bitset::test_phd_counterfactual_mutant_3 ... ok
test bitset::tests_phd_bitset::test_phd_equivalence ... ok
test dfa::tests::test_boundaries ... ok
test dfa::tests::test_equivalence ... ok
test dfa::tests::test_rejects_mutant_1 ... ok
test dfa::tests::test_rejects_mutant_2 ... ok
test dfa::tests::test_rejects_mutant_3 ... ok
test exec::tests_phd_exec::test_phd_boundaries ... ok
test exec::tests_phd_exec::test_phd_counterfactual_mutant_1 ... ok
test exec::tests_phd_exec::test_phd_counterfactual_mutant_2 ... ok
test exec::tests_phd_exec::test_phd_counterfactual_mutant_3 ... ok
test exec::tests_phd_exec::test_phd_equivalence ... ok
test fix::tests::test_boundaries ... ok
test fix::tests::test_equivalence ... ok
test fix::tests::test_rejects_mutant_1 ... ok
test fix::tests::test_rejects_mutant_2 ... ok
test fix::tests::test_rejects_mutant_3 ... ok
test int::tests::test_popcount_u64 ... ok
test int::tests::test_reverse_bits_u64 ... ok
test int::tests_phd_int::test_phd_boundaries ... ok
test int::tests_phd_int::test_phd_counterfactual_mutant_1 ... ok
test int::tests_phd_int::test_phd_counterfactual_mutant_2 ... ok
test int::tests_phd_int::test_phd_counterfactual_mutant_3 ... ok
test int::tests_phd_int::test_phd_equivalence ... ok
test mask::tests::test_abs_i32 ... ok
test mask::tests::test_eq_mask_u32 ... ok
test mask::tests::test_is_zero_mask_u32 ... ok
test mask::tests::test_lt_mask_equal ... ok
test mask::tests::test_lt_mask_greater_than ... ok
test mask::tests::test_lt_mask_less_than ... ok
test mask::tests::test_max_u32 ... ok
test mask::tests::test_min_u32 ... ok
test mask::tests::test_nonzero_mask_u32 ... ok
test mask::tests::test_select_u32 ... ok
test mask::tests_phd_mask::test_phd_boundaries ... ok
test mask::tests_phd_mask::test_phd_counterfactual_mutant_1 ... ok
test mask::tests_phd_mask::test_phd_counterfactual_mutant_2 ... ok
test mask::tests_phd_mask::test_phd_counterfactual_mutant_3 ... ok
test mask::tests_phd_mask::test_phd_equivalence ... ok
test mem::tests::test_boundaries ... ok
test mem::tests::test_equivalence ... ok
test mem::tests::test_rejects_mutant_1 ... ok
test mem::tests::test_rejects_mutant_2 ... ok
test mem::tests::test_rejects_mutant_3 ... ok
test models::petri::tests::test_counterfactual_mutant_1 ... ok
test models::petri::tests::test_counterfactual_mutant_2 ... ok
test models::petri::tests::test_counterfactual_mutant_3 ... ok
test models::petri::tests::test_petri_boundaries ... ok
test models::petri::tests::test_petri_equivalence ... ok
test models::tests_models::test_models_boundaries ... ok
test models::tests_models::test_models_counterfactual_mutant_1 ... ok
test models::tests_models::test_models_counterfactual_mutant_2 ... ok
test models::tests_models::test_models_counterfactual_mutant_3 ... ok
test models::tests_models::test_models_equivalence ... ok
test network::tests::test_boundaries ... ok
test network::tests::test_equivalence ... ok
test network::tests::test_rejects_mutant_1 ... ok
test network::tests::test_rejects_mutant_2 ... ok
test network::tests::test_rejects_mutant_3 ... ok
test parse::tests::test_boundaries ... ok
test parse::tests::test_equivalence ... ok
test parse::tests::test_rejects_mutant_1 ... ok
test parse::tests::test_rejects_mutant_2 ... ok
test parse::tests::test_rejects_mutant_3 ... ok
test patterns::autonomic_arena::tests::test_autonomic_arena_boundaries ... ok
test patterns::autonomic_arena::tests::test_autonomic_arena_equivalence ... ok
test patterns::autonomic_arena::tests::test_counterfactual_mutant_1 ... ok
test patterns::autonomic_arena::tests::test_counterfactual_mutant_2 ... ok
test patterns::autonomic_arena::tests::test_counterfactual_mutant_3 ... ok
test patterns::bit_transcoder::tests::test_bit_transcoder_boundaries ... ok
test patterns::bit_transcoder::tests::test_bit_transcoder_equivalence ... ok
test patterns::bit_transcoder::tests::test_counterfactual_mutant_1 ... ok
test patterns::bit_transcoder::tests::test_counterfactual_mutant_2 ... ok
test patterns::bit_transcoder::tests::test_counterfactual_mutant_3 ... ok
test patterns::bitonic_pq::tests::test_boundaries ... ok
test patterns::bitonic_pq::tests::test_equivalence ... ok
test patterns::bitonic_pq::tests::test_rejects_mutant_1 ... ok
test patterns::bitonic_pq::tests::test_rejects_mutant_2 ... ok
test patterns::bitonic_pq::tests::test_rejects_mutant_3 ... ok
test patterns::bloom_scan::tests::test_bloom_scan_boundaries ... ok
test patterns::bloom_scan::tests::test_bloom_scan_equivalence ... ok
test patterns::bloom_scan::tests::test_counterfactual_mutant_1 ... ok
test patterns::bloom_scan::tests::test_counterfactual_mutant_2 ... ok
test patterns::bloom_scan::tests::test_counterfactual_mutant_3 ... ok
test patterns::chacha_sponge::tests::test_boundaries ... ok
test patterns::chacha_sponge::tests::test_equivalence ... ok
test patterns::chacha_sponge::tests::test_rejects_mutant_1 ... ok
test patterns::chacha_sponge::tests::test_rejects_mutant_2 ... ok
test patterns::chacha_sponge::tests::test_rejects_mutant_3 ... ok
test patterns::consensus_bft::tests::test_boundaries ... ok
test patterns::consensus_bft::tests::test_equivalence ... ok
test patterns::consensus_bft::tests::test_rejects_mutant_1 ... ok
test patterns::consensus_bft::tests::test_rejects_mutant_2 ... ok
test patterns::consensus_bft::tests::test_rejects_mutant_3 ... ok
test patterns::deterministic_mpmc::tests_phd_mpmc::test_phd_boundaries ... ok
test patterns::deterministic_mpmc::tests_phd_mpmc::test_phd_counterfactual_mutant_1 ... ok
test patterns::deterministic_mpmc::tests_phd_mpmc::test_phd_counterfactual_mutant_2 ... ok
test patterns::deterministic_mpmc::tests_phd_mpmc::test_phd_counterfactual_mutant_3 ... ok
test patterns::deterministic_mpmc::tests_phd_mpmc::test_phd_equivalence ... ok
test patterns::hazard_shield::tests::test_boundaries ... ok
test patterns::hazard_shield::tests::test_equivalence ... ok
test patterns::hazard_shield::tests::test_rejects_mutant_1 ... ok
test patterns::hazard_shield::tests::test_rejects_mutant_2 ... ok
test patterns::hazard_shield::tests::test_rejects_mutant_3 ... ok
test patterns::integrity_receipt::tests::test_counterfactual_mutant_1 ... ok
test patterns::integrity_receipt::tests::test_counterfactual_mutant_2 ... ok
test patterns::integrity_receipt::tests::test_counterfactual_mutant_3 ... ok
test patterns::integrity_receipt::tests::test_integrity_receipt_boundaries ... ok
test patterns::integrity_receipt::tests::test_integrity_receipt_equivalence ... ok
test patterns::matrix_lru::tests::test_boundaries ... ok
test patterns::matrix_lru::tests::test_equivalence ... ok
test patterns::matrix_lru::tests::test_rejects_mutant_1 ... ok
test patterns::matrix_lru::tests::test_rejects_mutant_2 ... ok
test patterns::matrix_lru::tests::test_rejects_mutant_3 ... ok
test patterns::policy_dfa::tests_policy_dfa::test_boundaries ... ok
test patterns::policy_dfa::tests_policy_dfa::test_equivalence ... ok
test patterns::policy_dfa::tests_policy_dfa::test_rejects_mutant_1 ... ok
test patterns::policy_dfa::tests_policy_dfa::test_rejects_mutant_2 ... ok
test patterns::policy_dfa::tests_policy_dfa::test_rejects_mutant_3 ... ok
test patterns::radix_trie::tests::test_boundaries ... ok
test patterns::radix_trie::tests::test_equivalence ... ok
test patterns::radix_trie::tests::test_rejects_mutant_1 ... ok
test patterns::radix_trie::tests::test_rejects_mutant_2 ... ok
test patterns::radix_trie::tests::test_rejects_mutant_3 ... ok
test patterns::register_sql::tests::test_counterfactual_mutant_1 ... ok
test patterns::register_sql::tests::test_counterfactual_mutant_2 ... ok
test patterns::register_sql::tests::test_counterfactual_mutant_3 ... ok
test patterns::register_sql::tests::test_register_sql_boundaries ... ok
test patterns::register_sql::tests::test_register_sql_equivalence ... ok
test patterns::swar_petri::tests_petri_engine::test_boundaries ... ok
test patterns::swar_petri::tests_petri_engine::test_equivalence ... ok
test patterns::swar_petri::tests_petri_engine::test_rejects_mutant_1 ... ok
test patterns::swar_petri::tests_petri_engine::test_rejects_mutant_2 ... ok
test patterns::swar_petri::tests_petri_engine::test_rejects_mutant_3 ... ok
test patterns::swar_quotient::tests::test_boundaries ... ok
test patterns::swar_quotient::tests::test_equivalence ... ok
test patterns::swar_quotient::tests::test_rejects_mutant_1 ... ok
test patterns::swar_quotient::tests::test_rejects_mutant_2 ... ok
test patterns::swar_quotient::tests::test_rejects_mutant_3 ... ok
test patterns::tests::tests::test_autonomic_exhaustion_arena ... ok
test patterns::tests::tests::test_bit_transcoder ... ok
test patterns::tests::tests::test_bitonic_pq ... ok
test patterns::tests::tests::test_bloom_scan_pipeline ... ok
test patterns::tests::tests::test_bounded_spsc_multicast ... ok
test patterns::tests::tests::test_chacha_sponge ... ok
test patterns::tests::tests::test_consensus_bft ... ok
test patterns::tests::tests::test_constant_shape_policy_dfa ... ok
test patterns::tests::tests::test_deterministic_substrate_receipt ... ok
test patterns::tests::tests::test_hazard_shield ... ok
test patterns::tests::tests::test_lockfree_mpmc ... ok
test patterns::tests::tests::test_matrix_lru ... ok
test patterns::tests::tests::test_priority_petri_engine ... ok
test patterns::tests::tests::test_radix_trie ... ok
test patterns::tests::tests::test_register_sql ... ok
test patterns::tests::tests::test_swar_quotient ... ok
test patterns::tests::tests::test_time_wheel ... ok
test patterns::tests::tests::test_wcet_fiber ... ok
test patterns::time_wheel::tests::test_boundaries ... ok
test patterns::time_wheel::tests::test_equivalence ... ok
test patterns::time_wheel::tests::test_rejects_mutant_1 ... ok
test patterns::time_wheel::tests::test_rejects_mutant_2 ... ok
test patterns::time_wheel::tests::test_rejects_mutant_3 ... ok
test patterns::wait_free_multicast::tests_multicast::test_boundaries ... ok
test patterns::wait_free_multicast::tests_multicast::test_equivalence ... ok
test patterns::wait_free_multicast::tests_multicast::test_rejects_mutant_1 ... ok
test patterns::wait_free_multicast::tests_multicast::test_rejects_mutant_2 ... ok
test patterns::wait_free_multicast::tests_multicast::test_rejects_mutant_3 ... ok
test patterns::wcet_fiber::tests::test_counterfactual_mutant_1 ... ok
test patterns::wcet_fiber::tests::test_counterfactual_mutant_2 ... ok
test patterns::wcet_fiber::tests::test_counterfactual_mutant_3 ... ok
test patterns::wcet_fiber::tests::test_wcet_fiber_boundaries ... ok
test patterns::wcet_fiber::tests::test_wcet_fiber_equivalence ... ok
test reduce::tests_phd_reduce::test_boundaries ... ok
test reduce::tests_phd_reduce::test_equivalence ... ok
test reduce::tests_phd_reduce::test_rejects_mutant_1 ... ok
test reduce::tests_phd_reduce::test_rejects_mutant_2 ... ok
test reduce::tests_phd_reduce::test_rejects_mutant_3 ... ok
test scan::tests::test_boundaries ... ok
test scan::tests::test_equivalence ... ok
test scan::tests::test_rejects_mutant_1 ... ok
test scan::tests::test_rejects_mutant_2 ... ok
test scan::tests::test_rejects_mutant_3 ... ok
test simd::tests_phd_simd::test_simd_phd_boundaries ... ok
test simd::tests_phd_simd::test_simd_phd_counterfactual_mutant_1 ... ok
test simd::tests_phd_simd::test_simd_phd_counterfactual_mutant_2 ... ok
test simd::tests_phd_simd::test_simd_phd_counterfactual_mutant_3 ... ok
test simd::tests_phd_simd::test_simd_phd_equivalence ... ok
test sketch::tests::test_boundaries ... ok
test sketch::tests::test_equivalence ... ok
test sketch::tests::test_rejects_mutant_1 ... ok
test sketch::tests::test_rejects_mutant_2 ... ok
test sketch::tests::test_rejects_mutant_3 ... ok
test swar::tests::test_boundaries ... ok
test swar::tests::test_equivalence ... ok
test swar::tests::test_rejects_mutant_1 ... ok
test swar::tests::test_rejects_mutant_2 ... ok
test swar::tests::test_rejects_mutant_3 ... ok
test utf8::tests_phd_utf8::test_phd_boundaries ... ok
test utf8::tests_phd_utf8::test_phd_counterfactual_mutant_1 ... ok
test utf8::tests_phd_utf8::test_phd_counterfactual_mutant_2 ... ok
test utf8::tests_phd_utf8::test_phd_counterfactual_mutant_3 ... ok
test utf8::tests_phd_utf8::test_phd_equivalence ... ok
test utils::dense_kernel::tests::test_boundaries ... ok
test utils::dense_kernel::tests::test_equivalence ... ok
test utils::dense_kernel::tests::test_rejects_mutant_1 ... ok
test utils::dense_kernel::tests::test_rejects_mutant_2 ... ok
test utils::dense_kernel::tests::test_rejects_mutant_3 ... ok
test utils::tests_utils::test_utils_boundaries ... ok
test utils::tests_utils::test_utils_counterfactual_mutant_1 ... ok
test utils::tests_utils::test_utils_counterfactual_mutant_2 ... ok
test utils::tests_utils::test_utils_counterfactual_mutant_3 ... ok
test utils::tests_utils::test_utils_equivalence ... ok

failures:

---- algorithms::abs_diff_i64::tests::test_abs_diff_i64_counterfactual_mutant_1 stdout ----

thread 'algorithms::abs_diff_i64::tests::test_abs_diff_i64_counterfactual_mutant_1' (13928375) panicked at crates/bcinr-logic/src/algorithms/abs_diff_i64.rs:39:1:
attempt to subtract with overflow
note: run with `RUST_BACKTRACE=1` environment variable to display a backtrace

thread 'algorithms::abs_diff_i64::tests::test_abs_diff_i64_counterfactual_mutant_1' (13928375) panicked at crates/bcinr-logic/src/algorithms/abs_diff_i64.rs:39:1:
attempt to subtract with overflow

thread 'algorithms::abs_diff_i64::tests::test_abs_diff_i64_counterfactual_mutant_1' (13928375) panicked at crates/bcinr-logic/src/algorithms/abs_diff_i64.rs:39:1:
attempt to subtract with overflow

thread 'algorithms::abs_diff_i64::tests::test_abs_diff_i64_counterfactual_mutant_1' (13928375) panicked at crates/bcinr-logic/src/algorithms/abs_diff_i64.rs:39:1:
attempt to subtract with overflow

thread 'algorithms::abs_diff_i64::tests::test_abs_diff_i64_counterfactual_mutant_1' (13928375) panicked at crates/bcinr-logic/src/algorithms/abs_diff_i64.rs:39:1:
attempt to subtract with overflow

thread 'algorithms::abs_diff_i64::tests::test_abs_diff_i64_counterfactual_mutant_1' (13928375) panicked at crates/bcinr-logic/src/algorithms/abs_diff_i64.rs:39:1:
attempt to subtract with overflow

thread 'algorithms::abs_diff_i64::tests::test_abs_diff_i64_counterfactual_mutant_1' (13928375) panicked at crates/bcinr-logic/src/algorithms/abs_diff_i64.rs:39:1:
attempt to subtract with overflow

thread 'algorithms::abs_diff_i64::tests::test_abs_diff_i64_counterfactual_mutant_1' (13928375) panicked at crates/bcinr-logic/src/algorithms/abs_diff_i64.rs:39:1:
attempt to subtract with overflow

thread 'algorithms::abs_diff_i64::tests::test_abs_diff_i64_counterfactual_mutant_1' (13928375) panicked at crates/bcinr-logic/src/algorithms/abs_diff_i64.rs:39:1:
attempt to subtract with overflow

thread 'algorithms::abs_diff_i64::tests::test_abs_diff_i64_counterfactual_mutant_1' (13928375) panicked at crates/bcinr-logic/src/algorithms/abs_diff_i64.rs:39:1:
attempt to subtract with overflow

thread 'algorithms::abs_diff_i64::tests::test_abs_diff_i64_counterfactual_mutant_1' (13928375) panicked at crates/bcinr-logic/src/algorithms/abs_diff_i64.rs:39:1:
attempt to subtract with overflow

thread 'algorithms::abs_diff_i64::tests::test_abs_diff_i64_counterfactual_mutant_1' (13928375) panicked at crates/bcinr-logic/src/algorithms/abs_diff_i64.rs:39:1:
attempt to subtract with overflow

thread 'algorithms::abs_diff_i64::tests::test_abs_diff_i64_counterfactual_mutant_1' (13928375) panicked at crates/bcinr-logic/src/algorithms/abs_diff_i64.rs:39:1:
attempt to subtract with overflow

thread 'algorithms::abs_diff_i64::tests::test_abs_diff_i64_counterfactual_mutant_1' (13928375) panicked at crates/bcinr-logic/src/algorithms/abs_diff_i64.rs:39:1:
attempt to subtract with overflow

thread 'algorithms::abs_diff_i64::tests::test_abs_diff_i64_counterfactual_mutant_1' (13928375) panicked at crates/bcinr-logic/src/algorithms/abs_diff_i64.rs:39:1:
attempt to subtract with overflow

thread 'algorithms::abs_diff_i64::tests::test_abs_diff_i64_counterfactual_mutant_1' (13928375) panicked at crates/bcinr-logic/src/algorithms/abs_diff_i64.rs:39:1:
attempt to subtract with overflow

thread 'algorithms::abs_diff_i64::tests::test_abs_diff_i64_counterfactual_mutant_1' (13928375) panicked at crates/bcinr-logic/src/algorithms/abs_diff_i64.rs:39:1:
attempt to subtract with overflow

thread 'algorithms::abs_diff_i64::tests::test_abs_diff_i64_counterfactual_mutant_1' (13928375) panicked at crates/bcinr-logic/src/algorithms/abs_diff_i64.rs:39:1:
attempt to subtract with overflow

thread 'algorithms::abs_diff_i64::tests::test_abs_diff_i64_counterfactual_mutant_1' (13928375) panicked at crates/bcinr-logic/src/algorithms/abs_diff_i64.rs:39:1:
attempt to subtract with overflow

thread 'algorithms::abs_diff_i64::tests::test_abs_diff_i64_counterfactual_mutant_1' (13928375) panicked at crates/bcinr-logic/src/algorithms/abs_diff_i64.rs:39:1:
attempt to subtract with overflow

thread 'algorithms::abs_diff_i64::tests::test_abs_diff_i64_counterfactual_mutant_1' (13928375) panicked at crates/bcinr-logic/src/algorithms/abs_diff_i64.rs:39:1:
attempt to subtract with overflow

thread 'algorithms::abs_diff_i64::tests::test_abs_diff_i64_counterfactual_mutant_1' (13928375) panicked at crates/bcinr-logic/src/algorithms/abs_diff_i64.rs:39:1:
attempt to subtract with overflow

thread 'algorithms::abs_diff_i64::tests::test_abs_diff_i64_counterfactual_mutant_1' (13928375) panicked at crates/bcinr-logic/src/algorithms/abs_diff_i64.rs:39:1:
attempt to subtract with overflow

thread 'algorithms::abs_diff_i64::tests::test_abs_diff_i64_counterfactual_mutant_1' (13928375) panicked at crates/bcinr-logic/src/algorithms/abs_diff_i64.rs:39:1:
attempt to subtract with overflow

thread 'algorithms::abs_diff_i64::tests::test_abs_diff_i64_counterfactual_mutant_1' (13928375) panicked at crates/bcinr-logic/src/algorithms/abs_diff_i64.rs:39:1:
attempt to subtract with overflow

thread 'algorithms::abs_diff_i64::tests::test_abs_diff_i64_counterfactual_mutant_1' (13928375) panicked at crates/bcinr-logic/src/algorithms/abs_diff_i64.rs:39:1:
attempt to subtract with overflow

thread 'algorithms::abs_diff_i64::tests::test_abs_diff_i64_counterfactual_mutant_1' (13928375) panicked at crates/bcinr-logic/src/algorithms/abs_diff_i64.rs:39:1:
attempt to subtract with overflow

thread 'algorithms::abs_diff_i64::tests::test_abs_diff_i64_counterfactual_mutant_1' (13928375) panicked at crates/bcinr-logic/src/algorithms/abs_diff_i64.rs:39:1:
attempt to subtract with overflow

thread 'algorithms::abs_diff_i64::tests::test_abs_diff_i64_counterfactual_mutant_1' (13928375) panicked at crates/bcinr-logic/src/algorithms/abs_diff_i64.rs:39:1:
attempt to subtract with overflow

thread 'algorithms::abs_diff_i64::tests::test_abs_diff_i64_counterfactual_mutant_1' (13928375) panicked at crates/bcinr-logic/src/algorithms/abs_diff_i64.rs:39:1:
attempt to subtract with overflow

thread 'algorithms::abs_diff_i64::tests::test_abs_diff_i64_counterfactual_mutant_1' (13928375) panicked at crates/bcinr-logic/src/algorithms/abs_diff_i64.rs:39:1:
attempt to subtract with overflow

thread 'algorithms::abs_diff_i64::tests::test_abs_diff_i64_counterfactual_mutant_1' (13928375) panicked at crates/bcinr-logic/src/algorithms/abs_diff_i64.rs:39:1:
attempt to subtract with overflow

thread 'algorithms::abs_diff_i64::tests::test_abs_diff_i64_counterfactual_mutant_1' (13928375) panicked at crates/bcinr-logic/src/algorithms/abs_diff_i64.rs:39:1:
attempt to subtract with overflow

thread 'algorithms::abs_diff_i64::tests::test_abs_diff_i64_counterfactual_mutant_1' (13928375) panicked at crates/bcinr-logic/src/algorithms/abs_diff_i64.rs:39:1:
attempt to subtract with overflow

thread 'algorithms::abs_diff_i64::tests::test_abs_diff_i64_counterfactual_mutant_1' (13928375) panicked at crates/bcinr-logic/src/algorithms/abs_diff_i64.rs:39:1:
attempt to subtract with overflow

thread 'algorithms::abs_diff_i64::tests::test_abs_diff_i64_counterfactual_mutant_1' (13928375) panicked at crates/bcinr-logic/src/algorithms/abs_diff_i64.rs:39:1:
attempt to subtract with overflow

thread 'algorithms::abs_diff_i64::tests::test_abs_diff_i64_counterfactual_mutant_1' (13928375) panicked at crates/bcinr-logic/src/algorithms/abs_diff_i64.rs:39:1:
attempt to subtract with overflow

thread 'algorithms::abs_diff_i64::tests::test_abs_diff_i64_counterfactual_mutant_1' (13928375) panicked at crates/bcinr-logic/src/algorithms/abs_diff_i64.rs:39:1:
attempt to subtract with overflow

thread 'algorithms::abs_diff_i64::tests::test_abs_diff_i64_counterfactual_mutant_1' (13928375) panicked at crates/bcinr-logic/src/algorithms/abs_diff_i64.rs:39:1:
attempt to subtract with overflow

thread 'algorithms::abs_diff_i64::tests::test_abs_diff_i64_counterfactual_mutant_1' (13928375) panicked at crates/bcinr-logic/src/algorithms/abs_diff_i64.rs:39:1:
attempt to subtract with overflow

thread 'algorithms::abs_diff_i64::tests::test_abs_diff_i64_counterfactual_mutant_1' (13928375) panicked at crates/bcinr-logic/src/algorithms/abs_diff_i64.rs:39:1:
attempt to subtract with overflow

thread 'algorithms::abs_diff_i64::tests::test_abs_diff_i64_counterfactual_mutant_1' (13928375) panicked at crates/bcinr-logic/src/algorithms/abs_diff_i64.rs:39:1:
attempt to subtract with overflow

thread 'algorithms::abs_diff_i64::tests::test_abs_diff_i64_counterfactual_mutant_1' (13928375) panicked at crates/bcinr-logic/src/algorithms/abs_diff_i64.rs:39:1:
attempt to subtract with overflow

thread 'algorithms::abs_diff_i64::tests::test_abs_diff_i64_counterfactual_mutant_1' (13928375) panicked at crates/bcinr-logic/src/algorithms/abs_diff_i64.rs:39:1:
attempt to subtract with overflow

thread 'algorithms::abs_diff_i64::tests::test_abs_diff_i64_counterfactual_mutant_1' (13928375) panicked at crates/bcinr-logic/src/algorithms/abs_diff_i64.rs:39:1:
attempt to subtract with overflow

thread 'algorithms::abs_diff_i64::tests::test_abs_diff_i64_counterfactual_mutant_1' (13928375) panicked at crates/bcinr-logic/src/algorithms/abs_diff_i64.rs:39:1:
attempt to subtract with overflow

thread 'algorithms::abs_diff_i64::tests::test_abs_diff_i64_counterfactual_mutant_1' (13928375) panicked at crates/bcinr-logic/src/algorithms/abs_diff_i64.rs:39:1:
attempt to subtract with overflow

thread 'algorithms::abs_diff_i64::tests::test_abs_diff_i64_counterfactual_mutant_1' (13928375) panicked at crates/bcinr-logic/src/algorithms/abs_diff_i64.rs:39:1:
attempt to subtract with overflow

thread 'algorithms::abs_diff_i64::tests::test_abs_diff_i64_counterfactual_mutant_1' (13928375) panicked at crates/bcinr-logic/src/algorithms/abs_diff_i64.rs:39:1:
attempt to subtract with overflow

thread 'algorithms::abs_diff_i64::tests::test_abs_diff_i64_counterfactual_mutant_1' (13928375) panicked at crates/bcinr-logic/src/algorithms/abs_diff_i64.rs:39:1:
attempt to subtract with overflow

thread 'algorithms::abs_diff_i64::tests::test_abs_diff_i64_counterfactual_mutant_1' (13928375) panicked at crates/bcinr-logic/src/algorithms/abs_diff_i64.rs:39:1:
attempt to subtract with overflow

thread 'algorithms::abs_diff_i64::tests::test_abs_diff_i64_counterfactual_mutant_1' (13928375) panicked at crates/bcinr-logic/src/algorithms/abs_diff_i64.rs:39:1:
attempt to subtract with overflow

thread 'algorithms::abs_diff_i64::tests::test_abs_diff_i64_counterfactual_mutant_1' (13928375) panicked at crates/bcinr-logic/src/algorithms/abs_diff_i64.rs:39:1:
attempt to subtract with overflow

thread 'algorithms::abs_diff_i64::tests::test_abs_diff_i64_counterfactual_mutant_1' (13928375) panicked at crates/bcinr-logic/src/algorithms/abs_diff_i64.rs:39:1:
attempt to subtract with overflow

thread 'algorithms::abs_diff_i64::tests::test_abs_diff_i64_counterfactual_mutant_1' (13928375) panicked at crates/bcinr-logic/src/algorithms/abs_diff_i64.rs:39:1:
attempt to subtract with overflow

thread 'algorithms::abs_diff_i64::tests::test_abs_diff_i64_counterfactual_mutant_1' (13928375) panicked at crates/bcinr-logic/src/algorithms/abs_diff_i64.rs:39:1:
attempt to subtract with overflow

thread 'algorithms::abs_diff_i64::tests::test_abs_diff_i64_counterfactual_mutant_1' (13928375) panicked at crates/bcinr-logic/src/algorithms/abs_diff_i64.rs:39:1:
attempt to subtract with overflow

thread 'algorithms::abs_diff_i64::tests::test_abs_diff_i64_counterfactual_mutant_1' (13928375) panicked at crates/bcinr-logic/src/algorithms/abs_diff_i64.rs:39:1:
attempt to subtract with overflow

thread 'algorithms::abs_diff_i64::tests::test_abs_diff_i64_counterfactual_mutant_1' (13928375) panicked at crates/bcinr-logic/src/algorithms/abs_diff_i64.rs:39:1:
attempt to subtract with overflow

thread 'algorithms::abs_diff_i64::tests::test_abs_diff_i64_counterfactual_mutant_1' (13928375) panicked at crates/bcinr-logic/src/algorithms/abs_diff_i64.rs:39:1:
attempt to subtract with overflow

thread 'algorithms::abs_diff_i64::tests::test_abs_diff_i64_counterfactual_mutant_1' (13928375) panicked at crates/bcinr-logic/src/algorithms/abs_diff_i64.rs:39:1:
attempt to subtract with overflow

thread 'algorithms::abs_diff_i64::tests::test_abs_diff_i64_counterfactual_mutant_1' (13928375) panicked at crates/bcinr-logic/src/algorithms/abs_diff_i64.rs:52:5:
Test failed: attempt to subtract with overflow.
minimal failing input: val = 4373839258234551632, aux = 9223372036854775808
	successes: 0
	local rejects: 0
	global rejects: 0


---- algorithms::abs_diff_i64::tests::test_abs_diff_i64_counterfactual_mutant_2 stdout ----

thread 'algorithms::abs_diff_i64::tests::test_abs_diff_i64_counterfactual_mutant_2' (13928376) panicked at crates/bcinr-logic/src/algorithms/abs_diff_i64.rs:39:1:
attempt to subtract with overflow

thread 'algorithms::abs_diff_i64::tests::test_abs_diff_i64_counterfactual_mutant_2' (13928376) panicked at crates/bcinr-logic/src/algorithms/abs_diff_i64.rs:39:1:
attempt to subtract with overflow

thread 'algorithms::abs_diff_i64::tests::test_abs_diff_i64_counterfactual_mutant_2' (13928376) panicked at crates/bcinr-logic/src/algorithms/abs_diff_i64.rs:39:1:
attempt to subtract with overflow

thread 'algorithms::abs_diff_i64::tests::test_abs_diff_i64_counterfactual_mutant_2' (13928376) panicked at crates/bcinr-logic/src/algorithms/abs_diff_i64.rs:39:1:
attempt to subtract with overflow

thread 'algorithms::abs_diff_i64::tests::test_abs_diff_i64_counterfactual_mutant_2' (13928376) panicked at crates/bcinr-logic/src/algorithms/abs_diff_i64.rs:39:1:
attempt to subtract with overflow

thread 'algorithms::abs_diff_i64::tests::test_abs_diff_i64_counterfactual_mutant_2' (13928376) panicked at crates/bcinr-logic/src/algorithms/abs_diff_i64.rs:39:1:
attempt to subtract with overflow

thread 'algorithms::abs_diff_i64::tests::test_abs_diff_i64_counterfactual_mutant_2' (13928376) panicked at crates/bcinr-logic/src/algorithms/abs_diff_i64.rs:39:1:
attempt to subtract with overflow

thread 'algorithms::abs_diff_i64::tests::test_abs_diff_i64_counterfactual_mutant_2' (13928376) panicked at crates/bcinr-logic/src/algorithms/abs_diff_i64.rs:39:1:
attempt to subtract with overflow

thread 'algorithms::abs_diff_i64::tests::test_abs_diff_i64_counterfactual_mutant_2' (13928376) panicked at crates/bcinr-logic/src/algorithms/abs_diff_i64.rs:39:1:
attempt to subtract with overflow

thread 'algorithms::abs_diff_i64::tests::test_abs_diff_i64_counterfactual_mutant_2' (13928376) panicked at crates/bcinr-logic/src/algorithms/abs_diff_i64.rs:39:1:
attempt to subtract with overflow

thread 'algorithms::abs_diff_i64::tests::test_abs_diff_i64_counterfactual_mutant_2' (13928376) panicked at crates/bcinr-logic/src/algorithms/abs_diff_i64.rs:39:1:
attempt to subtract with overflow

thread 'algorithms::abs_diff_i64::tests::test_abs_diff_i64_counterfactual_mutant_2' (13928376) panicked at crates/bcinr-logic/src/algorithms/abs_diff_i64.rs:39:1:
attempt to subtract with overflow

thread 'algorithms::abs_diff_i64::tests::test_abs_diff_i64_counterfactual_mutant_2' (13928376) panicked at crates/bcinr-logic/src/algorithms/abs_diff_i64.rs:39:1:
attempt to subtract with overflow

thread 'algorithms::abs_diff_i64::tests::test_abs_diff_i64_counterfactual_mutant_2' (13928376) panicked at crates/bcinr-logic/src/algorithms/abs_diff_i64.rs:39:1:
attempt to subtract with overflow

thread 'algorithms::abs_diff_i64::tests::test_abs_diff_i64_counterfactual_mutant_2' (13928376) panicked at crates/bcinr-logic/src/algorithms/abs_diff_i64.rs:39:1:
attempt to subtract with overflow

thread 'algorithms::abs_diff_i64::tests::test_abs_diff_i64_counterfactual_mutant_2' (13928376) panicked at crates/bcinr-logic/src/algorithms/abs_diff_i64.rs:39:1:
attempt to subtract with overflow

thread 'algorithms::abs_diff_i64::tests::test_abs_diff_i64_counterfactual_mutant_2' (13928376) panicked at crates/bcinr-logic/src/algorithms/abs_diff_i64.rs:39:1:
attempt to subtract with overflow

thread 'algorithms::abs_diff_i64::tests::test_abs_diff_i64_counterfactual_mutant_2' (13928376) panicked at crates/bcinr-logic/src/algorithms/abs_diff_i64.rs:39:1:
attempt to subtract with overflow

thread 'algorithms::abs_diff_i64::tests::test_abs_diff_i64_counterfactual_mutant_2' (13928376) panicked at crates/bcinr-logic/src/algorithms/abs_diff_i64.rs:39:1:
attempt to subtract with overflow

thread 'algorithms::abs_diff_i64::tests::test_abs_diff_i64_counterfactual_mutant_2' (13928376) panicked at crates/bcinr-logic/src/algorithms/abs_diff_i64.rs:39:1:
attempt to subtract with overflow

thread 'algorithms::abs_diff_i64::tests::test_abs_diff_i64_counterfactual_mutant_2' (13928376) panicked at crates/bcinr-logic/src/algorithms/abs_diff_i64.rs:39:1:
attempt to subtract with overflow

thread 'algorithms::abs_diff_i64::tests::test_abs_diff_i64_counterfactual_mutant_2' (13928376) panicked at crates/bcinr-logic/src/algorithms/abs_diff_i64.rs:39:1:
attempt to subtract with overflow

thread 'algorithms::abs_diff_i64::tests::test_abs_diff_i64_counterfactual_mutant_2' (13928376) panicked at crates/bcinr-logic/src/algorithms/abs_diff_i64.rs:39:1:
attempt to subtract with overflow

thread 'algorithms::abs_diff_i64::tests::test_abs_diff_i64_counterfactual_mutant_2' (13928376) panicked at crates/bcinr-logic/src/algorithms/abs_diff_i64.rs:39:1:
attempt to subtract with overflow

thread 'algorithms::abs_diff_i64::tests::test_abs_diff_i64_counterfactual_mutant_2' (13928376) panicked at crates/bcinr-logic/src/algorithms/abs_diff_i64.rs:39:1:
attempt to subtract with overflow

thread 'algorithms::abs_diff_i64::tests::test_abs_diff_i64_counterfactual_mutant_2' (13928376) panicked at crates/bcinr-logic/src/algorithms/abs_diff_i64.rs:39:1:
attempt to subtract with overflow

thread 'algorithms::abs_diff_i64::tests::test_abs_diff_i64_counterfactual_mutant_2' (13928376) panicked at crates/bcinr-logic/src/algorithms/abs_diff_i64.rs:39:1:
attempt to subtract with overflow

thread 'algorithms::abs_diff_i64::tests::test_abs_diff_i64_counterfactual_mutant_2' (13928376) panicked at crates/bcinr-logic/src/algorithms/abs_diff_i64.rs:39:1:
attempt to subtract with overflow

thread 'algorithms::abs_diff_i64::tests::test_abs_diff_i64_counterfactual_mutant_2' (13928376) panicked at crates/bcinr-logic/src/algorithms/abs_diff_i64.rs:39:1:
attempt to subtract with overflow

thread 'algorithms::abs_diff_i64::tests::test_abs_diff_i64_counterfactual_mutant_2' (13928376) panicked at crates/bcinr-logic/src/algorithms/abs_diff_i64.rs:39:1:
attempt to subtract with overflow

thread 'algorithms::abs_diff_i64::tests::test_abs_diff_i64_counterfactual_mutant_2' (13928376) panicked at crates/bcinr-logic/src/algorithms/abs_diff_i64.rs:39:1:
attempt to subtract with overflow

thread 'algorithms::abs_diff_i64::tests::test_abs_diff_i64_counterfactual_mutant_2' (13928376) panicked at crates/bcinr-logic/src/algorithms/abs_diff_i64.rs:39:1:
attempt to subtract with overflow

thread 'algorithms::abs_diff_i64::tests::test_abs_diff_i64_counterfactual_mutant_2' (13928376) panicked at crates/bcinr-logic/src/algorithms/abs_diff_i64.rs:39:1:
attempt to subtract with overflow

thread 'algorithms::abs_diff_i64::tests::test_abs_diff_i64_counterfactual_mutant_2' (13928376) panicked at crates/bcinr-logic/src/algorithms/abs_diff_i64.rs:39:1:
attempt to subtract with overflow

thread 'algorithms::abs_diff_i64::tests::test_abs_diff_i64_counterfactual_mutant_2' (13928376) panicked at crates/bcinr-logic/src/algorithms/abs_diff_i64.rs:39:1:
attempt to subtract with overflow

thread 'algorithms::abs_diff_i64::tests::test_abs_diff_i64_counterfactual_mutant_2' (13928376) panicked at crates/bcinr-logic/src/algorithms/abs_diff_i64.rs:39:1:
attempt to subtract with overflow

thread 'algorithms::abs_diff_i64::tests::test_abs_diff_i64_counterfactual_mutant_2' (13928376) panicked at crates/bcinr-logic/src/algorithms/abs_diff_i64.rs:39:1:
attempt to subtract with overflow

thread 'algorithms::abs_diff_i64::tests::test_abs_diff_i64_counterfactual_mutant_2' (13928376) panicked at crates/bcinr-logic/src/algorithms/abs_diff_i64.rs:39:1:
attempt to subtract with overflow

thread 'algorithms::abs_diff_i64::tests::test_abs_diff_i64_counterfactual_mutant_2' (13928376) panicked at crates/bcinr-logic/src/algorithms/abs_diff_i64.rs:39:1:
attempt to subtract with overflow

thread 'algorithms::abs_diff_i64::tests::test_abs_diff_i64_counterfactual_mutant_2' (13928376) panicked at crates/bcinr-logic/src/algorithms/abs_diff_i64.rs:39:1:
attempt to subtract with overflow

thread 'algorithms::abs_diff_i64::tests::test_abs_diff_i64_counterfactual_mutant_2' (13928376) panicked at crates/bcinr-logic/src/algorithms/abs_diff_i64.rs:39:1:
attempt to subtract with overflow

thread 'algorithms::abs_diff_i64::tests::test_abs_diff_i64_counterfactual_mutant_2' (13928376) panicked at crates/bcinr-logic/src/algorithms/abs_diff_i64.rs:39:1:
attempt to subtract with overflow

thread 'algorithms::abs_diff_i64::tests::test_abs_diff_i64_counterfactual_mutant_2' (13928376) panicked at crates/bcinr-logic/src/algorithms/abs_diff_i64.rs:39:1:
attempt to subtract with overflow

thread 'algorithms::abs_diff_i64::tests::test_abs_diff_i64_counterfactual_mutant_2' (13928376) panicked at crates/bcinr-logic/src/algorithms/abs_diff_i64.rs:39:1:
attempt to subtract with overflow

thread 'algorithms::abs_diff_i64::tests::test_abs_diff_i64_counterfactual_mutant_2' (13928376) panicked at crates/bcinr-logic/src/algorithms/abs_diff_i64.rs:39:1:
attempt to subtract with overflow

thread 'algorithms::abs_diff_i64::tests::test_abs_diff_i64_counterfactual_mutant_2' (13928376) panicked at crates/bcinr-logic/src/algorithms/abs_diff_i64.rs:39:1:
attempt to subtract with overflow

thread 'algorithms::abs_diff_i64::tests::test_abs_diff_i64_counterfactual_mutant_2' (13928376) panicked at crates/bcinr-logic/src/algorithms/abs_diff_i64.rs:39:1:
attempt to subtract with overflow

thread 'algorithms::abs_diff_i64::tests::test_abs_diff_i64_counterfactual_mutant_2' (13928376) panicked at crates/bcinr-logic/src/algorithms/abs_diff_i64.rs:39:1:
attempt to subtract with overflow

thread 'algorithms::abs_diff_i64::tests::test_abs_diff_i64_counterfactual_mutant_2' (13928376) panicked at crates/bcinr-logic/src/algorithms/abs_diff_i64.rs:39:1:
attempt to subtract with overflow

thread 'algorithms::abs_diff_i64::tests::test_abs_diff_i64_counterfactual_mutant_2' (13928376) panicked at crates/bcinr-logic/src/algorithms/abs_diff_i64.rs:39:1:
attempt to subtract with overflow

thread 'algorithms::abs_diff_i64::tests::test_abs_diff_i64_counterfactual_mutant_2' (13928376) panicked at crates/bcinr-logic/src/algorithms/abs_diff_i64.rs:39:1:
attempt to subtract with overflow

thread 'algorithms::abs_diff_i64::tests::test_abs_diff_i64_counterfactual_mutant_2' (13928376) panicked at crates/bcinr-logic/src/algorithms/abs_diff_i64.rs:39:1:
attempt to subtract with overflow

thread 'algorithms::abs_diff_i64::tests::test_abs_diff_i64_counterfactual_mutant_2' (13928376) panicked at crates/bcinr-logic/src/algorithms/abs_diff_i64.rs:39:1:
attempt to subtract with overflow

thread 'algorithms::abs_diff_i64::tests::test_abs_diff_i64_counterfactual_mutant_2' (13928376) panicked at crates/bcinr-logic/src/algorithms/abs_diff_i64.rs:39:1:
attempt to subtract with overflow

thread 'algorithms::abs_diff_i64::tests::test_abs_diff_i64_counterfactual_mutant_2' (13928376) panicked at crates/bcinr-logic/src/algorithms/abs_diff_i64.rs:39:1:
attempt to subtract with overflow

thread 'algorithms::abs_diff_i64::tests::test_abs_diff_i64_counterfactual_mutant_2' (13928376) panicked at crates/bcinr-logic/src/algorithms/abs_diff_i64.rs:39:1:
attempt to subtract with overflow

thread 'algorithms::abs_diff_i64::tests::test_abs_diff_i64_counterfactual_mutant_2' (13928376) panicked at crates/bcinr-logic/src/algorithms/abs_diff_i64.rs:39:1:
attempt to subtract with overflow

thread 'algorithms::abs_diff_i64::tests::test_abs_diff_i64_counterfactual_mutant_2' (13928376) panicked at crates/bcinr-logic/src/algorithms/abs_diff_i64.rs:39:1:
attempt to subtract with overflow

thread 'algorithms::abs_diff_i64::tests::test_abs_diff_i64_counterfactual_mutant_2' (13928376) panicked at crates/bcinr-logic/src/algorithms/abs_diff_i64.rs:39:1:
attempt to subtract with overflow

thread 'algorithms::abs_diff_i64::tests::test_abs_diff_i64_counterfactual_mutant_2' (13928376) panicked at crates/bcinr-logic/src/algorithms/abs_diff_i64.rs:39:1:
attempt to subtract with overflow

thread 'algorithms::abs_diff_i64::tests::test_abs_diff_i64_counterfactual_mutant_2' (13928376) panicked at crates/bcinr-logic/src/algorithms/abs_diff_i64.rs:39:1:
attempt to subtract with overflow

thread 'algorithms::abs_diff_i64::tests::test_abs_diff_i64_counterfactual_mutant_2' (13928376) panicked at crates/bcinr-logic/src/algorithms/abs_diff_i64.rs:52:5:
Test failed: attempt to subtract with overflow.
minimal failing input: val = 4373839258234551632, aux = 9223372036854775808
	successes: 0
	local rejects: 0
	global rejects: 0


---- algorithms::abs_diff_i64::tests::test_abs_diff_i64_counterfactual_mutant_3 stdout ----

thread 'algorithms::abs_diff_i64::tests::test_abs_diff_i64_counterfactual_mutant_3' (13928377) panicked at crates/bcinr-logic/src/algorithms/abs_diff_i64.rs:39:1:
attempt to subtract with overflow

thread 'algorithms::abs_diff_i64::tests::test_abs_diff_i64_counterfactual_mutant_3' (13928377) panicked at crates/bcinr-logic/src/algorithms/abs_diff_i64.rs:39:1:
attempt to subtract with overflow

thread 'algorithms::abs_diff_i64::tests::test_abs_diff_i64_counterfactual_mutant_3' (13928377) panicked at crates/bcinr-logic/src/algorithms/abs_diff_i64.rs:39:1:
attempt to subtract with overflow

thread 'algorithms::abs_diff_i64::tests::test_abs_diff_i64_counterfactual_mutant_3' (13928377) panicked at crates/bcinr-logic/src/algorithms/abs_diff_i64.rs:39:1:
attempt to subtract with overflow

thread 'algorithms::abs_diff_i64::tests::test_abs_diff_i64_counterfactual_mutant_3' (13928377) panicked at crates/bcinr-logic/src/algorithms/abs_diff_i64.rs:39:1:
attempt to subtract with overflow

thread 'algorithms::abs_diff_i64::tests::test_abs_diff_i64_counterfactual_mutant_3' (13928377) panicked at crates/bcinr-logic/src/algorithms/abs_diff_i64.rs:39:1:
attempt to subtract with overflow

thread 'algorithms::abs_diff_i64::tests::test_abs_diff_i64_counterfactual_mutant_3' (13928377) panicked at crates/bcinr-logic/src/algorithms/abs_diff_i64.rs:39:1:
attempt to subtract with overflow

thread 'algorithms::abs_diff_i64::tests::test_abs_diff_i64_counterfactual_mutant_3' (13928377) panicked at crates/bcinr-logic/src/algorithms/abs_diff_i64.rs:39:1:
attempt to subtract with overflow

thread 'algorithms::abs_diff_i64::tests::test_abs_diff_i64_counterfactual_mutant_3' (13928377) panicked at crates/bcinr-logic/src/algorithms/abs_diff_i64.rs:39:1:
attempt to subtract with overflow

thread 'algorithms::abs_diff_i64::tests::test_abs_diff_i64_counterfactual_mutant_3' (13928377) panicked at crates/bcinr-logic/src/algorithms/abs_diff_i64.rs:39:1:
attempt to subtract with overflow

thread 'algorithms::abs_diff_i64::tests::test_abs_diff_i64_counterfactual_mutant_3' (13928377) panicked at crates/bcinr-logic/src/algorithms/abs_diff_i64.rs:39:1:
attempt to subtract with overflow

thread 'algorithms::abs_diff_i64::tests::test_abs_diff_i64_counterfactual_mutant_3' (13928377) panicked at crates/bcinr-logic/src/algorithms/abs_diff_i64.rs:39:1:
attempt to subtract with overflow

thread 'algorithms::abs_diff_i64::tests::test_abs_diff_i64_counterfactual_mutant_3' (13928377) panicked at crates/bcinr-logic/src/algorithms/abs_diff_i64.rs:39:1:
attempt to subtract with overflow

thread 'algorithms::abs_diff_i64::tests::test_abs_diff_i64_counterfactual_mutant_3' (13928377) panicked at crates/bcinr-logic/src/algorithms/abs_diff_i64.rs:39:1:
attempt to subtract with overflow

thread 'algorithms::abs_diff_i64::tests::test_abs_diff_i64_counterfactual_mutant_3' (13928377) panicked at crates/bcinr-logic/src/algorithms/abs_diff_i64.rs:39:1:
attempt to subtract with overflow

thread 'algorithms::abs_diff_i64::tests::test_abs_diff_i64_counterfactual_mutant_3' (13928377) panicked at crates/bcinr-logic/src/algorithms/abs_diff_i64.rs:39:1:
attempt to subtract with overflow

thread 'algorithms::abs_diff_i64::tests::test_abs_diff_i64_counterfactual_mutant_3' (13928377) panicked at crates/bcinr-logic/src/algorithms/abs_diff_i64.rs:39:1:
attempt to subtract with overflow

thread 'algorithms::abs_diff_i64::tests::test_abs_diff_i64_counterfactual_mutant_3' (13928377) panicked at crates/bcinr-logic/src/algorithms/abs_diff_i64.rs:39:1:
attempt to subtract with overflow

thread 'algorithms::abs_diff_i64::tests::test_abs_diff_i64_counterfactual_mutant_3' (13928377) panicked at crates/bcinr-logic/src/algorithms/abs_diff_i64.rs:39:1:
attempt to subtract with overflow

thread 'algorithms::abs_diff_i64::tests::test_abs_diff_i64_counterfactual_mutant_3' (13928377) panicked at crates/bcinr-logic/src/algorithms/abs_diff_i64.rs:39:1:
attempt to subtract with overflow

thread 'algorithms::abs_diff_i64::tests::test_abs_diff_i64_counterfactual_mutant_3' (13928377) panicked at crates/bcinr-logic/src/algorithms/abs_diff_i64.rs:39:1:
attempt to subtract with overflow

thread 'algorithms::abs_diff_i64::tests::test_abs_diff_i64_counterfactual_mutant_3' (13928377) panicked at crates/bcinr-logic/src/algorithms/abs_diff_i64.rs:39:1:
attempt to subtract with overflow

thread 'algorithms::abs_diff_i64::tests::test_abs_diff_i64_counterfactual_mutant_3' (13928377) panicked at crates/bcinr-logic/src/algorithms/abs_diff_i64.rs:39:1:
attempt to subtract with overflow

thread 'algorithms::abs_diff_i64::tests::test_abs_diff_i64_counterfactual_mutant_3' (13928377) panicked at crates/bcinr-logic/src/algorithms/abs_diff_i64.rs:39:1:
attempt to subtract with overflow

thread 'algorithms::abs_diff_i64::tests::test_abs_diff_i64_counterfactual_mutant_3' (13928377) panicked at crates/bcinr-logic/src/algorithms/abs_diff_i64.rs:39:1:
attempt to subtract with overflow

thread 'algorithms::abs_diff_i64::tests::test_abs_diff_i64_counterfactual_mutant_3' (13928377) panicked at crates/bcinr-logic/src/algorithms/abs_diff_i64.rs:39:1:
attempt to subtract with overflow

thread 'algorithms::abs_diff_i64::tests::test_abs_diff_i64_counterfactual_mutant_3' (13928377) panicked at crates/bcinr-logic/src/algorithms/abs_diff_i64.rs:39:1:
attempt to subtract with overflow

thread 'algorithms::abs_diff_i64::tests::test_abs_diff_i64_counterfactual_mutant_3' (13928377) panicked at crates/bcinr-logic/src/algorithms/abs_diff_i64.rs:39:1:
attempt to subtract with overflow

thread 'algorithms::abs_diff_i64::tests::test_abs_diff_i64_counterfactual_mutant_3' (13928377) panicked at crates/bcinr-logic/src/algorithms/abs_diff_i64.rs:39:1:
attempt to subtract with overflow

thread 'algorithms::abs_diff_i64::tests::test_abs_diff_i64_counterfactual_mutant_3' (13928377) panicked at crates/bcinr-logic/src/algorithms/abs_diff_i64.rs:39:1:
attempt to subtract with overflow

thread 'algorithms::abs_diff_i64::tests::test_abs_diff_i64_counterfactual_mutant_3' (13928377) panicked at crates/bcinr-logic/src/algorithms/abs_diff_i64.rs:39:1:
attempt to subtract with overflow

thread 'algorithms::abs_diff_i64::tests::test_abs_diff_i64_counterfactual_mutant_3' (13928377) panicked at crates/bcinr-logic/src/algorithms/abs_diff_i64.rs:39:1:
attempt to subtract with overflow

thread 'algorithms::abs_diff_i64::tests::test_abs_diff_i64_counterfactual_mutant_3' (13928377) panicked at crates/bcinr-logic/src/algorithms/abs_diff_i64.rs:39:1:
attempt to subtract with overflow

thread 'algorithms::abs_diff_i64::tests::test_abs_diff_i64_counterfactual_mutant_3' (13928377) panicked at crates/bcinr-logic/src/algorithms/abs_diff_i64.rs:39:1:
attempt to subtract with overflow

thread 'algorithms::abs_diff_i64::tests::test_abs_diff_i64_counterfactual_mutant_3' (13928377) panicked at crates/bcinr-logic/src/algorithms/abs_diff_i64.rs:39:1:
attempt to subtract with overflow

thread 'algorithms::abs_diff_i64::tests::test_abs_diff_i64_counterfactual_mutant_3' (13928377) panicked at crates/bcinr-logic/src/algorithms/abs_diff_i64.rs:39:1:
attempt to subtract with overflow

thread 'algorithms::abs_diff_i64::tests::test_abs_diff_i64_counterfactual_mutant_3' (13928377) panicked at crates/bcinr-logic/src/algorithms/abs_diff_i64.rs:39:1:
attempt to subtract with overflow

thread 'algorithms::abs_diff_i64::tests::test_abs_diff_i64_counterfactual_mutant_3' (13928377) panicked at crates/bcinr-logic/src/algorithms/abs_diff_i64.rs:39:1:
attempt to subtract with overflow

thread 'algorithms::abs_diff_i64::tests::test_abs_diff_i64_counterfactual_mutant_3' (13928377) panicked at crates/bcinr-logic/src/algorithms/abs_diff_i64.rs:39:1:
attempt to subtract with overflow

thread 'algorithms::abs_diff_i64::tests::test_abs_diff_i64_counterfactual_mutant_3' (13928377) panicked at crates/bcinr-logic/src/algorithms/abs_diff_i64.rs:39:1:
attempt to subtract with overflow

thread 'algorithms::abs_diff_i64::tests::test_abs_diff_i64_counterfactual_mutant_3' (13928377) panicked at crates/bcinr-logic/src/algorithms/abs_diff_i64.rs:39:1:
attempt to subtract with overflow

thread 'algorithms::abs_diff_i64::tests::test_abs_diff_i64_counterfactual_mutant_3' (13928377) panicked at crates/bcinr-logic/src/algorithms/abs_diff_i64.rs:39:1:
attempt to subtract with overflow

thread 'algorithms::abs_diff_i64::tests::test_abs_diff_i64_counterfactual_mutant_3' (13928377) panicked at crates/bcinr-logic/src/algorithms/abs_diff_i64.rs:39:1:
attempt to subtract with overflow

thread 'algorithms::abs_diff_i64::tests::test_abs_diff_i64_counterfactual_mutant_3' (13928377) panicked at crates/bcinr-logic/src/algorithms/abs_diff_i64.rs:39:1:
attempt to subtract with overflow

thread 'algorithms::abs_diff_i64::tests::test_abs_diff_i64_counterfactual_mutant_3' (13928377) panicked at crates/bcinr-logic/src/algorithms/abs_diff_i64.rs:39:1:
attempt to subtract with overflow

thread 'algorithms::abs_diff_i64::tests::test_abs_diff_i64_counterfactual_mutant_3' (13928377) panicked at crates/bcinr-logic/src/algorithms/abs_diff_i64.rs:39:1:
attempt to subtract with overflow

thread 'algorithms::abs_diff_i64::tests::test_abs_diff_i64_counterfactual_mutant_3' (13928377) panicked at crates/bcinr-logic/src/algorithms/abs_diff_i64.rs:39:1:
attempt to subtract with overflow

thread 'algorithms::abs_diff_i64::tests::test_abs_diff_i64_counterfactual_mutant_3' (13928377) panicked at crates/bcinr-logic/src/algorithms/abs_diff_i64.rs:39:1:
attempt to subtract with overflow

thread 'algorithms::abs_diff_i64::tests::test_abs_diff_i64_counterfactual_mutant_3' (13928377) panicked at crates/bcinr-logic/src/algorithms/abs_diff_i64.rs:39:1:
attempt to subtract with overflow

thread 'algorithms::abs_diff_i64::tests::test_abs_diff_i64_counterfactual_mutant_3' (13928377) panicked at crates/bcinr-logic/src/algorithms/abs_diff_i64.rs:39:1:
attempt to subtract with overflow

thread 'algorithms::abs_diff_i64::tests::test_abs_diff_i64_counterfactual_mutant_3' (13928377) panicked at crates/bcinr-logic/src/algorithms/abs_diff_i64.rs:39:1:
attempt to subtract with overflow

thread 'algorithms::abs_diff_i64::tests::test_abs_diff_i64_counterfactual_mutant_3' (13928377) panicked at crates/bcinr-logic/src/algorithms/abs_diff_i64.rs:39:1:
attempt to subtract with overflow

thread 'algorithms::abs_diff_i64::tests::test_abs_diff_i64_counterfactual_mutant_3' (13928377) panicked at crates/bcinr-logic/src/algorithms/abs_diff_i64.rs:39:1:
attempt to subtract with overflow

thread 'algorithms::abs_diff_i64::tests::test_abs_diff_i64_counterfactual_mutant_3' (13928377) panicked at crates/bcinr-logic/src/algorithms/abs_diff_i64.rs:39:1:
attempt to subtract with overflow

thread 'algorithms::abs_diff_i64::tests::test_abs_diff_i64_counterfactual_mutant_3' (13928377) panicked at crates/bcinr-logic/src/algorithms/abs_diff_i64.rs:39:1:
attempt to subtract with overflow

thread 'algorithms::abs_diff_i64::tests::test_abs_diff_i64_counterfactual_mutant_3' (13928377) panicked at crates/bcinr-logic/src/algorithms/abs_diff_i64.rs:39:1:
attempt to subtract with overflow

thread 'algorithms::abs_diff_i64::tests::test_abs_diff_i64_counterfactual_mutant_3' (13928377) panicked at crates/bcinr-logic/src/algorithms/abs_diff_i64.rs:39:1:
attempt to subtract with overflow

thread 'algorithms::abs_diff_i64::tests::test_abs_diff_i64_counterfactual_mutant_3' (13928377) panicked at crates/bcinr-logic/src/algorithms/abs_diff_i64.rs:39:1:
attempt to subtract with overflow

thread 'algorithms::abs_diff_i64::tests::test_abs_diff_i64_counterfactual_mutant_3' (13928377) panicked at crates/bcinr-logic/src/algorithms/abs_diff_i64.rs:39:1:
attempt to subtract with overflow

thread 'algorithms::abs_diff_i64::tests::test_abs_diff_i64_counterfactual_mutant_3' (13928377) panicked at crates/bcinr-logic/src/algorithms/abs_diff_i64.rs:39:1:
attempt to subtract with overflow

thread 'algorithms::abs_diff_i64::tests::test_abs_diff_i64_counterfactual_mutant_3' (13928377) panicked at crates/bcinr-logic/src/algorithms/abs_diff_i64.rs:39:1:
attempt to subtract with overflow

thread 'algorithms::abs_diff_i64::tests::test_abs_diff_i64_counterfactual_mutant_3' (13928377) panicked at crates/bcinr-logic/src/algorithms/abs_diff_i64.rs:52:5:
Test failed: attempt to subtract with overflow.
minimal failing input: val = 4373839258234551632, aux = 9223372036854775808
	successes: 0
	local rejects: 0
	global rejects: 0


---- algorithms::abs_diff_i64::tests::test_abs_diff_i64_equivalence stdout ----

thread 'algorithms::abs_diff_i64::tests::test_abs_diff_i64_equivalence' (13928378) panicked at crates/bcinr-logic/src/algorithms/abs_diff_i64.rs:39:1:
attempt to subtract with overflow

thread 'algorithms::abs_diff_i64::tests::test_abs_diff_i64_equivalence' (13928378) panicked at crates/bcinr-logic/src/algorithms/abs_diff_i64.rs:39:1:
attempt to subtract with overflow

thread 'algorithms::abs_diff_i64::tests::test_abs_diff_i64_equivalence' (13928378) panicked at crates/bcinr-logic/src/algorithms/abs_diff_i64.rs:39:1:
attempt to subtract with overflow

thread 'algorithms::abs_diff_i64::tests::test_abs_diff_i64_equivalence' (13928378) panicked at crates/bcinr-logic/src/algorithms/abs_diff_i64.rs:39:1:
attempt to subtract with overflow

thread 'algorithms::abs_diff_i64::tests::test_abs_diff_i64_equivalence' (13928378) panicked at crates/bcinr-logic/src/algorithms/abs_diff_i64.rs:39:1:
attempt to subtract with overflow

thread 'algorithms::abs_diff_i64::tests::test_abs_diff_i64_equivalence' (13928378) panicked at crates/bcinr-logic/src/algorithms/abs_diff_i64.rs:39:1:
attempt to subtract with overflow

thread 'algorithms::abs_diff_i64::tests::test_abs_diff_i64_equivalence' (13928378) panicked at crates/bcinr-logic/src/algorithms/abs_diff_i64.rs:39:1:
attempt to subtract with overflow

thread 'algorithms::abs_diff_i64::tests::test_abs_diff_i64_equivalence' (13928378) panicked at crates/bcinr-logic/src/algorithms/abs_diff_i64.rs:39:1:
attempt to subtract with overflow

thread 'algorithms::abs_diff_i64::tests::test_abs_diff_i64_equivalence' (13928378) panicked at crates/bcinr-logic/src/algorithms/abs_diff_i64.rs:39:1:
attempt to subtract with overflow

thread 'algorithms::abs_diff_i64::tests::test_abs_diff_i64_equivalence' (13928378) panicked at crates/bcinr-logic/src/algorithms/abs_diff_i64.rs:39:1:
attempt to subtract with overflow

thread 'algorithms::abs_diff_i64::tests::test_abs_diff_i64_equivalence' (13928378) panicked at crates/bcinr-logic/src/algorithms/abs_diff_i64.rs:39:1:
attempt to subtract with overflow

thread 'algorithms::abs_diff_i64::tests::test_abs_diff_i64_equivalence' (13928378) panicked at crates/bcinr-logic/src/algorithms/abs_diff_i64.rs:39:1:
attempt to subtract with overflow

thread 'algorithms::abs_diff_i64::tests::test_abs_diff_i64_equivalence' (13928378) panicked at crates/bcinr-logic/src/algorithms/abs_diff_i64.rs:39:1:
attempt to subtract with overflow

thread 'algorithms::abs_diff_i64::tests::test_abs_diff_i64_equivalence' (13928378) panicked at crates/bcinr-logic/src/algorithms/abs_diff_i64.rs:39:1:
attempt to subtract with overflow

thread 'algorithms::abs_diff_i64::tests::test_abs_diff_i64_equivalence' (13928378) panicked at crates/bcinr-logic/src/algorithms/abs_diff_i64.rs:39:1:
attempt to subtract with overflow

thread 'algorithms::abs_diff_i64::tests::test_abs_diff_i64_equivalence' (13928378) panicked at crates/bcinr-logic/src/algorithms/abs_diff_i64.rs:39:1:
attempt to subtract with overflow

thread 'algorithms::abs_diff_i64::tests::test_abs_diff_i64_equivalence' (13928378) panicked at crates/bcinr-logic/src/algorithms/abs_diff_i64.rs:39:1:
attempt to subtract with overflow

thread 'algorithms::abs_diff_i64::tests::test_abs_diff_i64_equivalence' (13928378) panicked at crates/bcinr-logic/src/algorithms/abs_diff_i64.rs:39:1:
attempt to subtract with overflow

thread 'algorithms::abs_diff_i64::tests::test_abs_diff_i64_equivalence' (13928378) panicked at crates/bcinr-logic/src/algorithms/abs_diff_i64.rs:39:1:
attempt to subtract with overflow

thread 'algorithms::abs_diff_i64::tests::test_abs_diff_i64_equivalence' (13928378) panicked at crates/bcinr-logic/src/algorithms/abs_diff_i64.rs:39:1:
attempt to subtract with overflow

thread 'algorithms::abs_diff_i64::tests::test_abs_diff_i64_equivalence' (13928378) panicked at crates/bcinr-logic/src/algorithms/abs_diff_i64.rs:39:1:
attempt to subtract with overflow

thread 'algorithms::abs_diff_i64::tests::test_abs_diff_i64_equivalence' (13928378) panicked at crates/bcinr-logic/src/algorithms/abs_diff_i64.rs:39:1:
attempt to subtract with overflow

thread 'algorithms::abs_diff_i64::tests::test_abs_diff_i64_equivalence' (13928378) panicked at crates/bcinr-logic/src/algorithms/abs_diff_i64.rs:39:1:
attempt to subtract with overflow

thread 'algorithms::abs_diff_i64::tests::test_abs_diff_i64_equivalence' (13928378) panicked at crates/bcinr-logic/src/algorithms/abs_diff_i64.rs:39:1:
attempt to subtract with overflow

thread 'algorithms::abs_diff_i64::tests::test_abs_diff_i64_equivalence' (13928378) panicked at crates/bcinr-logic/src/algorithms/abs_diff_i64.rs:39:1:
attempt to subtract with overflow

thread 'algorithms::abs_diff_i64::tests::test_abs_diff_i64_equivalence' (13928378) panicked at crates/bcinr-logic/src/algorithms/abs_diff_i64.rs:39:1:
attempt to subtract with overflow

thread 'algorithms::abs_diff_i64::tests::test_abs_diff_i64_equivalence' (13928378) panicked at crates/bcinr-logic/src/algorithms/abs_diff_i64.rs:39:1:
attempt to subtract with overflow

thread 'algorithms::abs_diff_i64::tests::test_abs_diff_i64_equivalence' (13928378) panicked at crates/bcinr-logic/src/algorithms/abs_diff_i64.rs:39:1:
attempt to subtract with overflow

thread 'algorithms::abs_diff_i64::tests::test_abs_diff_i64_equivalence' (13928378) panicked at crates/bcinr-logic/src/algorithms/abs_diff_i64.rs:39:1:
attempt to subtract with overflow

thread 'algorithms::abs_diff_i64::tests::test_abs_diff_i64_equivalence' (13928378) panicked at crates/bcinr-logic/src/algorithms/abs_diff_i64.rs:39:1:
attempt to subtract with overflow

thread 'algorithms::abs_diff_i64::tests::test_abs_diff_i64_equivalence' (13928378) panicked at crates/bcinr-logic/src/algorithms/abs_diff_i64.rs:39:1:
attempt to subtract with overflow

thread 'algorithms::abs_diff_i64::tests::test_abs_diff_i64_equivalence' (13928378) panicked at crates/bcinr-logic/src/algorithms/abs_diff_i64.rs:39:1:
attempt to subtract with overflow

thread 'algorithms::abs_diff_i64::tests::test_abs_diff_i64_equivalence' (13928378) panicked at crates/bcinr-logic/src/algorithms/abs_diff_i64.rs:39:1:
attempt to subtract with overflow

thread 'algorithms::abs_diff_i64::tests::test_abs_diff_i64_equivalence' (13928378) panicked at crates/bcinr-logic/src/algorithms/abs_diff_i64.rs:39:1:
attempt to subtract with overflow

thread 'algorithms::abs_diff_i64::tests::test_abs_diff_i64_equivalence' (13928378) panicked at crates/bcinr-logic/src/algorithms/abs_diff_i64.rs:39:1:
attempt to subtract with overflow

thread 'algorithms::abs_diff_i64::tests::test_abs_diff_i64_equivalence' (13928378) panicked at crates/bcinr-logic/src/algorithms/abs_diff_i64.rs:39:1:
attempt to subtract with overflow

thread 'algorithms::abs_diff_i64::tests::test_abs_diff_i64_equivalence' (13928378) panicked at crates/bcinr-logic/src/algorithms/abs_diff_i64.rs:39:1:
attempt to subtract with overflow

thread 'algorithms::abs_diff_i64::tests::test_abs_diff_i64_equivalence' (13928378) panicked at crates/bcinr-logic/src/algorithms/abs_diff_i64.rs:39:1:
attempt to subtract with overflow

thread 'algorithms::abs_diff_i64::tests::test_abs_diff_i64_equivalence' (13928378) panicked at crates/bcinr-logic/src/algorithms/abs_diff_i64.rs:39:1:
attempt to subtract with overflow

thread 'algorithms::abs_diff_i64::tests::test_abs_diff_i64_equivalence' (13928378) panicked at crates/bcinr-logic/src/algorithms/abs_diff_i64.rs:39:1:
attempt to subtract with overflow

thread 'algorithms::abs_diff_i64::tests::test_abs_diff_i64_equivalence' (13928378) panicked at crates/bcinr-logic/src/algorithms/abs_diff_i64.rs:39:1:
attempt to subtract with overflow

thread 'algorithms::abs_diff_i64::tests::test_abs_diff_i64_equivalence' (13928378) panicked at crates/bcinr-logic/src/algorithms/abs_diff_i64.rs:39:1:
attempt to subtract with overflow

thread 'algorithms::abs_diff_i64::tests::test_abs_diff_i64_equivalence' (13928378) panicked at crates/bcinr-logic/src/algorithms/abs_diff_i64.rs:39:1:
attempt to subtract with overflow

thread 'algorithms::abs_diff_i64::tests::test_abs_diff_i64_equivalence' (13928378) panicked at crates/bcinr-logic/src/algorithms/abs_diff_i64.rs:39:1:
attempt to subtract with overflow

thread 'algorithms::abs_diff_i64::tests::test_abs_diff_i64_equivalence' (13928378) panicked at crates/bcinr-logic/src/algorithms/abs_diff_i64.rs:39:1:
attempt to subtract with overflow

thread 'algorithms::abs_diff_i64::tests::test_abs_diff_i64_equivalence' (13928378) panicked at crates/bcinr-logic/src/algorithms/abs_diff_i64.rs:39:1:
attempt to subtract with overflow

thread 'algorithms::abs_diff_i64::tests::test_abs_diff_i64_equivalence' (13928378) panicked at crates/bcinr-logic/src/algorithms/abs_diff_i64.rs:39:1:
attempt to subtract with overflow

thread 'algorithms::abs_diff_i64::tests::test_abs_diff_i64_equivalence' (13928378) panicked at crates/bcinr-logic/src/algorithms/abs_diff_i64.rs:39:1:
attempt to subtract with overflow

thread 'algorithms::abs_diff_i64::tests::test_abs_diff_i64_equivalence' (13928378) panicked at crates/bcinr-logic/src/algorithms/abs_diff_i64.rs:39:1:
attempt to subtract with overflow

thread 'algorithms::abs_diff_i64::tests::test_abs_diff_i64_equivalence' (13928378) panicked at crates/bcinr-logic/src/algorithms/abs_diff_i64.rs:39:1:
attempt to subtract with overflow

thread 'algorithms::abs_diff_i64::tests::test_abs_diff_i64_equivalence' (13928378) panicked at crates/bcinr-logic/src/algorithms/abs_diff_i64.rs:39:1:
attempt to subtract with overflow

thread 'algorithms::abs_diff_i64::tests::test_abs_diff_i64_equivalence' (13928378) panicked at crates/bcinr-logic/src/algorithms/abs_diff_i64.rs:39:1:
attempt to subtract with overflow

thread 'algorithms::abs_diff_i64::tests::test_abs_diff_i64_equivalence' (13928378) panicked at crates/bcinr-logic/src/algorithms/abs_diff_i64.rs:39:1:
attempt to subtract with overflow

thread 'algorithms::abs_diff_i64::tests::test_abs_diff_i64_equivalence' (13928378) panicked at crates/bcinr-logic/src/algorithms/abs_diff_i64.rs:39:1:
attempt to subtract with overflow

thread 'algorithms::abs_diff_i64::tests::test_abs_diff_i64_equivalence' (13928378) panicked at crates/bcinr-logic/src/algorithms/abs_diff_i64.rs:39:1:
attempt to subtract with overflow

thread 'algorithms::abs_diff_i64::tests::test_abs_diff_i64_equivalence' (13928378) panicked at crates/bcinr-logic/src/algorithms/abs_diff_i64.rs:39:1:
attempt to subtract with overflow

thread 'algorithms::abs_diff_i64::tests::test_abs_diff_i64_equivalence' (13928378) panicked at crates/bcinr-logic/src/algorithms/abs_diff_i64.rs:39:1:
attempt to subtract with overflow

thread 'algorithms::abs_diff_i64::tests::test_abs_diff_i64_equivalence' (13928378) panicked at crates/bcinr-logic/src/algorithms/abs_diff_i64.rs:39:1:
attempt to subtract with overflow

thread 'algorithms::abs_diff_i64::tests::test_abs_diff_i64_equivalence' (13928378) panicked at crates/bcinr-logic/src/algorithms/abs_diff_i64.rs:39:1:
attempt to subtract with overflow

thread 'algorithms::abs_diff_i64::tests::test_abs_diff_i64_equivalence' (13928378) panicked at crates/bcinr-logic/src/algorithms/abs_diff_i64.rs:39:1:
attempt to subtract with overflow

thread 'algorithms::abs_diff_i64::tests::test_abs_diff_i64_equivalence' (13928378) panicked at crates/bcinr-logic/src/algorithms/abs_diff_i64.rs:39:1:
attempt to subtract with overflow

thread 'algorithms::abs_diff_i64::tests::test_abs_diff_i64_equivalence' (13928378) panicked at crates/bcinr-logic/src/algorithms/abs_diff_i64.rs:52:5:
Test failed: attempt to subtract with overflow.
minimal failing input: val = 4373839258234551632, aux = 9223372036854775808
	successes: 0
	local rejects: 0
	global rejects: 0


---- algorithms::add_sat_i32::tests::test_add_sat_i32_equivalence stdout ----

thread 'algorithms::add_sat_i32::tests::test_add_sat_i32_equivalence' (13928388) panicked at crates/bcinr-logic/src/algorithms/add_sat_i32.rs:64:5:
Test failed: assertion failed: `(left == right)` 
  left: `2147483647`, 
 right: `2147483649`: Adversarial failure: branchless mismatch at crates/bcinr-logic/src/algorithms/add_sat_i32.rs:69.
minimal failing input: val = 896772142079220174, aux = 1041421436816123442
	successes: 0
	local rejects: 0
	global rejects: 0


---- algorithms::aho_corasick_simd_step::tests::test_aho_corasick_simd_step_boundaries stdout ----

thread 'algorithms::aho_corasick_simd_step::tests::test_aho_corasick_simd_step_boundaries' (13928394) panicked at crates/bcinr-logic/src/algorithms/aho_corasick_simd_step.rs:88:9:
assertion `left == right` failed
  left: 18446744073709551614
 right: 18446744069973623057

---- algorithms::aho_corasick_simd_step::tests::test_aho_corasick_simd_step_equivalence stdout ----

thread 'algorithms::aho_corasick_simd_step::tests::test_aho_corasick_simd_step_equivalence' (13928398) panicked at crates/bcinr-logic/src/algorithms/aho_corasick_simd_step.rs:46:5:
Test failed: assertion failed: `(left == right)` 
  left: `3735928558`, 
 right: `3735928559`: Adversarial failure: branchless mismatch at crates/bcinr-logic/src/algorithms/aho_corasick_simd_step.rs:51.
minimal failing input: val = 0, aux = 1
	successes: 0
	local rejects: 0
	global rejects: 0


---- algorithms::ascii_to_lowercase_simd::tests::test_ascii_to_lowercase_simd_equivalence stdout ----

thread 'algorithms::ascii_to_lowercase_simd::tests::test_ascii_to_lowercase_simd_equivalence' (13928403) panicked at crates/bcinr-logic/src/algorithms/ascii_to_lowercase_simd.rs:60:5:
Test failed: assertion failed: `(left == right)` 
  left: `1625943516263638465`, 
 right: `1625943516263638497`: Adversarial failure: branchless mismatch at crates/bcinr-logic/src/algorithms/ascii_to_lowercase_simd.rs:65.
minimal failing input: val = 1625943515726759361, aux = 0
	successes: 0
	local rejects: 0
	global rejects: 0


---- algorithms::ascii_to_uppercase_simd::tests::test_ascii_to_uppercase_simd_equivalence stdout ----

thread 'algorithms::ascii_to_uppercase_simd::tests::test_ascii_to_uppercase_simd_equivalence' (13928408) panicked at crates/bcinr-logic/src/algorithms/ascii_to_uppercase_simd.rs:60:5:
Test failed: assertion failed: `(left == right)` 
  left: `12815370741864653025`, 
 right: `12815370741864644801`: Adversarial failure: branchless mismatch at crates/bcinr-logic/src/algorithms/ascii_to_uppercase_simd.rs:65.
minimal failing input: val = 12815405926236741857, aux = 0
	successes: 0
	local rejects: 0
	global rejects: 0


---- algorithms::base32_encode_rfc4648::tests::test_base32_encode_rfc4648_boundaries stdout ----

thread 'algorithms::base32_encode_rfc4648::tests::test_base32_encode_rfc4648_boundaries' (13928419) panicked at crates/bcinr-logic/src/algorithms/base32_encode_rfc4648.rs:88:9:
assertion `left == right` failed
  left: 0
 right: 18446744073709551614

---- algorithms::base32_encode_rfc4648::tests::test_base32_encode_rfc4648_equivalence stdout ----

thread 'algorithms::base32_encode_rfc4648::tests::test_base32_encode_rfc4648_equivalence' (13928423) panicked at crates/bcinr-logic/src/algorithms/base32_encode_rfc4648.rs:46:5:
Test failed: assertion failed: `(left == right)` 
  left: `1`, 
 right: `2305843009213693952`: Adversarial failure: branchless mismatch at crates/bcinr-logic/src/algorithms/base32_encode_rfc4648.rs:51.
minimal failing input: val = 0, aux = 1
	successes: 0
	local rejects: 0
	global rejects: 0


---- algorithms::benes_network_u64::tests::test_benes_network_u64_boundaries stdout ----

thread 'algorithms::benes_network_u64::tests::test_benes_network_u64_boundaries' (13928450) panicked at crates/bcinr-logic/src/algorithms/benes_network_u64.rs:103:9:
assertion `left == right` failed
  left: 9223372036854775806
 right: 18446744073709551615

---- algorithms::benes_network_u64::tests::test_benes_network_u64_equivalence stdout ----

thread 'algorithms::benes_network_u64::tests::test_benes_network_u64_equivalence' (13928454) panicked at crates/bcinr-logic/src/algorithms/benes_network_u64.rs:61:5:
Test failed: assertion failed: `(left == right)` 
  left: `547`, 
 right: `544`: Adversarial failure: branchless mismatch at crates/bcinr-logic/src/algorithms/benes_network_u64.rs:66.
minimal failing input: val = 547, aux = 94024937602370219
	successes: 0
	local rejects: 0
	global rejects: 0


---- algorithms::binom_sat_u32::tests::test_binom_sat_u32_boundaries stdout ----

thread 'algorithms::binom_sat_u32::tests::test_binom_sat_u32_boundaries' (13928465) panicked at crates/bcinr-logic/src/algorithms/binom_sat_u32.rs:87:9:
assertion `left == right` failed
  left: 305419896
 right: 0

---- algorithms::binom_sat_u32::tests::test_binom_sat_u32_equivalence stdout ----

thread 'algorithms::binom_sat_u32::tests::test_binom_sat_u32_equivalence' (13928469) panicked at crates/bcinr-logic/src/algorithms/binom_sat_u32.rs:46:5:
Test failed: assertion failed: `(left == right)` 
  left: `0`, 
 right: `305419896`: Adversarial failure: branchless mismatch at crates/bcinr-logic/src/algorithms/binom_sat_u32.rs:51.
minimal failing input: val = 0, aux = 0
	successes: 0
	local rejects: 0
	global rejects: 0


---- algorithms::bit_permute_step_u64::tests::test_bit_permute_step_u64_boundaries stdout ----

thread 'algorithms::bit_permute_step_u64::tests::test_bit_permute_step_u64_boundaries' (13928490) panicked at crates/bcinr-logic/src/algorithms/bit_permute_step_u64.rs:22:14:
attempt to shift right with overflow

---- algorithms::bit_permute_step_u64::tests::test_bit_permute_step_u64_counterfactual_mutant_1 stdout ----

thread 'algorithms::bit_permute_step_u64::tests::test_bit_permute_step_u64_counterfactual_mutant_1' (13928491) panicked at crates/bcinr-logic/src/algorithms/bit_permute_step_u64.rs:43:26:
attempt to shift right with overflow

thread 'algorithms::bit_permute_step_u64::tests::test_bit_permute_step_u64_counterfactual_mutant_1' (13928491) panicked at crates/bcinr-logic/src/algorithms/bit_permute_step_u64.rs:43:26:
attempt to shift right with overflow

thread 'algorithms::bit_permute_step_u64::tests::test_bit_permute_step_u64_counterfactual_mutant_1' (13928491) panicked at crates/bcinr-logic/src/algorithms/bit_permute_step_u64.rs:43:26:
attempt to shift right with overflow

thread 'algorithms::bit_permute_step_u64::tests::test_bit_permute_step_u64_counterfactual_mutant_1' (13928491) panicked at crates/bcinr-logic/src/algorithms/bit_permute_step_u64.rs:43:26:
attempt to shift right with overflow

thread 'algorithms::bit_permute_step_u64::tests::test_bit_permute_step_u64_counterfactual_mutant_1' (13928491) panicked at crates/bcinr-logic/src/algorithms/bit_permute_step_u64.rs:43:26:
attempt to shift right with overflow

thread 'algorithms::bit_permute_step_u64::tests::test_bit_permute_step_u64_counterfactual_mutant_1' (13928491) panicked at crates/bcinr-logic/src/algorithms/bit_permute_step_u64.rs:43:26:
attempt to shift right with overflow

thread 'algorithms::bit_permute_step_u64::tests::test_bit_permute_step_u64_counterfactual_mutant_1' (13928491) panicked at crates/bcinr-logic/src/algorithms/bit_permute_step_u64.rs:43:26:
attempt to shift right with overflow

thread 'algorithms::bit_permute_step_u64::tests::test_bit_permute_step_u64_counterfactual_mutant_1' (13928491) panicked at crates/bcinr-logic/src/algorithms/bit_permute_step_u64.rs:43:26:
attempt to shift right with overflow

thread 'algorithms::bit_permute_step_u64::tests::test_bit_permute_step_u64_counterfactual_mutant_1' (13928491) panicked at crates/bcinr-logic/src/algorithms/bit_permute_step_u64.rs:43:26:
attempt to shift right with overflow

thread 'algorithms::bit_permute_step_u64::tests::test_bit_permute_step_u64_counterfactual_mutant_1' (13928491) panicked at crates/bcinr-logic/src/algorithms/bit_permute_step_u64.rs:43:26:
attempt to shift right with overflow

thread 'algorithms::bit_permute_step_u64::tests::test_bit_permute_step_u64_counterfactual_mutant_1' (13928491) panicked at crates/bcinr-logic/src/algorithms/bit_permute_step_u64.rs:43:26:
attempt to shift right with overflow

thread 'algorithms::bit_permute_step_u64::tests::test_bit_permute_step_u64_counterfactual_mutant_1' (13928491) panicked at crates/bcinr-logic/src/algorithms/bit_permute_step_u64.rs:43:26:
attempt to shift right with overflow

thread 'algorithms::bit_permute_step_u64::tests::test_bit_permute_step_u64_counterfactual_mutant_1' (13928491) panicked at crates/bcinr-logic/src/algorithms/bit_permute_step_u64.rs:43:26:
attempt to shift right with overflow

thread 'algorithms::bit_permute_step_u64::tests::test_bit_permute_step_u64_counterfactual_mutant_1' (13928491) panicked at crates/bcinr-logic/src/algorithms/bit_permute_step_u64.rs:43:26:
attempt to shift right with overflow

thread 'algorithms::bit_permute_step_u64::tests::test_bit_permute_step_u64_counterfactual_mutant_1' (13928491) panicked at crates/bcinr-logic/src/algorithms/bit_permute_step_u64.rs:43:26:
attempt to shift right with overflow

thread 'algorithms::bit_permute_step_u64::tests::test_bit_permute_step_u64_counterfactual_mutant_1' (13928491) panicked at crates/bcinr-logic/src/algorithms/bit_permute_step_u64.rs:43:26:
attempt to shift right with overflow

thread 'algorithms::bit_permute_step_u64::tests::test_bit_permute_step_u64_counterfactual_mutant_1' (13928491) panicked at crates/bcinr-logic/src/algorithms/bit_permute_step_u64.rs:43:26:
attempt to shift right with overflow

thread 'algorithms::bit_permute_step_u64::tests::test_bit_permute_step_u64_counterfactual_mutant_1' (13928491) panicked at crates/bcinr-logic/src/algorithms/bit_permute_step_u64.rs:43:26:
attempt to shift right with overflow

thread 'algorithms::bit_permute_step_u64::tests::test_bit_permute_step_u64_counterfactual_mutant_1' (13928491) panicked at crates/bcinr-logic/src/algorithms/bit_permute_step_u64.rs:43:26:
attempt to shift right with overflow

thread 'algorithms::bit_permute_step_u64::tests::test_bit_permute_step_u64_counterfactual_mutant_1' (13928491) panicked at crates/bcinr-logic/src/algorithms/bit_permute_step_u64.rs:43:26:
attempt to shift right with overflow

thread 'algorithms::bit_permute_step_u64::tests::test_bit_permute_step_u64_counterfactual_mutant_1' (13928491) panicked at crates/bcinr-logic/src/algorithms/bit_permute_step_u64.rs:43:26:
attempt to shift right with overflow

thread 'algorithms::bit_permute_step_u64::tests::test_bit_permute_step_u64_counterfactual_mutant_1' (13928491) panicked at crates/bcinr-logic/src/algorithms/bit_permute_step_u64.rs:43:26:
attempt to shift right with overflow

thread 'algorithms::bit_permute_step_u64::tests::test_bit_permute_step_u64_counterfactual_mutant_1' (13928491) panicked at crates/bcinr-logic/src/algorithms/bit_permute_step_u64.rs:43:26:
attempt to shift right with overflow

thread 'algorithms::bit_permute_step_u64::tests::test_bit_permute_step_u64_counterfactual_mutant_1' (13928491) panicked at crates/bcinr-logic/src/algorithms/bit_permute_step_u64.rs:43:26:
attempt to shift right with overflow

thread 'algorithms::bit_permute_step_u64::tests::test_bit_permute_step_u64_counterfactual_mutant_1' (13928491) panicked at crates/bcinr-logic/src/algorithms/bit_permute_step_u64.rs:43:26:
attempt to shift right with overflow

thread 'algorithms::bit_permute_step_u64::tests::test_bit_permute_step_u64_counterfactual_mutant_1' (13928491) panicked at crates/bcinr-logic/src/algorithms/bit_permute_step_u64.rs:43:26:
attempt to shift right with overflow

thread 'algorithms::bit_permute_step_u64::tests::test_bit_permute_step_u64_counterfactual_mutant_1' (13928491) panicked at crates/bcinr-logic/src/algorithms/bit_permute_step_u64.rs:43:26:
attempt to shift right with overflow

thread 'algorithms::bit_permute_step_u64::tests::test_bit_permute_step_u64_counterfactual_mutant_1' (13928491) panicked at crates/bcinr-logic/src/algorithms/bit_permute_step_u64.rs:43:26:
attempt to shift right with overflow

thread 'algorithms::bit_permute_step_u64::tests::test_bit_permute_step_u64_counterfactual_mutant_1' (13928491) panicked at crates/bcinr-logic/src/algorithms/bit_permute_step_u64.rs:43:26:
attempt to shift right with overflow

thread 'algorithms::bit_permute_step_u64::tests::test_bit_permute_step_u64_counterfactual_mutant_1' (13928491) panicked at crates/bcinr-logic/src/algorithms/bit_permute_step_u64.rs:43:26:
attempt to shift right with overflow

thread 'algorithms::bit_permute_step_u64::tests::test_bit_permute_step_u64_counterfactual_mutant_1' (13928491) panicked at crates/bcinr-logic/src/algorithms/bit_permute_step_u64.rs:43:26:
attempt to shift right with overflow

thread 'algorithms::bit_permute_step_u64::tests::test_bit_permute_step_u64_counterfactual_mutant_1' (13928491) panicked at crates/bcinr-logic/src/algorithms/bit_permute_step_u64.rs:43:26:
attempt to shift right with overflow

thread 'algorithms::bit_permute_step_u64::tests::test_bit_permute_step_u64_counterfactual_mutant_1' (13928491) panicked at crates/bcinr-logic/src/algorithms/bit_permute_step_u64.rs:43:26:
attempt to shift right with overflow

thread 'algorithms::bit_permute_step_u64::tests::test_bit_permute_step_u64_counterfactual_mutant_1' (13928491) panicked at crates/bcinr-logic/src/algorithms/bit_permute_step_u64.rs:43:26:
attempt to shift right with overflow

thread 'algorithms::bit_permute_step_u64::tests::test_bit_permute_step_u64_counterfactual_mutant_1' (13928491) panicked at crates/bcinr-logic/src/algorithms/bit_permute_step_u64.rs:43:26:
attempt to shift right with overflow

thread 'algorithms::bit_permute_step_u64::tests::test_bit_permute_step_u64_counterfactual_mutant_1' (13928491) panicked at crates/bcinr-logic/src/algorithms/bit_permute_step_u64.rs:43:26:
attempt to shift right with overflow

thread 'algorithms::bit_permute_step_u64::tests::test_bit_permute_step_u64_counterfactual_mutant_1' (13928491) panicked at crates/bcinr-logic/src/algorithms/bit_permute_step_u64.rs:43:26:
attempt to shift right with overflow

thread 'algorithms::bit_permute_step_u64::tests::test_bit_permute_step_u64_counterfactual_mutant_1' (13928491) panicked at crates/bcinr-logic/src/algorithms/bit_permute_step_u64.rs:43:26:
attempt to shift right with overflow

thread 'algorithms::bit_permute_step_u64::tests::test_bit_permute_step_u64_counterfactual_mutant_1' (13928491) panicked at crates/bcinr-logic/src/algorithms/bit_permute_step_u64.rs:43:26:
attempt to shift right with overflow

thread 'algorithms::bit_permute_step_u64::tests::test_bit_permute_step_u64_counterfactual_mutant_1' (13928491) panicked at crates/bcinr-logic/src/algorithms/bit_permute_step_u64.rs:43:26:
attempt to shift right with overflow

thread 'algorithms::bit_permute_step_u64::tests::test_bit_permute_step_u64_counterfactual_mutant_1' (13928491) panicked at crates/bcinr-logic/src/algorithms/bit_permute_step_u64.rs:43:26:
attempt to shift right with overflow

thread 'algorithms::bit_permute_step_u64::tests::test_bit_permute_step_u64_counterfactual_mutant_1' (13928491) panicked at crates/bcinr-logic/src/algorithms/bit_permute_step_u64.rs:43:26:
attempt to shift right with overflow

thread 'algorithms::bit_permute_step_u64::tests::test_bit_permute_step_u64_counterfactual_mutant_1' (13928491) panicked at crates/bcinr-logic/src/algorithms/bit_permute_step_u64.rs:43:26:
attempt to shift right with overflow

thread 'algorithms::bit_permute_step_u64::tests::test_bit_permute_step_u64_counterfactual_mutant_1' (13928491) panicked at crates/bcinr-logic/src/algorithms/bit_permute_step_u64.rs:43:26:
attempt to shift right with overflow

thread 'algorithms::bit_permute_step_u64::tests::test_bit_permute_step_u64_counterfactual_mutant_1' (13928491) panicked at crates/bcinr-logic/src/algorithms/bit_permute_step_u64.rs:43:26:
attempt to shift right with overflow

thread 'algorithms::bit_permute_step_u64::tests::test_bit_permute_step_u64_counterfactual_mutant_1' (13928491) panicked at crates/bcinr-logic/src/algorithms/bit_permute_step_u64.rs:43:26:
attempt to shift right with overflow

thread 'algorithms::bit_permute_step_u64::tests::test_bit_permute_step_u64_counterfactual_mutant_1' (13928491) panicked at crates/bcinr-logic/src/algorithms/bit_permute_step_u64.rs:43:26:
attempt to shift right with overflow

thread 'algorithms::bit_permute_step_u64::tests::test_bit_permute_step_u64_counterfactual_mutant_1' (13928491) panicked at crates/bcinr-logic/src/algorithms/bit_permute_step_u64.rs:43:26:
attempt to shift right with overflow

thread 'algorithms::bit_permute_step_u64::tests::test_bit_permute_step_u64_counterfactual_mutant_1' (13928491) panicked at crates/bcinr-logic/src/algorithms/bit_permute_step_u64.rs:43:26:
attempt to shift right with overflow

thread 'algorithms::bit_permute_step_u64::tests::test_bit_permute_step_u64_counterfactual_mutant_1' (13928491) panicked at crates/bcinr-logic/src/algorithms/bit_permute_step_u64.rs:43:26:
attempt to shift right with overflow

thread 'algorithms::bit_permute_step_u64::tests::test_bit_permute_step_u64_counterfactual_mutant_1' (13928491) panicked at crates/bcinr-logic/src/algorithms/bit_permute_step_u64.rs:43:26:
attempt to shift right with overflow

thread 'algorithms::bit_permute_step_u64::tests::test_bit_permute_step_u64_counterfactual_mutant_1' (13928491) panicked at crates/bcinr-logic/src/algorithms/bit_permute_step_u64.rs:43:26:
attempt to shift right with overflow

thread 'algorithms::bit_permute_step_u64::tests::test_bit_permute_step_u64_counterfactual_mutant_1' (13928491) panicked at crates/bcinr-logic/src/algorithms/bit_permute_step_u64.rs:43:26:
attempt to shift right with overflow

thread 'algorithms::bit_permute_step_u64::tests::test_bit_permute_step_u64_counterfactual_mutant_1' (13928491) panicked at crates/bcinr-logic/src/algorithms/bit_permute_step_u64.rs:43:26:
attempt to shift right with overflow

thread 'algorithms::bit_permute_step_u64::tests::test_bit_permute_step_u64_counterfactual_mutant_1' (13928491) panicked at crates/bcinr-logic/src/algorithms/bit_permute_step_u64.rs:43:26:
attempt to shift right with overflow

thread 'algorithms::bit_permute_step_u64::tests::test_bit_permute_step_u64_counterfactual_mutant_1' (13928491) panicked at crates/bcinr-logic/src/algorithms/bit_permute_step_u64.rs:43:26:
attempt to shift right with overflow

thread 'algorithms::bit_permute_step_u64::tests::test_bit_permute_step_u64_counterfactual_mutant_1' (13928491) panicked at crates/bcinr-logic/src/algorithms/bit_permute_step_u64.rs:43:26:
attempt to shift right with overflow

thread 'algorithms::bit_permute_step_u64::tests::test_bit_permute_step_u64_counterfactual_mutant_1' (13928491) panicked at crates/bcinr-logic/src/algorithms/bit_permute_step_u64.rs:43:26:
attempt to shift right with overflow

thread 'algorithms::bit_permute_step_u64::tests::test_bit_permute_step_u64_counterfactual_mutant_1' (13928491) panicked at crates/bcinr-logic/src/algorithms/bit_permute_step_u64.rs:43:26:
attempt to shift right with overflow

thread 'algorithms::bit_permute_step_u64::tests::test_bit_permute_step_u64_counterfactual_mutant_1' (13928491) panicked at crates/bcinr-logic/src/algorithms/bit_permute_step_u64.rs:43:26:
attempt to shift right with overflow

thread 'algorithms::bit_permute_step_u64::tests::test_bit_permute_step_u64_counterfactual_mutant_1' (13928491) panicked at crates/bcinr-logic/src/algorithms/bit_permute_step_u64.rs:43:26:
attempt to shift right with overflow

thread 'algorithms::bit_permute_step_u64::tests::test_bit_permute_step_u64_counterfactual_mutant_1' (13928491) panicked at crates/bcinr-logic/src/algorithms/bit_permute_step_u64.rs:43:26:
attempt to shift right with overflow

thread 'algorithms::bit_permute_step_u64::tests::test_bit_permute_step_u64_counterfactual_mutant_1' (13928491) panicked at crates/bcinr-logic/src/algorithms/bit_permute_step_u64.rs:43:26:
attempt to shift right with overflow

thread 'algorithms::bit_permute_step_u64::tests::test_bit_permute_step_u64_counterfactual_mutant_1' (13928491) panicked at crates/bcinr-logic/src/algorithms/bit_permute_step_u64.rs:43:26:
attempt to shift right with overflow

thread 'algorithms::bit_permute_step_u64::tests::test_bit_permute_step_u64_counterfactual_mutant_1' (13928491) panicked at crates/bcinr-logic/src/algorithms/bit_permute_step_u64.rs:43:26:
attempt to shift right with overflow

thread 'algorithms::bit_permute_step_u64::tests::test_bit_permute_step_u64_counterfactual_mutant_1' (13928491) panicked at crates/bcinr-logic/src/algorithms/bit_permute_step_u64.rs:43:26:
attempt to shift right with overflow

thread 'algorithms::bit_permute_step_u64::tests::test_bit_permute_step_u64_counterfactual_mutant_1' (13928491) panicked at crates/bcinr-logic/src/algorithms/bit_permute_step_u64.rs:43:26:
attempt to shift right with overflow

thread 'algorithms::bit_permute_step_u64::tests::test_bit_permute_step_u64_counterfactual_mutant_1' (13928491) panicked at crates/bcinr-logic/src/algorithms/bit_permute_step_u64.rs:43:26:
attempt to shift right with overflow

thread 'algorithms::bit_permute_step_u64::tests::test_bit_permute_step_u64_counterfactual_mutant_1' (13928491) panicked at crates/bcinr-logic/src/algorithms/bit_permute_step_u64.rs:43:26:
attempt to shift right with overflow

thread 'algorithms::bit_permute_step_u64::tests::test_bit_permute_step_u64_counterfactual_mutant_1' (13928491) panicked at crates/bcinr-logic/src/algorithms/bit_permute_step_u64.rs:43:26:
attempt to shift right with overflow

thread 'algorithms::bit_permute_step_u64::tests::test_bit_permute_step_u64_counterfactual_mutant_1' (13928491) panicked at crates/bcinr-logic/src/algorithms/bit_permute_step_u64.rs:43:26:
attempt to shift right with overflow

thread 'algorithms::bit_permute_step_u64::tests::test_bit_permute_step_u64_counterfactual_mutant_1' (13928491) panicked at crates/bcinr-logic/src/algorithms/bit_permute_step_u64.rs:43:26:
attempt to shift right with overflow

thread 'algorithms::bit_permute_step_u64::tests::test_bit_permute_step_u64_counterfactual_mutant_1' (13928491) panicked at crates/bcinr-logic/src/algorithms/bit_permute_step_u64.rs:43:26:
attempt to shift right with overflow

thread 'algorithms::bit_permute_step_u64::tests::test_bit_permute_step_u64_counterfactual_mutant_1' (13928491) panicked at crates/bcinr-logic/src/algorithms/bit_permute_step_u64.rs:43:26:
attempt to shift right with overflow

thread 'algorithms::bit_permute_step_u64::tests::test_bit_permute_step_u64_counterfactual_mutant_1' (13928491) panicked at crates/bcinr-logic/src/algorithms/bit_permute_step_u64.rs:43:26:
attempt to shift right with overflow

thread 'algorithms::bit_permute_step_u64::tests::test_bit_permute_step_u64_counterfactual_mutant_1' (13928491) panicked at crates/bcinr-logic/src/algorithms/bit_permute_step_u64.rs:43:26:
attempt to shift right with overflow

thread 'algorithms::bit_permute_step_u64::tests::test_bit_permute_step_u64_counterfactual_mutant_1' (13928491) panicked at crates/bcinr-logic/src/algorithms/bit_permute_step_u64.rs:43:26:
attempt to shift right with overflow

thread 'algorithms::bit_permute_step_u64::tests::test_bit_permute_step_u64_counterfactual_mutant_1' (13928491) panicked at crates/bcinr-logic/src/algorithms/bit_permute_step_u64.rs:43:26:
attempt to shift right with overflow

thread 'algorithms::bit_permute_step_u64::tests::test_bit_permute_step_u64_counterfactual_mutant_1' (13928491) panicked at crates/bcinr-logic/src/algorithms/bit_permute_step_u64.rs:43:26:
attempt to shift right with overflow

thread 'algorithms::bit_permute_step_u64::tests::test_bit_permute_step_u64_counterfactual_mutant_1' (13928491) panicked at crates/bcinr-logic/src/algorithms/bit_permute_step_u64.rs:43:26:
attempt to shift right with overflow

thread 'algorithms::bit_permute_step_u64::tests::test_bit_permute_step_u64_counterfactual_mutant_1' (13928491) panicked at crates/bcinr-logic/src/algorithms/bit_permute_step_u64.rs:43:26:
attempt to shift right with overflow

thread 'algorithms::bit_permute_step_u64::tests::test_bit_permute_step_u64_counterfactual_mutant_1' (13928491) panicked at crates/bcinr-logic/src/algorithms/bit_permute_step_u64.rs:43:26:
attempt to shift right with overflow

thread 'algorithms::bit_permute_step_u64::tests::test_bit_permute_step_u64_counterfactual_mutant_1' (13928491) panicked at crates/bcinr-logic/src/algorithms/bit_permute_step_u64.rs:43:26:
attempt to shift right with overflow

thread 'algorithms::bit_permute_step_u64::tests::test_bit_permute_step_u64_counterfactual_mutant_1' (13928491) panicked at crates/bcinr-logic/src/algorithms/bit_permute_step_u64.rs:43:26:
attempt to shift right with overflow

thread 'algorithms::bit_permute_step_u64::tests::test_bit_permute_step_u64_counterfactual_mutant_1' (13928491) panicked at crates/bcinr-logic/src/algorithms/bit_permute_step_u64.rs:43:26:
attempt to shift right with overflow

thread 'algorithms::bit_permute_step_u64::tests::test_bit_permute_step_u64_counterfactual_mutant_1' (13928491) panicked at crates/bcinr-logic/src/algorithms/bit_permute_step_u64.rs:43:26:
attempt to shift right with overflow

thread 'algorithms::bit_permute_step_u64::tests::test_bit_permute_step_u64_counterfactual_mutant_1' (13928491) panicked at crates/bcinr-logic/src/algorithms/bit_permute_step_u64.rs:43:26:
attempt to shift right with overflow

thread 'algorithms::bit_permute_step_u64::tests::test_bit_permute_step_u64_counterfactual_mutant_1' (13928491) panicked at crates/bcinr-logic/src/algorithms/bit_permute_step_u64.rs:43:26:
attempt to shift right with overflow

thread 'algorithms::bit_permute_step_u64::tests::test_bit_permute_step_u64_counterfactual_mutant_1' (13928491) panicked at crates/bcinr-logic/src/algorithms/bit_permute_step_u64.rs:43:26:
attempt to shift right with overflow

thread 'algorithms::bit_permute_step_u64::tests::test_bit_permute_step_u64_counterfactual_mutant_1' (13928491) panicked at crates/bcinr-logic/src/algorithms/bit_permute_step_u64.rs:43:26:
attempt to shift right with overflow

thread 'algorithms::bit_permute_step_u64::tests::test_bit_permute_step_u64_counterfactual_mutant_1' (13928491) panicked at crates/bcinr-logic/src/algorithms/bit_permute_step_u64.rs:43:26:
attempt to shift right with overflow

thread 'algorithms::bit_permute_step_u64::tests::test_bit_permute_step_u64_counterfactual_mutant_1' (13928491) panicked at crates/bcinr-logic/src/algorithms/bit_permute_step_u64.rs:43:26:
attempt to shift right with overflow

thread 'algorithms::bit_permute_step_u64::tests::test_bit_permute_step_u64_counterfactual_mutant_1' (13928491) panicked at crates/bcinr-logic/src/algorithms/bit_permute_step_u64.rs:43:26:
attempt to shift right with overflow

thread 'algorithms::bit_permute_step_u64::tests::test_bit_permute_step_u64_counterfactual_mutant_1' (13928491) panicked at crates/bcinr-logic/src/algorithms/bit_permute_step_u64.rs:43:26:
attempt to shift right with overflow

thread 'algorithms::bit_permute_step_u64::tests::test_bit_permute_step_u64_counterfactual_mutant_1' (13928491) panicked at crates/bcinr-logic/src/algorithms/bit_permute_step_u64.rs:43:26:
attempt to shift right with overflow

thread 'algorithms::bit_permute_step_u64::tests::test_bit_permute_step_u64_counterfactual_mutant_1' (13928491) panicked at crates/bcinr-logic/src/algorithms/bit_permute_step_u64.rs:43:26:
attempt to shift right with overflow

thread 'algorithms::bit_permute_step_u64::tests::test_bit_permute_step_u64_counterfactual_mutant_1' (13928491) panicked at crates/bcinr-logic/src/algorithms/bit_permute_step_u64.rs:43:26:
attempt to shift right with overflow

thread 'algorithms::bit_permute_step_u64::tests::test_bit_permute_step_u64_counterfactual_mutant_1' (13928491) panicked at crates/bcinr-logic/src/algorithms/bit_permute_step_u64.rs:43:26:
attempt to shift right with overflow

thread 'algorithms::bit_permute_step_u64::tests::test_bit_permute_step_u64_counterfactual_mutant_1' (13928491) panicked at crates/bcinr-logic/src/algorithms/bit_permute_step_u64.rs:43:26:
attempt to shift right with overflow

thread 'algorithms::bit_permute_step_u64::tests::test_bit_permute_step_u64_counterfactual_mutant_1' (13928491) panicked at crates/bcinr-logic/src/algorithms/bit_permute_step_u64.rs:43:26:
attempt to shift right with overflow

thread 'algorithms::bit_permute_step_u64::tests::test_bit_permute_step_u64_counterfactual_mutant_1' (13928491) panicked at crates/bcinr-logic/src/algorithms/bit_permute_step_u64.rs:43:26:
attempt to shift right with overflow

thread 'algorithms::bit_permute_step_u64::tests::test_bit_permute_step_u64_counterfactual_mutant_1' (13928491) panicked at crates/bcinr-logic/src/algorithms/bit_permute_step_u64.rs:43:26:
attempt to shift right with overflow

thread 'algorithms::bit_permute_step_u64::tests::test_bit_permute_step_u64_counterfactual_mutant_1' (13928491) panicked at crates/bcinr-logic/src/algorithms/bit_permute_step_u64.rs:43:26:
attempt to shift right with overflow

thread 'algorithms::bit_permute_step_u64::tests::test_bit_permute_step_u64_counterfactual_mutant_1' (13928491) panicked at crates/bcinr-logic/src/algorithms/bit_permute_step_u64.rs:43:26:
attempt to shift right with overflow

thread 'algorithms::bit_permute_step_u64::tests::test_bit_permute_step_u64_counterfactual_mutant_1' (13928491) panicked at crates/bcinr-logic/src/algorithms/bit_permute_step_u64.rs:43:26:
attempt to shift right with overflow

thread 'algorithms::bit_permute_step_u64::tests::test_bit_permute_step_u64_counterfactual_mutant_1' (13928491) panicked at crates/bcinr-logic/src/algorithms/bit_permute_step_u64.rs:43:26:
attempt to shift right with overflow

thread 'algorithms::bit_permute_step_u64::tests::test_bit_permute_step_u64_counterfactual_mutant_1' (13928491) panicked at crates/bcinr-logic/src/algorithms/bit_permute_step_u64.rs:43:26:
attempt to shift right with overflow

thread 'algorithms::bit_permute_step_u64::tests::test_bit_permute_step_u64_counterfactual_mutant_1' (13928491) panicked at crates/bcinr-logic/src/algorithms/bit_permute_step_u64.rs:63:5:
Test failed: attempt to shift right with overflow.
minimal failing input: val = 0, aux = 143881404416
	successes: 0
	local rejects: 0
	global rejects: 0


---- algorithms::bit_permute_step_u64::tests::test_bit_permute_step_u64_counterfactual_mutant_2 stdout ----

thread 'algorithms::bit_permute_step_u64::tests::test_bit_permute_step_u64_counterfactual_mutant_2' (13928492) panicked at crates/bcinr-logic/src/algorithms/bit_permute_step_u64.rs:43:26:
attempt to shift right with overflow

thread 'algorithms::bit_permute_step_u64::tests::test_bit_permute_step_u64_counterfactual_mutant_2' (13928492) panicked at crates/bcinr-logic/src/algorithms/bit_permute_step_u64.rs:43:26:
attempt to shift right with overflow

thread 'algorithms::bit_permute_step_u64::tests::test_bit_permute_step_u64_counterfactual_mutant_2' (13928492) panicked at crates/bcinr-logic/src/algorithms/bit_permute_step_u64.rs:43:26:
attempt to shift right with overflow

thread 'algorithms::bit_permute_step_u64::tests::test_bit_permute_step_u64_counterfactual_mutant_2' (13928492) panicked at crates/bcinr-logic/src/algorithms/bit_permute_step_u64.rs:43:26:
attempt to shift right with overflow

thread 'algorithms::bit_permute_step_u64::tests::test_bit_permute_step_u64_counterfactual_mutant_2' (13928492) panicked at crates/bcinr-logic/src/algorithms/bit_permute_step_u64.rs:43:26:
attempt to shift right with overflow

thread 'algorithms::bit_permute_step_u64::tests::test_bit_permute_step_u64_counterfactual_mutant_2' (13928492) panicked at crates/bcinr-logic/src/algorithms/bit_permute_step_u64.rs:43:26:
attempt to shift right with overflow

thread 'algorithms::bit_permute_step_u64::tests::test_bit_permute_step_u64_counterfactual_mutant_2' (13928492) panicked at crates/bcinr-logic/src/algorithms/bit_permute_step_u64.rs:43:26:
attempt to shift right with overflow

thread 'algorithms::bit_permute_step_u64::tests::test_bit_permute_step_u64_counterfactual_mutant_2' (13928492) panicked at crates/bcinr-logic/src/algorithms/bit_permute_step_u64.rs:43:26:
attempt to shift right with overflow

thread 'algorithms::bit_permute_step_u64::tests::test_bit_permute_step_u64_counterfactual_mutant_2' (13928492) panicked at crates/bcinr-logic/src/algorithms/bit_permute_step_u64.rs:43:26:
attempt to shift right with overflow

thread 'algorithms::bit_permute_step_u64::tests::test_bit_permute_step_u64_counterfactual_mutant_2' (13928492) panicked at crates/bcinr-logic/src/algorithms/bit_permute_step_u64.rs:43:26:
attempt to shift right with overflow

thread 'algorithms::bit_permute_step_u64::tests::test_bit_permute_step_u64_counterfactual_mutant_2' (13928492) panicked at crates/bcinr-logic/src/algorithms/bit_permute_step_u64.rs:43:26:
attempt to shift right with overflow

thread 'algorithms::bit_permute_step_u64::tests::test_bit_permute_step_u64_counterfactual_mutant_2' (13928492) panicked at crates/bcinr-logic/src/algorithms/bit_permute_step_u64.rs:43:26:
attempt to shift right with overflow

thread 'algorithms::bit_permute_step_u64::tests::test_bit_permute_step_u64_counterfactual_mutant_2' (13928492) panicked at crates/bcinr-logic/src/algorithms/bit_permute_step_u64.rs:43:26:
attempt to shift right with overflow

thread 'algorithms::bit_permute_step_u64::tests::test_bit_permute_step_u64_counterfactual_mutant_2' (13928492) panicked at crates/bcinr-logic/src/algorithms/bit_permute_step_u64.rs:43:26:
attempt to shift right with overflow

thread 'algorithms::bit_permute_step_u64::tests::test_bit_permute_step_u64_counterfactual_mutant_2' (13928492) panicked at crates/bcinr-logic/src/algorithms/bit_permute_step_u64.rs:43:26:
attempt to shift right with overflow

thread 'algorithms::bit_permute_step_u64::tests::test_bit_permute_step_u64_counterfactual_mutant_2' (13928492) panicked at crates/bcinr-logic/src/algorithms/bit_permute_step_u64.rs:43:26:
attempt to shift right with overflow

thread 'algorithms::bit_permute_step_u64::tests::test_bit_permute_step_u64_counterfactual_mutant_2' (13928492) panicked at crates/bcinr-logic/src/algorithms/bit_permute_step_u64.rs:43:26:
attempt to shift right with overflow

thread 'algorithms::bit_permute_step_u64::tests::test_bit_permute_step_u64_counterfactual_mutant_2' (13928492) panicked at crates/bcinr-logic/src/algorithms/bit_permute_step_u64.rs:43:26:
attempt to shift right with overflow

thread 'algorithms::bit_permute_step_u64::tests::test_bit_permute_step_u64_counterfactual_mutant_2' (13928492) panicked at crates/bcinr-logic/src/algorithms/bit_permute_step_u64.rs:43:26:
attempt to shift right with overflow

thread 'algorithms::bit_permute_step_u64::tests::test_bit_permute_step_u64_counterfactual_mutant_2' (13928492) panicked at crates/bcinr-logic/src/algorithms/bit_permute_step_u64.rs:43:26:
attempt to shift right with overflow

thread 'algorithms::bit_permute_step_u64::tests::test_bit_permute_step_u64_counterfactual_mutant_2' (13928492) panicked at crates/bcinr-logic/src/algorithms/bit_permute_step_u64.rs:43:26:
attempt to shift right with overflow

thread 'algorithms::bit_permute_step_u64::tests::test_bit_permute_step_u64_counterfactual_mutant_2' (13928492) panicked at crates/bcinr-logic/src/algorithms/bit_permute_step_u64.rs:43:26:
attempt to shift right with overflow

thread 'algorithms::bit_permute_step_u64::tests::test_bit_permute_step_u64_counterfactual_mutant_2' (13928492) panicked at crates/bcinr-logic/src/algorithms/bit_permute_step_u64.rs:43:26:
attempt to shift right with overflow

thread 'algorithms::bit_permute_step_u64::tests::test_bit_permute_step_u64_counterfactual_mutant_2' (13928492) panicked at crates/bcinr-logic/src/algorithms/bit_permute_step_u64.rs:43:26:
attempt to shift right with overflow

thread 'algorithms::bit_permute_step_u64::tests::test_bit_permute_step_u64_counterfactual_mutant_2' (13928492) panicked at crates/bcinr-logic/src/algorithms/bit_permute_step_u64.rs:43:26:
attempt to shift right with overflow

thread 'algorithms::bit_permute_step_u64::tests::test_bit_permute_step_u64_counterfactual_mutant_2' (13928492) panicked at crates/bcinr-logic/src/algorithms/bit_permute_step_u64.rs:43:26:
attempt to shift right with overflow

thread 'algorithms::bit_permute_step_u64::tests::test_bit_permute_step_u64_counterfactual_mutant_2' (13928492) panicked at crates/bcinr-logic/src/algorithms/bit_permute_step_u64.rs:43:26:
attempt to shift right with overflow

thread 'algorithms::bit_permute_step_u64::tests::test_bit_permute_step_u64_counterfactual_mutant_2' (13928492) panicked at crates/bcinr-logic/src/algorithms/bit_permute_step_u64.rs:43:26:
attempt to shift right with overflow

thread 'algorithms::bit_permute_step_u64::tests::test_bit_permute_step_u64_counterfactual_mutant_2' (13928492) panicked at crates/bcinr-logic/src/algorithms/bit_permute_step_u64.rs:43:26:
attempt to shift right with overflow

thread 'algorithms::bit_permute_step_u64::tests::test_bit_permute_step_u64_counterfactual_mutant_2' (13928492) panicked at crates/bcinr-logic/src/algorithms/bit_permute_step_u64.rs:43:26:
attempt to shift right with overflow

thread 'algorithms::bit_permute_step_u64::tests::test_bit_permute_step_u64_counterfactual_mutant_2' (13928492) panicked at crates/bcinr-logic/src/algorithms/bit_permute_step_u64.rs:43:26:
attempt to shift right with overflow

thread 'algorithms::bit_permute_step_u64::tests::test_bit_permute_step_u64_counterfactual_mutant_2' (13928492) panicked at crates/bcinr-logic/src/algorithms/bit_permute_step_u64.rs:43:26:
attempt to shift right with overflow

thread 'algorithms::bit_permute_step_u64::tests::test_bit_permute_step_u64_counterfactual_mutant_2' (13928492) panicked at crates/bcinr-logic/src/algorithms/bit_permute_step_u64.rs:43:26:
attempt to shift right with overflow

thread 'algorithms::bit_permute_step_u64::tests::test_bit_permute_step_u64_counterfactual_mutant_2' (13928492) panicked at crates/bcinr-logic/src/algorithms/bit_permute_step_u64.rs:43:26:
attempt to shift right with overflow

thread 'algorithms::bit_permute_step_u64::tests::test_bit_permute_step_u64_counterfactual_mutant_2' (13928492) panicked at crates/bcinr-logic/src/algorithms/bit_permute_step_u64.rs:43:26:
attempt to shift right with overflow

thread 'algorithms::bit_permute_step_u64::tests::test_bit_permute_step_u64_counterfactual_mutant_2' (13928492) panicked at crates/bcinr-logic/src/algorithms/bit_permute_step_u64.rs:43:26:
attempt to shift right with overflow

thread 'algorithms::bit_permute_step_u64::tests::test_bit_permute_step_u64_counterfactual_mutant_2' (13928492) panicked at crates/bcinr-logic/src/algorithms/bit_permute_step_u64.rs:43:26:
attempt to shift right with overflow

thread 'algorithms::bit_permute_step_u64::tests::test_bit_permute_step_u64_counterfactual_mutant_2' (13928492) panicked at crates/bcinr-logic/src/algorithms/bit_permute_step_u64.rs:43:26:
attempt to shift right with overflow

thread 'algorithms::bit_permute_step_u64::tests::test_bit_permute_step_u64_counterfactual_mutant_2' (13928492) panicked at crates/bcinr-logic/src/algorithms/bit_permute_step_u64.rs:43:26:
attempt to shift right with overflow

thread 'algorithms::bit_permute_step_u64::tests::test_bit_permute_step_u64_counterfactual_mutant_2' (13928492) panicked at crates/bcinr-logic/src/algorithms/bit_permute_step_u64.rs:43:26:
attempt to shift right with overflow

thread 'algorithms::bit_permute_step_u64::tests::test_bit_permute_step_u64_counterfactual_mutant_2' (13928492) panicked at crates/bcinr-logic/src/algorithms/bit_permute_step_u64.rs:43:26:
attempt to shift right with overflow

thread 'algorithms::bit_permute_step_u64::tests::test_bit_permute_step_u64_counterfactual_mutant_2' (13928492) panicked at crates/bcinr-logic/src/algorithms/bit_permute_step_u64.rs:43:26:
attempt to shift right with overflow

thread 'algorithms::bit_permute_step_u64::tests::test_bit_permute_step_u64_counterfactual_mutant_2' (13928492) panicked at crates/bcinr-logic/src/algorithms/bit_permute_step_u64.rs:43:26:
attempt to shift right with overflow

thread 'algorithms::bit_permute_step_u64::tests::test_bit_permute_step_u64_counterfactual_mutant_2' (13928492) panicked at crates/bcinr-logic/src/algorithms/bit_permute_step_u64.rs:43:26:
attempt to shift right with overflow

thread 'algorithms::bit_permute_step_u64::tests::test_bit_permute_step_u64_counterfactual_mutant_2' (13928492) panicked at crates/bcinr-logic/src/algorithms/bit_permute_step_u64.rs:43:26:
attempt to shift right with overflow

thread 'algorithms::bit_permute_step_u64::tests::test_bit_permute_step_u64_counterfactual_mutant_2' (13928492) panicked at crates/bcinr-logic/src/algorithms/bit_permute_step_u64.rs:43:26:
attempt to shift right with overflow

thread 'algorithms::bit_permute_step_u64::tests::test_bit_permute_step_u64_counterfactual_mutant_2' (13928492) panicked at crates/bcinr-logic/src/algorithms/bit_permute_step_u64.rs:43:26:
attempt to shift right with overflow

thread 'algorithms::bit_permute_step_u64::tests::test_bit_permute_step_u64_counterfactual_mutant_2' (13928492) panicked at crates/bcinr-logic/src/algorithms/bit_permute_step_u64.rs:43:26:
attempt to shift right with overflow

thread 'algorithms::bit_permute_step_u64::tests::test_bit_permute_step_u64_counterfactual_mutant_2' (13928492) panicked at crates/bcinr-logic/src/algorithms/bit_permute_step_u64.rs:43:26:
attempt to shift right with overflow

thread 'algorithms::bit_permute_step_u64::tests::test_bit_permute_step_u64_counterfactual_mutant_2' (13928492) panicked at crates/bcinr-logic/src/algorithms/bit_permute_step_u64.rs:43:26:
attempt to shift right with overflow

thread 'algorithms::bit_permute_step_u64::tests::test_bit_permute_step_u64_counterfactual_mutant_2' (13928492) panicked at crates/bcinr-logic/src/algorithms/bit_permute_step_u64.rs:43:26:
attempt to shift right with overflow

thread 'algorithms::bit_permute_step_u64::tests::test_bit_permute_step_u64_counterfactual_mutant_2' (13928492) panicked at crates/bcinr-logic/src/algorithms/bit_permute_step_u64.rs:43:26:
attempt to shift right with overflow

thread 'algorithms::bit_permute_step_u64::tests::test_bit_permute_step_u64_counterfactual_mutant_2' (13928492) panicked at crates/bcinr-logic/src/algorithms/bit_permute_step_u64.rs:43:26:
attempt to shift right with overflow

thread 'algorithms::bit_permute_step_u64::tests::test_bit_permute_step_u64_counterfactual_mutant_2' (13928492) panicked at crates/bcinr-logic/src/algorithms/bit_permute_step_u64.rs:43:26:
attempt to shift right with overflow

thread 'algorithms::bit_permute_step_u64::tests::test_bit_permute_step_u64_counterfactual_mutant_2' (13928492) panicked at crates/bcinr-logic/src/algorithms/bit_permute_step_u64.rs:43:26:
attempt to shift right with overflow

thread 'algorithms::bit_permute_step_u64::tests::test_bit_permute_step_u64_counterfactual_mutant_2' (13928492) panicked at crates/bcinr-logic/src/algorithms/bit_permute_step_u64.rs:43:26:
attempt to shift right with overflow

thread 'algorithms::bit_permute_step_u64::tests::test_bit_permute_step_u64_counterfactual_mutant_2' (13928492) panicked at crates/bcinr-logic/src/algorithms/bit_permute_step_u64.rs:43:26:
attempt to shift right with overflow

thread 'algorithms::bit_permute_step_u64::tests::test_bit_permute_step_u64_counterfactual_mutant_2' (13928492) panicked at crates/bcinr-logic/src/algorithms/bit_permute_step_u64.rs:43:26:
attempt to shift right with overflow

thread 'algorithms::bit_permute_step_u64::tests::test_bit_permute_step_u64_counterfactual_mutant_2' (13928492) panicked at crates/bcinr-logic/src/algorithms/bit_permute_step_u64.rs:43:26:
attempt to shift right with overflow

thread 'algorithms::bit_permute_step_u64::tests::test_bit_permute_step_u64_counterfactual_mutant_2' (13928492) panicked at crates/bcinr-logic/src/algorithms/bit_permute_step_u64.rs:43:26:
attempt to shift right with overflow

thread 'algorithms::bit_permute_step_u64::tests::test_bit_permute_step_u64_counterfactual_mutant_2' (13928492) panicked at crates/bcinr-logic/src/algorithms/bit_permute_step_u64.rs:43:26:
attempt to shift right with overflow

thread 'algorithms::bit_permute_step_u64::tests::test_bit_permute_step_u64_counterfactual_mutant_2' (13928492) panicked at crates/bcinr-logic/src/algorithms/bit_permute_step_u64.rs:43:26:
attempt to shift right with overflow

thread 'algorithms::bit_permute_step_u64::tests::test_bit_permute_step_u64_counterfactual_mutant_2' (13928492) panicked at crates/bcinr-logic/src/algorithms/bit_permute_step_u64.rs:43:26:
attempt to shift right with overflow

thread 'algorithms::bit_permute_step_u64::tests::test_bit_permute_step_u64_counterfactual_mutant_2' (13928492) panicked at crates/bcinr-logic/src/algorithms/bit_permute_step_u64.rs:43:26:
attempt to shift right with overflow

thread 'algorithms::bit_permute_step_u64::tests::test_bit_permute_step_u64_counterfactual_mutant_2' (13928492) panicked at crates/bcinr-logic/src/algorithms/bit_permute_step_u64.rs:43:26:
attempt to shift right with overflow

thread 'algorithms::bit_permute_step_u64::tests::test_bit_permute_step_u64_counterfactual_mutant_2' (13928492) panicked at crates/bcinr-logic/src/algorithms/bit_permute_step_u64.rs:43:26:
attempt to shift right with overflow

thread 'algorithms::bit_permute_step_u64::tests::test_bit_permute_step_u64_counterfactual_mutant_2' (13928492) panicked at crates/bcinr-logic/src/algorithms/bit_permute_step_u64.rs:43:26:
attempt to shift right with overflow

thread 'algorithms::bit_permute_step_u64::tests::test_bit_permute_step_u64_counterfactual_mutant_2' (13928492) panicked at crates/bcinr-logic/src/algorithms/bit_permute_step_u64.rs:43:26:
attempt to shift right with overflow

thread 'algorithms::bit_permute_step_u64::tests::test_bit_permute_step_u64_counterfactual_mutant_2' (13928492) panicked at crates/bcinr-logic/src/algorithms/bit_permute_step_u64.rs:43:26:
attempt to shift right with overflow

thread 'algorithms::bit_permute_step_u64::tests::test_bit_permute_step_u64_counterfactual_mutant_2' (13928492) panicked at crates/bcinr-logic/src/algorithms/bit_permute_step_u64.rs:43:26:
attempt to shift right with overflow

thread 'algorithms::bit_permute_step_u64::tests::test_bit_permute_step_u64_counterfactual_mutant_2' (13928492) panicked at crates/bcinr-logic/src/algorithms/bit_permute_step_u64.rs:43:26:
attempt to shift right with overflow

thread 'algorithms::bit_permute_step_u64::tests::test_bit_permute_step_u64_counterfactual_mutant_2' (13928492) panicked at crates/bcinr-logic/src/algorithms/bit_permute_step_u64.rs:43:26:
attempt to shift right with overflow

thread 'algorithms::bit_permute_step_u64::tests::test_bit_permute_step_u64_counterfactual_mutant_2' (13928492) panicked at crates/bcinr-logic/src/algorithms/bit_permute_step_u64.rs:43:26:
attempt to shift right with overflow

thread 'algorithms::bit_permute_step_u64::tests::test_bit_permute_step_u64_counterfactual_mutant_2' (13928492) panicked at crates/bcinr-logic/src/algorithms/bit_permute_step_u64.rs:43:26:
attempt to shift right with overflow

thread 'algorithms::bit_permute_step_u64::tests::test_bit_permute_step_u64_counterfactual_mutant_2' (13928492) panicked at crates/bcinr-logic/src/algorithms/bit_permute_step_u64.rs:43:26:
attempt to shift right with overflow

thread 'algorithms::bit_permute_step_u64::tests::test_bit_permute_step_u64_counterfactual_mutant_2' (13928492) panicked at crates/bcinr-logic/src/algorithms/bit_permute_step_u64.rs:43:26:
attempt to shift right with overflow

thread 'algorithms::bit_permute_step_u64::tests::test_bit_permute_step_u64_counterfactual_mutant_2' (13928492) panicked at crates/bcinr-logic/src/algorithms/bit_permute_step_u64.rs:43:26:
attempt to shift right with overflow

thread 'algorithms::bit_permute_step_u64::tests::test_bit_permute_step_u64_counterfactual_mutant_2' (13928492) panicked at crates/bcinr-logic/src/algorithms/bit_permute_step_u64.rs:43:26:
attempt to shift right with overflow

thread 'algorithms::bit_permute_step_u64::tests::test_bit_permute_step_u64_counterfactual_mutant_2' (13928492) panicked at crates/bcinr-logic/src/algorithms/bit_permute_step_u64.rs:43:26:
attempt to shift right with overflow

thread 'algorithms::bit_permute_step_u64::tests::test_bit_permute_step_u64_counterfactual_mutant_2' (13928492) panicked at crates/bcinr-logic/src/algorithms/bit_permute_step_u64.rs:43:26:
attempt to shift right with overflow

thread 'algorithms::bit_permute_step_u64::tests::test_bit_permute_step_u64_counterfactual_mutant_2' (13928492) panicked at crates/bcinr-logic/src/algorithms/bit_permute_step_u64.rs:43:26:
attempt to shift right with overflow

thread 'algorithms::bit_permute_step_u64::tests::test_bit_permute_step_u64_counterfactual_mutant_2' (13928492) panicked at crates/bcinr-logic/src/algorithms/bit_permute_step_u64.rs:43:26:
attempt to shift right with overflow

thread 'algorithms::bit_permute_step_u64::tests::test_bit_permute_step_u64_counterfactual_mutant_2' (13928492) panicked at crates/bcinr-logic/src/algorithms/bit_permute_step_u64.rs:43:26:
attempt to shift right with overflow

thread 'algorithms::bit_permute_step_u64::tests::test_bit_permute_step_u64_counterfactual_mutant_2' (13928492) panicked at crates/bcinr-logic/src/algorithms/bit_permute_step_u64.rs:43:26:
attempt to shift right with overflow

thread 'algorithms::bit_permute_step_u64::tests::test_bit_permute_step_u64_counterfactual_mutant_2' (13928492) panicked at crates/bcinr-logic/src/algorithms/bit_permute_step_u64.rs:43:26:
attempt to shift right with overflow

thread 'algorithms::bit_permute_step_u64::tests::test_bit_permute_step_u64_counterfactual_mutant_2' (13928492) panicked at crates/bcinr-logic/src/algorithms/bit_permute_step_u64.rs:43:26:
attempt to shift right with overflow

thread 'algorithms::bit_permute_step_u64::tests::test_bit_permute_step_u64_counterfactual_mutant_2' (13928492) panicked at crates/bcinr-logic/src/algorithms/bit_permute_step_u64.rs:43:26:
attempt to shift right with overflow

thread 'algorithms::bit_permute_step_u64::tests::test_bit_permute_step_u64_counterfactual_mutant_2' (13928492) panicked at crates/bcinr-logic/src/algorithms/bit_permute_step_u64.rs:43:26:
attempt to shift right with overflow

thread 'algorithms::bit_permute_step_u64::tests::test_bit_permute_step_u64_counterfactual_mutant_2' (13928492) panicked at crates/bcinr-logic/src/algorithms/bit_permute_step_u64.rs:43:26:
attempt to shift right with overflow

thread 'algorithms::bit_permute_step_u64::tests::test_bit_permute_step_u64_counterfactual_mutant_2' (13928492) panicked at crates/bcinr-logic/src/algorithms/bit_permute_step_u64.rs:43:26:
attempt to shift right with overflow

thread 'algorithms::bit_permute_step_u64::tests::test_bit_permute_step_u64_counterfactual_mutant_2' (13928492) panicked at crates/bcinr-logic/src/algorithms/bit_permute_step_u64.rs:43:26:
attempt to shift right with overflow

thread 'algorithms::bit_permute_step_u64::tests::test_bit_permute_step_u64_counterfactual_mutant_2' (13928492) panicked at crates/bcinr-logic/src/algorithms/bit_permute_step_u64.rs:43:26:
attempt to shift right with overflow

thread 'algorithms::bit_permute_step_u64::tests::test_bit_permute_step_u64_counterfactual_mutant_2' (13928492) panicked at crates/bcinr-logic/src/algorithms/bit_permute_step_u64.rs:43:26:
attempt to shift right with overflow

thread 'algorithms::bit_permute_step_u64::tests::test_bit_permute_step_u64_counterfactual_mutant_2' (13928492) panicked at crates/bcinr-logic/src/algorithms/bit_permute_step_u64.rs:43:26:
attempt to shift right with overflow

thread 'algorithms::bit_permute_step_u64::tests::test_bit_permute_step_u64_counterfactual_mutant_2' (13928492) panicked at crates/bcinr-logic/src/algorithms/bit_permute_step_u64.rs:43:26:
attempt to shift right with overflow

thread 'algorithms::bit_permute_step_u64::tests::test_bit_permute_step_u64_counterfactual_mutant_2' (13928492) panicked at crates/bcinr-logic/src/algorithms/bit_permute_step_u64.rs:43:26:
attempt to shift right with overflow

thread 'algorithms::bit_permute_step_u64::tests::test_bit_permute_step_u64_counterfactual_mutant_2' (13928492) panicked at crates/bcinr-logic/src/algorithms/bit_permute_step_u64.rs:43:26:
attempt to shift right with overflow

thread 'algorithms::bit_permute_step_u64::tests::test_bit_permute_step_u64_counterfactual_mutant_2' (13928492) panicked at crates/bcinr-logic/src/algorithms/bit_permute_step_u64.rs:43:26:
attempt to shift right with overflow

thread 'algorithms::bit_permute_step_u64::tests::test_bit_permute_step_u64_counterfactual_mutant_2' (13928492) panicked at crates/bcinr-logic/src/algorithms/bit_permute_step_u64.rs:43:26:
attempt to shift right with overflow

thread 'algorithms::bit_permute_step_u64::tests::test_bit_permute_step_u64_counterfactual_mutant_2' (13928492) panicked at crates/bcinr-logic/src/algorithms/bit_permute_step_u64.rs:43:26:
attempt to shift right with overflow

thread 'algorithms::bit_permute_step_u64::tests::test_bit_permute_step_u64_counterfactual_mutant_2' (13928492) panicked at crates/bcinr-logic/src/algorithms/bit_permute_step_u64.rs:43:26:
attempt to shift right with overflow

thread 'algorithms::bit_permute_step_u64::tests::test_bit_permute_step_u64_counterfactual_mutant_2' (13928492) panicked at crates/bcinr-logic/src/algorithms/bit_permute_step_u64.rs:43:26:
attempt to shift right with overflow

thread 'algorithms::bit_permute_step_u64::tests::test_bit_permute_step_u64_counterfactual_mutant_2' (13928492) panicked at crates/bcinr-logic/src/algorithms/bit_permute_step_u64.rs:43:26:
attempt to shift right with overflow

thread 'algorithms::bit_permute_step_u64::tests::test_bit_permute_step_u64_counterfactual_mutant_2' (13928492) panicked at crates/bcinr-logic/src/algorithms/bit_permute_step_u64.rs:43:26:
attempt to shift right with overflow

thread 'algorithms::bit_permute_step_u64::tests::test_bit_permute_step_u64_counterfactual_mutant_2' (13928492) panicked at crates/bcinr-logic/src/algorithms/bit_permute_step_u64.rs:43:26:
attempt to shift right with overflow

thread 'algorithms::bit_permute_step_u64::tests::test_bit_permute_step_u64_counterfactual_mutant_2' (13928492) panicked at crates/bcinr-logic/src/algorithms/bit_permute_step_u64.rs:43:26:
attempt to shift right with overflow

thread 'algorithms::bit_permute_step_u64::tests::test_bit_permute_step_u64_counterfactual_mutant_2' (13928492) panicked at crates/bcinr-logic/src/algorithms/bit_permute_step_u64.rs:43:26:
attempt to shift right with overflow

thread 'algorithms::bit_permute_step_u64::tests::test_bit_permute_step_u64_counterfactual_mutant_2' (13928492) panicked at crates/bcinr-logic/src/algorithms/bit_permute_step_u64.rs:63:5:
Test failed: attempt to shift right with overflow.
minimal failing input: val = 0, aux = 143881404416
	successes: 0
	local rejects: 0
	global rejects: 0


---- algorithms::bit_permute_step_u64::tests::test_bit_permute_step_u64_counterfactual_mutant_3 stdout ----

thread 'algorithms::bit_permute_step_u64::tests::test_bit_permute_step_u64_counterfactual_mutant_3' (13928493) panicked at crates/bcinr-logic/src/algorithms/bit_permute_step_u64.rs:43:26:
attempt to shift right with overflow

thread 'algorithms::bit_permute_step_u64::tests::test_bit_permute_step_u64_counterfactual_mutant_3' (13928493) panicked at crates/bcinr-logic/src/algorithms/bit_permute_step_u64.rs:43:26:
attempt to shift right with overflow

thread 'algorithms::bit_permute_step_u64::tests::test_bit_permute_step_u64_counterfactual_mutant_3' (13928493) panicked at crates/bcinr-logic/src/algorithms/bit_permute_step_u64.rs:43:26:
attempt to shift right with overflow

thread 'algorithms::bit_permute_step_u64::tests::test_bit_permute_step_u64_counterfactual_mutant_3' (13928493) panicked at crates/bcinr-logic/src/algorithms/bit_permute_step_u64.rs:43:26:
attempt to shift right with overflow

thread 'algorithms::bit_permute_step_u64::tests::test_bit_permute_step_u64_counterfactual_mutant_3' (13928493) panicked at crates/bcinr-logic/src/algorithms/bit_permute_step_u64.rs:43:26:
attempt to shift right with overflow

thread 'algorithms::bit_permute_step_u64::tests::test_bit_permute_step_u64_counterfactual_mutant_3' (13928493) panicked at crates/bcinr-logic/src/algorithms/bit_permute_step_u64.rs:43:26:
attempt to shift right with overflow

thread 'algorithms::bit_permute_step_u64::tests::test_bit_permute_step_u64_counterfactual_mutant_3' (13928493) panicked at crates/bcinr-logic/src/algorithms/bit_permute_step_u64.rs:43:26:
attempt to shift right with overflow

thread 'algorithms::bit_permute_step_u64::tests::test_bit_permute_step_u64_counterfactual_mutant_3' (13928493) panicked at crates/bcinr-logic/src/algorithms/bit_permute_step_u64.rs:43:26:
attempt to shift right with overflow

thread 'algorithms::bit_permute_step_u64::tests::test_bit_permute_step_u64_counterfactual_mutant_3' (13928493) panicked at crates/bcinr-logic/src/algorithms/bit_permute_step_u64.rs:43:26:
attempt to shift right with overflow

thread 'algorithms::bit_permute_step_u64::tests::test_bit_permute_step_u64_counterfactual_mutant_3' (13928493) panicked at crates/bcinr-logic/src/algorithms/bit_permute_step_u64.rs:43:26:
attempt to shift right with overflow

thread 'algorithms::bit_permute_step_u64::tests::test_bit_permute_step_u64_counterfactual_mutant_3' (13928493) panicked at crates/bcinr-logic/src/algorithms/bit_permute_step_u64.rs:43:26:
attempt to shift right with overflow

thread 'algorithms::bit_permute_step_u64::tests::test_bit_permute_step_u64_counterfactual_mutant_3' (13928493) panicked at crates/bcinr-logic/src/algorithms/bit_permute_step_u64.rs:43:26:
attempt to shift right with overflow

thread 'algorithms::bit_permute_step_u64::tests::test_bit_permute_step_u64_counterfactual_mutant_3' (13928493) panicked at crates/bcinr-logic/src/algorithms/bit_permute_step_u64.rs:43:26:
attempt to shift right with overflow

thread 'algorithms::bit_permute_step_u64::tests::test_bit_permute_step_u64_counterfactual_mutant_3' (13928493) panicked at crates/bcinr-logic/src/algorithms/bit_permute_step_u64.rs:43:26:
attempt to shift right with overflow

thread 'algorithms::bit_permute_step_u64::tests::test_bit_permute_step_u64_counterfactual_mutant_3' (13928493) panicked at crates/bcinr-logic/src/algorithms/bit_permute_step_u64.rs:43:26:
attempt to shift right with overflow

thread 'algorithms::bit_permute_step_u64::tests::test_bit_permute_step_u64_counterfactual_mutant_3' (13928493) panicked at crates/bcinr-logic/src/algorithms/bit_permute_step_u64.rs:43:26:
attempt to shift right with overflow

thread 'algorithms::bit_permute_step_u64::tests::test_bit_permute_step_u64_counterfactual_mutant_3' (13928493) panicked at crates/bcinr-logic/src/algorithms/bit_permute_step_u64.rs:43:26:
attempt to shift right with overflow

thread 'algorithms::bit_permute_step_u64::tests::test_bit_permute_step_u64_counterfactual_mutant_3' (13928493) panicked at crates/bcinr-logic/src/algorithms/bit_permute_step_u64.rs:43:26:
attempt to shift right with overflow

thread 'algorithms::bit_permute_step_u64::tests::test_bit_permute_step_u64_counterfactual_mutant_3' (13928493) panicked at crates/bcinr-logic/src/algorithms/bit_permute_step_u64.rs:43:26:
attempt to shift right with overflow

thread 'algorithms::bit_permute_step_u64::tests::test_bit_permute_step_u64_counterfactual_mutant_3' (13928493) panicked at crates/bcinr-logic/src/algorithms/bit_permute_step_u64.rs:43:26:
attempt to shift right with overflow

thread 'algorithms::bit_permute_step_u64::tests::test_bit_permute_step_u64_counterfactual_mutant_3' (13928493) panicked at crates/bcinr-logic/src/algorithms/bit_permute_step_u64.rs:43:26:
attempt to shift right with overflow

thread 'algorithms::bit_permute_step_u64::tests::test_bit_permute_step_u64_counterfactual_mutant_3' (13928493) panicked at crates/bcinr-logic/src/algorithms/bit_permute_step_u64.rs:43:26:
attempt to shift right with overflow

thread 'algorithms::bit_permute_step_u64::tests::test_bit_permute_step_u64_counterfactual_mutant_3' (13928493) panicked at crates/bcinr-logic/src/algorithms/bit_permute_step_u64.rs:43:26:
attempt to shift right with overflow

thread 'algorithms::bit_permute_step_u64::tests::test_bit_permute_step_u64_counterfactual_mutant_3' (13928493) panicked at crates/bcinr-logic/src/algorithms/bit_permute_step_u64.rs:43:26:
attempt to shift right with overflow

thread 'algorithms::bit_permute_step_u64::tests::test_bit_permute_step_u64_counterfactual_mutant_3' (13928493) panicked at crates/bcinr-logic/src/algorithms/bit_permute_step_u64.rs:43:26:
attempt to shift right with overflow

thread 'algorithms::bit_permute_step_u64::tests::test_bit_permute_step_u64_counterfactual_mutant_3' (13928493) panicked at crates/bcinr-logic/src/algorithms/bit_permute_step_u64.rs:43:26:
attempt to shift right with overflow

thread 'algorithms::bit_permute_step_u64::tests::test_bit_permute_step_u64_counterfactual_mutant_3' (13928493) panicked at crates/bcinr-logic/src/algorithms/bit_permute_step_u64.rs:43:26:
attempt to shift right with overflow

thread 'algorithms::bit_permute_step_u64::tests::test_bit_permute_step_u64_counterfactual_mutant_3' (13928493) panicked at crates/bcinr-logic/src/algorithms/bit_permute_step_u64.rs:43:26:
attempt to shift right with overflow

thread 'algorithms::bit_permute_step_u64::tests::test_bit_permute_step_u64_counterfactual_mutant_3' (13928493) panicked at crates/bcinr-logic/src/algorithms/bit_permute_step_u64.rs:43:26:
attempt to shift right with overflow

thread 'algorithms::bit_permute_step_u64::tests::test_bit_permute_step_u64_counterfactual_mutant_3' (13928493) panicked at crates/bcinr-logic/src/algorithms/bit_permute_step_u64.rs:43:26:
attempt to shift right with overflow

thread 'algorithms::bit_permute_step_u64::tests::test_bit_permute_step_u64_counterfactual_mutant_3' (13928493) panicked at crates/bcinr-logic/src/algorithms/bit_permute_step_u64.rs:43:26:
attempt to shift right with overflow

thread 'algorithms::bit_permute_step_u64::tests::test_bit_permute_step_u64_counterfactual_mutant_3' (13928493) panicked at crates/bcinr-logic/src/algorithms/bit_permute_step_u64.rs:43:26:
attempt to shift right with overflow

thread 'algorithms::bit_permute_step_u64::tests::test_bit_permute_step_u64_counterfactual_mutant_3' (13928493) panicked at crates/bcinr-logic/src/algorithms/bit_permute_step_u64.rs:43:26:
attempt to shift right with overflow

thread 'algorithms::bit_permute_step_u64::tests::test_bit_permute_step_u64_counterfactual_mutant_3' (13928493) panicked at crates/bcinr-logic/src/algorithms/bit_permute_step_u64.rs:43:26:
attempt to shift right with overflow

thread 'algorithms::bit_permute_step_u64::tests::test_bit_permute_step_u64_counterfactual_mutant_3' (13928493) panicked at crates/bcinr-logic/src/algorithms/bit_permute_step_u64.rs:43:26:
attempt to shift right with overflow

thread 'algorithms::bit_permute_step_u64::tests::test_bit_permute_step_u64_counterfactual_mutant_3' (13928493) panicked at crates/bcinr-logic/src/algorithms/bit_permute_step_u64.rs:43:26:
attempt to shift right with overflow

thread 'algorithms::bit_permute_step_u64::tests::test_bit_permute_step_u64_counterfactual_mutant_3' (13928493) panicked at crates/bcinr-logic/src/algorithms/bit_permute_step_u64.rs:43:26:
attempt to shift right with overflow

thread 'algorithms::bit_permute_step_u64::tests::test_bit_permute_step_u64_counterfactual_mutant_3' (13928493) panicked at crates/bcinr-logic/src/algorithms/bit_permute_step_u64.rs:43:26:
attempt to shift right with overflow

thread 'algorithms::bit_permute_step_u64::tests::test_bit_permute_step_u64_counterfactual_mutant_3' (13928493) panicked at crates/bcinr-logic/src/algorithms/bit_permute_step_u64.rs:43:26:
attempt to shift right with overflow

thread 'algorithms::bit_permute_step_u64::tests::test_bit_permute_step_u64_counterfactual_mutant_3' (13928493) panicked at crates/bcinr-logic/src/algorithms/bit_permute_step_u64.rs:43:26:
attempt to shift right with overflow

thread 'algorithms::bit_permute_step_u64::tests::test_bit_permute_step_u64_counterfactual_mutant_3' (13928493) panicked at crates/bcinr-logic/src/algorithms/bit_permute_step_u64.rs:43:26:
attempt to shift right with overflow

thread 'algorithms::bit_permute_step_u64::tests::test_bit_permute_step_u64_counterfactual_mutant_3' (13928493) panicked at crates/bcinr-logic/src/algorithms/bit_permute_step_u64.rs:43:26:
attempt to shift right with overflow

thread 'algorithms::bit_permute_step_u64::tests::test_bit_permute_step_u64_counterfactual_mutant_3' (13928493) panicked at crates/bcinr-logic/src/algorithms/bit_permute_step_u64.rs:43:26:
attempt to shift right with overflow

thread 'algorithms::bit_permute_step_u64::tests::test_bit_permute_step_u64_counterfactual_mutant_3' (13928493) panicked at crates/bcinr-logic/src/algorithms/bit_permute_step_u64.rs:43:26:
attempt to shift right with overflow

thread 'algorithms::bit_permute_step_u64::tests::test_bit_permute_step_u64_counterfactual_mutant_3' (13928493) panicked at crates/bcinr-logic/src/algorithms/bit_permute_step_u64.rs:43:26:
attempt to shift right with overflow

thread 'algorithms::bit_permute_step_u64::tests::test_bit_permute_step_u64_counterfactual_mutant_3' (13928493) panicked at crates/bcinr-logic/src/algorithms/bit_permute_step_u64.rs:43:26:
attempt to shift right with overflow

thread 'algorithms::bit_permute_step_u64::tests::test_bit_permute_step_u64_counterfactual_mutant_3' (13928493) panicked at crates/bcinr-logic/src/algorithms/bit_permute_step_u64.rs:43:26:
attempt to shift right with overflow

thread 'algorithms::bit_permute_step_u64::tests::test_bit_permute_step_u64_counterfactual_mutant_3' (13928493) panicked at crates/bcinr-logic/src/algorithms/bit_permute_step_u64.rs:43:26:
attempt to shift right with overflow

thread 'algorithms::bit_permute_step_u64::tests::test_bit_permute_step_u64_counterfactual_mutant_3' (13928493) panicked at crates/bcinr-logic/src/algorithms/bit_permute_step_u64.rs:43:26:
attempt to shift right with overflow

thread 'algorithms::bit_permute_step_u64::tests::test_bit_permute_step_u64_counterfactual_mutant_3' (13928493) panicked at crates/bcinr-logic/src/algorithms/bit_permute_step_u64.rs:43:26:
attempt to shift right with overflow

thread 'algorithms::bit_permute_step_u64::tests::test_bit_permute_step_u64_counterfactual_mutant_3' (13928493) panicked at crates/bcinr-logic/src/algorithms/bit_permute_step_u64.rs:43:26:
attempt to shift right with overflow

thread 'algorithms::bit_permute_step_u64::tests::test_bit_permute_step_u64_counterfactual_mutant_3' (13928493) panicked at crates/bcinr-logic/src/algorithms/bit_permute_step_u64.rs:43:26:
attempt to shift right with overflow

thread 'algorithms::bit_permute_step_u64::tests::test_bit_permute_step_u64_counterfactual_mutant_3' (13928493) panicked at crates/bcinr-logic/src/algorithms/bit_permute_step_u64.rs:43:26:
attempt to shift right with overflow

thread 'algorithms::bit_permute_step_u64::tests::test_bit_permute_step_u64_counterfactual_mutant_3' (13928493) panicked at crates/bcinr-logic/src/algorithms/bit_permute_step_u64.rs:43:26:
attempt to shift right with overflow

thread 'algorithms::bit_permute_step_u64::tests::test_bit_permute_step_u64_counterfactual_mutant_3' (13928493) panicked at crates/bcinr-logic/src/algorithms/bit_permute_step_u64.rs:43:26:
attempt to shift right with overflow

thread 'algorithms::bit_permute_step_u64::tests::test_bit_permute_step_u64_counterfactual_mutant_3' (13928493) panicked at crates/bcinr-logic/src/algorithms/bit_permute_step_u64.rs:43:26:
attempt to shift right with overflow

thread 'algorithms::bit_permute_step_u64::tests::test_bit_permute_step_u64_counterfactual_mutant_3' (13928493) panicked at crates/bcinr-logic/src/algorithms/bit_permute_step_u64.rs:43:26:
attempt to shift right with overflow

thread 'algorithms::bit_permute_step_u64::tests::test_bit_permute_step_u64_counterfactual_mutant_3' (13928493) panicked at crates/bcinr-logic/src/algorithms/bit_permute_step_u64.rs:43:26:
attempt to shift right with overflow

thread 'algorithms::bit_permute_step_u64::tests::test_bit_permute_step_u64_counterfactual_mutant_3' (13928493) panicked at crates/bcinr-logic/src/algorithms/bit_permute_step_u64.rs:43:26:
attempt to shift right with overflow

thread 'algorithms::bit_permute_step_u64::tests::test_bit_permute_step_u64_counterfactual_mutant_3' (13928493) panicked at crates/bcinr-logic/src/algorithms/bit_permute_step_u64.rs:43:26:
attempt to shift right with overflow

thread 'algorithms::bit_permute_step_u64::tests::test_bit_permute_step_u64_counterfactual_mutant_3' (13928493) panicked at crates/bcinr-logic/src/algorithms/bit_permute_step_u64.rs:43:26:
attempt to shift right with overflow

thread 'algorithms::bit_permute_step_u64::tests::test_bit_permute_step_u64_counterfactual_mutant_3' (13928493) panicked at crates/bcinr-logic/src/algorithms/bit_permute_step_u64.rs:43:26:
attempt to shift right with overflow

thread 'algorithms::bit_permute_step_u64::tests::test_bit_permute_step_u64_counterfactual_mutant_3' (13928493) panicked at crates/bcinr-logic/src/algorithms/bit_permute_step_u64.rs:43:26:
attempt to shift right with overflow

thread 'algorithms::bit_permute_step_u64::tests::test_bit_permute_step_u64_counterfactual_mutant_3' (13928493) panicked at crates/bcinr-logic/src/algorithms/bit_permute_step_u64.rs:43:26:
attempt to shift right with overflow

thread 'algorithms::bit_permute_step_u64::tests::test_bit_permute_step_u64_counterfactual_mutant_3' (13928493) panicked at crates/bcinr-logic/src/algorithms/bit_permute_step_u64.rs:43:26:
attempt to shift right with overflow

thread 'algorithms::bit_permute_step_u64::tests::test_bit_permute_step_u64_counterfactual_mutant_3' (13928493) panicked at crates/bcinr-logic/src/algorithms/bit_permute_step_u64.rs:43:26:
attempt to shift right with overflow

thread 'algorithms::bit_permute_step_u64::tests::test_bit_permute_step_u64_counterfactual_mutant_3' (13928493) panicked at crates/bcinr-logic/src/algorithms/bit_permute_step_u64.rs:43:26:
attempt to shift right with overflow

thread 'algorithms::bit_permute_step_u64::tests::test_bit_permute_step_u64_counterfactual_mutant_3' (13928493) panicked at crates/bcinr-logic/src/algorithms/bit_permute_step_u64.rs:43:26:
attempt to shift right with overflow

thread 'algorithms::bit_permute_step_u64::tests::test_bit_permute_step_u64_counterfactual_mutant_3' (13928493) panicked at crates/bcinr-logic/src/algorithms/bit_permute_step_u64.rs:43:26:
attempt to shift right with overflow

thread 'algorithms::bit_permute_step_u64::tests::test_bit_permute_step_u64_counterfactual_mutant_3' (13928493) panicked at crates/bcinr-logic/src/algorithms/bit_permute_step_u64.rs:43:26:
attempt to shift right with overflow

thread 'algorithms::bit_permute_step_u64::tests::test_bit_permute_step_u64_counterfactual_mutant_3' (13928493) panicked at crates/bcinr-logic/src/algorithms/bit_permute_step_u64.rs:43:26:
attempt to shift right with overflow

thread 'algorithms::bit_permute_step_u64::tests::test_bit_permute_step_u64_counterfactual_mutant_3' (13928493) panicked at crates/bcinr-logic/src/algorithms/bit_permute_step_u64.rs:43:26:
attempt to shift right with overflow

thread 'algorithms::bit_permute_step_u64::tests::test_bit_permute_step_u64_counterfactual_mutant_3' (13928493) panicked at crates/bcinr-logic/src/algorithms/bit_permute_step_u64.rs:43:26:
attempt to shift right with overflow

thread 'algorithms::bit_permute_step_u64::tests::test_bit_permute_step_u64_counterfactual_mutant_3' (13928493) panicked at crates/bcinr-logic/src/algorithms/bit_permute_step_u64.rs:43:26:
attempt to shift right with overflow

thread 'algorithms::bit_permute_step_u64::tests::test_bit_permute_step_u64_counterfactual_mutant_3' (13928493) panicked at crates/bcinr-logic/src/algorithms/bit_permute_step_u64.rs:43:26:
attempt to shift right with overflow

thread 'algorithms::bit_permute_step_u64::tests::test_bit_permute_step_u64_counterfactual_mutant_3' (13928493) panicked at crates/bcinr-logic/src/algorithms/bit_permute_step_u64.rs:43:26:
attempt to shift right with overflow

thread 'algorithms::bit_permute_step_u64::tests::test_bit_permute_step_u64_counterfactual_mutant_3' (13928493) panicked at crates/bcinr-logic/src/algorithms/bit_permute_step_u64.rs:43:26:
attempt to shift right with overflow

thread 'algorithms::bit_permute_step_u64::tests::test_bit_permute_step_u64_counterfactual_mutant_3' (13928493) panicked at crates/bcinr-logic/src/algorithms/bit_permute_step_u64.rs:43:26:
attempt to shift right with overflow

thread 'algorithms::bit_permute_step_u64::tests::test_bit_permute_step_u64_counterfactual_mutant_3' (13928493) panicked at crates/bcinr-logic/src/algorithms/bit_permute_step_u64.rs:43:26:
attempt to shift right with overflow

thread 'algorithms::bit_permute_step_u64::tests::test_bit_permute_step_u64_counterfactual_mutant_3' (13928493) panicked at crates/bcinr-logic/src/algorithms/bit_permute_step_u64.rs:43:26:
attempt to shift right with overflow

thread 'algorithms::bit_permute_step_u64::tests::test_bit_permute_step_u64_counterfactual_mutant_3' (13928493) panicked at crates/bcinr-logic/src/algorithms/bit_permute_step_u64.rs:43:26:
attempt to shift right with overflow

thread 'algorithms::bit_permute_step_u64::tests::test_bit_permute_step_u64_counterfactual_mutant_3' (13928493) panicked at crates/bcinr-logic/src/algorithms/bit_permute_step_u64.rs:43:26:
attempt to shift right with overflow

thread 'algorithms::bit_permute_step_u64::tests::test_bit_permute_step_u64_counterfactual_mutant_3' (13928493) panicked at crates/bcinr-logic/src/algorithms/bit_permute_step_u64.rs:43:26:
attempt to shift right with overflow

thread 'algorithms::bit_permute_step_u64::tests::test_bit_permute_step_u64_counterfactual_mutant_3' (13928493) panicked at crates/bcinr-logic/src/algorithms/bit_permute_step_u64.rs:43:26:
attempt to shift right with overflow

thread 'algorithms::bit_permute_step_u64::tests::test_bit_permute_step_u64_counterfactual_mutant_3' (13928493) panicked at crates/bcinr-logic/src/algorithms/bit_permute_step_u64.rs:43:26:
attempt to shift right with overflow

thread 'algorithms::bit_permute_step_u64::tests::test_bit_permute_step_u64_counterfactual_mutant_3' (13928493) panicked at crates/bcinr-logic/src/algorithms/bit_permute_step_u64.rs:43:26:
attempt to shift right with overflow

thread 'algorithms::bit_permute_step_u64::tests::test_bit_permute_step_u64_counterfactual_mutant_3' (13928493) panicked at crates/bcinr-logic/src/algorithms/bit_permute_step_u64.rs:43:26:
attempt to shift right with overflow

thread 'algorithms::bit_permute_step_u64::tests::test_bit_permute_step_u64_counterfactual_mutant_3' (13928493) panicked at crates/bcinr-logic/src/algorithms/bit_permute_step_u64.rs:43:26:
attempt to shift right with overflow

thread 'algorithms::bit_permute_step_u64::tests::test_bit_permute_step_u64_counterfactual_mutant_3' (13928493) panicked at crates/bcinr-logic/src/algorithms/bit_permute_step_u64.rs:43:26:
attempt to shift right with overflow

thread 'algorithms::bit_permute_step_u64::tests::test_bit_permute_step_u64_counterfactual_mutant_3' (13928493) panicked at crates/bcinr-logic/src/algorithms/bit_permute_step_u64.rs:43:26:
attempt to shift right with overflow

thread 'algorithms::bit_permute_step_u64::tests::test_bit_permute_step_u64_counterfactual_mutant_3' (13928493) panicked at crates/bcinr-logic/src/algorithms/bit_permute_step_u64.rs:43:26:
attempt to shift right with overflow

thread 'algorithms::bit_permute_step_u64::tests::test_bit_permute_step_u64_counterfactual_mutant_3' (13928493) panicked at crates/bcinr-logic/src/algorithms/bit_permute_step_u64.rs:43:26:
attempt to shift right with overflow

thread 'algorithms::bit_permute_step_u64::tests::test_bit_permute_step_u64_counterfactual_mutant_3' (13928493) panicked at crates/bcinr-logic/src/algorithms/bit_permute_step_u64.rs:43:26:
attempt to shift right with overflow

thread 'algorithms::bit_permute_step_u64::tests::test_bit_permute_step_u64_counterfactual_mutant_3' (13928493) panicked at crates/bcinr-logic/src/algorithms/bit_permute_step_u64.rs:43:26:
attempt to shift right with overflow

thread 'algorithms::bit_permute_step_u64::tests::test_bit_permute_step_u64_counterfactual_mutant_3' (13928493) panicked at crates/bcinr-logic/src/algorithms/bit_permute_step_u64.rs:43:26:
attempt to shift right with overflow

thread 'algorithms::bit_permute_step_u64::tests::test_bit_permute_step_u64_counterfactual_mutant_3' (13928493) panicked at crates/bcinr-logic/src/algorithms/bit_permute_step_u64.rs:43:26:
attempt to shift right with overflow

thread 'algorithms::bit_permute_step_u64::tests::test_bit_permute_step_u64_counterfactual_mutant_3' (13928493) panicked at crates/bcinr-logic/src/algorithms/bit_permute_step_u64.rs:43:26:
attempt to shift right with overflow

thread 'algorithms::bit_permute_step_u64::tests::test_bit_permute_step_u64_counterfactual_mutant_3' (13928493) panicked at crates/bcinr-logic/src/algorithms/bit_permute_step_u64.rs:43:26:
attempt to shift right with overflow

thread 'algorithms::bit_permute_step_u64::tests::test_bit_permute_step_u64_counterfactual_mutant_3' (13928493) panicked at crates/bcinr-logic/src/algorithms/bit_permute_step_u64.rs:43:26:
attempt to shift right with overflow

thread 'algorithms::bit_permute_step_u64::tests::test_bit_permute_step_u64_counterfactual_mutant_3' (13928493) panicked at crates/bcinr-logic/src/algorithms/bit_permute_step_u64.rs:43:26:
attempt to shift right with overflow

thread 'algorithms::bit_permute_step_u64::tests::test_bit_permute_step_u64_counterfactual_mutant_3' (13928493) panicked at crates/bcinr-logic/src/algorithms/bit_permute_step_u64.rs:43:26:
attempt to shift right with overflow

thread 'algorithms::bit_permute_step_u64::tests::test_bit_permute_step_u64_counterfactual_mutant_3' (13928493) panicked at crates/bcinr-logic/src/algorithms/bit_permute_step_u64.rs:43:26:
attempt to shift right with overflow

thread 'algorithms::bit_permute_step_u64::tests::test_bit_permute_step_u64_counterfactual_mutant_3' (13928493) panicked at crates/bcinr-logic/src/algorithms/bit_permute_step_u64.rs:43:26:
attempt to shift right with overflow

thread 'algorithms::bit_permute_step_u64::tests::test_bit_permute_step_u64_counterfactual_mutant_3' (13928493) panicked at crates/bcinr-logic/src/algorithms/bit_permute_step_u64.rs:43:26:
attempt to shift right with overflow

thread 'algorithms::bit_permute_step_u64::tests::test_bit_permute_step_u64_counterfactual_mutant_3' (13928493) panicked at crates/bcinr-logic/src/algorithms/bit_permute_step_u64.rs:43:26:
attempt to shift right with overflow

thread 'algorithms::bit_permute_step_u64::tests::test_bit_permute_step_u64_counterfactual_mutant_3' (13928493) panicked at crates/bcinr-logic/src/algorithms/bit_permute_step_u64.rs:43:26:
attempt to shift right with overflow

thread 'algorithms::bit_permute_step_u64::tests::test_bit_permute_step_u64_counterfactual_mutant_3' (13928493) panicked at crates/bcinr-logic/src/algorithms/bit_permute_step_u64.rs:43:26:
attempt to shift right with overflow

thread 'algorithms::bit_permute_step_u64::tests::test_bit_permute_step_u64_counterfactual_mutant_3' (13928493) panicked at crates/bcinr-logic/src/algorithms/bit_permute_step_u64.rs:63:5:
Test failed: attempt to shift right with overflow.
minimal failing input: val = 0, aux = 143881404416
	successes: 0
	local rejects: 0
	global rejects: 0


---- algorithms::bit_permute_step_u64::tests::test_bit_permute_step_u64_equivalence stdout ----

thread 'algorithms::bit_permute_step_u64::tests::test_bit_permute_step_u64_equivalence' (13928494) panicked at crates/bcinr-logic/src/algorithms/bit_permute_step_u64.rs:43:26:
attempt to shift right with overflow

thread 'algorithms::bit_permute_step_u64::tests::test_bit_permute_step_u64_equivalence' (13928494) panicked at crates/bcinr-logic/src/algorithms/bit_permute_step_u64.rs:43:26:
attempt to shift right with overflow

thread 'algorithms::bit_permute_step_u64::tests::test_bit_permute_step_u64_equivalence' (13928494) panicked at crates/bcinr-logic/src/algorithms/bit_permute_step_u64.rs:43:26:
attempt to shift right with overflow

thread 'algorithms::bit_permute_step_u64::tests::test_bit_permute_step_u64_equivalence' (13928494) panicked at crates/bcinr-logic/src/algorithms/bit_permute_step_u64.rs:43:26:
attempt to shift right with overflow

thread 'algorithms::bit_permute_step_u64::tests::test_bit_permute_step_u64_equivalence' (13928494) panicked at crates/bcinr-logic/src/algorithms/bit_permute_step_u64.rs:43:26:
attempt to shift right with overflow

thread 'algorithms::bit_permute_step_u64::tests::test_bit_permute_step_u64_equivalence' (13928494) panicked at crates/bcinr-logic/src/algorithms/bit_permute_step_u64.rs:43:26:
attempt to shift right with overflow

thread 'algorithms::bit_permute_step_u64::tests::test_bit_permute_step_u64_equivalence' (13928494) panicked at crates/bcinr-logic/src/algorithms/bit_permute_step_u64.rs:43:26:
attempt to shift right with overflow

thread 'algorithms::bit_permute_step_u64::tests::test_bit_permute_step_u64_equivalence' (13928494) panicked at crates/bcinr-logic/src/algorithms/bit_permute_step_u64.rs:43:26:
attempt to shift right with overflow

thread 'algorithms::bit_permute_step_u64::tests::test_bit_permute_step_u64_equivalence' (13928494) panicked at crates/bcinr-logic/src/algorithms/bit_permute_step_u64.rs:43:26:
attempt to shift right with overflow

thread 'algorithms::bit_permute_step_u64::tests::test_bit_permute_step_u64_equivalence' (13928494) panicked at crates/bcinr-logic/src/algorithms/bit_permute_step_u64.rs:43:26:
attempt to shift right with overflow

thread 'algorithms::bit_permute_step_u64::tests::test_bit_permute_step_u64_equivalence' (13928494) panicked at crates/bcinr-logic/src/algorithms/bit_permute_step_u64.rs:43:26:
attempt to shift right with overflow

thread 'algorithms::bit_permute_step_u64::tests::test_bit_permute_step_u64_equivalence' (13928494) panicked at crates/bcinr-logic/src/algorithms/bit_permute_step_u64.rs:43:26:
attempt to shift right with overflow

thread 'algorithms::bit_permute_step_u64::tests::test_bit_permute_step_u64_equivalence' (13928494) panicked at crates/bcinr-logic/src/algorithms/bit_permute_step_u64.rs:43:26:
attempt to shift right with overflow

thread 'algorithms::bit_permute_step_u64::tests::test_bit_permute_step_u64_equivalence' (13928494) panicked at crates/bcinr-logic/src/algorithms/bit_permute_step_u64.rs:43:26:
attempt to shift right with overflow

thread 'algorithms::bit_permute_step_u64::tests::test_bit_permute_step_u64_equivalence' (13928494) panicked at crates/bcinr-logic/src/algorithms/bit_permute_step_u64.rs:43:26:
attempt to shift right with overflow

thread 'algorithms::bit_permute_step_u64::tests::test_bit_permute_step_u64_equivalence' (13928494) panicked at crates/bcinr-logic/src/algorithms/bit_permute_step_u64.rs:43:26:
attempt to shift right with overflow

thread 'algorithms::bit_permute_step_u64::tests::test_bit_permute_step_u64_equivalence' (13928494) panicked at crates/bcinr-logic/src/algorithms/bit_permute_step_u64.rs:43:26:
attempt to shift right with overflow

thread 'algorithms::bit_permute_step_u64::tests::test_bit_permute_step_u64_equivalence' (13928494) panicked at crates/bcinr-logic/src/algorithms/bit_permute_step_u64.rs:43:26:
attempt to shift right with overflow

thread 'algorithms::bit_permute_step_u64::tests::test_bit_permute_step_u64_equivalence' (13928494) panicked at crates/bcinr-logic/src/algorithms/bit_permute_step_u64.rs:43:26:
attempt to shift right with overflow

thread 'algorithms::bit_permute_step_u64::tests::test_bit_permute_step_u64_equivalence' (13928494) panicked at crates/bcinr-logic/src/algorithms/bit_permute_step_u64.rs:43:26:
attempt to shift right with overflow

thread 'algorithms::bit_permute_step_u64::tests::test_bit_permute_step_u64_equivalence' (13928494) panicked at crates/bcinr-logic/src/algorithms/bit_permute_step_u64.rs:43:26:
attempt to shift right with overflow

thread 'algorithms::bit_permute_step_u64::tests::test_bit_permute_step_u64_equivalence' (13928494) panicked at crates/bcinr-logic/src/algorithms/bit_permute_step_u64.rs:43:26:
attempt to shift right with overflow

thread 'algorithms::bit_permute_step_u64::tests::test_bit_permute_step_u64_equivalence' (13928494) panicked at crates/bcinr-logic/src/algorithms/bit_permute_step_u64.rs:43:26:
attempt to shift right with overflow

thread 'algorithms::bit_permute_step_u64::tests::test_bit_permute_step_u64_equivalence' (13928494) panicked at crates/bcinr-logic/src/algorithms/bit_permute_step_u64.rs:43:26:
attempt to shift right with overflow

thread 'algorithms::bit_permute_step_u64::tests::test_bit_permute_step_u64_equivalence' (13928494) panicked at crates/bcinr-logic/src/algorithms/bit_permute_step_u64.rs:43:26:
attempt to shift right with overflow

thread 'algorithms::bit_permute_step_u64::tests::test_bit_permute_step_u64_equivalence' (13928494) panicked at crates/bcinr-logic/src/algorithms/bit_permute_step_u64.rs:43:26:
attempt to shift right with overflow

thread 'algorithms::bit_permute_step_u64::tests::test_bit_permute_step_u64_equivalence' (13928494) panicked at crates/bcinr-logic/src/algorithms/bit_permute_step_u64.rs:43:26:
attempt to shift right with overflow

thread 'algorithms::bit_permute_step_u64::tests::test_bit_permute_step_u64_equivalence' (13928494) panicked at crates/bcinr-logic/src/algorithms/bit_permute_step_u64.rs:43:26:
attempt to shift right with overflow

thread 'algorithms::bit_permute_step_u64::tests::test_bit_permute_step_u64_equivalence' (13928494) panicked at crates/bcinr-logic/src/algorithms/bit_permute_step_u64.rs:43:26:
attempt to shift right with overflow

thread 'algorithms::bit_permute_step_u64::tests::test_bit_permute_step_u64_equivalence' (13928494) panicked at crates/bcinr-logic/src/algorithms/bit_permute_step_u64.rs:43:26:
attempt to shift right with overflow

thread 'algorithms::bit_permute_step_u64::tests::test_bit_permute_step_u64_equivalence' (13928494) panicked at crates/bcinr-logic/src/algorithms/bit_permute_step_u64.rs:43:26:
attempt to shift right with overflow

thread 'algorithms::bit_permute_step_u64::tests::test_bit_permute_step_u64_equivalence' (13928494) panicked at crates/bcinr-logic/src/algorithms/bit_permute_step_u64.rs:43:26:
attempt to shift right with overflow

thread 'algorithms::bit_permute_step_u64::tests::test_bit_permute_step_u64_equivalence' (13928494) panicked at crates/bcinr-logic/src/algorithms/bit_permute_step_u64.rs:43:26:
attempt to shift right with overflow

thread 'algorithms::bit_permute_step_u64::tests::test_bit_permute_step_u64_equivalence' (13928494) panicked at crates/bcinr-logic/src/algorithms/bit_permute_step_u64.rs:43:26:
attempt to shift right with overflow

thread 'algorithms::bit_permute_step_u64::tests::test_bit_permute_step_u64_equivalence' (13928494) panicked at crates/bcinr-logic/src/algorithms/bit_permute_step_u64.rs:43:26:
attempt to shift right with overflow

thread 'algorithms::bit_permute_step_u64::tests::test_bit_permute_step_u64_equivalence' (13928494) panicked at crates/bcinr-logic/src/algorithms/bit_permute_step_u64.rs:43:26:
attempt to shift right with overflow

thread 'algorithms::bit_permute_step_u64::tests::test_bit_permute_step_u64_equivalence' (13928494) panicked at crates/bcinr-logic/src/algorithms/bit_permute_step_u64.rs:43:26:
attempt to shift right with overflow

thread 'algorithms::bit_permute_step_u64::tests::test_bit_permute_step_u64_equivalence' (13928494) panicked at crates/bcinr-logic/src/algorithms/bit_permute_step_u64.rs:43:26:
attempt to shift right with overflow

thread 'algorithms::bit_permute_step_u64::tests::test_bit_permute_step_u64_equivalence' (13928494) panicked at crates/bcinr-logic/src/algorithms/bit_permute_step_u64.rs:43:26:
attempt to shift right with overflow

thread 'algorithms::bit_permute_step_u64::tests::test_bit_permute_step_u64_equivalence' (13928494) panicked at crates/bcinr-logic/src/algorithms/bit_permute_step_u64.rs:43:26:
attempt to shift right with overflow

thread 'algorithms::bit_permute_step_u64::tests::test_bit_permute_step_u64_equivalence' (13928494) panicked at crates/bcinr-logic/src/algorithms/bit_permute_step_u64.rs:43:26:
attempt to shift right with overflow

thread 'algorithms::bit_permute_step_u64::tests::test_bit_permute_step_u64_equivalence' (13928494) panicked at crates/bcinr-logic/src/algorithms/bit_permute_step_u64.rs:43:26:
attempt to shift right with overflow

thread 'algorithms::bit_permute_step_u64::tests::test_bit_permute_step_u64_equivalence' (13928494) panicked at crates/bcinr-logic/src/algorithms/bit_permute_step_u64.rs:43:26:
attempt to shift right with overflow

thread 'algorithms::bit_permute_step_u64::tests::test_bit_permute_step_u64_equivalence' (13928494) panicked at crates/bcinr-logic/src/algorithms/bit_permute_step_u64.rs:43:26:
attempt to shift right with overflow

thread 'algorithms::bit_permute_step_u64::tests::test_bit_permute_step_u64_equivalence' (13928494) panicked at crates/bcinr-logic/src/algorithms/bit_permute_step_u64.rs:43:26:
attempt to shift right with overflow

thread 'algorithms::bit_permute_step_u64::tests::test_bit_permute_step_u64_equivalence' (13928494) panicked at crates/bcinr-logic/src/algorithms/bit_permute_step_u64.rs:43:26:
attempt to shift right with overflow

thread 'algorithms::bit_permute_step_u64::tests::test_bit_permute_step_u64_equivalence' (13928494) panicked at crates/bcinr-logic/src/algorithms/bit_permute_step_u64.rs:43:26:
attempt to shift right with overflow

thread 'algorithms::bit_permute_step_u64::tests::test_bit_permute_step_u64_equivalence' (13928494) panicked at crates/bcinr-logic/src/algorithms/bit_permute_step_u64.rs:43:26:
attempt to shift right with overflow

thread 'algorithms::bit_permute_step_u64::tests::test_bit_permute_step_u64_equivalence' (13928494) panicked at crates/bcinr-logic/src/algorithms/bit_permute_step_u64.rs:43:26:
attempt to shift right with overflow

thread 'algorithms::bit_permute_step_u64::tests::test_bit_permute_step_u64_equivalence' (13928494) panicked at crates/bcinr-logic/src/algorithms/bit_permute_step_u64.rs:43:26:
attempt to shift right with overflow

thread 'algorithms::bit_permute_step_u64::tests::test_bit_permute_step_u64_equivalence' (13928494) panicked at crates/bcinr-logic/src/algorithms/bit_permute_step_u64.rs:43:26:
attempt to shift right with overflow

thread 'algorithms::bit_permute_step_u64::tests::test_bit_permute_step_u64_equivalence' (13928494) panicked at crates/bcinr-logic/src/algorithms/bit_permute_step_u64.rs:43:26:
attempt to shift right with overflow

thread 'algorithms::bit_permute_step_u64::tests::test_bit_permute_step_u64_equivalence' (13928494) panicked at crates/bcinr-logic/src/algorithms/bit_permute_step_u64.rs:43:26:
attempt to shift right with overflow

thread 'algorithms::bit_permute_step_u64::tests::test_bit_permute_step_u64_equivalence' (13928494) panicked at crates/bcinr-logic/src/algorithms/bit_permute_step_u64.rs:43:26:
attempt to shift right with overflow

thread 'algorithms::bit_permute_step_u64::tests::test_bit_permute_step_u64_equivalence' (13928494) panicked at crates/bcinr-logic/src/algorithms/bit_permute_step_u64.rs:43:26:
attempt to shift right with overflow

thread 'algorithms::bit_permute_step_u64::tests::test_bit_permute_step_u64_equivalence' (13928494) panicked at crates/bcinr-logic/src/algorithms/bit_permute_step_u64.rs:43:26:
attempt to shift right with overflow

thread 'algorithms::bit_permute_step_u64::tests::test_bit_permute_step_u64_equivalence' (13928494) panicked at crates/bcinr-logic/src/algorithms/bit_permute_step_u64.rs:43:26:
attempt to shift right with overflow

thread 'algorithms::bit_permute_step_u64::tests::test_bit_permute_step_u64_equivalence' (13928494) panicked at crates/bcinr-logic/src/algorithms/bit_permute_step_u64.rs:43:26:
attempt to shift right with overflow

thread 'algorithms::bit_permute_step_u64::tests::test_bit_permute_step_u64_equivalence' (13928494) panicked at crates/bcinr-logic/src/algorithms/bit_permute_step_u64.rs:43:26:
attempt to shift right with overflow

thread 'algorithms::bit_permute_step_u64::tests::test_bit_permute_step_u64_equivalence' (13928494) panicked at crates/bcinr-logic/src/algorithms/bit_permute_step_u64.rs:43:26:
attempt to shift right with overflow

thread 'algorithms::bit_permute_step_u64::tests::test_bit_permute_step_u64_equivalence' (13928494) panicked at crates/bcinr-logic/src/algorithms/bit_permute_step_u64.rs:43:26:
attempt to shift right with overflow

thread 'algorithms::bit_permute_step_u64::tests::test_bit_permute_step_u64_equivalence' (13928494) panicked at crates/bcinr-logic/src/algorithms/bit_permute_step_u64.rs:43:26:
attempt to shift right with overflow

thread 'algorithms::bit_permute_step_u64::tests::test_bit_permute_step_u64_equivalence' (13928494) panicked at crates/bcinr-logic/src/algorithms/bit_permute_step_u64.rs:43:26:
attempt to shift right with overflow

thread 'algorithms::bit_permute_step_u64::tests::test_bit_permute_step_u64_equivalence' (13928494) panicked at crates/bcinr-logic/src/algorithms/bit_permute_step_u64.rs:43:26:
attempt to shift right with overflow

thread 'algorithms::bit_permute_step_u64::tests::test_bit_permute_step_u64_equivalence' (13928494) panicked at crates/bcinr-logic/src/algorithms/bit_permute_step_u64.rs:43:26:
attempt to shift right with overflow

thread 'algorithms::bit_permute_step_u64::tests::test_bit_permute_step_u64_equivalence' (13928494) panicked at crates/bcinr-logic/src/algorithms/bit_permute_step_u64.rs:43:26:
attempt to shift right with overflow

thread 'algorithms::bit_permute_step_u64::tests::test_bit_permute_step_u64_equivalence' (13928494) panicked at crates/bcinr-logic/src/algorithms/bit_permute_step_u64.rs:43:26:
attempt to shift right with overflow

thread 'algorithms::bit_permute_step_u64::tests::test_bit_permute_step_u64_equivalence' (13928494) panicked at crates/bcinr-logic/src/algorithms/bit_permute_step_u64.rs:43:26:
attempt to shift right with overflow

thread 'algorithms::bit_permute_step_u64::tests::test_bit_permute_step_u64_equivalence' (13928494) panicked at crates/bcinr-logic/src/algorithms/bit_permute_step_u64.rs:43:26:
attempt to shift right with overflow

thread 'algorithms::bit_permute_step_u64::tests::test_bit_permute_step_u64_equivalence' (13928494) panicked at crates/bcinr-logic/src/algorithms/bit_permute_step_u64.rs:43:26:
attempt to shift right with overflow

thread 'algorithms::bit_permute_step_u64::tests::test_bit_permute_step_u64_equivalence' (13928494) panicked at crates/bcinr-logic/src/algorithms/bit_permute_step_u64.rs:43:26:
attempt to shift right with overflow

thread 'algorithms::bit_permute_step_u64::tests::test_bit_permute_step_u64_equivalence' (13928494) panicked at crates/bcinr-logic/src/algorithms/bit_permute_step_u64.rs:43:26:
attempt to shift right with overflow

thread 'algorithms::bit_permute_step_u64::tests::test_bit_permute_step_u64_equivalence' (13928494) panicked at crates/bcinr-logic/src/algorithms/bit_permute_step_u64.rs:43:26:
attempt to shift right with overflow

thread 'algorithms::bit_permute_step_u64::tests::test_bit_permute_step_u64_equivalence' (13928494) panicked at crates/bcinr-logic/src/algorithms/bit_permute_step_u64.rs:43:26:
attempt to shift right with overflow

thread 'algorithms::bit_permute_step_u64::tests::test_bit_permute_step_u64_equivalence' (13928494) panicked at crates/bcinr-logic/src/algorithms/bit_permute_step_u64.rs:43:26:
attempt to shift right with overflow

thread 'algorithms::bit_permute_step_u64::tests::test_bit_permute_step_u64_equivalence' (13928494) panicked at crates/bcinr-logic/src/algorithms/bit_permute_step_u64.rs:43:26:
attempt to shift right with overflow

thread 'algorithms::bit_permute_step_u64::tests::test_bit_permute_step_u64_equivalence' (13928494) panicked at crates/bcinr-logic/src/algorithms/bit_permute_step_u64.rs:43:26:
attempt to shift right with overflow

thread 'algorithms::bit_permute_step_u64::tests::test_bit_permute_step_u64_equivalence' (13928494) panicked at crates/bcinr-logic/src/algorithms/bit_permute_step_u64.rs:43:26:
attempt to shift right with overflow

thread 'algorithms::bit_permute_step_u64::tests::test_bit_permute_step_u64_equivalence' (13928494) panicked at crates/bcinr-logic/src/algorithms/bit_permute_step_u64.rs:43:26:
attempt to shift right with overflow

thread 'algorithms::bit_permute_step_u64::tests::test_bit_permute_step_u64_equivalence' (13928494) panicked at crates/bcinr-logic/src/algorithms/bit_permute_step_u64.rs:43:26:
attempt to shift right with overflow

thread 'algorithms::bit_permute_step_u64::tests::test_bit_permute_step_u64_equivalence' (13928494) panicked at crates/bcinr-logic/src/algorithms/bit_permute_step_u64.rs:43:26:
attempt to shift right with overflow

thread 'algorithms::bit_permute_step_u64::tests::test_bit_permute_step_u64_equivalence' (13928494) panicked at crates/bcinr-logic/src/algorithms/bit_permute_step_u64.rs:43:26:
attempt to shift right with overflow

thread 'algorithms::bit_permute_step_u64::tests::test_bit_permute_step_u64_equivalence' (13928494) panicked at crates/bcinr-logic/src/algorithms/bit_permute_step_u64.rs:43:26:
attempt to shift right with overflow

thread 'algorithms::bit_permute_step_u64::tests::test_bit_permute_step_u64_equivalence' (13928494) panicked at crates/bcinr-logic/src/algorithms/bit_permute_step_u64.rs:43:26:
attempt to shift right with overflow

thread 'algorithms::bit_permute_step_u64::tests::test_bit_permute_step_u64_equivalence' (13928494) panicked at crates/bcinr-logic/src/algorithms/bit_permute_step_u64.rs:43:26:
attempt to shift right with overflow

thread 'algorithms::bit_permute_step_u64::tests::test_bit_permute_step_u64_equivalence' (13928494) panicked at crates/bcinr-logic/src/algorithms/bit_permute_step_u64.rs:43:26:
attempt to shift right with overflow

thread 'algorithms::bit_permute_step_u64::tests::test_bit_permute_step_u64_equivalence' (13928494) panicked at crates/bcinr-logic/src/algorithms/bit_permute_step_u64.rs:43:26:
attempt to shift right with overflow

thread 'algorithms::bit_permute_step_u64::tests::test_bit_permute_step_u64_equivalence' (13928494) panicked at crates/bcinr-logic/src/algorithms/bit_permute_step_u64.rs:43:26:
attempt to shift right with overflow

thread 'algorithms::bit_permute_step_u64::tests::test_bit_permute_step_u64_equivalence' (13928494) panicked at crates/bcinr-logic/src/algorithms/bit_permute_step_u64.rs:43:26:
attempt to shift right with overflow

thread 'algorithms::bit_permute_step_u64::tests::test_bit_permute_step_u64_equivalence' (13928494) panicked at crates/bcinr-logic/src/algorithms/bit_permute_step_u64.rs:43:26:
attempt to shift right with overflow

thread 'algorithms::bit_permute_step_u64::tests::test_bit_permute_step_u64_equivalence' (13928494) panicked at crates/bcinr-logic/src/algorithms/bit_permute_step_u64.rs:43:26:
attempt to shift right with overflow

thread 'algorithms::bit_permute_step_u64::tests::test_bit_permute_step_u64_equivalence' (13928494) panicked at crates/bcinr-logic/src/algorithms/bit_permute_step_u64.rs:43:26:
attempt to shift right with overflow

thread 'algorithms::bit_permute_step_u64::tests::test_bit_permute_step_u64_equivalence' (13928494) panicked at crates/bcinr-logic/src/algorithms/bit_permute_step_u64.rs:43:26:
attempt to shift right with overflow

thread 'algorithms::bit_permute_step_u64::tests::test_bit_permute_step_u64_equivalence' (13928494) panicked at crates/bcinr-logic/src/algorithms/bit_permute_step_u64.rs:43:26:
attempt to shift right with overflow

thread 'algorithms::bit_permute_step_u64::tests::test_bit_permute_step_u64_equivalence' (13928494) panicked at crates/bcinr-logic/src/algorithms/bit_permute_step_u64.rs:43:26:
attempt to shift right with overflow

thread 'algorithms::bit_permute_step_u64::tests::test_bit_permute_step_u64_equivalence' (13928494) panicked at crates/bcinr-logic/src/algorithms/bit_permute_step_u64.rs:43:26:
attempt to shift right with overflow

thread 'algorithms::bit_permute_step_u64::tests::test_bit_permute_step_u64_equivalence' (13928494) panicked at crates/bcinr-logic/src/algorithms/bit_permute_step_u64.rs:43:26:
attempt to shift right with overflow

thread 'algorithms::bit_permute_step_u64::tests::test_bit_permute_step_u64_equivalence' (13928494) panicked at crates/bcinr-logic/src/algorithms/bit_permute_step_u64.rs:43:26:
attempt to shift right with overflow

thread 'algorithms::bit_permute_step_u64::tests::test_bit_permute_step_u64_equivalence' (13928494) panicked at crates/bcinr-logic/src/algorithms/bit_permute_step_u64.rs:43:26:
attempt to shift right with overflow

thread 'algorithms::bit_permute_step_u64::tests::test_bit_permute_step_u64_equivalence' (13928494) panicked at crates/bcinr-logic/src/algorithms/bit_permute_step_u64.rs:43:26:
attempt to shift right with overflow

thread 'algorithms::bit_permute_step_u64::tests::test_bit_permute_step_u64_equivalence' (13928494) panicked at crates/bcinr-logic/src/algorithms/bit_permute_step_u64.rs:43:26:
attempt to shift right with overflow

thread 'algorithms::bit_permute_step_u64::tests::test_bit_permute_step_u64_equivalence' (13928494) panicked at crates/bcinr-logic/src/algorithms/bit_permute_step_u64.rs:43:26:
attempt to shift right with overflow

thread 'algorithms::bit_permute_step_u64::tests::test_bit_permute_step_u64_equivalence' (13928494) panicked at crates/bcinr-logic/src/algorithms/bit_permute_step_u64.rs:43:26:
attempt to shift right with overflow

thread 'algorithms::bit_permute_step_u64::tests::test_bit_permute_step_u64_equivalence' (13928494) panicked at crates/bcinr-logic/src/algorithms/bit_permute_step_u64.rs:43:26:
attempt to shift right with overflow

thread 'algorithms::bit_permute_step_u64::tests::test_bit_permute_step_u64_equivalence' (13928494) panicked at crates/bcinr-logic/src/algorithms/bit_permute_step_u64.rs:43:26:
attempt to shift right with overflow

thread 'algorithms::bit_permute_step_u64::tests::test_bit_permute_step_u64_equivalence' (13928494) panicked at crates/bcinr-logic/src/algorithms/bit_permute_step_u64.rs:43:26:
attempt to shift right with overflow

thread 'algorithms::bit_permute_step_u64::tests::test_bit_permute_step_u64_equivalence' (13928494) panicked at crates/bcinr-logic/src/algorithms/bit_permute_step_u64.rs:43:26:
attempt to shift right with overflow

thread 'algorithms::bit_permute_step_u64::tests::test_bit_permute_step_u64_equivalence' (13928494) panicked at crates/bcinr-logic/src/algorithms/bit_permute_step_u64.rs:63:5:
Test failed: attempt to shift right with overflow.
minimal failing input: val = 0, aux = 143881404416
	successes: 0
	local rejects: 0
	global rejects: 0


---- algorithms::bit_swap_u64::tests::test_bit_swap_u64_boundaries stdout ----

thread 'algorithms::bit_swap_u64::tests::test_bit_swap_u64_boundaries' (13928495) panicked at crates/bcinr-logic/src/algorithms/bit_swap_u64.rs:24:14:
attempt to shift right with overflow

---- algorithms::bit_swap_u64::tests::test_bit_swap_u64_equivalence stdout ----

thread 'algorithms::bit_swap_u64::tests::test_bit_swap_u64_equivalence' (13928499) panicked at crates/bcinr-logic/src/algorithms/bit_swap_u64.rs:24:14:
attempt to shift right with overflow

thread 'algorithms::bit_swap_u64::tests::test_bit_swap_u64_equivalence' (13928499) panicked at crates/bcinr-logic/src/algorithms/bit_swap_u64.rs:24:14:
attempt to shift right with overflow

thread 'algorithms::bit_swap_u64::tests::test_bit_swap_u64_equivalence' (13928499) panicked at crates/bcinr-logic/src/algorithms/bit_swap_u64.rs:24:14:
attempt to shift right with overflow

thread 'algorithms::bit_swap_u64::tests::test_bit_swap_u64_equivalence' (13928499) panicked at crates/bcinr-logic/src/algorithms/bit_swap_u64.rs:24:14:
attempt to shift right with overflow

thread 'algorithms::bit_swap_u64::tests::test_bit_swap_u64_equivalence' (13928499) panicked at crates/bcinr-logic/src/algorithms/bit_swap_u64.rs:24:14:
attempt to shift right with overflow

thread 'algorithms::bit_swap_u64::tests::test_bit_swap_u64_equivalence' (13928499) panicked at crates/bcinr-logic/src/algorithms/bit_swap_u64.rs:24:14:
attempt to shift right with overflow

thread 'algorithms::bit_swap_u64::tests::test_bit_swap_u64_equivalence' (13928499) panicked at crates/bcinr-logic/src/algorithms/bit_swap_u64.rs:24:14:
attempt to shift right with overflow

thread 'algorithms::bit_swap_u64::tests::test_bit_swap_u64_equivalence' (13928499) panicked at crates/bcinr-logic/src/algorithms/bit_swap_u64.rs:24:14:
attempt to shift right with overflow

thread 'algorithms::bit_swap_u64::tests::test_bit_swap_u64_equivalence' (13928499) panicked at crates/bcinr-logic/src/algorithms/bit_swap_u64.rs:24:14:
attempt to shift right with overflow

thread 'algorithms::bit_swap_u64::tests::test_bit_swap_u64_equivalence' (13928499) panicked at crates/bcinr-logic/src/algorithms/bit_swap_u64.rs:24:14:
attempt to shift right with overflow

thread 'algorithms::bit_swap_u64::tests::test_bit_swap_u64_equivalence' (13928499) panicked at crates/bcinr-logic/src/algorithms/bit_swap_u64.rs:24:14:
attempt to shift right with overflow

thread 'algorithms::bit_swap_u64::tests::test_bit_swap_u64_equivalence' (13928499) panicked at crates/bcinr-logic/src/algorithms/bit_swap_u64.rs:24:14:
attempt to shift right with overflow

thread 'algorithms::bit_swap_u64::tests::test_bit_swap_u64_equivalence' (13928499) panicked at crates/bcinr-logic/src/algorithms/bit_swap_u64.rs:24:14:
attempt to shift right with overflow

thread 'algorithms::bit_swap_u64::tests::test_bit_swap_u64_equivalence' (13928499) panicked at crates/bcinr-logic/src/algorithms/bit_swap_u64.rs:24:14:
attempt to shift right with overflow

thread 'algorithms::bit_swap_u64::tests::test_bit_swap_u64_equivalence' (13928499) panicked at crates/bcinr-logic/src/algorithms/bit_swap_u64.rs:24:14:
attempt to shift right with overflow

thread 'algorithms::bit_swap_u64::tests::test_bit_swap_u64_equivalence' (13928499) panicked at crates/bcinr-logic/src/algorithms/bit_swap_u64.rs:24:14:
attempt to shift right with overflow

thread 'algorithms::bit_swap_u64::tests::test_bit_swap_u64_equivalence' (13928499) panicked at crates/bcinr-logic/src/algorithms/bit_swap_u64.rs:24:14:
attempt to shift right with overflow

thread 'algorithms::bit_swap_u64::tests::test_bit_swap_u64_equivalence' (13928499) panicked at crates/bcinr-logic/src/algorithms/bit_swap_u64.rs:24:14:
attempt to shift right with overflow

thread 'algorithms::bit_swap_u64::tests::test_bit_swap_u64_equivalence' (13928499) panicked at crates/bcinr-logic/src/algorithms/bit_swap_u64.rs:24:14:
attempt to shift right with overflow

thread 'algorithms::bit_swap_u64::tests::test_bit_swap_u64_equivalence' (13928499) panicked at crates/bcinr-logic/src/algorithms/bit_swap_u64.rs:24:14:
attempt to shift right with overflow

thread 'algorithms::bit_swap_u64::tests::test_bit_swap_u64_equivalence' (13928499) panicked at crates/bcinr-logic/src/algorithms/bit_swap_u64.rs:24:14:
attempt to shift right with overflow

thread 'algorithms::bit_swap_u64::tests::test_bit_swap_u64_equivalence' (13928499) panicked at crates/bcinr-logic/src/algorithms/bit_swap_u64.rs:24:14:
attempt to shift right with overflow

thread 'algorithms::bit_swap_u64::tests::test_bit_swap_u64_equivalence' (13928499) panicked at crates/bcinr-logic/src/algorithms/bit_swap_u64.rs:24:14:
attempt to shift right with overflow

thread 'algorithms::bit_swap_u64::tests::test_bit_swap_u64_equivalence' (13928499) panicked at crates/bcinr-logic/src/algorithms/bit_swap_u64.rs:24:14:
attempt to shift right with overflow

thread 'algorithms::bit_swap_u64::tests::test_bit_swap_u64_equivalence' (13928499) panicked at crates/bcinr-logic/src/algorithms/bit_swap_u64.rs:24:14:
attempt to shift right with overflow

thread 'algorithms::bit_swap_u64::tests::test_bit_swap_u64_equivalence' (13928499) panicked at crates/bcinr-logic/src/algorithms/bit_swap_u64.rs:24:14:
attempt to shift right with overflow

thread 'algorithms::bit_swap_u64::tests::test_bit_swap_u64_equivalence' (13928499) panicked at crates/bcinr-logic/src/algorithms/bit_swap_u64.rs:24:14:
attempt to shift right with overflow

thread 'algorithms::bit_swap_u64::tests::test_bit_swap_u64_equivalence' (13928499) panicked at crates/bcinr-logic/src/algorithms/bit_swap_u64.rs:24:14:
attempt to shift right with overflow

thread 'algorithms::bit_swap_u64::tests::test_bit_swap_u64_equivalence' (13928499) panicked at crates/bcinr-logic/src/algorithms/bit_swap_u64.rs:24:14:
attempt to shift right with overflow

thread 'algorithms::bit_swap_u64::tests::test_bit_swap_u64_equivalence' (13928499) panicked at crates/bcinr-logic/src/algorithms/bit_swap_u64.rs:24:14:
attempt to shift right with overflow

thread 'algorithms::bit_swap_u64::tests::test_bit_swap_u64_equivalence' (13928499) panicked at crates/bcinr-logic/src/algorithms/bit_swap_u64.rs:24:14:
attempt to shift right with overflow

thread 'algorithms::bit_swap_u64::tests::test_bit_swap_u64_equivalence' (13928499) panicked at crates/bcinr-logic/src/algorithms/bit_swap_u64.rs:24:14:
attempt to shift right with overflow

thread 'algorithms::bit_swap_u64::tests::test_bit_swap_u64_equivalence' (13928499) panicked at crates/bcinr-logic/src/algorithms/bit_swap_u64.rs:24:14:
attempt to shift right with overflow

thread 'algorithms::bit_swap_u64::tests::test_bit_swap_u64_equivalence' (13928499) panicked at crates/bcinr-logic/src/algorithms/bit_swap_u64.rs:24:14:
attempt to shift right with overflow

thread 'algorithms::bit_swap_u64::tests::test_bit_swap_u64_equivalence' (13928499) panicked at crates/bcinr-logic/src/algorithms/bit_swap_u64.rs:24:14:
attempt to shift right with overflow

thread 'algorithms::bit_swap_u64::tests::test_bit_swap_u64_equivalence' (13928499) panicked at crates/bcinr-logic/src/algorithms/bit_swap_u64.rs:24:14:
attempt to shift right with overflow

thread 'algorithms::bit_swap_u64::tests::test_bit_swap_u64_equivalence' (13928499) panicked at crates/bcinr-logic/src/algorithms/bit_swap_u64.rs:24:14:
attempt to shift right with overflow

thread 'algorithms::bit_swap_u64::tests::test_bit_swap_u64_equivalence' (13928499) panicked at crates/bcinr-logic/src/algorithms/bit_swap_u64.rs:24:14:
attempt to shift right with overflow

thread 'algorithms::bit_swap_u64::tests::test_bit_swap_u64_equivalence' (13928499) panicked at crates/bcinr-logic/src/algorithms/bit_swap_u64.rs:24:14:
attempt to shift right with overflow

thread 'algorithms::bit_swap_u64::tests::test_bit_swap_u64_equivalence' (13928499) panicked at crates/bcinr-logic/src/algorithms/bit_swap_u64.rs:24:14:
attempt to shift right with overflow

thread 'algorithms::bit_swap_u64::tests::test_bit_swap_u64_equivalence' (13928499) panicked at crates/bcinr-logic/src/algorithms/bit_swap_u64.rs:24:14:
attempt to shift right with overflow

thread 'algorithms::bit_swap_u64::tests::test_bit_swap_u64_equivalence' (13928499) panicked at crates/bcinr-logic/src/algorithms/bit_swap_u64.rs:24:14:
attempt to shift right with overflow

thread 'algorithms::bit_swap_u64::tests::test_bit_swap_u64_equivalence' (13928499) panicked at crates/bcinr-logic/src/algorithms/bit_swap_u64.rs:24:14:
attempt to shift right with overflow

thread 'algorithms::bit_swap_u64::tests::test_bit_swap_u64_equivalence' (13928499) panicked at crates/bcinr-logic/src/algorithms/bit_swap_u64.rs:24:14:
attempt to shift right with overflow

thread 'algorithms::bit_swap_u64::tests::test_bit_swap_u64_equivalence' (13928499) panicked at crates/bcinr-logic/src/algorithms/bit_swap_u64.rs:24:14:
attempt to shift right with overflow

thread 'algorithms::bit_swap_u64::tests::test_bit_swap_u64_equivalence' (13928499) panicked at crates/bcinr-logic/src/algorithms/bit_swap_u64.rs:24:14:
attempt to shift right with overflow

thread 'algorithms::bit_swap_u64::tests::test_bit_swap_u64_equivalence' (13928499) panicked at crates/bcinr-logic/src/algorithms/bit_swap_u64.rs:24:14:
attempt to shift right with overflow

thread 'algorithms::bit_swap_u64::tests::test_bit_swap_u64_equivalence' (13928499) panicked at crates/bcinr-logic/src/algorithms/bit_swap_u64.rs:24:14:
attempt to shift right with overflow

thread 'algorithms::bit_swap_u64::tests::test_bit_swap_u64_equivalence' (13928499) panicked at crates/bcinr-logic/src/algorithms/bit_swap_u64.rs:24:14:
attempt to shift right with overflow

thread 'algorithms::bit_swap_u64::tests::test_bit_swap_u64_equivalence' (13928499) panicked at crates/bcinr-logic/src/algorithms/bit_swap_u64.rs:24:14:
attempt to shift right with overflow

thread 'algorithms::bit_swap_u64::tests::test_bit_swap_u64_equivalence' (13928499) panicked at crates/bcinr-logic/src/algorithms/bit_swap_u64.rs:24:14:
attempt to shift right with overflow

thread 'algorithms::bit_swap_u64::tests::test_bit_swap_u64_equivalence' (13928499) panicked at crates/bcinr-logic/src/algorithms/bit_swap_u64.rs:24:14:
attempt to shift right with overflow

thread 'algorithms::bit_swap_u64::tests::test_bit_swap_u64_equivalence' (13928499) panicked at crates/bcinr-logic/src/algorithms/bit_swap_u64.rs:24:14:
attempt to shift right with overflow

thread 'algorithms::bit_swap_u64::tests::test_bit_swap_u64_equivalence' (13928499) panicked at crates/bcinr-logic/src/algorithms/bit_swap_u64.rs:24:14:
attempt to shift right with overflow

thread 'algorithms::bit_swap_u64::tests::test_bit_swap_u64_equivalence' (13928499) panicked at crates/bcinr-logic/src/algorithms/bit_swap_u64.rs:24:14:
attempt to shift right with overflow

thread 'algorithms::bit_swap_u64::tests::test_bit_swap_u64_equivalence' (13928499) panicked at crates/bcinr-logic/src/algorithms/bit_swap_u64.rs:24:14:
attempt to shift right with overflow

thread 'algorithms::bit_swap_u64::tests::test_bit_swap_u64_equivalence' (13928499) panicked at crates/bcinr-logic/src/algorithms/bit_swap_u64.rs:24:14:
attempt to shift right with overflow

thread 'algorithms::bit_swap_u64::tests::test_bit_swap_u64_equivalence' (13928499) panicked at crates/bcinr-logic/src/algorithms/bit_swap_u64.rs:24:14:
attempt to shift right with overflow

thread 'algorithms::bit_swap_u64::tests::test_bit_swap_u64_equivalence' (13928499) panicked at crates/bcinr-logic/src/algorithms/bit_swap_u64.rs:24:14:
attempt to shift right with overflow

thread 'algorithms::bit_swap_u64::tests::test_bit_swap_u64_equivalence' (13928499) panicked at crates/bcinr-logic/src/algorithms/bit_swap_u64.rs:24:14:
attempt to shift right with overflow

thread 'algorithms::bit_swap_u64::tests::test_bit_swap_u64_equivalence' (13928499) panicked at crates/bcinr-logic/src/algorithms/bit_swap_u64.rs:24:14:
attempt to shift right with overflow

thread 'algorithms::bit_swap_u64::tests::test_bit_swap_u64_equivalence' (13928499) panicked at crates/bcinr-logic/src/algorithms/bit_swap_u64.rs:24:14:
attempt to shift right with overflow

thread 'algorithms::bit_swap_u64::tests::test_bit_swap_u64_equivalence' (13928499) panicked at crates/bcinr-logic/src/algorithms/bit_swap_u64.rs:24:14:
attempt to shift right with overflow

thread 'algorithms::bit_swap_u64::tests::test_bit_swap_u64_equivalence' (13928499) panicked at crates/bcinr-logic/src/algorithms/bit_swap_u64.rs:24:14:
attempt to shift right with overflow

thread 'algorithms::bit_swap_u64::tests::test_bit_swap_u64_equivalence' (13928499) panicked at crates/bcinr-logic/src/algorithms/bit_swap_u64.rs:24:14:
attempt to shift right with overflow

thread 'algorithms::bit_swap_u64::tests::test_bit_swap_u64_equivalence' (13928499) panicked at crates/bcinr-logic/src/algorithms/bit_swap_u64.rs:24:14:
attempt to shift right with overflow

thread 'algorithms::bit_swap_u64::tests::test_bit_swap_u64_equivalence' (13928499) panicked at crates/bcinr-logic/src/algorithms/bit_swap_u64.rs:24:14:
attempt to shift right with overflow

thread 'algorithms::bit_swap_u64::tests::test_bit_swap_u64_equivalence' (13928499) panicked at crates/bcinr-logic/src/algorithms/bit_swap_u64.rs:24:14:
attempt to shift right with overflow

thread 'algorithms::bit_swap_u64::tests::test_bit_swap_u64_equivalence' (13928499) panicked at crates/bcinr-logic/src/algorithms/bit_swap_u64.rs:24:14:
attempt to shift right with overflow

thread 'algorithms::bit_swap_u64::tests::test_bit_swap_u64_equivalence' (13928499) panicked at crates/bcinr-logic/src/algorithms/bit_swap_u64.rs:24:14:
attempt to shift right with overflow

thread 'algorithms::bit_swap_u64::tests::test_bit_swap_u64_equivalence' (13928499) panicked at crates/bcinr-logic/src/algorithms/bit_swap_u64.rs:24:14:
attempt to shift right with overflow

thread 'algorithms::bit_swap_u64::tests::test_bit_swap_u64_equivalence' (13928499) panicked at crates/bcinr-logic/src/algorithms/bit_swap_u64.rs:24:14:
attempt to shift right with overflow

thread 'algorithms::bit_swap_u64::tests::test_bit_swap_u64_equivalence' (13928499) panicked at crates/bcinr-logic/src/algorithms/bit_swap_u64.rs:24:14:
attempt to shift right with overflow

thread 'algorithms::bit_swap_u64::tests::test_bit_swap_u64_equivalence' (13928499) panicked at crates/bcinr-logic/src/algorithms/bit_swap_u64.rs:24:14:
attempt to shift right with overflow

thread 'algorithms::bit_swap_u64::tests::test_bit_swap_u64_equivalence' (13928499) panicked at crates/bcinr-logic/src/algorithms/bit_swap_u64.rs:24:14:
attempt to shift right with overflow

thread 'algorithms::bit_swap_u64::tests::test_bit_swap_u64_equivalence' (13928499) panicked at crates/bcinr-logic/src/algorithms/bit_swap_u64.rs:24:14:
attempt to shift right with overflow

thread 'algorithms::bit_swap_u64::tests::test_bit_swap_u64_equivalence' (13928499) panicked at crates/bcinr-logic/src/algorithms/bit_swap_u64.rs:24:14:
attempt to shift right with overflow

thread 'algorithms::bit_swap_u64::tests::test_bit_swap_u64_equivalence' (13928499) panicked at crates/bcinr-logic/src/algorithms/bit_swap_u64.rs:24:14:
attempt to shift right with overflow

thread 'algorithms::bit_swap_u64::tests::test_bit_swap_u64_equivalence' (13928499) panicked at crates/bcinr-logic/src/algorithms/bit_swap_u64.rs:24:14:
attempt to shift right with overflow

thread 'algorithms::bit_swap_u64::tests::test_bit_swap_u64_equivalence' (13928499) panicked at crates/bcinr-logic/src/algorithms/bit_swap_u64.rs:24:14:
attempt to shift right with overflow

thread 'algorithms::bit_swap_u64::tests::test_bit_swap_u64_equivalence' (13928499) panicked at crates/bcinr-logic/src/algorithms/bit_swap_u64.rs:24:14:
attempt to shift right with overflow

thread 'algorithms::bit_swap_u64::tests::test_bit_swap_u64_equivalence' (13928499) panicked at crates/bcinr-logic/src/algorithms/bit_swap_u64.rs:24:14:
attempt to shift right with overflow

thread 'algorithms::bit_swap_u64::tests::test_bit_swap_u64_equivalence' (13928499) panicked at crates/bcinr-logic/src/algorithms/bit_swap_u64.rs:24:14:
attempt to shift right with overflow

thread 'algorithms::bit_swap_u64::tests::test_bit_swap_u64_equivalence' (13928499) panicked at crates/bcinr-logic/src/algorithms/bit_swap_u64.rs:24:14:
attempt to shift right with overflow

thread 'algorithms::bit_swap_u64::tests::test_bit_swap_u64_equivalence' (13928499) panicked at crates/bcinr-logic/src/algorithms/bit_swap_u64.rs:24:14:
attempt to shift right with overflow

thread 'algorithms::bit_swap_u64::tests::test_bit_swap_u64_equivalence' (13928499) panicked at crates/bcinr-logic/src/algorithms/bit_swap_u64.rs:24:14:
attempt to shift right with overflow

thread 'algorithms::bit_swap_u64::tests::test_bit_swap_u64_equivalence' (13928499) panicked at crates/bcinr-logic/src/algorithms/bit_swap_u64.rs:24:14:
attempt to shift right with overflow

thread 'algorithms::bit_swap_u64::tests::test_bit_swap_u64_equivalence' (13928499) panicked at crates/bcinr-logic/src/algorithms/bit_swap_u64.rs:24:14:
attempt to shift right with overflow

thread 'algorithms::bit_swap_u64::tests::test_bit_swap_u64_equivalence' (13928499) panicked at crates/bcinr-logic/src/algorithms/bit_swap_u64.rs:24:14:
attempt to shift right with overflow

thread 'algorithms::bit_swap_u64::tests::test_bit_swap_u64_equivalence' (13928499) panicked at crates/bcinr-logic/src/algorithms/bit_swap_u64.rs:24:14:
attempt to shift right with overflow

thread 'algorithms::bit_swap_u64::tests::test_bit_swap_u64_equivalence' (13928499) panicked at crates/bcinr-logic/src/algorithms/bit_swap_u64.rs:51:5:
Test failed: assertion failed: `(left == right)` 
  left: `1`, 
 right: `0`: Adversarial failure: branchless mismatch at crates/bcinr-logic/src/algorithms/bit_swap_u64.rs:56.
minimal failing input: val = 0, aux = 1
	successes: 0
	local rejects: 0
	global rejects: 0


---- algorithms::bitpacking_decode_u32_k::tests::test_bitpacking_decode_u32_k_boundaries stdout ----

thread 'algorithms::bitpacking_decode_u32_k::tests::test_bitpacking_decode_u32_k_boundaries' (13928515) panicked at crates/bcinr-logic/src/algorithms/bitpacking_decode_u32_k.rs:21:26:
attempt to shift left with overflow

---- algorithms::bitpacking_decode_u32_k::tests::test_bitpacking_decode_u32_k_counterfactual_mutant_1 stdout ----

thread 'algorithms::bitpacking_decode_u32_k::tests::test_bitpacking_decode_u32_k_counterfactual_mutant_1' (13928516) panicked at crates/bcinr-logic/src/algorithms/bitpacking_decode_u32_k.rs:33:26:
attempt to shift left with overflow

thread 'algorithms::bitpacking_decode_u32_k::tests::test_bitpacking_decode_u32_k_counterfactual_mutant_1' (13928516) panicked at crates/bcinr-logic/src/algorithms/bitpacking_decode_u32_k.rs:33:26:
attempt to shift left with overflow

thread 'algorithms::bitpacking_decode_u32_k::tests::test_bitpacking_decode_u32_k_counterfactual_mutant_1' (13928516) panicked at crates/bcinr-logic/src/algorithms/bitpacking_decode_u32_k.rs:33:26:
attempt to shift left with overflow

thread 'algorithms::bitpacking_decode_u32_k::tests::test_bitpacking_decode_u32_k_counterfactual_mutant_1' (13928516) panicked at crates/bcinr-logic/src/algorithms/bitpacking_decode_u32_k.rs:33:26:
attempt to shift left with overflow

thread 'algorithms::bitpacking_decode_u32_k::tests::test_bitpacking_decode_u32_k_counterfactual_mutant_1' (13928516) panicked at crates/bcinr-logic/src/algorithms/bitpacking_decode_u32_k.rs:33:26:
attempt to shift left with overflow

thread 'algorithms::bitpacking_decode_u32_k::tests::test_bitpacking_decode_u32_k_counterfactual_mutant_1' (13928516) panicked at crates/bcinr-logic/src/algorithms/bitpacking_decode_u32_k.rs:33:26:
attempt to shift left with overflow

thread 'algorithms::bitpacking_decode_u32_k::tests::test_bitpacking_decode_u32_k_counterfactual_mutant_1' (13928516) panicked at crates/bcinr-logic/src/algorithms/bitpacking_decode_u32_k.rs:33:26:
attempt to shift left with overflow

thread 'algorithms::bitpacking_decode_u32_k::tests::test_bitpacking_decode_u32_k_counterfactual_mutant_1' (13928516) panicked at crates/bcinr-logic/src/algorithms/bitpacking_decode_u32_k.rs:33:26:
attempt to shift left with overflow

thread 'algorithms::bitpacking_decode_u32_k::tests::test_bitpacking_decode_u32_k_counterfactual_mutant_1' (13928516) panicked at crates/bcinr-logic/src/algorithms/bitpacking_decode_u32_k.rs:33:26:
attempt to shift left with overflow

thread 'algorithms::bitpacking_decode_u32_k::tests::test_bitpacking_decode_u32_k_counterfactual_mutant_1' (13928516) panicked at crates/bcinr-logic/src/algorithms/bitpacking_decode_u32_k.rs:33:26:
attempt to shift left with overflow

thread 'algorithms::bitpacking_decode_u32_k::tests::test_bitpacking_decode_u32_k_counterfactual_mutant_1' (13928516) panicked at crates/bcinr-logic/src/algorithms/bitpacking_decode_u32_k.rs:33:26:
attempt to shift left with overflow

thread 'algorithms::bitpacking_decode_u32_k::tests::test_bitpacking_decode_u32_k_counterfactual_mutant_1' (13928516) panicked at crates/bcinr-logic/src/algorithms/bitpacking_decode_u32_k.rs:33:26:
attempt to shift left with overflow

thread 'algorithms::bitpacking_decode_u32_k::tests::test_bitpacking_decode_u32_k_counterfactual_mutant_1' (13928516) panicked at crates/bcinr-logic/src/algorithms/bitpacking_decode_u32_k.rs:33:26:
attempt to shift left with overflow

thread 'algorithms::bitpacking_decode_u32_k::tests::test_bitpacking_decode_u32_k_counterfactual_mutant_1' (13928516) panicked at crates/bcinr-logic/src/algorithms/bitpacking_decode_u32_k.rs:33:26:
attempt to shift left with overflow

thread 'algorithms::bitpacking_decode_u32_k::tests::test_bitpacking_decode_u32_k_counterfactual_mutant_1' (13928516) panicked at crates/bcinr-logic/src/algorithms/bitpacking_decode_u32_k.rs:33:26:
attempt to shift left with overflow

thread 'algorithms::bitpacking_decode_u32_k::tests::test_bitpacking_decode_u32_k_counterfactual_mutant_1' (13928516) panicked at crates/bcinr-logic/src/algorithms/bitpacking_decode_u32_k.rs:33:26:
attempt to shift left with overflow

thread 'algorithms::bitpacking_decode_u32_k::tests::test_bitpacking_decode_u32_k_counterfactual_mutant_1' (13928516) panicked at crates/bcinr-logic/src/algorithms/bitpacking_decode_u32_k.rs:33:26:
attempt to shift left with overflow

thread 'algorithms::bitpacking_decode_u32_k::tests::test_bitpacking_decode_u32_k_counterfactual_mutant_1' (13928516) panicked at crates/bcinr-logic/src/algorithms/bitpacking_decode_u32_k.rs:33:26:
attempt to shift left with overflow

thread 'algorithms::bitpacking_decode_u32_k::tests::test_bitpacking_decode_u32_k_counterfactual_mutant_1' (13928516) panicked at crates/bcinr-logic/src/algorithms/bitpacking_decode_u32_k.rs:33:26:
attempt to shift left with overflow

thread 'algorithms::bitpacking_decode_u32_k::tests::test_bitpacking_decode_u32_k_counterfactual_mutant_1' (13928516) panicked at crates/bcinr-logic/src/algorithms/bitpacking_decode_u32_k.rs:33:26:
attempt to shift left with overflow

thread 'algorithms::bitpacking_decode_u32_k::tests::test_bitpacking_decode_u32_k_counterfactual_mutant_1' (13928516) panicked at crates/bcinr-logic/src/algorithms/bitpacking_decode_u32_k.rs:33:26:
attempt to shift left with overflow

thread 'algorithms::bitpacking_decode_u32_k::tests::test_bitpacking_decode_u32_k_counterfactual_mutant_1' (13928516) panicked at crates/bcinr-logic/src/algorithms/bitpacking_decode_u32_k.rs:33:26:
attempt to shift left with overflow

thread 'algorithms::bitpacking_decode_u32_k::tests::test_bitpacking_decode_u32_k_counterfactual_mutant_1' (13928516) panicked at crates/bcinr-logic/src/algorithms/bitpacking_decode_u32_k.rs:33:26:
attempt to shift left with overflow

thread 'algorithms::bitpacking_decode_u32_k::tests::test_bitpacking_decode_u32_k_counterfactual_mutant_1' (13928516) panicked at crates/bcinr-logic/src/algorithms/bitpacking_decode_u32_k.rs:33:26:
attempt to shift left with overflow

thread 'algorithms::bitpacking_decode_u32_k::tests::test_bitpacking_decode_u32_k_counterfactual_mutant_1' (13928516) panicked at crates/bcinr-logic/src/algorithms/bitpacking_decode_u32_k.rs:33:26:
attempt to shift left with overflow

thread 'algorithms::bitpacking_decode_u32_k::tests::test_bitpacking_decode_u32_k_counterfactual_mutant_1' (13928516) panicked at crates/bcinr-logic/src/algorithms/bitpacking_decode_u32_k.rs:33:26:
attempt to shift left with overflow

thread 'algorithms::bitpacking_decode_u32_k::tests::test_bitpacking_decode_u32_k_counterfactual_mutant_1' (13928516) panicked at crates/bcinr-logic/src/algorithms/bitpacking_decode_u32_k.rs:33:26:
attempt to shift left with overflow

thread 'algorithms::bitpacking_decode_u32_k::tests::test_bitpacking_decode_u32_k_counterfactual_mutant_1' (13928516) panicked at crates/bcinr-logic/src/algorithms/bitpacking_decode_u32_k.rs:33:26:
attempt to shift left with overflow

thread 'algorithms::bitpacking_decode_u32_k::tests::test_bitpacking_decode_u32_k_counterfactual_mutant_1' (13928516) panicked at crates/bcinr-logic/src/algorithms/bitpacking_decode_u32_k.rs:33:26:
attempt to shift left with overflow

thread 'algorithms::bitpacking_decode_u32_k::tests::test_bitpacking_decode_u32_k_counterfactual_mutant_1' (13928516) panicked at crates/bcinr-logic/src/algorithms/bitpacking_decode_u32_k.rs:33:26:
attempt to shift left with overflow

thread 'algorithms::bitpacking_decode_u32_k::tests::test_bitpacking_decode_u32_k_counterfactual_mutant_1' (13928516) panicked at crates/bcinr-logic/src/algorithms/bitpacking_decode_u32_k.rs:33:26:
attempt to shift left with overflow

thread 'algorithms::bitpacking_decode_u32_k::tests::test_bitpacking_decode_u32_k_counterfactual_mutant_1' (13928516) panicked at crates/bcinr-logic/src/algorithms/bitpacking_decode_u32_k.rs:33:26:
attempt to shift left with overflow

thread 'algorithms::bitpacking_decode_u32_k::tests::test_bitpacking_decode_u32_k_counterfactual_mutant_1' (13928516) panicked at crates/bcinr-logic/src/algorithms/bitpacking_decode_u32_k.rs:33:26:
attempt to shift left with overflow

thread 'algorithms::bitpacking_decode_u32_k::tests::test_bitpacking_decode_u32_k_counterfactual_mutant_1' (13928516) panicked at crates/bcinr-logic/src/algorithms/bitpacking_decode_u32_k.rs:33:26:
attempt to shift left with overflow

thread 'algorithms::bitpacking_decode_u32_k::tests::test_bitpacking_decode_u32_k_counterfactual_mutant_1' (13928516) panicked at crates/bcinr-logic/src/algorithms/bitpacking_decode_u32_k.rs:33:26:
attempt to shift left with overflow

thread 'algorithms::bitpacking_decode_u32_k::tests::test_bitpacking_decode_u32_k_counterfactual_mutant_1' (13928516) panicked at crates/bcinr-logic/src/algorithms/bitpacking_decode_u32_k.rs:33:26:
attempt to shift left with overflow

thread 'algorithms::bitpacking_decode_u32_k::tests::test_bitpacking_decode_u32_k_counterfactual_mutant_1' (13928516) panicked at crates/bcinr-logic/src/algorithms/bitpacking_decode_u32_k.rs:33:26:
attempt to shift left with overflow

thread 'algorithms::bitpacking_decode_u32_k::tests::test_bitpacking_decode_u32_k_counterfactual_mutant_1' (13928516) panicked at crates/bcinr-logic/src/algorithms/bitpacking_decode_u32_k.rs:33:26:
attempt to shift left with overflow

thread 'algorithms::bitpacking_decode_u32_k::tests::test_bitpacking_decode_u32_k_counterfactual_mutant_1' (13928516) panicked at crates/bcinr-logic/src/algorithms/bitpacking_decode_u32_k.rs:33:26:
attempt to shift left with overflow

thread 'algorithms::bitpacking_decode_u32_k::tests::test_bitpacking_decode_u32_k_counterfactual_mutant_1' (13928516) panicked at crates/bcinr-logic/src/algorithms/bitpacking_decode_u32_k.rs:33:26:
attempt to shift left with overflow

thread 'algorithms::bitpacking_decode_u32_k::tests::test_bitpacking_decode_u32_k_counterfactual_mutant_1' (13928516) panicked at crates/bcinr-logic/src/algorithms/bitpacking_decode_u32_k.rs:33:26:
attempt to shift left with overflow

thread 'algorithms::bitpacking_decode_u32_k::tests::test_bitpacking_decode_u32_k_counterfactual_mutant_1' (13928516) panicked at crates/bcinr-logic/src/algorithms/bitpacking_decode_u32_k.rs:33:26:
attempt to shift left with overflow

thread 'algorithms::bitpacking_decode_u32_k::tests::test_bitpacking_decode_u32_k_counterfactual_mutant_1' (13928516) panicked at crates/bcinr-logic/src/algorithms/bitpacking_decode_u32_k.rs:33:26:
attempt to shift left with overflow

thread 'algorithms::bitpacking_decode_u32_k::tests::test_bitpacking_decode_u32_k_counterfactual_mutant_1' (13928516) panicked at crates/bcinr-logic/src/algorithms/bitpacking_decode_u32_k.rs:33:26:
attempt to shift left with overflow

thread 'algorithms::bitpacking_decode_u32_k::tests::test_bitpacking_decode_u32_k_counterfactual_mutant_1' (13928516) panicked at crates/bcinr-logic/src/algorithms/bitpacking_decode_u32_k.rs:33:26:
attempt to shift left with overflow

thread 'algorithms::bitpacking_decode_u32_k::tests::test_bitpacking_decode_u32_k_counterfactual_mutant_1' (13928516) panicked at crates/bcinr-logic/src/algorithms/bitpacking_decode_u32_k.rs:33:26:
attempt to shift left with overflow

thread 'algorithms::bitpacking_decode_u32_k::tests::test_bitpacking_decode_u32_k_counterfactual_mutant_1' (13928516) panicked at crates/bcinr-logic/src/algorithms/bitpacking_decode_u32_k.rs:33:26:
attempt to shift left with overflow

thread 'algorithms::bitpacking_decode_u32_k::tests::test_bitpacking_decode_u32_k_counterfactual_mutant_1' (13928516) panicked at crates/bcinr-logic/src/algorithms/bitpacking_decode_u32_k.rs:33:26:
attempt to shift left with overflow

thread 'algorithms::bitpacking_decode_u32_k::tests::test_bitpacking_decode_u32_k_counterfactual_mutant_1' (13928516) panicked at crates/bcinr-logic/src/algorithms/bitpacking_decode_u32_k.rs:33:26:
attempt to shift left with overflow

thread 'algorithms::bitpacking_decode_u32_k::tests::test_bitpacking_decode_u32_k_counterfactual_mutant_1' (13928516) panicked at crates/bcinr-logic/src/algorithms/bitpacking_decode_u32_k.rs:33:26:
attempt to shift left with overflow

thread 'algorithms::bitpacking_decode_u32_k::tests::test_bitpacking_decode_u32_k_counterfactual_mutant_1' (13928516) panicked at crates/bcinr-logic/src/algorithms/bitpacking_decode_u32_k.rs:33:26:
attempt to shift left with overflow

thread 'algorithms::bitpacking_decode_u32_k::tests::test_bitpacking_decode_u32_k_counterfactual_mutant_1' (13928516) panicked at crates/bcinr-logic/src/algorithms/bitpacking_decode_u32_k.rs:33:26:
attempt to shift left with overflow

thread 'algorithms::bitpacking_decode_u32_k::tests::test_bitpacking_decode_u32_k_counterfactual_mutant_1' (13928516) panicked at crates/bcinr-logic/src/algorithms/bitpacking_decode_u32_k.rs:33:26:
attempt to shift left with overflow

thread 'algorithms::bitpacking_decode_u32_k::tests::test_bitpacking_decode_u32_k_counterfactual_mutant_1' (13928516) panicked at crates/bcinr-logic/src/algorithms/bitpacking_decode_u32_k.rs:33:26:
attempt to shift left with overflow

thread 'algorithms::bitpacking_decode_u32_k::tests::test_bitpacking_decode_u32_k_counterfactual_mutant_1' (13928516) panicked at crates/bcinr-logic/src/algorithms/bitpacking_decode_u32_k.rs:33:26:
attempt to shift left with overflow

thread 'algorithms::bitpacking_decode_u32_k::tests::test_bitpacking_decode_u32_k_counterfactual_mutant_1' (13928516) panicked at crates/bcinr-logic/src/algorithms/bitpacking_decode_u32_k.rs:33:26:
attempt to shift left with overflow

thread 'algorithms::bitpacking_decode_u32_k::tests::test_bitpacking_decode_u32_k_counterfactual_mutant_1' (13928516) panicked at crates/bcinr-logic/src/algorithms/bitpacking_decode_u32_k.rs:33:26:
attempt to shift left with overflow

thread 'algorithms::bitpacking_decode_u32_k::tests::test_bitpacking_decode_u32_k_counterfactual_mutant_1' (13928516) panicked at crates/bcinr-logic/src/algorithms/bitpacking_decode_u32_k.rs:33:26:
attempt to shift left with overflow

thread 'algorithms::bitpacking_decode_u32_k::tests::test_bitpacking_decode_u32_k_counterfactual_mutant_1' (13928516) panicked at crates/bcinr-logic/src/algorithms/bitpacking_decode_u32_k.rs:33:26:
attempt to shift left with overflow

thread 'algorithms::bitpacking_decode_u32_k::tests::test_bitpacking_decode_u32_k_counterfactual_mutant_1' (13928516) panicked at crates/bcinr-logic/src/algorithms/bitpacking_decode_u32_k.rs:33:26:
attempt to shift left with overflow

thread 'algorithms::bitpacking_decode_u32_k::tests::test_bitpacking_decode_u32_k_counterfactual_mutant_1' (13928516) panicked at crates/bcinr-logic/src/algorithms/bitpacking_decode_u32_k.rs:33:26:
attempt to shift left with overflow

thread 'algorithms::bitpacking_decode_u32_k::tests::test_bitpacking_decode_u32_k_counterfactual_mutant_1' (13928516) panicked at crates/bcinr-logic/src/algorithms/bitpacking_decode_u32_k.rs:33:26:
attempt to shift left with overflow

thread 'algorithms::bitpacking_decode_u32_k::tests::test_bitpacking_decode_u32_k_counterfactual_mutant_1' (13928516) panicked at crates/bcinr-logic/src/algorithms/bitpacking_decode_u32_k.rs:33:26:
attempt to shift left with overflow

thread 'algorithms::bitpacking_decode_u32_k::tests::test_bitpacking_decode_u32_k_counterfactual_mutant_1' (13928516) panicked at crates/bcinr-logic/src/algorithms/bitpacking_decode_u32_k.rs:33:26:
attempt to shift left with overflow

thread 'algorithms::bitpacking_decode_u32_k::tests::test_bitpacking_decode_u32_k_counterfactual_mutant_1' (13928516) panicked at crates/bcinr-logic/src/algorithms/bitpacking_decode_u32_k.rs:33:26:
attempt to shift left with overflow

thread 'algorithms::bitpacking_decode_u32_k::tests::test_bitpacking_decode_u32_k_counterfactual_mutant_1' (13928516) panicked at crates/bcinr-logic/src/algorithms/bitpacking_decode_u32_k.rs:33:26:
attempt to shift left with overflow

thread 'algorithms::bitpacking_decode_u32_k::tests::test_bitpacking_decode_u32_k_counterfactual_mutant_1' (13928516) panicked at crates/bcinr-logic/src/algorithms/bitpacking_decode_u32_k.rs:33:26:
attempt to shift left with overflow

thread 'algorithms::bitpacking_decode_u32_k::tests::test_bitpacking_decode_u32_k_counterfactual_mutant_1' (13928516) panicked at crates/bcinr-logic/src/algorithms/bitpacking_decode_u32_k.rs:33:26:
attempt to shift left with overflow

thread 'algorithms::bitpacking_decode_u32_k::tests::test_bitpacking_decode_u32_k_counterfactual_mutant_1' (13928516) panicked at crates/bcinr-logic/src/algorithms/bitpacking_decode_u32_k.rs:33:26:
attempt to shift left with overflow

thread 'algorithms::bitpacking_decode_u32_k::tests::test_bitpacking_decode_u32_k_counterfactual_mutant_1' (13928516) panicked at crates/bcinr-logic/src/algorithms/bitpacking_decode_u32_k.rs:33:26:
attempt to shift left with overflow

thread 'algorithms::bitpacking_decode_u32_k::tests::test_bitpacking_decode_u32_k_counterfactual_mutant_1' (13928516) panicked at crates/bcinr-logic/src/algorithms/bitpacking_decode_u32_k.rs:33:26:
attempt to shift left with overflow

thread 'algorithms::bitpacking_decode_u32_k::tests::test_bitpacking_decode_u32_k_counterfactual_mutant_1' (13928516) panicked at crates/bcinr-logic/src/algorithms/bitpacking_decode_u32_k.rs:33:26:
attempt to shift left with overflow

thread 'algorithms::bitpacking_decode_u32_k::tests::test_bitpacking_decode_u32_k_counterfactual_mutant_1' (13928516) panicked at crates/bcinr-logic/src/algorithms/bitpacking_decode_u32_k.rs:33:26:
attempt to shift left with overflow

thread 'algorithms::bitpacking_decode_u32_k::tests::test_bitpacking_decode_u32_k_counterfactual_mutant_1' (13928516) panicked at crates/bcinr-logic/src/algorithms/bitpacking_decode_u32_k.rs:33:26:
attempt to shift left with overflow

thread 'algorithms::bitpacking_decode_u32_k::tests::test_bitpacking_decode_u32_k_counterfactual_mutant_1' (13928516) panicked at crates/bcinr-logic/src/algorithms/bitpacking_decode_u32_k.rs:33:26:
attempt to shift left with overflow

thread 'algorithms::bitpacking_decode_u32_k::tests::test_bitpacking_decode_u32_k_counterfactual_mutant_1' (13928516) panicked at crates/bcinr-logic/src/algorithms/bitpacking_decode_u32_k.rs:33:26:
attempt to shift left with overflow

thread 'algorithms::bitpacking_decode_u32_k::tests::test_bitpacking_decode_u32_k_counterfactual_mutant_1' (13928516) panicked at crates/bcinr-logic/src/algorithms/bitpacking_decode_u32_k.rs:33:26:
attempt to shift left with overflow

thread 'algorithms::bitpacking_decode_u32_k::tests::test_bitpacking_decode_u32_k_counterfactual_mutant_1' (13928516) panicked at crates/bcinr-logic/src/algorithms/bitpacking_decode_u32_k.rs:33:26:
attempt to shift left with overflow

thread 'algorithms::bitpacking_decode_u32_k::tests::test_bitpacking_decode_u32_k_counterfactual_mutant_1' (13928516) panicked at crates/bcinr-logic/src/algorithms/bitpacking_decode_u32_k.rs:33:26:
attempt to shift left with overflow

thread 'algorithms::bitpacking_decode_u32_k::tests::test_bitpacking_decode_u32_k_counterfactual_mutant_1' (13928516) panicked at crates/bcinr-logic/src/algorithms/bitpacking_decode_u32_k.rs:33:26:
attempt to shift left with overflow

thread 'algorithms::bitpacking_decode_u32_k::tests::test_bitpacking_decode_u32_k_counterfactual_mutant_1' (13928516) panicked at crates/bcinr-logic/src/algorithms/bitpacking_decode_u32_k.rs:33:26:
attempt to shift left with overflow

thread 'algorithms::bitpacking_decode_u32_k::tests::test_bitpacking_decode_u32_k_counterfactual_mutant_1' (13928516) panicked at crates/bcinr-logic/src/algorithms/bitpacking_decode_u32_k.rs:33:26:
attempt to shift left with overflow

thread 'algorithms::bitpacking_decode_u32_k::tests::test_bitpacking_decode_u32_k_counterfactual_mutant_1' (13928516) panicked at crates/bcinr-logic/src/algorithms/bitpacking_decode_u32_k.rs:33:26:
attempt to shift left with overflow

thread 'algorithms::bitpacking_decode_u32_k::tests::test_bitpacking_decode_u32_k_counterfactual_mutant_1' (13928516) panicked at crates/bcinr-logic/src/algorithms/bitpacking_decode_u32_k.rs:33:26:
attempt to shift left with overflow

thread 'algorithms::bitpacking_decode_u32_k::tests::test_bitpacking_decode_u32_k_counterfactual_mutant_1' (13928516) panicked at crates/bcinr-logic/src/algorithms/bitpacking_decode_u32_k.rs:33:26:
attempt to shift left with overflow

thread 'algorithms::bitpacking_decode_u32_k::tests::test_bitpacking_decode_u32_k_counterfactual_mutant_1' (13928516) panicked at crates/bcinr-logic/src/algorithms/bitpacking_decode_u32_k.rs:33:26:
attempt to shift left with overflow

thread 'algorithms::bitpacking_decode_u32_k::tests::test_bitpacking_decode_u32_k_counterfactual_mutant_1' (13928516) panicked at crates/bcinr-logic/src/algorithms/bitpacking_decode_u32_k.rs:33:26:
attempt to shift left with overflow

thread 'algorithms::bitpacking_decode_u32_k::tests::test_bitpacking_decode_u32_k_counterfactual_mutant_1' (13928516) panicked at crates/bcinr-logic/src/algorithms/bitpacking_decode_u32_k.rs:33:26:
attempt to shift left with overflow

thread 'algorithms::bitpacking_decode_u32_k::tests::test_bitpacking_decode_u32_k_counterfactual_mutant_1' (13928516) panicked at crates/bcinr-logic/src/algorithms/bitpacking_decode_u32_k.rs:33:26:
attempt to shift left with overflow

thread 'algorithms::bitpacking_decode_u32_k::tests::test_bitpacking_decode_u32_k_counterfactual_mutant_1' (13928516) panicked at crates/bcinr-logic/src/algorithms/bitpacking_decode_u32_k.rs:33:26:
attempt to shift left with overflow

thread 'algorithms::bitpacking_decode_u32_k::tests::test_bitpacking_decode_u32_k_counterfactual_mutant_1' (13928516) panicked at crates/bcinr-logic/src/algorithms/bitpacking_decode_u32_k.rs:33:26:
attempt to shift left with overflow

thread 'algorithms::bitpacking_decode_u32_k::tests::test_bitpacking_decode_u32_k_counterfactual_mutant_1' (13928516) panicked at crates/bcinr-logic/src/algorithms/bitpacking_decode_u32_k.rs:33:26:
attempt to shift left with overflow

thread 'algorithms::bitpacking_decode_u32_k::tests::test_bitpacking_decode_u32_k_counterfactual_mutant_1' (13928516) panicked at crates/bcinr-logic/src/algorithms/bitpacking_decode_u32_k.rs:33:26:
attempt to shift left with overflow

thread 'algorithms::bitpacking_decode_u32_k::tests::test_bitpacking_decode_u32_k_counterfactual_mutant_1' (13928516) panicked at crates/bcinr-logic/src/algorithms/bitpacking_decode_u32_k.rs:33:26:
attempt to shift left with overflow

thread 'algorithms::bitpacking_decode_u32_k::tests::test_bitpacking_decode_u32_k_counterfactual_mutant_1' (13928516) panicked at crates/bcinr-logic/src/algorithms/bitpacking_decode_u32_k.rs:33:26:
attempt to shift left with overflow

thread 'algorithms::bitpacking_decode_u32_k::tests::test_bitpacking_decode_u32_k_counterfactual_mutant_1' (13928516) panicked at crates/bcinr-logic/src/algorithms/bitpacking_decode_u32_k.rs:33:26:
attempt to shift left with overflow

thread 'algorithms::bitpacking_decode_u32_k::tests::test_bitpacking_decode_u32_k_counterfactual_mutant_1' (13928516) panicked at crates/bcinr-logic/src/algorithms/bitpacking_decode_u32_k.rs:33:26:
attempt to shift left with overflow

thread 'algorithms::bitpacking_decode_u32_k::tests::test_bitpacking_decode_u32_k_counterfactual_mutant_1' (13928516) panicked at crates/bcinr-logic/src/algorithms/bitpacking_decode_u32_k.rs:33:26:
attempt to shift left with overflow

thread 'algorithms::bitpacking_decode_u32_k::tests::test_bitpacking_decode_u32_k_counterfactual_mutant_1' (13928516) panicked at crates/bcinr-logic/src/algorithms/bitpacking_decode_u32_k.rs:33:26:
attempt to shift left with overflow

thread 'algorithms::bitpacking_decode_u32_k::tests::test_bitpacking_decode_u32_k_counterfactual_mutant_1' (13928516) panicked at crates/bcinr-logic/src/algorithms/bitpacking_decode_u32_k.rs:33:26:
attempt to shift left with overflow

thread 'algorithms::bitpacking_decode_u32_k::tests::test_bitpacking_decode_u32_k_counterfactual_mutant_1' (13928516) panicked at crates/bcinr-logic/src/algorithms/bitpacking_decode_u32_k.rs:33:26:
attempt to shift left with overflow

thread 'algorithms::bitpacking_decode_u32_k::tests::test_bitpacking_decode_u32_k_counterfactual_mutant_1' (13928516) panicked at crates/bcinr-logic/src/algorithms/bitpacking_decode_u32_k.rs:33:26:
attempt to shift left with overflow

thread 'algorithms::bitpacking_decode_u32_k::tests::test_bitpacking_decode_u32_k_counterfactual_mutant_1' (13928516) panicked at crates/bcinr-logic/src/algorithms/bitpacking_decode_u32_k.rs:33:26:
attempt to shift left with overflow

thread 'algorithms::bitpacking_decode_u32_k::tests::test_bitpacking_decode_u32_k_counterfactual_mutant_1' (13928516) panicked at crates/bcinr-logic/src/algorithms/bitpacking_decode_u32_k.rs:33:26:
attempt to shift left with overflow

thread 'algorithms::bitpacking_decode_u32_k::tests::test_bitpacking_decode_u32_k_counterfactual_mutant_1' (13928516) panicked at crates/bcinr-logic/src/algorithms/bitpacking_decode_u32_k.rs:33:26:
attempt to shift left with overflow

thread 'algorithms::bitpacking_decode_u32_k::tests::test_bitpacking_decode_u32_k_counterfactual_mutant_1' (13928516) panicked at crates/bcinr-logic/src/algorithms/bitpacking_decode_u32_k.rs:33:26:
attempt to shift left with overflow

thread 'algorithms::bitpacking_decode_u32_k::tests::test_bitpacking_decode_u32_k_counterfactual_mutant_1' (13928516) panicked at crates/bcinr-logic/src/algorithms/bitpacking_decode_u32_k.rs:33:26:
attempt to shift left with overflow

thread 'algorithms::bitpacking_decode_u32_k::tests::test_bitpacking_decode_u32_k_counterfactual_mutant_1' (13928516) panicked at crates/bcinr-logic/src/algorithms/bitpacking_decode_u32_k.rs:33:26:
attempt to shift left with overflow

thread 'algorithms::bitpacking_decode_u32_k::tests::test_bitpacking_decode_u32_k_counterfactual_mutant_1' (13928516) panicked at crates/bcinr-logic/src/algorithms/bitpacking_decode_u32_k.rs:33:26:
attempt to shift left with overflow

thread 'algorithms::bitpacking_decode_u32_k::tests::test_bitpacking_decode_u32_k_counterfactual_mutant_1' (13928516) panicked at crates/bcinr-logic/src/algorithms/bitpacking_decode_u32_k.rs:33:26:
attempt to shift left with overflow

thread 'algorithms::bitpacking_decode_u32_k::tests::test_bitpacking_decode_u32_k_counterfactual_mutant_1' (13928516) panicked at crates/bcinr-logic/src/algorithms/bitpacking_decode_u32_k.rs:33:26:
attempt to shift left with overflow

thread 'algorithms::bitpacking_decode_u32_k::tests::test_bitpacking_decode_u32_k_counterfactual_mutant_1' (13928516) panicked at crates/bcinr-logic/src/algorithms/bitpacking_decode_u32_k.rs:33:26:
attempt to shift left with overflow

thread 'algorithms::bitpacking_decode_u32_k::tests::test_bitpacking_decode_u32_k_counterfactual_mutant_1' (13928516) panicked at crates/bcinr-logic/src/algorithms/bitpacking_decode_u32_k.rs:33:26:
attempt to shift left with overflow

thread 'algorithms::bitpacking_decode_u32_k::tests::test_bitpacking_decode_u32_k_counterfactual_mutant_1' (13928516) panicked at crates/bcinr-logic/src/algorithms/bitpacking_decode_u32_k.rs:33:26:
attempt to shift left with overflow

thread 'algorithms::bitpacking_decode_u32_k::tests::test_bitpacking_decode_u32_k_counterfactual_mutant_1' (13928516) panicked at crates/bcinr-logic/src/algorithms/bitpacking_decode_u32_k.rs:33:26:
attempt to shift left with overflow

thread 'algorithms::bitpacking_decode_u32_k::tests::test_bitpacking_decode_u32_k_counterfactual_mutant_1' (13928516) panicked at crates/bcinr-logic/src/algorithms/bitpacking_decode_u32_k.rs:33:26:
attempt to shift left with overflow

thread 'algorithms::bitpacking_decode_u32_k::tests::test_bitpacking_decode_u32_k_counterfactual_mutant_1' (13928516) panicked at crates/bcinr-logic/src/algorithms/bitpacking_decode_u32_k.rs:33:26:
attempt to shift left with overflow

thread 'algorithms::bitpacking_decode_u32_k::tests::test_bitpacking_decode_u32_k_counterfactual_mutant_1' (13928516) panicked at crates/bcinr-logic/src/algorithms/bitpacking_decode_u32_k.rs:33:26:
attempt to shift left with overflow

thread 'algorithms::bitpacking_decode_u32_k::tests::test_bitpacking_decode_u32_k_counterfactual_mutant_1' (13928516) panicked at crates/bcinr-logic/src/algorithms/bitpacking_decode_u32_k.rs:33:26:
attempt to shift left with overflow

thread 'algorithms::bitpacking_decode_u32_k::tests::test_bitpacking_decode_u32_k_counterfactual_mutant_1' (13928516) panicked at crates/bcinr-logic/src/algorithms/bitpacking_decode_u32_k.rs:33:26:
attempt to shift left with overflow

thread 'algorithms::bitpacking_decode_u32_k::tests::test_bitpacking_decode_u32_k_counterfactual_mutant_1' (13928516) panicked at crates/bcinr-logic/src/algorithms/bitpacking_decode_u32_k.rs:33:26:
attempt to shift left with overflow

thread 'algorithms::bitpacking_decode_u32_k::tests::test_bitpacking_decode_u32_k_counterfactual_mutant_1' (13928516) panicked at crates/bcinr-logic/src/algorithms/bitpacking_decode_u32_k.rs:33:26:
attempt to shift left with overflow

thread 'algorithms::bitpacking_decode_u32_k::tests::test_bitpacking_decode_u32_k_counterfactual_mutant_1' (13928516) panicked at crates/bcinr-logic/src/algorithms/bitpacking_decode_u32_k.rs:46:5:
Test failed: attempt to shift left with overflow.
minimal failing input: val = 0, aux = 4096
	successes: 0
	local rejects: 0
	global rejects: 0


---- algorithms::bitpacking_decode_u32_k::tests::test_bitpacking_decode_u32_k_counterfactual_mutant_2 stdout ----

thread 'algorithms::bitpacking_decode_u32_k::tests::test_bitpacking_decode_u32_k_counterfactual_mutant_2' (13928517) panicked at crates/bcinr-logic/src/algorithms/bitpacking_decode_u32_k.rs:33:26:
attempt to shift left with overflow

thread 'algorithms::bitpacking_decode_u32_k::tests::test_bitpacking_decode_u32_k_counterfactual_mutant_2' (13928517) panicked at crates/bcinr-logic/src/algorithms/bitpacking_decode_u32_k.rs:33:26:
attempt to shift left with overflow

thread 'algorithms::bitpacking_decode_u32_k::tests::test_bitpacking_decode_u32_k_counterfactual_mutant_2' (13928517) panicked at crates/bcinr-logic/src/algorithms/bitpacking_decode_u32_k.rs:33:26:
attempt to shift left with overflow

thread 'algorithms::bitpacking_decode_u32_k::tests::test_bitpacking_decode_u32_k_counterfactual_mutant_2' (13928517) panicked at crates/bcinr-logic/src/algorithms/bitpacking_decode_u32_k.rs:33:26:
attempt to shift left with overflow

thread 'algorithms::bitpacking_decode_u32_k::tests::test_bitpacking_decode_u32_k_counterfactual_mutant_2' (13928517) panicked at crates/bcinr-logic/src/algorithms/bitpacking_decode_u32_k.rs:33:26:
attempt to shift left with overflow

thread 'algorithms::bitpacking_decode_u32_k::tests::test_bitpacking_decode_u32_k_counterfactual_mutant_2' (13928517) panicked at crates/bcinr-logic/src/algorithms/bitpacking_decode_u32_k.rs:33:26:
attempt to shift left with overflow

thread 'algorithms::bitpacking_decode_u32_k::tests::test_bitpacking_decode_u32_k_counterfactual_mutant_2' (13928517) panicked at crates/bcinr-logic/src/algorithms/bitpacking_decode_u32_k.rs:33:26:
attempt to shift left with overflow

thread 'algorithms::bitpacking_decode_u32_k::tests::test_bitpacking_decode_u32_k_counterfactual_mutant_2' (13928517) panicked at crates/bcinr-logic/src/algorithms/bitpacking_decode_u32_k.rs:33:26:
attempt to shift left with overflow

thread 'algorithms::bitpacking_decode_u32_k::tests::test_bitpacking_decode_u32_k_counterfactual_mutant_2' (13928517) panicked at crates/bcinr-logic/src/algorithms/bitpacking_decode_u32_k.rs:33:26:
attempt to shift left with overflow

thread 'algorithms::bitpacking_decode_u32_k::tests::test_bitpacking_decode_u32_k_counterfactual_mutant_2' (13928517) panicked at crates/bcinr-logic/src/algorithms/bitpacking_decode_u32_k.rs:33:26:
attempt to shift left with overflow

thread 'algorithms::bitpacking_decode_u32_k::tests::test_bitpacking_decode_u32_k_counterfactual_mutant_2' (13928517) panicked at crates/bcinr-logic/src/algorithms/bitpacking_decode_u32_k.rs:33:26:
attempt to shift left with overflow

thread 'algorithms::bitpacking_decode_u32_k::tests::test_bitpacking_decode_u32_k_counterfactual_mutant_2' (13928517) panicked at crates/bcinr-logic/src/algorithms/bitpacking_decode_u32_k.rs:33:26:
attempt to shift left with overflow

thread 'algorithms::bitpacking_decode_u32_k::tests::test_bitpacking_decode_u32_k_counterfactual_mutant_2' (13928517) panicked at crates/bcinr-logic/src/algorithms/bitpacking_decode_u32_k.rs:33:26:
attempt to shift left with overflow

thread 'algorithms::bitpacking_decode_u32_k::tests::test_bitpacking_decode_u32_k_counterfactual_mutant_2' (13928517) panicked at crates/bcinr-logic/src/algorithms/bitpacking_decode_u32_k.rs:33:26:
attempt to shift left with overflow

thread 'algorithms::bitpacking_decode_u32_k::tests::test_bitpacking_decode_u32_k_counterfactual_mutant_2' (13928517) panicked at crates/bcinr-logic/src/algorithms/bitpacking_decode_u32_k.rs:33:26:
attempt to shift left with overflow

thread 'algorithms::bitpacking_decode_u32_k::tests::test_bitpacking_decode_u32_k_counterfactual_mutant_2' (13928517) panicked at crates/bcinr-logic/src/algorithms/bitpacking_decode_u32_k.rs:33:26:
attempt to shift left with overflow

thread 'algorithms::bitpacking_decode_u32_k::tests::test_bitpacking_decode_u32_k_counterfactual_mutant_2' (13928517) panicked at crates/bcinr-logic/src/algorithms/bitpacking_decode_u32_k.rs:33:26:
attempt to shift left with overflow

thread 'algorithms::bitpacking_decode_u32_k::tests::test_bitpacking_decode_u32_k_counterfactual_mutant_2' (13928517) panicked at crates/bcinr-logic/src/algorithms/bitpacking_decode_u32_k.rs:33:26:
attempt to shift left with overflow

thread 'algorithms::bitpacking_decode_u32_k::tests::test_bitpacking_decode_u32_k_counterfactual_mutant_2' (13928517) panicked at crates/bcinr-logic/src/algorithms/bitpacking_decode_u32_k.rs:33:26:
attempt to shift left with overflow

thread 'algorithms::bitpacking_decode_u32_k::tests::test_bitpacking_decode_u32_k_counterfactual_mutant_2' (13928517) panicked at crates/bcinr-logic/src/algorithms/bitpacking_decode_u32_k.rs:33:26:
attempt to shift left with overflow

thread 'algorithms::bitpacking_decode_u32_k::tests::test_bitpacking_decode_u32_k_counterfactual_mutant_2' (13928517) panicked at crates/bcinr-logic/src/algorithms/bitpacking_decode_u32_k.rs:33:26:
attempt to shift left with overflow

thread 'algorithms::bitpacking_decode_u32_k::tests::test_bitpacking_decode_u32_k_counterfactual_mutant_2' (13928517) panicked at crates/bcinr-logic/src/algorithms/bitpacking_decode_u32_k.rs:33:26:
attempt to shift left with overflow

thread 'algorithms::bitpacking_decode_u32_k::tests::test_bitpacking_decode_u32_k_counterfactual_mutant_2' (13928517) panicked at crates/bcinr-logic/src/algorithms/bitpacking_decode_u32_k.rs:33:26:
attempt to shift left with overflow

thread 'algorithms::bitpacking_decode_u32_k::tests::test_bitpacking_decode_u32_k_counterfactual_mutant_2' (13928517) panicked at crates/bcinr-logic/src/algorithms/bitpacking_decode_u32_k.rs:33:26:
attempt to shift left with overflow

thread 'algorithms::bitpacking_decode_u32_k::tests::test_bitpacking_decode_u32_k_counterfactual_mutant_2' (13928517) panicked at crates/bcinr-logic/src/algorithms/bitpacking_decode_u32_k.rs:33:26:
attempt to shift left with overflow

thread 'algorithms::bitpacking_decode_u32_k::tests::test_bitpacking_decode_u32_k_counterfactual_mutant_2' (13928517) panicked at crates/bcinr-logic/src/algorithms/bitpacking_decode_u32_k.rs:33:26:
attempt to shift left with overflow

thread 'algorithms::bitpacking_decode_u32_k::tests::test_bitpacking_decode_u32_k_counterfactual_mutant_2' (13928517) panicked at crates/bcinr-logic/src/algorithms/bitpacking_decode_u32_k.rs:33:26:
attempt to shift left with overflow

thread 'algorithms::bitpacking_decode_u32_k::tests::test_bitpacking_decode_u32_k_counterfactual_mutant_2' (13928517) panicked at crates/bcinr-logic/src/algorithms/bitpacking_decode_u32_k.rs:33:26:
attempt to shift left with overflow

thread 'algorithms::bitpacking_decode_u32_k::tests::test_bitpacking_decode_u32_k_counterfactual_mutant_2' (13928517) panicked at crates/bcinr-logic/src/algorithms/bitpacking_decode_u32_k.rs:33:26:
attempt to shift left with overflow

thread 'algorithms::bitpacking_decode_u32_k::tests::test_bitpacking_decode_u32_k_counterfactual_mutant_2' (13928517) panicked at crates/bcinr-logic/src/algorithms/bitpacking_decode_u32_k.rs:33:26:
attempt to shift left with overflow

thread 'algorithms::bitpacking_decode_u32_k::tests::test_bitpacking_decode_u32_k_counterfactual_mutant_2' (13928517) panicked at crates/bcinr-logic/src/algorithms/bitpacking_decode_u32_k.rs:33:26:
attempt to shift left with overflow

thread 'algorithms::bitpacking_decode_u32_k::tests::test_bitpacking_decode_u32_k_counterfactual_mutant_2' (13928517) panicked at crates/bcinr-logic/src/algorithms/bitpacking_decode_u32_k.rs:33:26:
attempt to shift left with overflow

thread 'algorithms::bitpacking_decode_u32_k::tests::test_bitpacking_decode_u32_k_counterfactual_mutant_2' (13928517) panicked at crates/bcinr-logic/src/algorithms/bitpacking_decode_u32_k.rs:33:26:
attempt to shift left with overflow

thread 'algorithms::bitpacking_decode_u32_k::tests::test_bitpacking_decode_u32_k_counterfactual_mutant_2' (13928517) panicked at crates/bcinr-logic/src/algorithms/bitpacking_decode_u32_k.rs:33:26:
attempt to shift left with overflow

thread 'algorithms::bitpacking_decode_u32_k::tests::test_bitpacking_decode_u32_k_counterfactual_mutant_2' (13928517) panicked at crates/bcinr-logic/src/algorithms/bitpacking_decode_u32_k.rs:33:26:
attempt to shift left with overflow

thread 'algorithms::bitpacking_decode_u32_k::tests::test_bitpacking_decode_u32_k_counterfactual_mutant_2' (13928517) panicked at crates/bcinr-logic/src/algorithms/bitpacking_decode_u32_k.rs:33:26:
attempt to shift left with overflow

thread 'algorithms::bitpacking_decode_u32_k::tests::test_bitpacking_decode_u32_k_counterfactual_mutant_2' (13928517) panicked at crates/bcinr-logic/src/algorithms/bitpacking_decode_u32_k.rs:33:26:
attempt to shift left with overflow

thread 'algorithms::bitpacking_decode_u32_k::tests::test_bitpacking_decode_u32_k_counterfactual_mutant_2' (13928517) panicked at crates/bcinr-logic/src/algorithms/bitpacking_decode_u32_k.rs:33:26:
attempt to shift left with overflow

thread 'algorithms::bitpacking_decode_u32_k::tests::test_bitpacking_decode_u32_k_counterfactual_mutant_2' (13928517) panicked at crates/bcinr-logic/src/algorithms/bitpacking_decode_u32_k.rs:33:26:
attempt to shift left with overflow

thread 'algorithms::bitpacking_decode_u32_k::tests::test_bitpacking_decode_u32_k_counterfactual_mutant_2' (13928517) panicked at crates/bcinr-logic/src/algorithms/bitpacking_decode_u32_k.rs:33:26:
attempt to shift left with overflow

thread 'algorithms::bitpacking_decode_u32_k::tests::test_bitpacking_decode_u32_k_counterfactual_mutant_2' (13928517) panicked at crates/bcinr-logic/src/algorithms/bitpacking_decode_u32_k.rs:33:26:
attempt to shift left with overflow

thread 'algorithms::bitpacking_decode_u32_k::tests::test_bitpacking_decode_u32_k_counterfactual_mutant_2' (13928517) panicked at crates/bcinr-logic/src/algorithms/bitpacking_decode_u32_k.rs:33:26:
attempt to shift left with overflow

thread 'algorithms::bitpacking_decode_u32_k::tests::test_bitpacking_decode_u32_k_counterfactual_mutant_2' (13928517) panicked at crates/bcinr-logic/src/algorithms/bitpacking_decode_u32_k.rs:33:26:
attempt to shift left with overflow

thread 'algorithms::bitpacking_decode_u32_k::tests::test_bitpacking_decode_u32_k_counterfactual_mutant_2' (13928517) panicked at crates/bcinr-logic/src/algorithms/bitpacking_decode_u32_k.rs:33:26:
attempt to shift left with overflow

thread 'algorithms::bitpacking_decode_u32_k::tests::test_bitpacking_decode_u32_k_counterfactual_mutant_2' (13928517) panicked at crates/bcinr-logic/src/algorithms/bitpacking_decode_u32_k.rs:33:26:
attempt to shift left with overflow

thread 'algorithms::bitpacking_decode_u32_k::tests::test_bitpacking_decode_u32_k_counterfactual_mutant_2' (13928517) panicked at crates/bcinr-logic/src/algorithms/bitpacking_decode_u32_k.rs:33:26:
attempt to shift left with overflow

thread 'algorithms::bitpacking_decode_u32_k::tests::test_bitpacking_decode_u32_k_counterfactual_mutant_2' (13928517) panicked at crates/bcinr-logic/src/algorithms/bitpacking_decode_u32_k.rs:33:26:
attempt to shift left with overflow

thread 'algorithms::bitpacking_decode_u32_k::tests::test_bitpacking_decode_u32_k_counterfactual_mutant_2' (13928517) panicked at crates/bcinr-logic/src/algorithms/bitpacking_decode_u32_k.rs:33:26:
attempt to shift left with overflow

thread 'algorithms::bitpacking_decode_u32_k::tests::test_bitpacking_decode_u32_k_counterfactual_mutant_2' (13928517) panicked at crates/bcinr-logic/src/algorithms/bitpacking_decode_u32_k.rs:33:26:
attempt to shift left with overflow

thread 'algorithms::bitpacking_decode_u32_k::tests::test_bitpacking_decode_u32_k_counterfactual_mutant_2' (13928517) panicked at crates/bcinr-logic/src/algorithms/bitpacking_decode_u32_k.rs:33:26:
attempt to shift left with overflow

thread 'algorithms::bitpacking_decode_u32_k::tests::test_bitpacking_decode_u32_k_counterfactual_mutant_2' (13928517) panicked at crates/bcinr-logic/src/algorithms/bitpacking_decode_u32_k.rs:33:26:
attempt to shift left with overflow

thread 'algorithms::bitpacking_decode_u32_k::tests::test_bitpacking_decode_u32_k_counterfactual_mutant_2' (13928517) panicked at crates/bcinr-logic/src/algorithms/bitpacking_decode_u32_k.rs:33:26:
attempt to shift left with overflow

thread 'algorithms::bitpacking_decode_u32_k::tests::test_bitpacking_decode_u32_k_counterfactual_mutant_2' (13928517) panicked at crates/bcinr-logic/src/algorithms/bitpacking_decode_u32_k.rs:33:26:
attempt to shift left with overflow

thread 'algorithms::bitpacking_decode_u32_k::tests::test_bitpacking_decode_u32_k_counterfactual_mutant_2' (13928517) panicked at crates/bcinr-logic/src/algorithms/bitpacking_decode_u32_k.rs:33:26:
attempt to shift left with overflow

thread 'algorithms::bitpacking_decode_u32_k::tests::test_bitpacking_decode_u32_k_counterfactual_mutant_2' (13928517) panicked at crates/bcinr-logic/src/algorithms/bitpacking_decode_u32_k.rs:33:26:
attempt to shift left with overflow

thread 'algorithms::bitpacking_decode_u32_k::tests::test_bitpacking_decode_u32_k_counterfactual_mutant_2' (13928517) panicked at crates/bcinr-logic/src/algorithms/bitpacking_decode_u32_k.rs:33:26:
attempt to shift left with overflow

thread 'algorithms::bitpacking_decode_u32_k::tests::test_bitpacking_decode_u32_k_counterfactual_mutant_2' (13928517) panicked at crates/bcinr-logic/src/algorithms/bitpacking_decode_u32_k.rs:33:26:
attempt to shift left with overflow

thread 'algorithms::bitpacking_decode_u32_k::tests::test_bitpacking_decode_u32_k_counterfactual_mutant_2' (13928517) panicked at crates/bcinr-logic/src/algorithms/bitpacking_decode_u32_k.rs:33:26:
attempt to shift left with overflow

thread 'algorithms::bitpacking_decode_u32_k::tests::test_bitpacking_decode_u32_k_counterfactual_mutant_2' (13928517) panicked at crates/bcinr-logic/src/algorithms/bitpacking_decode_u32_k.rs:33:26:
attempt to shift left with overflow

thread 'algorithms::bitpacking_decode_u32_k::tests::test_bitpacking_decode_u32_k_counterfactual_mutant_2' (13928517) panicked at crates/bcinr-logic/src/algorithms/bitpacking_decode_u32_k.rs:33:26:
attempt to shift left with overflow

thread 'algorithms::bitpacking_decode_u32_k::tests::test_bitpacking_decode_u32_k_counterfactual_mutant_2' (13928517) panicked at crates/bcinr-logic/src/algorithms/bitpacking_decode_u32_k.rs:33:26:
attempt to shift left with overflow

thread 'algorithms::bitpacking_decode_u32_k::tests::test_bitpacking_decode_u32_k_counterfactual_mutant_2' (13928517) panicked at crates/bcinr-logic/src/algorithms/bitpacking_decode_u32_k.rs:33:26:
attempt to shift left with overflow

thread 'algorithms::bitpacking_decode_u32_k::tests::test_bitpacking_decode_u32_k_counterfactual_mutant_2' (13928517) panicked at crates/bcinr-logic/src/algorithms/bitpacking_decode_u32_k.rs:33:26:
attempt to shift left with overflow

thread 'algorithms::bitpacking_decode_u32_k::tests::test_bitpacking_decode_u32_k_counterfactual_mutant_2' (13928517) panicked at crates/bcinr-logic/src/algorithms/bitpacking_decode_u32_k.rs:33:26:
attempt to shift left with overflow

thread 'algorithms::bitpacking_decode_u32_k::tests::test_bitpacking_decode_u32_k_counterfactual_mutant_2' (13928517) panicked at crates/bcinr-logic/src/algorithms/bitpacking_decode_u32_k.rs:33:26:
attempt to shift left with overflow

thread 'algorithms::bitpacking_decode_u32_k::tests::test_bitpacking_decode_u32_k_counterfactual_mutant_2' (13928517) panicked at crates/bcinr-logic/src/algorithms/bitpacking_decode_u32_k.rs:33:26:
attempt to shift left with overflow

thread 'algorithms::bitpacking_decode_u32_k::tests::test_bitpacking_decode_u32_k_counterfactual_mutant_2' (13928517) panicked at crates/bcinr-logic/src/algorithms/bitpacking_decode_u32_k.rs:33:26:
attempt to shift left with overflow

thread 'algorithms::bitpacking_decode_u32_k::tests::test_bitpacking_decode_u32_k_counterfactual_mutant_2' (13928517) panicked at crates/bcinr-logic/src/algorithms/bitpacking_decode_u32_k.rs:33:26:
attempt to shift left with overflow

thread 'algorithms::bitpacking_decode_u32_k::tests::test_bitpacking_decode_u32_k_counterfactual_mutant_2' (13928517) panicked at crates/bcinr-logic/src/algorithms/bitpacking_decode_u32_k.rs:33:26:
attempt to shift left with overflow

thread 'algorithms::bitpacking_decode_u32_k::tests::test_bitpacking_decode_u32_k_counterfactual_mutant_2' (13928517) panicked at crates/bcinr-logic/src/algorithms/bitpacking_decode_u32_k.rs:33:26:
attempt to shift left with overflow

thread 'algorithms::bitpacking_decode_u32_k::tests::test_bitpacking_decode_u32_k_counterfactual_mutant_2' (13928517) panicked at crates/bcinr-logic/src/algorithms/bitpacking_decode_u32_k.rs:33:26:
attempt to shift left with overflow

thread 'algorithms::bitpacking_decode_u32_k::tests::test_bitpacking_decode_u32_k_counterfactual_mutant_2' (13928517) panicked at crates/bcinr-logic/src/algorithms/bitpacking_decode_u32_k.rs:33:26:
attempt to shift left with overflow

thread 'algorithms::bitpacking_decode_u32_k::tests::test_bitpacking_decode_u32_k_counterfactual_mutant_2' (13928517) panicked at crates/bcinr-logic/src/algorithms/bitpacking_decode_u32_k.rs:33:26:
attempt to shift left with overflow

thread 'algorithms::bitpacking_decode_u32_k::tests::test_bitpacking_decode_u32_k_counterfactual_mutant_2' (13928517) panicked at crates/bcinr-logic/src/algorithms/bitpacking_decode_u32_k.rs:33:26:
attempt to shift left with overflow

thread 'algorithms::bitpacking_decode_u32_k::tests::test_bitpacking_decode_u32_k_counterfactual_mutant_2' (13928517) panicked at crates/bcinr-logic/src/algorithms/bitpacking_decode_u32_k.rs:33:26:
attempt to shift left with overflow

thread 'algorithms::bitpacking_decode_u32_k::tests::test_bitpacking_decode_u32_k_counterfactual_mutant_2' (13928517) panicked at crates/bcinr-logic/src/algorithms/bitpacking_decode_u32_k.rs:33:26:
attempt to shift left with overflow

thread 'algorithms::bitpacking_decode_u32_k::tests::test_bitpacking_decode_u32_k_counterfactual_mutant_2' (13928517) panicked at crates/bcinr-logic/src/algorithms/bitpacking_decode_u32_k.rs:33:26:
attempt to shift left with overflow

thread 'algorithms::bitpacking_decode_u32_k::tests::test_bitpacking_decode_u32_k_counterfactual_mutant_2' (13928517) panicked at crates/bcinr-logic/src/algorithms/bitpacking_decode_u32_k.rs:33:26:
attempt to shift left with overflow

thread 'algorithms::bitpacking_decode_u32_k::tests::test_bitpacking_decode_u32_k_counterfactual_mutant_2' (13928517) panicked at crates/bcinr-logic/src/algorithms/bitpacking_decode_u32_k.rs:33:26:
attempt to shift left with overflow

thread 'algorithms::bitpacking_decode_u32_k::tests::test_bitpacking_decode_u32_k_counterfactual_mutant_2' (13928517) panicked at crates/bcinr-logic/src/algorithms/bitpacking_decode_u32_k.rs:33:26:
attempt to shift left with overflow

thread 'algorithms::bitpacking_decode_u32_k::tests::test_bitpacking_decode_u32_k_counterfactual_mutant_2' (13928517) panicked at crates/bcinr-logic/src/algorithms/bitpacking_decode_u32_k.rs:33:26:
attempt to shift left with overflow

thread 'algorithms::bitpacking_decode_u32_k::tests::test_bitpacking_decode_u32_k_counterfactual_mutant_2' (13928517) panicked at crates/bcinr-logic/src/algorithms/bitpacking_decode_u32_k.rs:33:26:
attempt to shift left with overflow

thread 'algorithms::bitpacking_decode_u32_k::tests::test_bitpacking_decode_u32_k_counterfactual_mutant_2' (13928517) panicked at crates/bcinr-logic/src/algorithms/bitpacking_decode_u32_k.rs:33:26:
attempt to shift left with overflow

thread 'algorithms::bitpacking_decode_u32_k::tests::test_bitpacking_decode_u32_k_counterfactual_mutant_2' (13928517) panicked at crates/bcinr-logic/src/algorithms/bitpacking_decode_u32_k.rs:33:26:
attempt to shift left with overflow

thread 'algorithms::bitpacking_decode_u32_k::tests::test_bitpacking_decode_u32_k_counterfactual_mutant_2' (13928517) panicked at crates/bcinr-logic/src/algorithms/bitpacking_decode_u32_k.rs:33:26:
attempt to shift left with overflow

thread 'algorithms::bitpacking_decode_u32_k::tests::test_bitpacking_decode_u32_k_counterfactual_mutant_2' (13928517) panicked at crates/bcinr-logic/src/algorithms/bitpacking_decode_u32_k.rs:33:26:
attempt to shift left with overflow

thread 'algorithms::bitpacking_decode_u32_k::tests::test_bitpacking_decode_u32_k_counterfactual_mutant_2' (13928517) panicked at crates/bcinr-logic/src/algorithms/bitpacking_decode_u32_k.rs:33:26:
attempt to shift left with overflow

thread 'algorithms::bitpacking_decode_u32_k::tests::test_bitpacking_decode_u32_k_counterfactual_mutant_2' (13928517) panicked at crates/bcinr-logic/src/algorithms/bitpacking_decode_u32_k.rs:33:26:
attempt to shift left with overflow

thread 'algorithms::bitpacking_decode_u32_k::tests::test_bitpacking_decode_u32_k_counterfactual_mutant_2' (13928517) panicked at crates/bcinr-logic/src/algorithms/bitpacking_decode_u32_k.rs:33:26:
attempt to shift left with overflow

thread 'algorithms::bitpacking_decode_u32_k::tests::test_bitpacking_decode_u32_k_counterfactual_mutant_2' (13928517) panicked at crates/bcinr-logic/src/algorithms/bitpacking_decode_u32_k.rs:33:26:
attempt to shift left with overflow

thread 'algorithms::bitpacking_decode_u32_k::tests::test_bitpacking_decode_u32_k_counterfactual_mutant_2' (13928517) panicked at crates/bcinr-logic/src/algorithms/bitpacking_decode_u32_k.rs:33:26:
attempt to shift left with overflow

thread 'algorithms::bitpacking_decode_u32_k::tests::test_bitpacking_decode_u32_k_counterfactual_mutant_2' (13928517) panicked at crates/bcinr-logic/src/algorithms/bitpacking_decode_u32_k.rs:33:26:
attempt to shift left with overflow

thread 'algorithms::bitpacking_decode_u32_k::tests::test_bitpacking_decode_u32_k_counterfactual_mutant_2' (13928517) panicked at crates/bcinr-logic/src/algorithms/bitpacking_decode_u32_k.rs:33:26:
attempt to shift left with overflow

thread 'algorithms::bitpacking_decode_u32_k::tests::test_bitpacking_decode_u32_k_counterfactual_mutant_2' (13928517) panicked at crates/bcinr-logic/src/algorithms/bitpacking_decode_u32_k.rs:33:26:
attempt to shift left with overflow

thread 'algorithms::bitpacking_decode_u32_k::tests::test_bitpacking_decode_u32_k_counterfactual_mutant_2' (13928517) panicked at crates/bcinr-logic/src/algorithms/bitpacking_decode_u32_k.rs:33:26:
attempt to shift left with overflow

thread 'algorithms::bitpacking_decode_u32_k::tests::test_bitpacking_decode_u32_k_counterfactual_mutant_2' (13928517) panicked at crates/bcinr-logic/src/algorithms/bitpacking_decode_u32_k.rs:33:26:
attempt to shift left with overflow

thread 'algorithms::bitpacking_decode_u32_k::tests::test_bitpacking_decode_u32_k_counterfactual_mutant_2' (13928517) panicked at crates/bcinr-logic/src/algorithms/bitpacking_decode_u32_k.rs:33:26:
attempt to shift left with overflow

thread 'algorithms::bitpacking_decode_u32_k::tests::test_bitpacking_decode_u32_k_counterfactual_mutant_2' (13928517) panicked at crates/bcinr-logic/src/algorithms/bitpacking_decode_u32_k.rs:33:26:
attempt to shift left with overflow

thread 'algorithms::bitpacking_decode_u32_k::tests::test_bitpacking_decode_u32_k_counterfactual_mutant_2' (13928517) panicked at crates/bcinr-logic/src/algorithms/bitpacking_decode_u32_k.rs:33:26:
attempt to shift left with overflow

thread 'algorithms::bitpacking_decode_u32_k::tests::test_bitpacking_decode_u32_k_counterfactual_mutant_2' (13928517) panicked at crates/bcinr-logic/src/algorithms/bitpacking_decode_u32_k.rs:33:26:
attempt to shift left with overflow

thread 'algorithms::bitpacking_decode_u32_k::tests::test_bitpacking_decode_u32_k_counterfactual_mutant_2' (13928517) panicked at crates/bcinr-logic/src/algorithms/bitpacking_decode_u32_k.rs:33:26:
attempt to shift left with overflow

thread 'algorithms::bitpacking_decode_u32_k::tests::test_bitpacking_decode_u32_k_counterfactual_mutant_2' (13928517) panicked at crates/bcinr-logic/src/algorithms/bitpacking_decode_u32_k.rs:33:26:
attempt to shift left with overflow

thread 'algorithms::bitpacking_decode_u32_k::tests::test_bitpacking_decode_u32_k_counterfactual_mutant_2' (13928517) panicked at crates/bcinr-logic/src/algorithms/bitpacking_decode_u32_k.rs:33:26:
attempt to shift left with overflow

thread 'algorithms::bitpacking_decode_u32_k::tests::test_bitpacking_decode_u32_k_counterfactual_mutant_2' (13928517) panicked at crates/bcinr-logic/src/algorithms/bitpacking_decode_u32_k.rs:33:26:
attempt to shift left with overflow

thread 'algorithms::bitpacking_decode_u32_k::tests::test_bitpacking_decode_u32_k_counterfactual_mutant_2' (13928517) panicked at crates/bcinr-logic/src/algorithms/bitpacking_decode_u32_k.rs:33:26:
attempt to shift left with overflow

thread 'algorithms::bitpacking_decode_u32_k::tests::test_bitpacking_decode_u32_k_counterfactual_mutant_2' (13928517) panicked at crates/bcinr-logic/src/algorithms/bitpacking_decode_u32_k.rs:33:26:
attempt to shift left with overflow

thread 'algorithms::bitpacking_decode_u32_k::tests::test_bitpacking_decode_u32_k_counterfactual_mutant_2' (13928517) panicked at crates/bcinr-logic/src/algorithms/bitpacking_decode_u32_k.rs:33:26:
attempt to shift left with overflow

thread 'algorithms::bitpacking_decode_u32_k::tests::test_bitpacking_decode_u32_k_counterfactual_mutant_2' (13928517) panicked at crates/bcinr-logic/src/algorithms/bitpacking_decode_u32_k.rs:33:26:
attempt to shift left with overflow

thread 'algorithms::bitpacking_decode_u32_k::tests::test_bitpacking_decode_u32_k_counterfactual_mutant_2' (13928517) panicked at crates/bcinr-logic/src/algorithms/bitpacking_decode_u32_k.rs:33:26:
attempt to shift left with overflow

thread 'algorithms::bitpacking_decode_u32_k::tests::test_bitpacking_decode_u32_k_counterfactual_mutant_2' (13928517) panicked at crates/bcinr-logic/src/algorithms/bitpacking_decode_u32_k.rs:33:26:
attempt to shift left with overflow

thread 'algorithms::bitpacking_decode_u32_k::tests::test_bitpacking_decode_u32_k_counterfactual_mutant_2' (13928517) panicked at crates/bcinr-logic/src/algorithms/bitpacking_decode_u32_k.rs:33:26:
attempt to shift left with overflow

thread 'algorithms::bitpacking_decode_u32_k::tests::test_bitpacking_decode_u32_k_counterfactual_mutant_2' (13928517) panicked at crates/bcinr-logic/src/algorithms/bitpacking_decode_u32_k.rs:33:26:
attempt to shift left with overflow

thread 'algorithms::bitpacking_decode_u32_k::tests::test_bitpacking_decode_u32_k_counterfactual_mutant_2' (13928517) panicked at crates/bcinr-logic/src/algorithms/bitpacking_decode_u32_k.rs:33:26:
attempt to shift left with overflow

thread 'algorithms::bitpacking_decode_u32_k::tests::test_bitpacking_decode_u32_k_counterfactual_mutant_2' (13928517) panicked at crates/bcinr-logic/src/algorithms/bitpacking_decode_u32_k.rs:33:26:
attempt to shift left with overflow

thread 'algorithms::bitpacking_decode_u32_k::tests::test_bitpacking_decode_u32_k_counterfactual_mutant_2' (13928517) panicked at crates/bcinr-logic/src/algorithms/bitpacking_decode_u32_k.rs:33:26:
attempt to shift left with overflow

thread 'algorithms::bitpacking_decode_u32_k::tests::test_bitpacking_decode_u32_k_counterfactual_mutant_2' (13928517) panicked at crates/bcinr-logic/src/algorithms/bitpacking_decode_u32_k.rs:33:26:
attempt to shift left with overflow

thread 'algorithms::bitpacking_decode_u32_k::tests::test_bitpacking_decode_u32_k_counterfactual_mutant_2' (13928517) panicked at crates/bcinr-logic/src/algorithms/bitpacking_decode_u32_k.rs:33:26:
attempt to shift left with overflow

thread 'algorithms::bitpacking_decode_u32_k::tests::test_bitpacking_decode_u32_k_counterfactual_mutant_2' (13928517) panicked at crates/bcinr-logic/src/algorithms/bitpacking_decode_u32_k.rs:33:26:
attempt to shift left with overflow

thread 'algorithms::bitpacking_decode_u32_k::tests::test_bitpacking_decode_u32_k_counterfactual_mutant_2' (13928517) panicked at crates/bcinr-logic/src/algorithms/bitpacking_decode_u32_k.rs:33:26:
attempt to shift left with overflow

thread 'algorithms::bitpacking_decode_u32_k::tests::test_bitpacking_decode_u32_k_counterfactual_mutant_2' (13928517) panicked at crates/bcinr-logic/src/algorithms/bitpacking_decode_u32_k.rs:33:26:
attempt to shift left with overflow

thread 'algorithms::bitpacking_decode_u32_k::tests::test_bitpacking_decode_u32_k_counterfactual_mutant_2' (13928517) panicked at crates/bcinr-logic/src/algorithms/bitpacking_decode_u32_k.rs:33:26:
attempt to shift left with overflow

thread 'algorithms::bitpacking_decode_u32_k::tests::test_bitpacking_decode_u32_k_counterfactual_mutant_2' (13928517) panicked at crates/bcinr-logic/src/algorithms/bitpacking_decode_u32_k.rs:33:26:
attempt to shift left with overflow

thread 'algorithms::bitpacking_decode_u32_k::tests::test_bitpacking_decode_u32_k_counterfactual_mutant_2' (13928517) panicked at crates/bcinr-logic/src/algorithms/bitpacking_decode_u32_k.rs:46:5:
Test failed: attempt to shift left with overflow.
minimal failing input: val = 0, aux = 4096
	successes: 0
	local rejects: 0
	global rejects: 0


---- algorithms::bitpacking_decode_u32_k::tests::test_bitpacking_decode_u32_k_counterfactual_mutant_3 stdout ----

thread 'algorithms::bitpacking_decode_u32_k::tests::test_bitpacking_decode_u32_k_counterfactual_mutant_3' (13928518) panicked at crates/bcinr-logic/src/algorithms/bitpacking_decode_u32_k.rs:33:26:
attempt to shift left with overflow

thread 'algorithms::bitpacking_decode_u32_k::tests::test_bitpacking_decode_u32_k_counterfactual_mutant_3' (13928518) panicked at crates/bcinr-logic/src/algorithms/bitpacking_decode_u32_k.rs:33:26:
attempt to shift left with overflow

thread 'algorithms::bitpacking_decode_u32_k::tests::test_bitpacking_decode_u32_k_counterfactual_mutant_3' (13928518) panicked at crates/bcinr-logic/src/algorithms/bitpacking_decode_u32_k.rs:33:26:
attempt to shift left with overflow

thread 'algorithms::bitpacking_decode_u32_k::tests::test_bitpacking_decode_u32_k_counterfactual_mutant_3' (13928518) panicked at crates/bcinr-logic/src/algorithms/bitpacking_decode_u32_k.rs:33:26:
attempt to shift left with overflow

thread 'algorithms::bitpacking_decode_u32_k::tests::test_bitpacking_decode_u32_k_counterfactual_mutant_3' (13928518) panicked at crates/bcinr-logic/src/algorithms/bitpacking_decode_u32_k.rs:33:26:
attempt to shift left with overflow

thread 'algorithms::bitpacking_decode_u32_k::tests::test_bitpacking_decode_u32_k_counterfactual_mutant_3' (13928518) panicked at crates/bcinr-logic/src/algorithms/bitpacking_decode_u32_k.rs:33:26:
attempt to shift left with overflow

thread 'algorithms::bitpacking_decode_u32_k::tests::test_bitpacking_decode_u32_k_counterfactual_mutant_3' (13928518) panicked at crates/bcinr-logic/src/algorithms/bitpacking_decode_u32_k.rs:33:26:
attempt to shift left with overflow

thread 'algorithms::bitpacking_decode_u32_k::tests::test_bitpacking_decode_u32_k_counterfactual_mutant_3' (13928518) panicked at crates/bcinr-logic/src/algorithms/bitpacking_decode_u32_k.rs:33:26:
attempt to shift left with overflow

thread 'algorithms::bitpacking_decode_u32_k::tests::test_bitpacking_decode_u32_k_counterfactual_mutant_3' (13928518) panicked at crates/bcinr-logic/src/algorithms/bitpacking_decode_u32_k.rs:33:26:
attempt to shift left with overflow

thread 'algorithms::bitpacking_decode_u32_k::tests::test_bitpacking_decode_u32_k_counterfactual_mutant_3' (13928518) panicked at crates/bcinr-logic/src/algorithms/bitpacking_decode_u32_k.rs:33:26:
attempt to shift left with overflow

thread 'algorithms::bitpacking_decode_u32_k::tests::test_bitpacking_decode_u32_k_counterfactual_mutant_3' (13928518) panicked at crates/bcinr-logic/src/algorithms/bitpacking_decode_u32_k.rs:33:26:
attempt to shift left with overflow

thread 'algorithms::bitpacking_decode_u32_k::tests::test_bitpacking_decode_u32_k_counterfactual_mutant_3' (13928518) panicked at crates/bcinr-logic/src/algorithms/bitpacking_decode_u32_k.rs:33:26:
attempt to shift left with overflow

thread 'algorithms::bitpacking_decode_u32_k::tests::test_bitpacking_decode_u32_k_counterfactual_mutant_3' (13928518) panicked at crates/bcinr-logic/src/algorithms/bitpacking_decode_u32_k.rs:33:26:
attempt to shift left with overflow

thread 'algorithms::bitpacking_decode_u32_k::tests::test_bitpacking_decode_u32_k_counterfactual_mutant_3' (13928518) panicked at crates/bcinr-logic/src/algorithms/bitpacking_decode_u32_k.rs:33:26:
attempt to shift left with overflow

thread 'algorithms::bitpacking_decode_u32_k::tests::test_bitpacking_decode_u32_k_counterfactual_mutant_3' (13928518) panicked at crates/bcinr-logic/src/algorithms/bitpacking_decode_u32_k.rs:33:26:
attempt to shift left with overflow

thread 'algorithms::bitpacking_decode_u32_k::tests::test_bitpacking_decode_u32_k_counterfactual_mutant_3' (13928518) panicked at crates/bcinr-logic/src/algorithms/bitpacking_decode_u32_k.rs:33:26:
attempt to shift left with overflow

thread 'algorithms::bitpacking_decode_u32_k::tests::test_bitpacking_decode_u32_k_counterfactual_mutant_3' (13928518) panicked at crates/bcinr-logic/src/algorithms/bitpacking_decode_u32_k.rs:33:26:
attempt to shift left with overflow

thread 'algorithms::bitpacking_decode_u32_k::tests::test_bitpacking_decode_u32_k_counterfactual_mutant_3' (13928518) panicked at crates/bcinr-logic/src/algorithms/bitpacking_decode_u32_k.rs:33:26:
attempt to shift left with overflow

thread 'algorithms::bitpacking_decode_u32_k::tests::test_bitpacking_decode_u32_k_counterfactual_mutant_3' (13928518) panicked at crates/bcinr-logic/src/algorithms/bitpacking_decode_u32_k.rs:33:26:
attempt to shift left with overflow

thread 'algorithms::bitpacking_decode_u32_k::tests::test_bitpacking_decode_u32_k_counterfactual_mutant_3' (13928518) panicked at crates/bcinr-logic/src/algorithms/bitpacking_decode_u32_k.rs:33:26:
attempt to shift left with overflow

thread 'algorithms::bitpacking_decode_u32_k::tests::test_bitpacking_decode_u32_k_counterfactual_mutant_3' (13928518) panicked at crates/bcinr-logic/src/algorithms/bitpacking_decode_u32_k.rs:33:26:
attempt to shift left with overflow

thread 'algorithms::bitpacking_decode_u32_k::tests::test_bitpacking_decode_u32_k_counterfactual_mutant_3' (13928518) panicked at crates/bcinr-logic/src/algorithms/bitpacking_decode_u32_k.rs:33:26:
attempt to shift left with overflow

thread 'algorithms::bitpacking_decode_u32_k::tests::test_bitpacking_decode_u32_k_counterfactual_mutant_3' (13928518) panicked at crates/bcinr-logic/src/algorithms/bitpacking_decode_u32_k.rs:33:26:
attempt to shift left with overflow

thread 'algorithms::bitpacking_decode_u32_k::tests::test_bitpacking_decode_u32_k_counterfactual_mutant_3' (13928518) panicked at crates/bcinr-logic/src/algorithms/bitpacking_decode_u32_k.rs:33:26:
attempt to shift left with overflow

thread 'algorithms::bitpacking_decode_u32_k::tests::test_bitpacking_decode_u32_k_counterfactual_mutant_3' (13928518) panicked at crates/bcinr-logic/src/algorithms/bitpacking_decode_u32_k.rs:33:26:
attempt to shift left with overflow

thread 'algorithms::bitpacking_decode_u32_k::tests::test_bitpacking_decode_u32_k_counterfactual_mutant_3' (13928518) panicked at crates/bcinr-logic/src/algorithms/bitpacking_decode_u32_k.rs:33:26:
attempt to shift left with overflow

thread 'algorithms::bitpacking_decode_u32_k::tests::test_bitpacking_decode_u32_k_counterfactual_mutant_3' (13928518) panicked at crates/bcinr-logic/src/algorithms/bitpacking_decode_u32_k.rs:33:26:
attempt to shift left with overflow

thread 'algorithms::bitpacking_decode_u32_k::tests::test_bitpacking_decode_u32_k_counterfactual_mutant_3' (13928518) panicked at crates/bcinr-logic/src/algorithms/bitpacking_decode_u32_k.rs:33:26:
attempt to shift left with overflow

thread 'algorithms::bitpacking_decode_u32_k::tests::test_bitpacking_decode_u32_k_counterfactual_mutant_3' (13928518) panicked at crates/bcinr-logic/src/algorithms/bitpacking_decode_u32_k.rs:33:26:
attempt to shift left with overflow

thread 'algorithms::bitpacking_decode_u32_k::tests::test_bitpacking_decode_u32_k_counterfactual_mutant_3' (13928518) panicked at crates/bcinr-logic/src/algorithms/bitpacking_decode_u32_k.rs:33:26:
attempt to shift left with overflow

thread 'algorithms::bitpacking_decode_u32_k::tests::test_bitpacking_decode_u32_k_counterfactual_mutant_3' (13928518) panicked at crates/bcinr-logic/src/algorithms/bitpacking_decode_u32_k.rs:33:26:
attempt to shift left with overflow

thread 'algorithms::bitpacking_decode_u32_k::tests::test_bitpacking_decode_u32_k_counterfactual_mutant_3' (13928518) panicked at crates/bcinr-logic/src/algorithms/bitpacking_decode_u32_k.rs:33:26:
attempt to shift left with overflow

thread 'algorithms::bitpacking_decode_u32_k::tests::test_bitpacking_decode_u32_k_counterfactual_mutant_3' (13928518) panicked at crates/bcinr-logic/src/algorithms/bitpacking_decode_u32_k.rs:33:26:
attempt to shift left with overflow

thread 'algorithms::bitpacking_decode_u32_k::tests::test_bitpacking_decode_u32_k_counterfactual_mutant_3' (13928518) panicked at crates/bcinr-logic/src/algorithms/bitpacking_decode_u32_k.rs:33:26:
attempt to shift left with overflow

thread 'algorithms::bitpacking_decode_u32_k::tests::test_bitpacking_decode_u32_k_counterfactual_mutant_3' (13928518) panicked at crates/bcinr-logic/src/algorithms/bitpacking_decode_u32_k.rs:33:26:
attempt to shift left with overflow

thread 'algorithms::bitpacking_decode_u32_k::tests::test_bitpacking_decode_u32_k_counterfactual_mutant_3' (13928518) panicked at crates/bcinr-logic/src/algorithms/bitpacking_decode_u32_k.rs:33:26:
attempt to shift left with overflow

thread 'algorithms::bitpacking_decode_u32_k::tests::test_bitpacking_decode_u32_k_counterfactual_mutant_3' (13928518) panicked at crates/bcinr-logic/src/algorithms/bitpacking_decode_u32_k.rs:33:26:
attempt to shift left with overflow

thread 'algorithms::bitpacking_decode_u32_k::tests::test_bitpacking_decode_u32_k_counterfactual_mutant_3' (13928518) panicked at crates/bcinr-logic/src/algorithms/bitpacking_decode_u32_k.rs:33:26:
attempt to shift left with overflow

thread 'algorithms::bitpacking_decode_u32_k::tests::test_bitpacking_decode_u32_k_counterfactual_mutant_3' (13928518) panicked at crates/bcinr-logic/src/algorithms/bitpacking_decode_u32_k.rs:33:26:
attempt to shift left with overflow

thread 'algorithms::bitpacking_decode_u32_k::tests::test_bitpacking_decode_u32_k_counterfactual_mutant_3' (13928518) panicked at crates/bcinr-logic/src/algorithms/bitpacking_decode_u32_k.rs:33:26:
attempt to shift left with overflow

thread 'algorithms::bitpacking_decode_u32_k::tests::test_bitpacking_decode_u32_k_counterfactual_mutant_3' (13928518) panicked at crates/bcinr-logic/src/algorithms/bitpacking_decode_u32_k.rs:33:26:
attempt to shift left with overflow

thread 'algorithms::bitpacking_decode_u32_k::tests::test_bitpacking_decode_u32_k_counterfactual_mutant_3' (13928518) panicked at crates/bcinr-logic/src/algorithms/bitpacking_decode_u32_k.rs:33:26:
attempt to shift left with overflow

thread 'algorithms::bitpacking_decode_u32_k::tests::test_bitpacking_decode_u32_k_counterfactual_mutant_3' (13928518) panicked at crates/bcinr-logic/src/algorithms/bitpacking_decode_u32_k.rs:33:26:
attempt to shift left with overflow

thread 'algorithms::bitpacking_decode_u32_k::tests::test_bitpacking_decode_u32_k_counterfactual_mutant_3' (13928518) panicked at crates/bcinr-logic/src/algorithms/bitpacking_decode_u32_k.rs:33:26:
attempt to shift left with overflow

thread 'algorithms::bitpacking_decode_u32_k::tests::test_bitpacking_decode_u32_k_counterfactual_mutant_3' (13928518) panicked at crates/bcinr-logic/src/algorithms/bitpacking_decode_u32_k.rs:33:26:
attempt to shift left with overflow

thread 'algorithms::bitpacking_decode_u32_k::tests::test_bitpacking_decode_u32_k_counterfactual_mutant_3' (13928518) panicked at crates/bcinr-logic/src/algorithms/bitpacking_decode_u32_k.rs:33:26:
attempt to shift left with overflow

thread 'algorithms::bitpacking_decode_u32_k::tests::test_bitpacking_decode_u32_k_counterfactual_mutant_3' (13928518) panicked at crates/bcinr-logic/src/algorithms/bitpacking_decode_u32_k.rs:33:26:
attempt to shift left with overflow

thread 'algorithms::bitpacking_decode_u32_k::tests::test_bitpacking_decode_u32_k_counterfactual_mutant_3' (13928518) panicked at crates/bcinr-logic/src/algorithms/bitpacking_decode_u32_k.rs:33:26:
attempt to shift left with overflow

thread 'algorithms::bitpacking_decode_u32_k::tests::test_bitpacking_decode_u32_k_counterfactual_mutant_3' (13928518) panicked at crates/bcinr-logic/src/algorithms/bitpacking_decode_u32_k.rs:33:26:
attempt to shift left with overflow

thread 'algorithms::bitpacking_decode_u32_k::tests::test_bitpacking_decode_u32_k_counterfactual_mutant_3' (13928518) panicked at crates/bcinr-logic/src/algorithms/bitpacking_decode_u32_k.rs:33:26:
attempt to shift left with overflow

thread 'algorithms::bitpacking_decode_u32_k::tests::test_bitpacking_decode_u32_k_counterfactual_mutant_3' (13928518) panicked at crates/bcinr-logic/src/algorithms/bitpacking_decode_u32_k.rs:33:26:
attempt to shift left with overflow

thread 'algorithms::bitpacking_decode_u32_k::tests::test_bitpacking_decode_u32_k_counterfactual_mutant_3' (13928518) panicked at crates/bcinr-logic/src/algorithms/bitpacking_decode_u32_k.rs:33:26:
attempt to shift left with overflow

thread 'algorithms::bitpacking_decode_u32_k::tests::test_bitpacking_decode_u32_k_counterfactual_mutant_3' (13928518) panicked at crates/bcinr-logic/src/algorithms/bitpacking_decode_u32_k.rs:33:26:
attempt to shift left with overflow

thread 'algorithms::bitpacking_decode_u32_k::tests::test_bitpacking_decode_u32_k_counterfactual_mutant_3' (13928518) panicked at crates/bcinr-logic/src/algorithms/bitpacking_decode_u32_k.rs:33:26:
attempt to shift left with overflow

thread 'algorithms::bitpacking_decode_u32_k::tests::test_bitpacking_decode_u32_k_counterfactual_mutant_3' (13928518) panicked at crates/bcinr-logic/src/algorithms/bitpacking_decode_u32_k.rs:33:26:
attempt to shift left with overflow

thread 'algorithms::bitpacking_decode_u32_k::tests::test_bitpacking_decode_u32_k_counterfactual_mutant_3' (13928518) panicked at crates/bcinr-logic/src/algorithms/bitpacking_decode_u32_k.rs:33:26:
attempt to shift left with overflow

thread 'algorithms::bitpacking_decode_u32_k::tests::test_bitpacking_decode_u32_k_counterfactual_mutant_3' (13928518) panicked at crates/bcinr-logic/src/algorithms/bitpacking_decode_u32_k.rs:33:26:
attempt to shift left with overflow

thread 'algorithms::bitpacking_decode_u32_k::tests::test_bitpacking_decode_u32_k_counterfactual_mutant_3' (13928518) panicked at crates/bcinr-logic/src/algorithms/bitpacking_decode_u32_k.rs:33:26:
attempt to shift left with overflow

thread 'algorithms::bitpacking_decode_u32_k::tests::test_bitpacking_decode_u32_k_counterfactual_mutant_3' (13928518) panicked at crates/bcinr-logic/src/algorithms/bitpacking_decode_u32_k.rs:33:26:
attempt to shift left with overflow

thread 'algorithms::bitpacking_decode_u32_k::tests::test_bitpacking_decode_u32_k_counterfactual_mutant_3' (13928518) panicked at crates/bcinr-logic/src/algorithms/bitpacking_decode_u32_k.rs:33:26:
attempt to shift left with overflow

thread 'algorithms::bitpacking_decode_u32_k::tests::test_bitpacking_decode_u32_k_counterfactual_mutant_3' (13928518) panicked at crates/bcinr-logic/src/algorithms/bitpacking_decode_u32_k.rs:33:26:
attempt to shift left with overflow

thread 'algorithms::bitpacking_decode_u32_k::tests::test_bitpacking_decode_u32_k_counterfactual_mutant_3' (13928518) panicked at crates/bcinr-logic/src/algorithms/bitpacking_decode_u32_k.rs:33:26:
attempt to shift left with overflow

thread 'algorithms::bitpacking_decode_u32_k::tests::test_bitpacking_decode_u32_k_counterfactual_mutant_3' (13928518) panicked at crates/bcinr-logic/src/algorithms/bitpacking_decode_u32_k.rs:33:26:
attempt to shift left with overflow

thread 'algorithms::bitpacking_decode_u32_k::tests::test_bitpacking_decode_u32_k_counterfactual_mutant_3' (13928518) panicked at crates/bcinr-logic/src/algorithms/bitpacking_decode_u32_k.rs:33:26:
attempt to shift left with overflow

thread 'algorithms::bitpacking_decode_u32_k::tests::test_bitpacking_decode_u32_k_counterfactual_mutant_3' (13928518) panicked at crates/bcinr-logic/src/algorithms/bitpacking_decode_u32_k.rs:33:26:
attempt to shift left with overflow

thread 'algorithms::bitpacking_decode_u32_k::tests::test_bitpacking_decode_u32_k_counterfactual_mutant_3' (13928518) panicked at crates/bcinr-logic/src/algorithms/bitpacking_decode_u32_k.rs:33:26:
attempt to shift left with overflow

thread 'algorithms::bitpacking_decode_u32_k::tests::test_bitpacking_decode_u32_k_counterfactual_mutant_3' (13928518) panicked at crates/bcinr-logic/src/algorithms/bitpacking_decode_u32_k.rs:33:26:
attempt to shift left with overflow

thread 'algorithms::bitpacking_decode_u32_k::tests::test_bitpacking_decode_u32_k_counterfactual_mutant_3' (13928518) panicked at crates/bcinr-logic/src/algorithms/bitpacking_decode_u32_k.rs:33:26:
attempt to shift left with overflow

thread 'algorithms::bitpacking_decode_u32_k::tests::test_bitpacking_decode_u32_k_counterfactual_mutant_3' (13928518) panicked at crates/bcinr-logic/src/algorithms/bitpacking_decode_u32_k.rs:33:26:
attempt to shift left with overflow

thread 'algorithms::bitpacking_decode_u32_k::tests::test_bitpacking_decode_u32_k_counterfactual_mutant_3' (13928518) panicked at crates/bcinr-logic/src/algorithms/bitpacking_decode_u32_k.rs:33:26:
attempt to shift left with overflow

thread 'algorithms::bitpacking_decode_u32_k::tests::test_bitpacking_decode_u32_k_counterfactual_mutant_3' (13928518) panicked at crates/bcinr-logic/src/algorithms/bitpacking_decode_u32_k.rs:33:26:
attempt to shift left with overflow

thread 'algorithms::bitpacking_decode_u32_k::tests::test_bitpacking_decode_u32_k_counterfactual_mutant_3' (13928518) panicked at crates/bcinr-logic/src/algorithms/bitpacking_decode_u32_k.rs:33:26:
attempt to shift left with overflow

thread 'algorithms::bitpacking_decode_u32_k::tests::test_bitpacking_decode_u32_k_counterfactual_mutant_3' (13928518) panicked at crates/bcinr-logic/src/algorithms/bitpacking_decode_u32_k.rs:33:26:
attempt to shift left with overflow

thread 'algorithms::bitpacking_decode_u32_k::tests::test_bitpacking_decode_u32_k_counterfactual_mutant_3' (13928518) panicked at crates/bcinr-logic/src/algorithms/bitpacking_decode_u32_k.rs:33:26:
attempt to shift left with overflow

thread 'algorithms::bitpacking_decode_u32_k::tests::test_bitpacking_decode_u32_k_counterfactual_mutant_3' (13928518) panicked at crates/bcinr-logic/src/algorithms/bitpacking_decode_u32_k.rs:33:26:
attempt to shift left with overflow

thread 'algorithms::bitpacking_decode_u32_k::tests::test_bitpacking_decode_u32_k_counterfactual_mutant_3' (13928518) panicked at crates/bcinr-logic/src/algorithms/bitpacking_decode_u32_k.rs:33:26:
attempt to shift left with overflow

thread 'algorithms::bitpacking_decode_u32_k::tests::test_bitpacking_decode_u32_k_counterfactual_mutant_3' (13928518) panicked at crates/bcinr-logic/src/algorithms/bitpacking_decode_u32_k.rs:33:26:
attempt to shift left with overflow

thread 'algorithms::bitpacking_decode_u32_k::tests::test_bitpacking_decode_u32_k_counterfactual_mutant_3' (13928518) panicked at crates/bcinr-logic/src/algorithms/bitpacking_decode_u32_k.rs:33:26:
attempt to shift left with overflow

thread 'algorithms::bitpacking_decode_u32_k::tests::test_bitpacking_decode_u32_k_counterfactual_mutant_3' (13928518) panicked at crates/bcinr-logic/src/algorithms/bitpacking_decode_u32_k.rs:33:26:
attempt to shift left with overflow

thread 'algorithms::bitpacking_decode_u32_k::tests::test_bitpacking_decode_u32_k_counterfactual_mutant_3' (13928518) panicked at crates/bcinr-logic/src/algorithms/bitpacking_decode_u32_k.rs:33:26:
attempt to shift left with overflow

thread 'algorithms::bitpacking_decode_u32_k::tests::test_bitpacking_decode_u32_k_counterfactual_mutant_3' (13928518) panicked at crates/bcinr-logic/src/algorithms/bitpacking_decode_u32_k.rs:33:26:
attempt to shift left with overflow

thread 'algorithms::bitpacking_decode_u32_k::tests::test_bitpacking_decode_u32_k_counterfactual_mutant_3' (13928518) panicked at crates/bcinr-logic/src/algorithms/bitpacking_decode_u32_k.rs:33:26:
attempt to shift left with overflow

thread 'algorithms::bitpacking_decode_u32_k::tests::test_bitpacking_decode_u32_k_counterfactual_mutant_3' (13928518) panicked at crates/bcinr-logic/src/algorithms/bitpacking_decode_u32_k.rs:33:26:
attempt to shift left with overflow

thread 'algorithms::bitpacking_decode_u32_k::tests::test_bitpacking_decode_u32_k_counterfactual_mutant_3' (13928518) panicked at crates/bcinr-logic/src/algorithms/bitpacking_decode_u32_k.rs:33:26:
attempt to shift left with overflow

thread 'algorithms::bitpacking_decode_u32_k::tests::test_bitpacking_decode_u32_k_counterfactual_mutant_3' (13928518) panicked at crates/bcinr-logic/src/algorithms/bitpacking_decode_u32_k.rs:33:26:
attempt to shift left with overflow

thread 'algorithms::bitpacking_decode_u32_k::tests::test_bitpacking_decode_u32_k_counterfactual_mutant_3' (13928518) panicked at crates/bcinr-logic/src/algorithms/bitpacking_decode_u32_k.rs:33:26:
attempt to shift left with overflow

thread 'algorithms::bitpacking_decode_u32_k::tests::test_bitpacking_decode_u32_k_counterfactual_mutant_3' (13928518) panicked at crates/bcinr-logic/src/algorithms/bitpacking_decode_u32_k.rs:33:26:
attempt to shift left with overflow

thread 'algorithms::bitpacking_decode_u32_k::tests::test_bitpacking_decode_u32_k_counterfactual_mutant_3' (13928518) panicked at crates/bcinr-logic/src/algorithms/bitpacking_decode_u32_k.rs:33:26:
attempt to shift left with overflow

thread 'algorithms::bitpacking_decode_u32_k::tests::test_bitpacking_decode_u32_k_counterfactual_mutant_3' (13928518) panicked at crates/bcinr-logic/src/algorithms/bitpacking_decode_u32_k.rs:33:26:
attempt to shift left with overflow

thread 'algorithms::bitpacking_decode_u32_k::tests::test_bitpacking_decode_u32_k_counterfactual_mutant_3' (13928518) panicked at crates/bcinr-logic/src/algorithms/bitpacking_decode_u32_k.rs:33:26:
attempt to shift left with overflow

thread 'algorithms::bitpacking_decode_u32_k::tests::test_bitpacking_decode_u32_k_counterfactual_mutant_3' (13928518) panicked at crates/bcinr-logic/src/algorithms/bitpacking_decode_u32_k.rs:33:26:
attempt to shift left with overflow

thread 'algorithms::bitpacking_decode_u32_k::tests::test_bitpacking_decode_u32_k_counterfactual_mutant_3' (13928518) panicked at crates/bcinr-logic/src/algorithms/bitpacking_decode_u32_k.rs:33:26:
attempt to shift left with overflow

thread 'algorithms::bitpacking_decode_u32_k::tests::test_bitpacking_decode_u32_k_counterfactual_mutant_3' (13928518) panicked at crates/bcinr-logic/src/algorithms/bitpacking_decode_u32_k.rs:33:26:
attempt to shift left with overflow

thread 'algorithms::bitpacking_decode_u32_k::tests::test_bitpacking_decode_u32_k_counterfactual_mutant_3' (13928518) panicked at crates/bcinr-logic/src/algorithms/bitpacking_decode_u32_k.rs:33:26:
attempt to shift left with overflow

thread 'algorithms::bitpacking_decode_u32_k::tests::test_bitpacking_decode_u32_k_counterfactual_mutant_3' (13928518) panicked at crates/bcinr-logic/src/algorithms/bitpacking_decode_u32_k.rs:33:26:
attempt to shift left with overflow

thread 'algorithms::bitpacking_decode_u32_k::tests::test_bitpacking_decode_u32_k_counterfactual_mutant_3' (13928518) panicked at crates/bcinr-logic/src/algorithms/bitpacking_decode_u32_k.rs:33:26:
attempt to shift left with overflow

thread 'algorithms::bitpacking_decode_u32_k::tests::test_bitpacking_decode_u32_k_counterfactual_mutant_3' (13928518) panicked at crates/bcinr-logic/src/algorithms/bitpacking_decode_u32_k.rs:33:26:
attempt to shift left with overflow

thread 'algorithms::bitpacking_decode_u32_k::tests::test_bitpacking_decode_u32_k_counterfactual_mutant_3' (13928518) panicked at crates/bcinr-logic/src/algorithms/bitpacking_decode_u32_k.rs:33:26:
attempt to shift left with overflow

thread 'algorithms::bitpacking_decode_u32_k::tests::test_bitpacking_decode_u32_k_counterfactual_mutant_3' (13928518) panicked at crates/bcinr-logic/src/algorithms/bitpacking_decode_u32_k.rs:33:26:
attempt to shift left with overflow

thread 'algorithms::bitpacking_decode_u32_k::tests::test_bitpacking_decode_u32_k_counterfactual_mutant_3' (13928518) panicked at crates/bcinr-logic/src/algorithms/bitpacking_decode_u32_k.rs:33:26:
attempt to shift left with overflow

thread 'algorithms::bitpacking_decode_u32_k::tests::test_bitpacking_decode_u32_k_counterfactual_mutant_3' (13928518) panicked at crates/bcinr-logic/src/algorithms/bitpacking_decode_u32_k.rs:33:26:
attempt to shift left with overflow

thread 'algorithms::bitpacking_decode_u32_k::tests::test_bitpacking_decode_u32_k_counterfactual_mutant_3' (13928518) panicked at crates/bcinr-logic/src/algorithms/bitpacking_decode_u32_k.rs:33:26:
attempt to shift left with overflow

thread 'algorithms::bitpacking_decode_u32_k::tests::test_bitpacking_decode_u32_k_counterfactual_mutant_3' (13928518) panicked at crates/bcinr-logic/src/algorithms/bitpacking_decode_u32_k.rs:33:26:
attempt to shift left with overflow

thread 'algorithms::bitpacking_decode_u32_k::tests::test_bitpacking_decode_u32_k_counterfactual_mutant_3' (13928518) panicked at crates/bcinr-logic/src/algorithms/bitpacking_decode_u32_k.rs:33:26:
attempt to shift left with overflow

thread 'algorithms::bitpacking_decode_u32_k::tests::test_bitpacking_decode_u32_k_counterfactual_mutant_3' (13928518) panicked at crates/bcinr-logic/src/algorithms/bitpacking_decode_u32_k.rs:33:26:
attempt to shift left with overflow

thread 'algorithms::bitpacking_decode_u32_k::tests::test_bitpacking_decode_u32_k_counterfactual_mutant_3' (13928518) panicked at crates/bcinr-logic/src/algorithms/bitpacking_decode_u32_k.rs:33:26:
attempt to shift left with overflow

thread 'algorithms::bitpacking_decode_u32_k::tests::test_bitpacking_decode_u32_k_counterfactual_mutant_3' (13928518) panicked at crates/bcinr-logic/src/algorithms/bitpacking_decode_u32_k.rs:33:26:
attempt to shift left with overflow

thread 'algorithms::bitpacking_decode_u32_k::tests::test_bitpacking_decode_u32_k_counterfactual_mutant_3' (13928518) panicked at crates/bcinr-logic/src/algorithms/bitpacking_decode_u32_k.rs:33:26:
attempt to shift left with overflow

thread 'algorithms::bitpacking_decode_u32_k::tests::test_bitpacking_decode_u32_k_counterfactual_mutant_3' (13928518) panicked at crates/bcinr-logic/src/algorithms/bitpacking_decode_u32_k.rs:33:26:
attempt to shift left with overflow

thread 'algorithms::bitpacking_decode_u32_k::tests::test_bitpacking_decode_u32_k_counterfactual_mutant_3' (13928518) panicked at crates/bcinr-logic/src/algorithms/bitpacking_decode_u32_k.rs:33:26:
attempt to shift left with overflow

thread 'algorithms::bitpacking_decode_u32_k::tests::test_bitpacking_decode_u32_k_counterfactual_mutant_3' (13928518) panicked at crates/bcinr-logic/src/algorithms/bitpacking_decode_u32_k.rs:33:26:
attempt to shift left with overflow

thread 'algorithms::bitpacking_decode_u32_k::tests::test_bitpacking_decode_u32_k_counterfactual_mutant_3' (13928518) panicked at crates/bcinr-logic/src/algorithms/bitpacking_decode_u32_k.rs:33:26:
attempt to shift left with overflow

thread 'algorithms::bitpacking_decode_u32_k::tests::test_bitpacking_decode_u32_k_counterfactual_mutant_3' (13928518) panicked at crates/bcinr-logic/src/algorithms/bitpacking_decode_u32_k.rs:33:26:
attempt to shift left with overflow

thread 'algorithms::bitpacking_decode_u32_k::tests::test_bitpacking_decode_u32_k_counterfactual_mutant_3' (13928518) panicked at crates/bcinr-logic/src/algorithms/bitpacking_decode_u32_k.rs:33:26:
attempt to shift left with overflow

thread 'algorithms::bitpacking_decode_u32_k::tests::test_bitpacking_decode_u32_k_counterfactual_mutant_3' (13928518) panicked at crates/bcinr-logic/src/algorithms/bitpacking_decode_u32_k.rs:33:26:
attempt to shift left with overflow

thread 'algorithms::bitpacking_decode_u32_k::tests::test_bitpacking_decode_u32_k_counterfactual_mutant_3' (13928518) panicked at crates/bcinr-logic/src/algorithms/bitpacking_decode_u32_k.rs:33:26:
attempt to shift left with overflow

thread 'algorithms::bitpacking_decode_u32_k::tests::test_bitpacking_decode_u32_k_counterfactual_mutant_3' (13928518) panicked at crates/bcinr-logic/src/algorithms/bitpacking_decode_u32_k.rs:33:26:
attempt to shift left with overflow

thread 'algorithms::bitpacking_decode_u32_k::tests::test_bitpacking_decode_u32_k_counterfactual_mutant_3' (13928518) panicked at crates/bcinr-logic/src/algorithms/bitpacking_decode_u32_k.rs:33:26:
attempt to shift left with overflow

thread 'algorithms::bitpacking_decode_u32_k::tests::test_bitpacking_decode_u32_k_counterfactual_mutant_3' (13928518) panicked at crates/bcinr-logic/src/algorithms/bitpacking_decode_u32_k.rs:33:26:
attempt to shift left with overflow

thread 'algorithms::bitpacking_decode_u32_k::tests::test_bitpacking_decode_u32_k_counterfactual_mutant_3' (13928518) panicked at crates/bcinr-logic/src/algorithms/bitpacking_decode_u32_k.rs:33:26:
attempt to shift left with overflow

thread 'algorithms::bitpacking_decode_u32_k::tests::test_bitpacking_decode_u32_k_counterfactual_mutant_3' (13928518) panicked at crates/bcinr-logic/src/algorithms/bitpacking_decode_u32_k.rs:33:26:
attempt to shift left with overflow

thread 'algorithms::bitpacking_decode_u32_k::tests::test_bitpacking_decode_u32_k_counterfactual_mutant_3' (13928518) panicked at crates/bcinr-logic/src/algorithms/bitpacking_decode_u32_k.rs:33:26:
attempt to shift left with overflow

thread 'algorithms::bitpacking_decode_u32_k::tests::test_bitpacking_decode_u32_k_counterfactual_mutant_3' (13928518) panicked at crates/bcinr-logic/src/algorithms/bitpacking_decode_u32_k.rs:46:5:
Test failed: attempt to shift left with overflow.
minimal failing input: val = 0, aux = 4096
	successes: 0
	local rejects: 0
	global rejects: 0


---- algorithms::bitpacking_decode_u32_k::tests::test_bitpacking_decode_u32_k_equivalence stdout ----

thread 'algorithms::bitpacking_decode_u32_k::tests::test_bitpacking_decode_u32_k_equivalence' (13928519) panicked at crates/bcinr-logic/src/algorithms/bitpacking_decode_u32_k.rs:33:26:
attempt to shift left with overflow

thread 'algorithms::bitpacking_decode_u32_k::tests::test_bitpacking_decode_u32_k_equivalence' (13928519) panicked at crates/bcinr-logic/src/algorithms/bitpacking_decode_u32_k.rs:33:26:
attempt to shift left with overflow

thread 'algorithms::bitpacking_decode_u32_k::tests::test_bitpacking_decode_u32_k_equivalence' (13928519) panicked at crates/bcinr-logic/src/algorithms/bitpacking_decode_u32_k.rs:33:26:
attempt to shift left with overflow

thread 'algorithms::bitpacking_decode_u32_k::tests::test_bitpacking_decode_u32_k_equivalence' (13928519) panicked at crates/bcinr-logic/src/algorithms/bitpacking_decode_u32_k.rs:33:26:
attempt to shift left with overflow

thread 'algorithms::bitpacking_decode_u32_k::tests::test_bitpacking_decode_u32_k_equivalence' (13928519) panicked at crates/bcinr-logic/src/algorithms/bitpacking_decode_u32_k.rs:33:26:
attempt to shift left with overflow

thread 'algorithms::bitpacking_decode_u32_k::tests::test_bitpacking_decode_u32_k_equivalence' (13928519) panicked at crates/bcinr-logic/src/algorithms/bitpacking_decode_u32_k.rs:33:26:
attempt to shift left with overflow

thread 'algorithms::bitpacking_decode_u32_k::tests::test_bitpacking_decode_u32_k_equivalence' (13928519) panicked at crates/bcinr-logic/src/algorithms/bitpacking_decode_u32_k.rs:33:26:
attempt to shift left with overflow

thread 'algorithms::bitpacking_decode_u32_k::tests::test_bitpacking_decode_u32_k_equivalence' (13928519) panicked at crates/bcinr-logic/src/algorithms/bitpacking_decode_u32_k.rs:33:26:
attempt to shift left with overflow

thread 'algorithms::bitpacking_decode_u32_k::tests::test_bitpacking_decode_u32_k_equivalence' (13928519) panicked at crates/bcinr-logic/src/algorithms/bitpacking_decode_u32_k.rs:33:26:
attempt to shift left with overflow

thread 'algorithms::bitpacking_decode_u32_k::tests::test_bitpacking_decode_u32_k_equivalence' (13928519) panicked at crates/bcinr-logic/src/algorithms/bitpacking_decode_u32_k.rs:33:26:
attempt to shift left with overflow

thread 'algorithms::bitpacking_decode_u32_k::tests::test_bitpacking_decode_u32_k_equivalence' (13928519) panicked at crates/bcinr-logic/src/algorithms/bitpacking_decode_u32_k.rs:33:26:
attempt to shift left with overflow

thread 'algorithms::bitpacking_decode_u32_k::tests::test_bitpacking_decode_u32_k_equivalence' (13928519) panicked at crates/bcinr-logic/src/algorithms/bitpacking_decode_u32_k.rs:33:26:
attempt to shift left with overflow

thread 'algorithms::bitpacking_decode_u32_k::tests::test_bitpacking_decode_u32_k_equivalence' (13928519) panicked at crates/bcinr-logic/src/algorithms/bitpacking_decode_u32_k.rs:33:26:
attempt to shift left with overflow

thread 'algorithms::bitpacking_decode_u32_k::tests::test_bitpacking_decode_u32_k_equivalence' (13928519) panicked at crates/bcinr-logic/src/algorithms/bitpacking_decode_u32_k.rs:33:26:
attempt to shift left with overflow

thread 'algorithms::bitpacking_decode_u32_k::tests::test_bitpacking_decode_u32_k_equivalence' (13928519) panicked at crates/bcinr-logic/src/algorithms/bitpacking_decode_u32_k.rs:33:26:
attempt to shift left with overflow

thread 'algorithms::bitpacking_decode_u32_k::tests::test_bitpacking_decode_u32_k_equivalence' (13928519) panicked at crates/bcinr-logic/src/algorithms/bitpacking_decode_u32_k.rs:33:26:
attempt to shift left with overflow

thread 'algorithms::bitpacking_decode_u32_k::tests::test_bitpacking_decode_u32_k_equivalence' (13928519) panicked at crates/bcinr-logic/src/algorithms/bitpacking_decode_u32_k.rs:33:26:
attempt to shift left with overflow

thread 'algorithms::bitpacking_decode_u32_k::tests::test_bitpacking_decode_u32_k_equivalence' (13928519) panicked at crates/bcinr-logic/src/algorithms/bitpacking_decode_u32_k.rs:33:26:
attempt to shift left with overflow

thread 'algorithms::bitpacking_decode_u32_k::tests::test_bitpacking_decode_u32_k_equivalence' (13928519) panicked at crates/bcinr-logic/src/algorithms/bitpacking_decode_u32_k.rs:33:26:
attempt to shift left with overflow

thread 'algorithms::bitpacking_decode_u32_k::tests::test_bitpacking_decode_u32_k_equivalence' (13928519) panicked at crates/bcinr-logic/src/algorithms/bitpacking_decode_u32_k.rs:33:26:
attempt to shift left with overflow

thread 'algorithms::bitpacking_decode_u32_k::tests::test_bitpacking_decode_u32_k_equivalence' (13928519) panicked at crates/bcinr-logic/src/algorithms/bitpacking_decode_u32_k.rs:33:26:
attempt to shift left with overflow

thread 'algorithms::bitpacking_decode_u32_k::tests::test_bitpacking_decode_u32_k_equivalence' (13928519) panicked at crates/bcinr-logic/src/algorithms/bitpacking_decode_u32_k.rs:33:26:
attempt to shift left with overflow

thread 'algorithms::bitpacking_decode_u32_k::tests::test_bitpacking_decode_u32_k_equivalence' (13928519) panicked at crates/bcinr-logic/src/algorithms/bitpacking_decode_u32_k.rs:33:26:
attempt to shift left with overflow

thread 'algorithms::bitpacking_decode_u32_k::tests::test_bitpacking_decode_u32_k_equivalence' (13928519) panicked at crates/bcinr-logic/src/algorithms/bitpacking_decode_u32_k.rs:33:26:
attempt to shift left with overflow

thread 'algorithms::bitpacking_decode_u32_k::tests::test_bitpacking_decode_u32_k_equivalence' (13928519) panicked at crates/bcinr-logic/src/algorithms/bitpacking_decode_u32_k.rs:33:26:
attempt to shift left with overflow

thread 'algorithms::bitpacking_decode_u32_k::tests::test_bitpacking_decode_u32_k_equivalence' (13928519) panicked at crates/bcinr-logic/src/algorithms/bitpacking_decode_u32_k.rs:33:26:
attempt to shift left with overflow

thread 'algorithms::bitpacking_decode_u32_k::tests::test_bitpacking_decode_u32_k_equivalence' (13928519) panicked at crates/bcinr-logic/src/algorithms/bitpacking_decode_u32_k.rs:33:26:
attempt to shift left with overflow

thread 'algorithms::bitpacking_decode_u32_k::tests::test_bitpacking_decode_u32_k_equivalence' (13928519) panicked at crates/bcinr-logic/src/algorithms/bitpacking_decode_u32_k.rs:33:26:
attempt to shift left with overflow

thread 'algorithms::bitpacking_decode_u32_k::tests::test_bitpacking_decode_u32_k_equivalence' (13928519) panicked at crates/bcinr-logic/src/algorithms/bitpacking_decode_u32_k.rs:33:26:
attempt to shift left with overflow

thread 'algorithms::bitpacking_decode_u32_k::tests::test_bitpacking_decode_u32_k_equivalence' (13928519) panicked at crates/bcinr-logic/src/algorithms/bitpacking_decode_u32_k.rs:33:26:
attempt to shift left with overflow

thread 'algorithms::bitpacking_decode_u32_k::tests::test_bitpacking_decode_u32_k_equivalence' (13928519) panicked at crates/bcinr-logic/src/algorithms/bitpacking_decode_u32_k.rs:33:26:
attempt to shift left with overflow

thread 'algorithms::bitpacking_decode_u32_k::tests::test_bitpacking_decode_u32_k_equivalence' (13928519) panicked at crates/bcinr-logic/src/algorithms/bitpacking_decode_u32_k.rs:33:26:
attempt to shift left with overflow

thread 'algorithms::bitpacking_decode_u32_k::tests::test_bitpacking_decode_u32_k_equivalence' (13928519) panicked at crates/bcinr-logic/src/algorithms/bitpacking_decode_u32_k.rs:33:26:
attempt to shift left with overflow

thread 'algorithms::bitpacking_decode_u32_k::tests::test_bitpacking_decode_u32_k_equivalence' (13928519) panicked at crates/bcinr-logic/src/algorithms/bitpacking_decode_u32_k.rs:33:26:
attempt to shift left with overflow

thread 'algorithms::bitpacking_decode_u32_k::tests::test_bitpacking_decode_u32_k_equivalence' (13928519) panicked at crates/bcinr-logic/src/algorithms/bitpacking_decode_u32_k.rs:33:26:
attempt to shift left with overflow

thread 'algorithms::bitpacking_decode_u32_k::tests::test_bitpacking_decode_u32_k_equivalence' (13928519) panicked at crates/bcinr-logic/src/algorithms/bitpacking_decode_u32_k.rs:33:26:
attempt to shift left with overflow

thread 'algorithms::bitpacking_decode_u32_k::tests::test_bitpacking_decode_u32_k_equivalence' (13928519) panicked at crates/bcinr-logic/src/algorithms/bitpacking_decode_u32_k.rs:33:26:
attempt to shift left with overflow

thread 'algorithms::bitpacking_decode_u32_k::tests::test_bitpacking_decode_u32_k_equivalence' (13928519) panicked at crates/bcinr-logic/src/algorithms/bitpacking_decode_u32_k.rs:33:26:
attempt to shift left with overflow

thread 'algorithms::bitpacking_decode_u32_k::tests::test_bitpacking_decode_u32_k_equivalence' (13928519) panicked at crates/bcinr-logic/src/algorithms/bitpacking_decode_u32_k.rs:33:26:
attempt to shift left with overflow

thread 'algorithms::bitpacking_decode_u32_k::tests::test_bitpacking_decode_u32_k_equivalence' (13928519) panicked at crates/bcinr-logic/src/algorithms/bitpacking_decode_u32_k.rs:33:26:
attempt to shift left with overflow

thread 'algorithms::bitpacking_decode_u32_k::tests::test_bitpacking_decode_u32_k_equivalence' (13928519) panicked at crates/bcinr-logic/src/algorithms/bitpacking_decode_u32_k.rs:33:26:
attempt to shift left with overflow

thread 'algorithms::bitpacking_decode_u32_k::tests::test_bitpacking_decode_u32_k_equivalence' (13928519) panicked at crates/bcinr-logic/src/algorithms/bitpacking_decode_u32_k.rs:33:26:
attempt to shift left with overflow

thread 'algorithms::bitpacking_decode_u32_k::tests::test_bitpacking_decode_u32_k_equivalence' (13928519) panicked at crates/bcinr-logic/src/algorithms/bitpacking_decode_u32_k.rs:33:26:
attempt to shift left with overflow

thread 'algorithms::bitpacking_decode_u32_k::tests::test_bitpacking_decode_u32_k_equivalence' (13928519) panicked at crates/bcinr-logic/src/algorithms/bitpacking_decode_u32_k.rs:33:26:
attempt to shift left with overflow

thread 'algorithms::bitpacking_decode_u32_k::tests::test_bitpacking_decode_u32_k_equivalence' (13928519) panicked at crates/bcinr-logic/src/algorithms/bitpacking_decode_u32_k.rs:33:26:
attempt to shift left with overflow

thread 'algorithms::bitpacking_decode_u32_k::tests::test_bitpacking_decode_u32_k_equivalence' (13928519) panicked at crates/bcinr-logic/src/algorithms/bitpacking_decode_u32_k.rs:33:26:
attempt to shift left with overflow

thread 'algorithms::bitpacking_decode_u32_k::tests::test_bitpacking_decode_u32_k_equivalence' (13928519) panicked at crates/bcinr-logic/src/algorithms/bitpacking_decode_u32_k.rs:33:26:
attempt to shift left with overflow

thread 'algorithms::bitpacking_decode_u32_k::tests::test_bitpacking_decode_u32_k_equivalence' (13928519) panicked at crates/bcinr-logic/src/algorithms/bitpacking_decode_u32_k.rs:33:26:
attempt to shift left with overflow

thread 'algorithms::bitpacking_decode_u32_k::tests::test_bitpacking_decode_u32_k_equivalence' (13928519) panicked at crates/bcinr-logic/src/algorithms/bitpacking_decode_u32_k.rs:33:26:
attempt to shift left with overflow

thread 'algorithms::bitpacking_decode_u32_k::tests::test_bitpacking_decode_u32_k_equivalence' (13928519) panicked at crates/bcinr-logic/src/algorithms/bitpacking_decode_u32_k.rs:33:26:
attempt to shift left with overflow

thread 'algorithms::bitpacking_decode_u32_k::tests::test_bitpacking_decode_u32_k_equivalence' (13928519) panicked at crates/bcinr-logic/src/algorithms/bitpacking_decode_u32_k.rs:33:26:
attempt to shift left with overflow

thread 'algorithms::bitpacking_decode_u32_k::tests::test_bitpacking_decode_u32_k_equivalence' (13928519) panicked at crates/bcinr-logic/src/algorithms/bitpacking_decode_u32_k.rs:33:26:
attempt to shift left with overflow

thread 'algorithms::bitpacking_decode_u32_k::tests::test_bitpacking_decode_u32_k_equivalence' (13928519) panicked at crates/bcinr-logic/src/algorithms/bitpacking_decode_u32_k.rs:33:26:
attempt to shift left with overflow

thread 'algorithms::bitpacking_decode_u32_k::tests::test_bitpacking_decode_u32_k_equivalence' (13928519) panicked at crates/bcinr-logic/src/algorithms/bitpacking_decode_u32_k.rs:33:26:
attempt to shift left with overflow

thread 'algorithms::bitpacking_decode_u32_k::tests::test_bitpacking_decode_u32_k_equivalence' (13928519) panicked at crates/bcinr-logic/src/algorithms/bitpacking_decode_u32_k.rs:33:26:
attempt to shift left with overflow

thread 'algorithms::bitpacking_decode_u32_k::tests::test_bitpacking_decode_u32_k_equivalence' (13928519) panicked at crates/bcinr-logic/src/algorithms/bitpacking_decode_u32_k.rs:33:26:
attempt to shift left with overflow

thread 'algorithms::bitpacking_decode_u32_k::tests::test_bitpacking_decode_u32_k_equivalence' (13928519) panicked at crates/bcinr-logic/src/algorithms/bitpacking_decode_u32_k.rs:33:26:
attempt to shift left with overflow

thread 'algorithms::bitpacking_decode_u32_k::tests::test_bitpacking_decode_u32_k_equivalence' (13928519) panicked at crates/bcinr-logic/src/algorithms/bitpacking_decode_u32_k.rs:33:26:
attempt to shift left with overflow

thread 'algorithms::bitpacking_decode_u32_k::tests::test_bitpacking_decode_u32_k_equivalence' (13928519) panicked at crates/bcinr-logic/src/algorithms/bitpacking_decode_u32_k.rs:33:26:
attempt to shift left with overflow

thread 'algorithms::bitpacking_decode_u32_k::tests::test_bitpacking_decode_u32_k_equivalence' (13928519) panicked at crates/bcinr-logic/src/algorithms/bitpacking_decode_u32_k.rs:33:26:
attempt to shift left with overflow

thread 'algorithms::bitpacking_decode_u32_k::tests::test_bitpacking_decode_u32_k_equivalence' (13928519) panicked at crates/bcinr-logic/src/algorithms/bitpacking_decode_u32_k.rs:33:26:
attempt to shift left with overflow

thread 'algorithms::bitpacking_decode_u32_k::tests::test_bitpacking_decode_u32_k_equivalence' (13928519) panicked at crates/bcinr-logic/src/algorithms/bitpacking_decode_u32_k.rs:33:26:
attempt to shift left with overflow

thread 'algorithms::bitpacking_decode_u32_k::tests::test_bitpacking_decode_u32_k_equivalence' (13928519) panicked at crates/bcinr-logic/src/algorithms/bitpacking_decode_u32_k.rs:33:26:
attempt to shift left with overflow

thread 'algorithms::bitpacking_decode_u32_k::tests::test_bitpacking_decode_u32_k_equivalence' (13928519) panicked at crates/bcinr-logic/src/algorithms/bitpacking_decode_u32_k.rs:33:26:
attempt to shift left with overflow

thread 'algorithms::bitpacking_decode_u32_k::tests::test_bitpacking_decode_u32_k_equivalence' (13928519) panicked at crates/bcinr-logic/src/algorithms/bitpacking_decode_u32_k.rs:33:26:
attempt to shift left with overflow

thread 'algorithms::bitpacking_decode_u32_k::tests::test_bitpacking_decode_u32_k_equivalence' (13928519) panicked at crates/bcinr-logic/src/algorithms/bitpacking_decode_u32_k.rs:33:26:
attempt to shift left with overflow

thread 'algorithms::bitpacking_decode_u32_k::tests::test_bitpacking_decode_u32_k_equivalence' (13928519) panicked at crates/bcinr-logic/src/algorithms/bitpacking_decode_u32_k.rs:33:26:
attempt to shift left with overflow

thread 'algorithms::bitpacking_decode_u32_k::tests::test_bitpacking_decode_u32_k_equivalence' (13928519) panicked at crates/bcinr-logic/src/algorithms/bitpacking_decode_u32_k.rs:33:26:
attempt to shift left with overflow

thread 'algorithms::bitpacking_decode_u32_k::tests::test_bitpacking_decode_u32_k_equivalence' (13928519) panicked at crates/bcinr-logic/src/algorithms/bitpacking_decode_u32_k.rs:33:26:
attempt to shift left with overflow

thread 'algorithms::bitpacking_decode_u32_k::tests::test_bitpacking_decode_u32_k_equivalence' (13928519) panicked at crates/bcinr-logic/src/algorithms/bitpacking_decode_u32_k.rs:33:26:
attempt to shift left with overflow

thread 'algorithms::bitpacking_decode_u32_k::tests::test_bitpacking_decode_u32_k_equivalence' (13928519) panicked at crates/bcinr-logic/src/algorithms/bitpacking_decode_u32_k.rs:33:26:
attempt to shift left with overflow

thread 'algorithms::bitpacking_decode_u32_k::tests::test_bitpacking_decode_u32_k_equivalence' (13928519) panicked at crates/bcinr-logic/src/algorithms/bitpacking_decode_u32_k.rs:33:26:
attempt to shift left with overflow

thread 'algorithms::bitpacking_decode_u32_k::tests::test_bitpacking_decode_u32_k_equivalence' (13928519) panicked at crates/bcinr-logic/src/algorithms/bitpacking_decode_u32_k.rs:33:26:
attempt to shift left with overflow

thread 'algorithms::bitpacking_decode_u32_k::tests::test_bitpacking_decode_u32_k_equivalence' (13928519) panicked at crates/bcinr-logic/src/algorithms/bitpacking_decode_u32_k.rs:33:26:
attempt to shift left with overflow

thread 'algorithms::bitpacking_decode_u32_k::tests::test_bitpacking_decode_u32_k_equivalence' (13928519) panicked at crates/bcinr-logic/src/algorithms/bitpacking_decode_u32_k.rs:33:26:
attempt to shift left with overflow

thread 'algorithms::bitpacking_decode_u32_k::tests::test_bitpacking_decode_u32_k_equivalence' (13928519) panicked at crates/bcinr-logic/src/algorithms/bitpacking_decode_u32_k.rs:33:26:
attempt to shift left with overflow

thread 'algorithms::bitpacking_decode_u32_k::tests::test_bitpacking_decode_u32_k_equivalence' (13928519) panicked at crates/bcinr-logic/src/algorithms/bitpacking_decode_u32_k.rs:33:26:
attempt to shift left with overflow

thread 'algorithms::bitpacking_decode_u32_k::tests::test_bitpacking_decode_u32_k_equivalence' (13928519) panicked at crates/bcinr-logic/src/algorithms/bitpacking_decode_u32_k.rs:33:26:
attempt to shift left with overflow

thread 'algorithms::bitpacking_decode_u32_k::tests::test_bitpacking_decode_u32_k_equivalence' (13928519) panicked at crates/bcinr-logic/src/algorithms/bitpacking_decode_u32_k.rs:33:26:
attempt to shift left with overflow

thread 'algorithms::bitpacking_decode_u32_k::tests::test_bitpacking_decode_u32_k_equivalence' (13928519) panicked at crates/bcinr-logic/src/algorithms/bitpacking_decode_u32_k.rs:33:26:
attempt to shift left with overflow

thread 'algorithms::bitpacking_decode_u32_k::tests::test_bitpacking_decode_u32_k_equivalence' (13928519) panicked at crates/bcinr-logic/src/algorithms/bitpacking_decode_u32_k.rs:33:26:
attempt to shift left with overflow

thread 'algorithms::bitpacking_decode_u32_k::tests::test_bitpacking_decode_u32_k_equivalence' (13928519) panicked at crates/bcinr-logic/src/algorithms/bitpacking_decode_u32_k.rs:33:26:
attempt to shift left with overflow

thread 'algorithms::bitpacking_decode_u32_k::tests::test_bitpacking_decode_u32_k_equivalence' (13928519) panicked at crates/bcinr-logic/src/algorithms/bitpacking_decode_u32_k.rs:33:26:
attempt to shift left with overflow

thread 'algorithms::bitpacking_decode_u32_k::tests::test_bitpacking_decode_u32_k_equivalence' (13928519) panicked at crates/bcinr-logic/src/algorithms/bitpacking_decode_u32_k.rs:33:26:
attempt to shift left with overflow

thread 'algorithms::bitpacking_decode_u32_k::tests::test_bitpacking_decode_u32_k_equivalence' (13928519) panicked at crates/bcinr-logic/src/algorithms/bitpacking_decode_u32_k.rs:33:26:
attempt to shift left with overflow

thread 'algorithms::bitpacking_decode_u32_k::tests::test_bitpacking_decode_u32_k_equivalence' (13928519) panicked at crates/bcinr-logic/src/algorithms/bitpacking_decode_u32_k.rs:33:26:
attempt to shift left with overflow

thread 'algorithms::bitpacking_decode_u32_k::tests::test_bitpacking_decode_u32_k_equivalence' (13928519) panicked at crates/bcinr-logic/src/algorithms/bitpacking_decode_u32_k.rs:33:26:
attempt to shift left with overflow

thread 'algorithms::bitpacking_decode_u32_k::tests::test_bitpacking_decode_u32_k_equivalence' (13928519) panicked at crates/bcinr-logic/src/algorithms/bitpacking_decode_u32_k.rs:33:26:
attempt to shift left with overflow

thread 'algorithms::bitpacking_decode_u32_k::tests::test_bitpacking_decode_u32_k_equivalence' (13928519) panicked at crates/bcinr-logic/src/algorithms/bitpacking_decode_u32_k.rs:33:26:
attempt to shift left with overflow

thread 'algorithms::bitpacking_decode_u32_k::tests::test_bitpacking_decode_u32_k_equivalence' (13928519) panicked at crates/bcinr-logic/src/algorithms/bitpacking_decode_u32_k.rs:33:26:
attempt to shift left with overflow

thread 'algorithms::bitpacking_decode_u32_k::tests::test_bitpacking_decode_u32_k_equivalence' (13928519) panicked at crates/bcinr-logic/src/algorithms/bitpacking_decode_u32_k.rs:33:26:
attempt to shift left with overflow

thread 'algorithms::bitpacking_decode_u32_k::tests::test_bitpacking_decode_u32_k_equivalence' (13928519) panicked at crates/bcinr-logic/src/algorithms/bitpacking_decode_u32_k.rs:33:26:
attempt to shift left with overflow

thread 'algorithms::bitpacking_decode_u32_k::tests::test_bitpacking_decode_u32_k_equivalence' (13928519) panicked at crates/bcinr-logic/src/algorithms/bitpacking_decode_u32_k.rs:33:26:
attempt to shift left with overflow

thread 'algorithms::bitpacking_decode_u32_k::tests::test_bitpacking_decode_u32_k_equivalence' (13928519) panicked at crates/bcinr-logic/src/algorithms/bitpacking_decode_u32_k.rs:33:26:
attempt to shift left with overflow

thread 'algorithms::bitpacking_decode_u32_k::tests::test_bitpacking_decode_u32_k_equivalence' (13928519) panicked at crates/bcinr-logic/src/algorithms/bitpacking_decode_u32_k.rs:33:26:
attempt to shift left with overflow

thread 'algorithms::bitpacking_decode_u32_k::tests::test_bitpacking_decode_u32_k_equivalence' (13928519) panicked at crates/bcinr-logic/src/algorithms/bitpacking_decode_u32_k.rs:33:26:
attempt to shift left with overflow

thread 'algorithms::bitpacking_decode_u32_k::tests::test_bitpacking_decode_u32_k_equivalence' (13928519) panicked at crates/bcinr-logic/src/algorithms/bitpacking_decode_u32_k.rs:33:26:
attempt to shift left with overflow

thread 'algorithms::bitpacking_decode_u32_k::tests::test_bitpacking_decode_u32_k_equivalence' (13928519) panicked at crates/bcinr-logic/src/algorithms/bitpacking_decode_u32_k.rs:33:26:
attempt to shift left with overflow

thread 'algorithms::bitpacking_decode_u32_k::tests::test_bitpacking_decode_u32_k_equivalence' (13928519) panicked at crates/bcinr-logic/src/algorithms/bitpacking_decode_u32_k.rs:33:26:
attempt to shift left with overflow

thread 'algorithms::bitpacking_decode_u32_k::tests::test_bitpacking_decode_u32_k_equivalence' (13928519) panicked at crates/bcinr-logic/src/algorithms/bitpacking_decode_u32_k.rs:33:26:
attempt to shift left with overflow

thread 'algorithms::bitpacking_decode_u32_k::tests::test_bitpacking_decode_u32_k_equivalence' (13928519) panicked at crates/bcinr-logic/src/algorithms/bitpacking_decode_u32_k.rs:33:26:
attempt to shift left with overflow

thread 'algorithms::bitpacking_decode_u32_k::tests::test_bitpacking_decode_u32_k_equivalence' (13928519) panicked at crates/bcinr-logic/src/algorithms/bitpacking_decode_u32_k.rs:33:26:
attempt to shift left with overflow

thread 'algorithms::bitpacking_decode_u32_k::tests::test_bitpacking_decode_u32_k_equivalence' (13928519) panicked at crates/bcinr-logic/src/algorithms/bitpacking_decode_u32_k.rs:33:26:
attempt to shift left with overflow

thread 'algorithms::bitpacking_decode_u32_k::tests::test_bitpacking_decode_u32_k_equivalence' (13928519) panicked at crates/bcinr-logic/src/algorithms/bitpacking_decode_u32_k.rs:33:26:
attempt to shift left with overflow

thread 'algorithms::bitpacking_decode_u32_k::tests::test_bitpacking_decode_u32_k_equivalence' (13928519) panicked at crates/bcinr-logic/src/algorithms/bitpacking_decode_u32_k.rs:33:26:
attempt to shift left with overflow

thread 'algorithms::bitpacking_decode_u32_k::tests::test_bitpacking_decode_u32_k_equivalence' (13928519) panicked at crates/bcinr-logic/src/algorithms/bitpacking_decode_u32_k.rs:33:26:
attempt to shift left with overflow

thread 'algorithms::bitpacking_decode_u32_k::tests::test_bitpacking_decode_u32_k_equivalence' (13928519) panicked at crates/bcinr-logic/src/algorithms/bitpacking_decode_u32_k.rs:33:26:
attempt to shift left with overflow

thread 'algorithms::bitpacking_decode_u32_k::tests::test_bitpacking_decode_u32_k_equivalence' (13928519) panicked at crates/bcinr-logic/src/algorithms/bitpacking_decode_u32_k.rs:33:26:
attempt to shift left with overflow

thread 'algorithms::bitpacking_decode_u32_k::tests::test_bitpacking_decode_u32_k_equivalence' (13928519) panicked at crates/bcinr-logic/src/algorithms/bitpacking_decode_u32_k.rs:33:26:
attempt to shift left with overflow

thread 'algorithms::bitpacking_decode_u32_k::tests::test_bitpacking_decode_u32_k_equivalence' (13928519) panicked at crates/bcinr-logic/src/algorithms/bitpacking_decode_u32_k.rs:33:26:
attempt to shift left with overflow

thread 'algorithms::bitpacking_decode_u32_k::tests::test_bitpacking_decode_u32_k_equivalence' (13928519) panicked at crates/bcinr-logic/src/algorithms/bitpacking_decode_u32_k.rs:33:26:
attempt to shift left with overflow

thread 'algorithms::bitpacking_decode_u32_k::tests::test_bitpacking_decode_u32_k_equivalence' (13928519) panicked at crates/bcinr-logic/src/algorithms/bitpacking_decode_u32_k.rs:33:26:
attempt to shift left with overflow

thread 'algorithms::bitpacking_decode_u32_k::tests::test_bitpacking_decode_u32_k_equivalence' (13928519) panicked at crates/bcinr-logic/src/algorithms/bitpacking_decode_u32_k.rs:33:26:
attempt to shift left with overflow

thread 'algorithms::bitpacking_decode_u32_k::tests::test_bitpacking_decode_u32_k_equivalence' (13928519) panicked at crates/bcinr-logic/src/algorithms/bitpacking_decode_u32_k.rs:33:26:
attempt to shift left with overflow

thread 'algorithms::bitpacking_decode_u32_k::tests::test_bitpacking_decode_u32_k_equivalence' (13928519) panicked at crates/bcinr-logic/src/algorithms/bitpacking_decode_u32_k.rs:33:26:
attempt to shift left with overflow

thread 'algorithms::bitpacking_decode_u32_k::tests::test_bitpacking_decode_u32_k_equivalence' (13928519) panicked at crates/bcinr-logic/src/algorithms/bitpacking_decode_u32_k.rs:33:26:
attempt to shift left with overflow

thread 'algorithms::bitpacking_decode_u32_k::tests::test_bitpacking_decode_u32_k_equivalence' (13928519) panicked at crates/bcinr-logic/src/algorithms/bitpacking_decode_u32_k.rs:33:26:
attempt to shift left with overflow

thread 'algorithms::bitpacking_decode_u32_k::tests::test_bitpacking_decode_u32_k_equivalence' (13928519) panicked at crates/bcinr-logic/src/algorithms/bitpacking_decode_u32_k.rs:33:26:
attempt to shift left with overflow

thread 'algorithms::bitpacking_decode_u32_k::tests::test_bitpacking_decode_u32_k_equivalence' (13928519) panicked at crates/bcinr-logic/src/algorithms/bitpacking_decode_u32_k.rs:33:26:
attempt to shift left with overflow

thread 'algorithms::bitpacking_decode_u32_k::tests::test_bitpacking_decode_u32_k_equivalence' (13928519) panicked at crates/bcinr-logic/src/algorithms/bitpacking_decode_u32_k.rs:33:26:
attempt to shift left with overflow

thread 'algorithms::bitpacking_decode_u32_k::tests::test_bitpacking_decode_u32_k_equivalence' (13928519) panicked at crates/bcinr-logic/src/algorithms/bitpacking_decode_u32_k.rs:33:26:
attempt to shift left with overflow

thread 'algorithms::bitpacking_decode_u32_k::tests::test_bitpacking_decode_u32_k_equivalence' (13928519) panicked at crates/bcinr-logic/src/algorithms/bitpacking_decode_u32_k.rs:33:26:
attempt to shift left with overflow

thread 'algorithms::bitpacking_decode_u32_k::tests::test_bitpacking_decode_u32_k_equivalence' (13928519) panicked at crates/bcinr-logic/src/algorithms/bitpacking_decode_u32_k.rs:46:5:
Test failed: attempt to shift left with overflow.
minimal failing input: val = 0, aux = 4096
	successes: 0
	local rejects: 0
	global rejects: 0


---- algorithms::bool_slice_from_mask::tests::test_bool_slice_from_mask_equivalence stdout ----

thread 'algorithms::bool_slice_from_mask::tests::test_bool_slice_from_mask_equivalence' (13928544) panicked at crates/bcinr-logic/src/algorithms/bool_slice_from_mask.rs:40:5:
Test failed: assertion failed: `(left == right)` 
  left: `72057594037927936`,
 right: `1` at crates/bcinr-logic/src/algorithms/bool_slice_from_mask.rs:46.
minimal failing input: mask = 2185219044916658048
	successes: 0
	local rejects: 0
	global rejects: 0


---- algorithms::convex_hull_monotone_chain_step::tests::test_convex_hull_monotone_chain_step_boundaries stdout ----

thread 'algorithms::convex_hull_monotone_chain_step::tests::test_convex_hull_monotone_chain_step_boundaries' (13928641) panicked at crates/bcinr-logic/src/algorithms/convex_hull_monotone_chain_step.rs:79:9:
assertion `left == right` failed
  left: 0
 right: 2

---- algorithms::convex_hull_monotone_chain_step::tests::test_convex_hull_monotone_chain_step_equivalence stdout ----

thread 'algorithms::convex_hull_monotone_chain_step::tests::test_convex_hull_monotone_chain_step_equivalence' (13928642) panicked at crates/bcinr-logic/src/algorithms/convex_hull_monotone_chain_step.rs:63:5:
Test failed: assertion failed: `(left == right)` 
  left: `0`, 
 right: `2`: Adversarial failure: branchless mismatch at crates/bcinr-logic/src/algorithms/convex_hull_monotone_chain_step.rs:68.
minimal failing input: val = 1, aux = 4294967296
	successes: 0
	local rejects: 0
	global rejects: 0


---- algorithms::count_min_sketch_query::tests::test_count_min_sketch_query_boundaries stdout ----

thread 'algorithms::count_min_sketch_query::tests::test_count_min_sketch_query_boundaries' (13928649) panicked at crates/bcinr-logic/src/algorithms/count_min_sketch_query.rs:63:9:
assertion `left == right` failed
  left: 18446744073709551615
 right: 0

---- algorithms::count_min_sketch_query::tests::test_count_min_sketch_query_equivalence stdout ----

thread 'algorithms::count_min_sketch_query::tests::test_count_min_sketch_query_equivalence' (13928650) panicked at crates/bcinr-logic/src/algorithms/count_min_sketch_query.rs:48:5:
Test failed: assertion failed: `(left == right)` 
  left: `0`, 
 right: `9223372036854775809`: Adversarial failure: branchless mismatch at crates/bcinr-logic/src/algorithms/count_min_sketch_query.rs:53.
minimal failing input: val = 0, aux = 9223372036854775809
	successes: 0
	local rejects: 0
	global rejects: 0


---- algorithms::counting_sort_branchless_u8::tests::test_counting_sort_branchless_u8_boundaries stdout ----

thread 'algorithms::counting_sort_branchless_u8::tests::test_counting_sort_branchless_u8_boundaries' (13928651) panicked at crates/bcinr-logic/src/algorithms/counting_sort_branchless_u8.rs:104:9:
assertion `left == right` failed
  left: 578437695752307201
 right: 72623859790382856

---- algorithms::csv_scan_row_simd::tests::test_csv_scan_row_simd_boundaries stdout ----

thread 'algorithms::csv_scan_row_simd::tests::test_csv_scan_row_simd_boundaries' (13928655) panicked at crates/bcinr-logic/src/algorithms/csv_scan_row_simd.rs:87:9:
assertion `left == right` failed
  left: 72339069014638848
 right: 72058693549555968

---- algorithms::csv_scan_row_simd::tests::test_csv_scan_row_simd_equivalence stdout ----

thread 'algorithms::csv_scan_row_simd::tests::test_csv_scan_row_simd_equivalence' (13928656) panicked at crates/bcinr-logic/src/algorithms/csv_scan_row_simd.rs:69:5:
Test failed: assertion failed: `(left == right)` 
  left: `1`, 
 right: `257`: Adversarial failure: branchless mismatch at crates/bcinr-logic/src/algorithms/csv_scan_row_simd.rs:74.
minimal failing input: val = 9230232939065286044, aux = 2841735149135339164
	successes: 0
	local rejects: 0
	global rejects: 0


---- algorithms::cubic_interpolate_u32::tests::test_cubic_interpolate_u32_boundaries stdout ----

thread 'algorithms::cubic_interpolate_u32::tests::test_cubic_interpolate_u32_boundaries' (13928657) panicked at crates/bcinr-logic/src/algorithms/cubic_interpolate_u32.rs:103:9:
assertion `left == right` failed
  left: 6553700
 right: 200

---- algorithms::cubic_interpolate_u32::tests::test_cubic_interpolate_u32_equivalence stdout ----

thread 'algorithms::cubic_interpolate_u32::tests::test_cubic_interpolate_u32_equivalence' (13928658) panicked at crates/bcinr-logic/src/algorithms/cubic_interpolate_u32.rs:85:5:
Test failed: Adversarial failure: branchless mismatch diff=32768 at crates/bcinr-logic/src/algorithms/cubic_interpolate_u32.rs:92.
minimal failing input: val = 1, aux = 1
	successes: 0
	local rejects: 0
	global rejects: 0


---- algorithms::fixed_point_log2::tests::test_fixed_point_log2_boundaries stdout ----

thread 'algorithms::fixed_point_log2::tests::test_fixed_point_log2_boundaries' (13928755) panicked at crates/bcinr-logic/src/algorithms/fixed_point_log2.rs:105:9:
assertion `left == right` failed
  left: 274877906943
 right: 137438953472

---- algorithms::fixed_point_log2::tests::test_fixed_point_log2_equivalence stdout ----

thread 'algorithms::fixed_point_log2::tests::test_fixed_point_log2_equivalence' (13928759) panicked at crates/bcinr-logic/src/algorithms/fixed_point_log2.rs:63:5:
Test failed: assertion failed: `(left == right)` 
  left: `18446743936270598144`, 
 right: `0`: Adversarial failure: branchless mismatch at crates/bcinr-logic/src/algorithms/fixed_point_log2.rs:68.
minimal failing input: val = 1, aux = 0
	successes: 0
	local rejects: 0
	global rejects: 0


---- algorithms::fp_atan2_u32_q16::tests::test_fp_atan2_u32_q16_boundaries stdout ----

thread 'algorithms::fp_atan2_u32_q16::tests::test_fp_atan2_u32_q16_boundaries' (13928765) panicked at crates/bcinr-logic/src/algorithms/fp_atan2_u32_q16.rs:120:9:
assertion `left == right` failed
  left: 4294812901
 right: 4294812881

---- algorithms::fp_atan2_u32_q16::tests::test_fp_atan2_u32_q16_equivalence stdout ----

thread 'algorithms::fp_atan2_u32_q16::tests::test_fp_atan2_u32_q16_equivalence' (13928769) panicked at crates/bcinr-logic/src/algorithms/fp_atan2_u32_q16.rs:78:5:
Test failed: assertion failed: `(left == right)` 
  left: `205887`, 
 right: `0`: Adversarial failure: branchless mismatch at crates/bcinr-logic/src/algorithms/fp_atan2_u32_q16.rs:83.
minimal failing input: val = 0, aux = 1307914502666190848
	successes: 0
	local rejects: 0
	global rejects: 0


---- algorithms::fp_cos_u32_q16::tests::test_fp_cos_u32_q16_boundaries stdout ----

thread 'algorithms::fp_cos_u32_q16::tests::test_fp_cos_u32_q16_boundaries' (13928770) panicked at crates/bcinr-logic/src/algorithms/fp_cos_u32_q16.rs:92:9:
assertion `left == right` failed
  left: 60613
 right: 65536

---- algorithms::fp_cos_u32_q16::tests::test_fp_cos_u32_q16_equivalence stdout ----

thread 'algorithms::fp_cos_u32_q16::tests::test_fp_cos_u32_q16_equivalence' (13928774) panicked at crates/bcinr-logic/src/algorithms/fp_cos_u32_q16.rs:51:5:
Test failed: assertion failed: `(left == right)` 
  left: `65536`, 
 right: `60613`: Adversarial failure: branchless mismatch at crates/bcinr-logic/src/algorithms/fp_cos_u32_q16.rs:56.
minimal failing input: val = 0, aux = 0
	successes: 0
	local rejects: 0
	global rejects: 0


---- algorithms::fp_div_u32_q16::tests::test_fp_div_u32_q16_boundaries stdout ----

thread 'algorithms::fp_div_u32_q16::tests::test_fp_div_u32_q16_boundaries' (13928775) panicked at crates/bcinr-logic/src/algorithms/fp_div_u32_q16.rs:98:9:
assertion `left == right` failed
  left: 4294901760
 right: 0

---- algorithms::fp_div_u32_q16::tests::test_fp_div_u32_q16_equivalence stdout ----

thread 'algorithms::fp_div_u32_q16::tests::test_fp_div_u32_q16_equivalence' (13928779) panicked at crates/bcinr-logic/src/algorithms/fp_div_u32_q16.rs:55:5:
Test failed: assertion failed: `(left == right)` 
  left: `4294967295`, 
 right: `0`: Adversarial failure: branchless mismatch at crates/bcinr-logic/src/algorithms/fp_div_u32_q16.rs:60.
minimal failing input: val = 4312, aux = 16467393147931459584
	successes: 0
	local rejects: 0
	global rejects: 0


---- algorithms::fp_mul_u32_q16::tests::test_fp_mul_u32_q16_equivalence stdout ----

thread 'algorithms::fp_mul_u32_q16::tests::test_fp_mul_u32_q16_equivalence' (13928784) panicked at crates/bcinr-logic/src/algorithms/fp_mul_u32_q16.rs:24:15:
attempt to multiply with overflow

thread 'algorithms::fp_mul_u32_q16::tests::test_fp_mul_u32_q16_equivalence' (13928784) panicked at crates/bcinr-logic/src/algorithms/fp_mul_u32_q16.rs:24:15:
attempt to multiply with overflow

thread 'algorithms::fp_mul_u32_q16::tests::test_fp_mul_u32_q16_equivalence' (13928784) panicked at crates/bcinr-logic/src/algorithms/fp_mul_u32_q16.rs:24:15:
attempt to multiply with overflow

thread 'algorithms::fp_mul_u32_q16::tests::test_fp_mul_u32_q16_equivalence' (13928784) panicked at crates/bcinr-logic/src/algorithms/fp_mul_u32_q16.rs:24:15:
attempt to multiply with overflow

thread 'algorithms::fp_mul_u32_q16::tests::test_fp_mul_u32_q16_equivalence' (13928784) panicked at crates/bcinr-logic/src/algorithms/fp_mul_u32_q16.rs:24:15:
attempt to multiply with overflow

thread 'algorithms::fp_mul_u32_q16::tests::test_fp_mul_u32_q16_equivalence' (13928784) panicked at crates/bcinr-logic/src/algorithms/fp_mul_u32_q16.rs:24:15:
attempt to multiply with overflow

thread 'algorithms::fp_mul_u32_q16::tests::test_fp_mul_u32_q16_equivalence' (13928784) panicked at crates/bcinr-logic/src/algorithms/fp_mul_u32_q16.rs:24:15:
attempt to multiply with overflow

thread 'algorithms::fp_mul_u32_q16::tests::test_fp_mul_u32_q16_equivalence' (13928784) panicked at crates/bcinr-logic/src/algorithms/fp_mul_u32_q16.rs:24:15:
attempt to multiply with overflow

thread 'algorithms::fp_mul_u32_q16::tests::test_fp_mul_u32_q16_equivalence' (13928784) panicked at crates/bcinr-logic/src/algorithms/fp_mul_u32_q16.rs:24:15:
attempt to multiply with overflow

thread 'algorithms::fp_mul_u32_q16::tests::test_fp_mul_u32_q16_equivalence' (13928784) panicked at crates/bcinr-logic/src/algorithms/fp_mul_u32_q16.rs:24:15:
attempt to multiply with overflow

thread 'algorithms::fp_mul_u32_q16::tests::test_fp_mul_u32_q16_equivalence' (13928784) panicked at crates/bcinr-logic/src/algorithms/fp_mul_u32_q16.rs:24:15:
attempt to multiply with overflow

thread 'algorithms::fp_mul_u32_q16::tests::test_fp_mul_u32_q16_equivalence' (13928784) panicked at crates/bcinr-logic/src/algorithms/fp_mul_u32_q16.rs:24:15:
attempt to multiply with overflow

thread 'algorithms::fp_mul_u32_q16::tests::test_fp_mul_u32_q16_equivalence' (13928784) panicked at crates/bcinr-logic/src/algorithms/fp_mul_u32_q16.rs:24:15:
attempt to multiply with overflow

thread 'algorithms::fp_mul_u32_q16::tests::test_fp_mul_u32_q16_equivalence' (13928784) panicked at crates/bcinr-logic/src/algorithms/fp_mul_u32_q16.rs:24:15:
attempt to multiply with overflow

thread 'algorithms::fp_mul_u32_q16::tests::test_fp_mul_u32_q16_equivalence' (13928784) panicked at crates/bcinr-logic/src/algorithms/fp_mul_u32_q16.rs:24:15:
attempt to multiply with overflow

thread 'algorithms::fp_mul_u32_q16::tests::test_fp_mul_u32_q16_equivalence' (13928784) panicked at crates/bcinr-logic/src/algorithms/fp_mul_u32_q16.rs:24:15:
attempt to multiply with overflow

thread 'algorithms::fp_mul_u32_q16::tests::test_fp_mul_u32_q16_equivalence' (13928784) panicked at crates/bcinr-logic/src/algorithms/fp_mul_u32_q16.rs:24:15:
attempt to multiply with overflow

thread 'algorithms::fp_mul_u32_q16::tests::test_fp_mul_u32_q16_equivalence' (13928784) panicked at crates/bcinr-logic/src/algorithms/fp_mul_u32_q16.rs:24:15:
attempt to multiply with overflow

thread 'algorithms::fp_mul_u32_q16::tests::test_fp_mul_u32_q16_equivalence' (13928784) panicked at crates/bcinr-logic/src/algorithms/fp_mul_u32_q16.rs:24:15:
attempt to multiply with overflow

thread 'algorithms::fp_mul_u32_q16::tests::test_fp_mul_u32_q16_equivalence' (13928784) panicked at crates/bcinr-logic/src/algorithms/fp_mul_u32_q16.rs:24:15:
attempt to multiply with overflow

thread 'algorithms::fp_mul_u32_q16::tests::test_fp_mul_u32_q16_equivalence' (13928784) panicked at crates/bcinr-logic/src/algorithms/fp_mul_u32_q16.rs:24:15:
attempt to multiply with overflow

thread 'algorithms::fp_mul_u32_q16::tests::test_fp_mul_u32_q16_equivalence' (13928784) panicked at crates/bcinr-logic/src/algorithms/fp_mul_u32_q16.rs:24:15:
attempt to multiply with overflow

thread 'algorithms::fp_mul_u32_q16::tests::test_fp_mul_u32_q16_equivalence' (13928784) panicked at crates/bcinr-logic/src/algorithms/fp_mul_u32_q16.rs:24:15:
attempt to multiply with overflow

thread 'algorithms::fp_mul_u32_q16::tests::test_fp_mul_u32_q16_equivalence' (13928784) panicked at crates/bcinr-logic/src/algorithms/fp_mul_u32_q16.rs:24:15:
attempt to multiply with overflow

thread 'algorithms::fp_mul_u32_q16::tests::test_fp_mul_u32_q16_equivalence' (13928784) panicked at crates/bcinr-logic/src/algorithms/fp_mul_u32_q16.rs:24:15:
attempt to multiply with overflow

thread 'algorithms::fp_mul_u32_q16::tests::test_fp_mul_u32_q16_equivalence' (13928784) panicked at crates/bcinr-logic/src/algorithms/fp_mul_u32_q16.rs:24:15:
attempt to multiply with overflow

thread 'algorithms::fp_mul_u32_q16::tests::test_fp_mul_u32_q16_equivalence' (13928784) panicked at crates/bcinr-logic/src/algorithms/fp_mul_u32_q16.rs:24:15:
attempt to multiply with overflow

thread 'algorithms::fp_mul_u32_q16::tests::test_fp_mul_u32_q16_equivalence' (13928784) panicked at crates/bcinr-logic/src/algorithms/fp_mul_u32_q16.rs:24:15:
attempt to multiply with overflow

thread 'algorithms::fp_mul_u32_q16::tests::test_fp_mul_u32_q16_equivalence' (13928784) panicked at crates/bcinr-logic/src/algorithms/fp_mul_u32_q16.rs:24:15:
attempt to multiply with overflow

thread 'algorithms::fp_mul_u32_q16::tests::test_fp_mul_u32_q16_equivalence' (13928784) panicked at crates/bcinr-logic/src/algorithms/fp_mul_u32_q16.rs:24:15:
attempt to multiply with overflow

thread 'algorithms::fp_mul_u32_q16::tests::test_fp_mul_u32_q16_equivalence' (13928784) panicked at crates/bcinr-logic/src/algorithms/fp_mul_u32_q16.rs:24:15:
attempt to multiply with overflow

thread 'algorithms::fp_mul_u32_q16::tests::test_fp_mul_u32_q16_equivalence' (13928784) panicked at crates/bcinr-logic/src/algorithms/fp_mul_u32_q16.rs:24:15:
attempt to multiply with overflow

thread 'algorithms::fp_mul_u32_q16::tests::test_fp_mul_u32_q16_equivalence' (13928784) panicked at crates/bcinr-logic/src/algorithms/fp_mul_u32_q16.rs:24:15:
attempt to multiply with overflow

thread 'algorithms::fp_mul_u32_q16::tests::test_fp_mul_u32_q16_equivalence' (13928784) panicked at crates/bcinr-logic/src/algorithms/fp_mul_u32_q16.rs:24:15:
attempt to multiply with overflow

thread 'algorithms::fp_mul_u32_q16::tests::test_fp_mul_u32_q16_equivalence' (13928784) panicked at crates/bcinr-logic/src/algorithms/fp_mul_u32_q16.rs:24:15:
attempt to multiply with overflow

thread 'algorithms::fp_mul_u32_q16::tests::test_fp_mul_u32_q16_equivalence' (13928784) panicked at crates/bcinr-logic/src/algorithms/fp_mul_u32_q16.rs:24:15:
attempt to multiply with overflow

thread 'algorithms::fp_mul_u32_q16::tests::test_fp_mul_u32_q16_equivalence' (13928784) panicked at crates/bcinr-logic/src/algorithms/fp_mul_u32_q16.rs:24:15:
attempt to multiply with overflow

thread 'algorithms::fp_mul_u32_q16::tests::test_fp_mul_u32_q16_equivalence' (13928784) panicked at crates/bcinr-logic/src/algorithms/fp_mul_u32_q16.rs:24:15:
attempt to multiply with overflow

thread 'algorithms::fp_mul_u32_q16::tests::test_fp_mul_u32_q16_equivalence' (13928784) panicked at crates/bcinr-logic/src/algorithms/fp_mul_u32_q16.rs:24:15:
attempt to multiply with overflow

thread 'algorithms::fp_mul_u32_q16::tests::test_fp_mul_u32_q16_equivalence' (13928784) panicked at crates/bcinr-logic/src/algorithms/fp_mul_u32_q16.rs:24:15:
attempt to multiply with overflow

thread 'algorithms::fp_mul_u32_q16::tests::test_fp_mul_u32_q16_equivalence' (13928784) panicked at crates/bcinr-logic/src/algorithms/fp_mul_u32_q16.rs:24:15:
attempt to multiply with overflow

thread 'algorithms::fp_mul_u32_q16::tests::test_fp_mul_u32_q16_equivalence' (13928784) panicked at crates/bcinr-logic/src/algorithms/fp_mul_u32_q16.rs:24:15:
attempt to multiply with overflow

thread 'algorithms::fp_mul_u32_q16::tests::test_fp_mul_u32_q16_equivalence' (13928784) panicked at crates/bcinr-logic/src/algorithms/fp_mul_u32_q16.rs:24:15:
attempt to multiply with overflow

thread 'algorithms::fp_mul_u32_q16::tests::test_fp_mul_u32_q16_equivalence' (13928784) panicked at crates/bcinr-logic/src/algorithms/fp_mul_u32_q16.rs:24:15:
attempt to multiply with overflow

thread 'algorithms::fp_mul_u32_q16::tests::test_fp_mul_u32_q16_equivalence' (13928784) panicked at crates/bcinr-logic/src/algorithms/fp_mul_u32_q16.rs:24:15:
attempt to multiply with overflow

thread 'algorithms::fp_mul_u32_q16::tests::test_fp_mul_u32_q16_equivalence' (13928784) panicked at crates/bcinr-logic/src/algorithms/fp_mul_u32_q16.rs:24:15:
attempt to multiply with overflow

thread 'algorithms::fp_mul_u32_q16::tests::test_fp_mul_u32_q16_equivalence' (13928784) panicked at crates/bcinr-logic/src/algorithms/fp_mul_u32_q16.rs:24:15:
attempt to multiply with overflow

thread 'algorithms::fp_mul_u32_q16::tests::test_fp_mul_u32_q16_equivalence' (13928784) panicked at crates/bcinr-logic/src/algorithms/fp_mul_u32_q16.rs:24:15:
attempt to multiply with overflow

thread 'algorithms::fp_mul_u32_q16::tests::test_fp_mul_u32_q16_equivalence' (13928784) panicked at crates/bcinr-logic/src/algorithms/fp_mul_u32_q16.rs:24:15:
attempt to multiply with overflow

thread 'algorithms::fp_mul_u32_q16::tests::test_fp_mul_u32_q16_equivalence' (13928784) panicked at crates/bcinr-logic/src/algorithms/fp_mul_u32_q16.rs:24:15:
attempt to multiply with overflow

thread 'algorithms::fp_mul_u32_q16::tests::test_fp_mul_u32_q16_equivalence' (13928784) panicked at crates/bcinr-logic/src/algorithms/fp_mul_u32_q16.rs:24:15:
attempt to multiply with overflow

thread 'algorithms::fp_mul_u32_q16::tests::test_fp_mul_u32_q16_equivalence' (13928784) panicked at crates/bcinr-logic/src/algorithms/fp_mul_u32_q16.rs:24:15:
attempt to multiply with overflow

thread 'algorithms::fp_mul_u32_q16::tests::test_fp_mul_u32_q16_equivalence' (13928784) panicked at crates/bcinr-logic/src/algorithms/fp_mul_u32_q16.rs:24:15:
attempt to multiply with overflow

thread 'algorithms::fp_mul_u32_q16::tests::test_fp_mul_u32_q16_equivalence' (13928784) panicked at crates/bcinr-logic/src/algorithms/fp_mul_u32_q16.rs:24:15:
attempt to multiply with overflow

thread 'algorithms::fp_mul_u32_q16::tests::test_fp_mul_u32_q16_equivalence' (13928784) panicked at crates/bcinr-logic/src/algorithms/fp_mul_u32_q16.rs:24:15:
attempt to multiply with overflow

thread 'algorithms::fp_mul_u32_q16::tests::test_fp_mul_u32_q16_equivalence' (13928784) panicked at crates/bcinr-logic/src/algorithms/fp_mul_u32_q16.rs:24:15:
attempt to multiply with overflow

thread 'algorithms::fp_mul_u32_q16::tests::test_fp_mul_u32_q16_equivalence' (13928784) panicked at crates/bcinr-logic/src/algorithms/fp_mul_u32_q16.rs:24:15:
attempt to multiply with overflow

thread 'algorithms::fp_mul_u32_q16::tests::test_fp_mul_u32_q16_equivalence' (13928784) panicked at crates/bcinr-logic/src/algorithms/fp_mul_u32_q16.rs:53:5:
Test failed: assertion failed: `(left == right)` 
  left: `4294934528`, 
 right: `32768`: Adversarial failure: branchless mismatch at crates/bcinr-logic/src/algorithms/fp_mul_u32_q16.rs:58.
minimal failing input: val = 1, aux = 2147483648
	successes: 0
	local rejects: 0
	global rejects: 0


---- algorithms::fp_sin_u32_q16::tests::test_fp_sin_u32_q16_boundaries stdout ----

thread 'algorithms::fp_sin_u32_q16::tests::test_fp_sin_u32_q16_boundaries' (13928785) panicked at crates/bcinr-logic/src/algorithms/fp_sin_u32_q16.rs:115:9:
assertion `left == right` failed
  left: 1
 right: 0

---- algorithms::fp_sin_u32_q16::tests::test_fp_sin_u32_q16_equivalence stdout ----

thread 'algorithms::fp_sin_u32_q16::tests::test_fp_sin_u32_q16_equivalence' (13928789) panicked at crates/bcinr-logic/src/algorithms/fp_sin_u32_q16.rs:73:5:
Test failed: assertion failed: `(left == right)` 
  left: `16231`, 
 right: `16230`: Adversarial failure: branchless mismatch at crates/bcinr-logic/src/algorithms/fp_sin_u32_q16.rs:78.
minimal failing input: val = 16402, aux = 0
	successes: 0
	local rejects: 0
	global rejects: 0


---- algorithms::fp_sqrt_u32_q16::tests::test_fp_sqrt_u32_q16_boundaries stdout ----

thread 'algorithms::fp_sqrt_u32_q16::tests::test_fp_sqrt_u32_q16_boundaries' (13928790) panicked at crates/bcinr-logic/src/algorithms/fp_sqrt_u32_q16.rs:101:9:
assertion `left == right` failed
  left: 4294967295
 right: 16777215

---- algorithms::fp_sqrt_u32_q16::tests::test_fp_sqrt_u32_q16_equivalence stdout ----

thread 'algorithms::fp_sqrt_u32_q16::tests::test_fp_sqrt_u32_q16_equivalence' (13928794) panicked at crates/bcinr-logic/src/algorithms/fp_sqrt_u32_q16.rs:59:5:
Test failed: assertion failed: `(left == right)` 
  left: `256`, 
 right: `65536`: Adversarial failure: branchless mismatch at crates/bcinr-logic/src/algorithms/fp_sqrt_u32_q16.rs:64.
minimal failing input: val = 1, aux = 0
	successes: 0
	local rejects: 0
	global rejects: 0


---- algorithms::funnel_shift_right_u64::tests::test_funnel_shift_right_u64_boundaries stdout ----

thread 'algorithms::funnel_shift_right_u64::tests::test_funnel_shift_right_u64_boundaries' (13928806) panicked at crates/bcinr-logic/src/algorithms/funnel_shift_right_u64.rs:28:41:
attempt to shift left with overflow

---- algorithms::funnel_shift_right_u64::tests::test_funnel_shift_right_u64_equivalence stdout ----

thread 'algorithms::funnel_shift_right_u64::tests::test_funnel_shift_right_u64_equivalence' (13928810) panicked at crates/bcinr-logic/src/algorithms/funnel_shift_right_u64.rs:28:41:
attempt to shift left with overflow

thread 'algorithms::funnel_shift_right_u64::tests::test_funnel_shift_right_u64_equivalence' (13928810) panicked at crates/bcinr-logic/src/algorithms/funnel_shift_right_u64.rs:28:41:
attempt to shift left with overflow

thread 'algorithms::funnel_shift_right_u64::tests::test_funnel_shift_right_u64_equivalence' (13928810) panicked at crates/bcinr-logic/src/algorithms/funnel_shift_right_u64.rs:28:41:
attempt to shift left with overflow

thread 'algorithms::funnel_shift_right_u64::tests::test_funnel_shift_right_u64_equivalence' (13928810) panicked at crates/bcinr-logic/src/algorithms/funnel_shift_right_u64.rs:28:41:
attempt to shift left with overflow

thread 'algorithms::funnel_shift_right_u64::tests::test_funnel_shift_right_u64_equivalence' (13928810) panicked at crates/bcinr-logic/src/algorithms/funnel_shift_right_u64.rs:28:41:
attempt to shift left with overflow

thread 'algorithms::funnel_shift_right_u64::tests::test_funnel_shift_right_u64_equivalence' (13928810) panicked at crates/bcinr-logic/src/algorithms/funnel_shift_right_u64.rs:28:41:
attempt to shift left with overflow

thread 'algorithms::funnel_shift_right_u64::tests::test_funnel_shift_right_u64_equivalence' (13928810) panicked at crates/bcinr-logic/src/algorithms/funnel_shift_right_u64.rs:28:41:
attempt to shift left with overflow

thread 'algorithms::funnel_shift_right_u64::tests::test_funnel_shift_right_u64_equivalence' (13928810) panicked at crates/bcinr-logic/src/algorithms/funnel_shift_right_u64.rs:28:41:
attempt to shift left with overflow

thread 'algorithms::funnel_shift_right_u64::tests::test_funnel_shift_right_u64_equivalence' (13928810) panicked at crates/bcinr-logic/src/algorithms/funnel_shift_right_u64.rs:28:41:
attempt to shift left with overflow

thread 'algorithms::funnel_shift_right_u64::tests::test_funnel_shift_right_u64_equivalence' (13928810) panicked at crates/bcinr-logic/src/algorithms/funnel_shift_right_u64.rs:28:41:
attempt to shift left with overflow

thread 'algorithms::funnel_shift_right_u64::tests::test_funnel_shift_right_u64_equivalence' (13928810) panicked at crates/bcinr-logic/src/algorithms/funnel_shift_right_u64.rs:28:41:
attempt to shift left with overflow

thread 'algorithms::funnel_shift_right_u64::tests::test_funnel_shift_right_u64_equivalence' (13928810) panicked at crates/bcinr-logic/src/algorithms/funnel_shift_right_u64.rs:28:41:
attempt to shift left with overflow

thread 'algorithms::funnel_shift_right_u64::tests::test_funnel_shift_right_u64_equivalence' (13928810) panicked at crates/bcinr-logic/src/algorithms/funnel_shift_right_u64.rs:28:41:
attempt to shift left with overflow

thread 'algorithms::funnel_shift_right_u64::tests::test_funnel_shift_right_u64_equivalence' (13928810) panicked at crates/bcinr-logic/src/algorithms/funnel_shift_right_u64.rs:28:41:
attempt to shift left with overflow

thread 'algorithms::funnel_shift_right_u64::tests::test_funnel_shift_right_u64_equivalence' (13928810) panicked at crates/bcinr-logic/src/algorithms/funnel_shift_right_u64.rs:28:41:
attempt to shift left with overflow

thread 'algorithms::funnel_shift_right_u64::tests::test_funnel_shift_right_u64_equivalence' (13928810) panicked at crates/bcinr-logic/src/algorithms/funnel_shift_right_u64.rs:28:41:
attempt to shift left with overflow

thread 'algorithms::funnel_shift_right_u64::tests::test_funnel_shift_right_u64_equivalence' (13928810) panicked at crates/bcinr-logic/src/algorithms/funnel_shift_right_u64.rs:28:41:
attempt to shift left with overflow

thread 'algorithms::funnel_shift_right_u64::tests::test_funnel_shift_right_u64_equivalence' (13928810) panicked at crates/bcinr-logic/src/algorithms/funnel_shift_right_u64.rs:28:41:
attempt to shift left with overflow

thread 'algorithms::funnel_shift_right_u64::tests::test_funnel_shift_right_u64_equivalence' (13928810) panicked at crates/bcinr-logic/src/algorithms/funnel_shift_right_u64.rs:28:41:
attempt to shift left with overflow

thread 'algorithms::funnel_shift_right_u64::tests::test_funnel_shift_right_u64_equivalence' (13928810) panicked at crates/bcinr-logic/src/algorithms/funnel_shift_right_u64.rs:28:41:
attempt to shift left with overflow

thread 'algorithms::funnel_shift_right_u64::tests::test_funnel_shift_right_u64_equivalence' (13928810) panicked at crates/bcinr-logic/src/algorithms/funnel_shift_right_u64.rs:28:41:
attempt to shift left with overflow

thread 'algorithms::funnel_shift_right_u64::tests::test_funnel_shift_right_u64_equivalence' (13928810) panicked at crates/bcinr-logic/src/algorithms/funnel_shift_right_u64.rs:28:41:
attempt to shift left with overflow

thread 'algorithms::funnel_shift_right_u64::tests::test_funnel_shift_right_u64_equivalence' (13928810) panicked at crates/bcinr-logic/src/algorithms/funnel_shift_right_u64.rs:28:41:
attempt to shift left with overflow

thread 'algorithms::funnel_shift_right_u64::tests::test_funnel_shift_right_u64_equivalence' (13928810) panicked at crates/bcinr-logic/src/algorithms/funnel_shift_right_u64.rs:28:41:
attempt to shift left with overflow

thread 'algorithms::funnel_shift_right_u64::tests::test_funnel_shift_right_u64_equivalence' (13928810) panicked at crates/bcinr-logic/src/algorithms/funnel_shift_right_u64.rs:28:41:
attempt to shift left with overflow

thread 'algorithms::funnel_shift_right_u64::tests::test_funnel_shift_right_u64_equivalence' (13928810) panicked at crates/bcinr-logic/src/algorithms/funnel_shift_right_u64.rs:28:41:
attempt to shift left with overflow

thread 'algorithms::funnel_shift_right_u64::tests::test_funnel_shift_right_u64_equivalence' (13928810) panicked at crates/bcinr-logic/src/algorithms/funnel_shift_right_u64.rs:28:41:
attempt to shift left with overflow

thread 'algorithms::funnel_shift_right_u64::tests::test_funnel_shift_right_u64_equivalence' (13928810) panicked at crates/bcinr-logic/src/algorithms/funnel_shift_right_u64.rs:28:41:
attempt to shift left with overflow

thread 'algorithms::funnel_shift_right_u64::tests::test_funnel_shift_right_u64_equivalence' (13928810) panicked at crates/bcinr-logic/src/algorithms/funnel_shift_right_u64.rs:28:41:
attempt to shift left with overflow

thread 'algorithms::funnel_shift_right_u64::tests::test_funnel_shift_right_u64_equivalence' (13928810) panicked at crates/bcinr-logic/src/algorithms/funnel_shift_right_u64.rs:28:41:
attempt to shift left with overflow

thread 'algorithms::funnel_shift_right_u64::tests::test_funnel_shift_right_u64_equivalence' (13928810) panicked at crates/bcinr-logic/src/algorithms/funnel_shift_right_u64.rs:28:41:
attempt to shift left with overflow

thread 'algorithms::funnel_shift_right_u64::tests::test_funnel_shift_right_u64_equivalence' (13928810) panicked at crates/bcinr-logic/src/algorithms/funnel_shift_right_u64.rs:28:41:
attempt to shift left with overflow

thread 'algorithms::funnel_shift_right_u64::tests::test_funnel_shift_right_u64_equivalence' (13928810) panicked at crates/bcinr-logic/src/algorithms/funnel_shift_right_u64.rs:28:41:
attempt to shift left with overflow

thread 'algorithms::funnel_shift_right_u64::tests::test_funnel_shift_right_u64_equivalence' (13928810) panicked at crates/bcinr-logic/src/algorithms/funnel_shift_right_u64.rs:28:41:
attempt to shift left with overflow

thread 'algorithms::funnel_shift_right_u64::tests::test_funnel_shift_right_u64_equivalence' (13928810) panicked at crates/bcinr-logic/src/algorithms/funnel_shift_right_u64.rs:28:41:
attempt to shift left with overflow

thread 'algorithms::funnel_shift_right_u64::tests::test_funnel_shift_right_u64_equivalence' (13928810) panicked at crates/bcinr-logic/src/algorithms/funnel_shift_right_u64.rs:28:41:
attempt to shift left with overflow

thread 'algorithms::funnel_shift_right_u64::tests::test_funnel_shift_right_u64_equivalence' (13928810) panicked at crates/bcinr-logic/src/algorithms/funnel_shift_right_u64.rs:28:41:
attempt to shift left with overflow

thread 'algorithms::funnel_shift_right_u64::tests::test_funnel_shift_right_u64_equivalence' (13928810) panicked at crates/bcinr-logic/src/algorithms/funnel_shift_right_u64.rs:28:41:
attempt to shift left with overflow

thread 'algorithms::funnel_shift_right_u64::tests::test_funnel_shift_right_u64_equivalence' (13928810) panicked at crates/bcinr-logic/src/algorithms/funnel_shift_right_u64.rs:28:41:
attempt to shift left with overflow

thread 'algorithms::funnel_shift_right_u64::tests::test_funnel_shift_right_u64_equivalence' (13928810) panicked at crates/bcinr-logic/src/algorithms/funnel_shift_right_u64.rs:28:41:
attempt to shift left with overflow

thread 'algorithms::funnel_shift_right_u64::tests::test_funnel_shift_right_u64_equivalence' (13928810) panicked at crates/bcinr-logic/src/algorithms/funnel_shift_right_u64.rs:28:41:
attempt to shift left with overflow

thread 'algorithms::funnel_shift_right_u64::tests::test_funnel_shift_right_u64_equivalence' (13928810) panicked at crates/bcinr-logic/src/algorithms/funnel_shift_right_u64.rs:28:41:
attempt to shift left with overflow

thread 'algorithms::funnel_shift_right_u64::tests::test_funnel_shift_right_u64_equivalence' (13928810) panicked at crates/bcinr-logic/src/algorithms/funnel_shift_right_u64.rs:28:41:
attempt to shift left with overflow

thread 'algorithms::funnel_shift_right_u64::tests::test_funnel_shift_right_u64_equivalence' (13928810) panicked at crates/bcinr-logic/src/algorithms/funnel_shift_right_u64.rs:28:41:
attempt to shift left with overflow

thread 'algorithms::funnel_shift_right_u64::tests::test_funnel_shift_right_u64_equivalence' (13928810) panicked at crates/bcinr-logic/src/algorithms/funnel_shift_right_u64.rs:28:41:
attempt to shift left with overflow

thread 'algorithms::funnel_shift_right_u64::tests::test_funnel_shift_right_u64_equivalence' (13928810) panicked at crates/bcinr-logic/src/algorithms/funnel_shift_right_u64.rs:28:41:
attempt to shift left with overflow

thread 'algorithms::funnel_shift_right_u64::tests::test_funnel_shift_right_u64_equivalence' (13928810) panicked at crates/bcinr-logic/src/algorithms/funnel_shift_right_u64.rs:28:41:
attempt to shift left with overflow

thread 'algorithms::funnel_shift_right_u64::tests::test_funnel_shift_right_u64_equivalence' (13928810) panicked at crates/bcinr-logic/src/algorithms/funnel_shift_right_u64.rs:28:41:
attempt to shift left with overflow

thread 'algorithms::funnel_shift_right_u64::tests::test_funnel_shift_right_u64_equivalence' (13928810) panicked at crates/bcinr-logic/src/algorithms/funnel_shift_right_u64.rs:28:41:
attempt to shift left with overflow

thread 'algorithms::funnel_shift_right_u64::tests::test_funnel_shift_right_u64_equivalence' (13928810) panicked at crates/bcinr-logic/src/algorithms/funnel_shift_right_u64.rs:28:41:
attempt to shift left with overflow

thread 'algorithms::funnel_shift_right_u64::tests::test_funnel_shift_right_u64_equivalence' (13928810) panicked at crates/bcinr-logic/src/algorithms/funnel_shift_right_u64.rs:28:41:
attempt to shift left with overflow

thread 'algorithms::funnel_shift_right_u64::tests::test_funnel_shift_right_u64_equivalence' (13928810) panicked at crates/bcinr-logic/src/algorithms/funnel_shift_right_u64.rs:28:41:
attempt to shift left with overflow

thread 'algorithms::funnel_shift_right_u64::tests::test_funnel_shift_right_u64_equivalence' (13928810) panicked at crates/bcinr-logic/src/algorithms/funnel_shift_right_u64.rs:28:41:
attempt to shift left with overflow

thread 'algorithms::funnel_shift_right_u64::tests::test_funnel_shift_right_u64_equivalence' (13928810) panicked at crates/bcinr-logic/src/algorithms/funnel_shift_right_u64.rs:28:41:
attempt to shift left with overflow

thread 'algorithms::funnel_shift_right_u64::tests::test_funnel_shift_right_u64_equivalence' (13928810) panicked at crates/bcinr-logic/src/algorithms/funnel_shift_right_u64.rs:28:41:
attempt to shift left with overflow

thread 'algorithms::funnel_shift_right_u64::tests::test_funnel_shift_right_u64_equivalence' (13928810) panicked at crates/bcinr-logic/src/algorithms/funnel_shift_right_u64.rs:28:41:
attempt to shift left with overflow

thread 'algorithms::funnel_shift_right_u64::tests::test_funnel_shift_right_u64_equivalence' (13928810) panicked at crates/bcinr-logic/src/algorithms/funnel_shift_right_u64.rs:28:41:
attempt to shift left with overflow

thread 'algorithms::funnel_shift_right_u64::tests::test_funnel_shift_right_u64_equivalence' (13928810) panicked at crates/bcinr-logic/src/algorithms/funnel_shift_right_u64.rs:28:41:
attempt to shift left with overflow

thread 'algorithms::funnel_shift_right_u64::tests::test_funnel_shift_right_u64_equivalence' (13928810) panicked at crates/bcinr-logic/src/algorithms/funnel_shift_right_u64.rs:28:41:
attempt to shift left with overflow

thread 'algorithms::funnel_shift_right_u64::tests::test_funnel_shift_right_u64_equivalence' (13928810) panicked at crates/bcinr-logic/src/algorithms/funnel_shift_right_u64.rs:28:41:
attempt to shift left with overflow

thread 'algorithms::funnel_shift_right_u64::tests::test_funnel_shift_right_u64_equivalence' (13928810) panicked at crates/bcinr-logic/src/algorithms/funnel_shift_right_u64.rs:28:41:
attempt to shift left with overflow

thread 'algorithms::funnel_shift_right_u64::tests::test_funnel_shift_right_u64_equivalence' (13928810) panicked at crates/bcinr-logic/src/algorithms/funnel_shift_right_u64.rs:28:41:
attempt to shift left with overflow

thread 'algorithms::funnel_shift_right_u64::tests::test_funnel_shift_right_u64_equivalence' (13928810) panicked at crates/bcinr-logic/src/algorithms/funnel_shift_right_u64.rs:28:41:
attempt to shift left with overflow

thread 'algorithms::funnel_shift_right_u64::tests::test_funnel_shift_right_u64_equivalence' (13928810) panicked at crates/bcinr-logic/src/algorithms/funnel_shift_right_u64.rs:28:41:
attempt to shift left with overflow

thread 'algorithms::funnel_shift_right_u64::tests::test_funnel_shift_right_u64_equivalence' (13928810) panicked at crates/bcinr-logic/src/algorithms/funnel_shift_right_u64.rs:28:41:
attempt to shift left with overflow

thread 'algorithms::funnel_shift_right_u64::tests::test_funnel_shift_right_u64_equivalence' (13928810) panicked at crates/bcinr-logic/src/algorithms/funnel_shift_right_u64.rs:28:41:
attempt to shift left with overflow

thread 'algorithms::funnel_shift_right_u64::tests::test_funnel_shift_right_u64_equivalence' (13928810) panicked at crates/bcinr-logic/src/algorithms/funnel_shift_right_u64.rs:28:41:
attempt to shift left with overflow

thread 'algorithms::funnel_shift_right_u64::tests::test_funnel_shift_right_u64_equivalence' (13928810) panicked at crates/bcinr-logic/src/algorithms/funnel_shift_right_u64.rs:28:41:
attempt to shift left with overflow

thread 'algorithms::funnel_shift_right_u64::tests::test_funnel_shift_right_u64_equivalence' (13928810) panicked at crates/bcinr-logic/src/algorithms/funnel_shift_right_u64.rs:28:41:
attempt to shift left with overflow

thread 'algorithms::funnel_shift_right_u64::tests::test_funnel_shift_right_u64_equivalence' (13928810) panicked at crates/bcinr-logic/src/algorithms/funnel_shift_right_u64.rs:28:41:
attempt to shift left with overflow

thread 'algorithms::funnel_shift_right_u64::tests::test_funnel_shift_right_u64_equivalence' (13928810) panicked at crates/bcinr-logic/src/algorithms/funnel_shift_right_u64.rs:28:41:
attempt to shift left with overflow

thread 'algorithms::funnel_shift_right_u64::tests::test_funnel_shift_right_u64_equivalence' (13928810) panicked at crates/bcinr-logic/src/algorithms/funnel_shift_right_u64.rs:28:41:
attempt to shift left with overflow

thread 'algorithms::funnel_shift_right_u64::tests::test_funnel_shift_right_u64_equivalence' (13928810) panicked at crates/bcinr-logic/src/algorithms/funnel_shift_right_u64.rs:28:41:
attempt to shift left with overflow

thread 'algorithms::funnel_shift_right_u64::tests::test_funnel_shift_right_u64_equivalence' (13928810) panicked at crates/bcinr-logic/src/algorithms/funnel_shift_right_u64.rs:28:41:
attempt to shift left with overflow

thread 'algorithms::funnel_shift_right_u64::tests::test_funnel_shift_right_u64_equivalence' (13928810) panicked at crates/bcinr-logic/src/algorithms/funnel_shift_right_u64.rs:28:41:
attempt to shift left with overflow

thread 'algorithms::funnel_shift_right_u64::tests::test_funnel_shift_right_u64_equivalence' (13928810) panicked at crates/bcinr-logic/src/algorithms/funnel_shift_right_u64.rs:28:41:
attempt to shift left with overflow

thread 'algorithms::funnel_shift_right_u64::tests::test_funnel_shift_right_u64_equivalence' (13928810) panicked at crates/bcinr-logic/src/algorithms/funnel_shift_right_u64.rs:28:41:
attempt to shift left with overflow

thread 'algorithms::funnel_shift_right_u64::tests::test_funnel_shift_right_u64_equivalence' (13928810) panicked at crates/bcinr-logic/src/algorithms/funnel_shift_right_u64.rs:28:41:
attempt to shift left with overflow

thread 'algorithms::funnel_shift_right_u64::tests::test_funnel_shift_right_u64_equivalence' (13928810) panicked at crates/bcinr-logic/src/algorithms/funnel_shift_right_u64.rs:28:41:
attempt to shift left with overflow

thread 'algorithms::funnel_shift_right_u64::tests::test_funnel_shift_right_u64_equivalence' (13928810) panicked at crates/bcinr-logic/src/algorithms/funnel_shift_right_u64.rs:28:41:
attempt to shift left with overflow

thread 'algorithms::funnel_shift_right_u64::tests::test_funnel_shift_right_u64_equivalence' (13928810) panicked at crates/bcinr-logic/src/algorithms/funnel_shift_right_u64.rs:28:41:
attempt to shift left with overflow

thread 'algorithms::funnel_shift_right_u64::tests::test_funnel_shift_right_u64_equivalence' (13928810) panicked at crates/bcinr-logic/src/algorithms/funnel_shift_right_u64.rs:28:41:
attempt to shift left with overflow

thread 'algorithms::funnel_shift_right_u64::tests::test_funnel_shift_right_u64_equivalence' (13928810) panicked at crates/bcinr-logic/src/algorithms/funnel_shift_right_u64.rs:28:41:
attempt to shift left with overflow

thread 'algorithms::funnel_shift_right_u64::tests::test_funnel_shift_right_u64_equivalence' (13928810) panicked at crates/bcinr-logic/src/algorithms/funnel_shift_right_u64.rs:28:41:
attempt to shift left with overflow

thread 'algorithms::funnel_shift_right_u64::tests::test_funnel_shift_right_u64_equivalence' (13928810) panicked at crates/bcinr-logic/src/algorithms/funnel_shift_right_u64.rs:28:41:
attempt to shift left with overflow

thread 'algorithms::funnel_shift_right_u64::tests::test_funnel_shift_right_u64_equivalence' (13928810) panicked at crates/bcinr-logic/src/algorithms/funnel_shift_right_u64.rs:28:41:
attempt to shift left with overflow

thread 'algorithms::funnel_shift_right_u64::tests::test_funnel_shift_right_u64_equivalence' (13928810) panicked at crates/bcinr-logic/src/algorithms/funnel_shift_right_u64.rs:28:41:
attempt to shift left with overflow

thread 'algorithms::funnel_shift_right_u64::tests::test_funnel_shift_right_u64_equivalence' (13928810) panicked at crates/bcinr-logic/src/algorithms/funnel_shift_right_u64.rs:28:41:
attempt to shift left with overflow

thread 'algorithms::funnel_shift_right_u64::tests::test_funnel_shift_right_u64_equivalence' (13928810) panicked at crates/bcinr-logic/src/algorithms/funnel_shift_right_u64.rs:28:41:
attempt to shift left with overflow

thread 'algorithms::funnel_shift_right_u64::tests::test_funnel_shift_right_u64_equivalence' (13928810) panicked at crates/bcinr-logic/src/algorithms/funnel_shift_right_u64.rs:28:41:
attempt to shift left with overflow

thread 'algorithms::funnel_shift_right_u64::tests::test_funnel_shift_right_u64_equivalence' (13928810) panicked at crates/bcinr-logic/src/algorithms/funnel_shift_right_u64.rs:28:41:
attempt to shift left with overflow

thread 'algorithms::funnel_shift_right_u64::tests::test_funnel_shift_right_u64_equivalence' (13928810) panicked at crates/bcinr-logic/src/algorithms/funnel_shift_right_u64.rs:28:41:
attempt to shift left with overflow

thread 'algorithms::funnel_shift_right_u64::tests::test_funnel_shift_right_u64_equivalence' (13928810) panicked at crates/bcinr-logic/src/algorithms/funnel_shift_right_u64.rs:28:41:
attempt to shift left with overflow

thread 'algorithms::funnel_shift_right_u64::tests::test_funnel_shift_right_u64_equivalence' (13928810) panicked at crates/bcinr-logic/src/algorithms/funnel_shift_right_u64.rs:28:41:
attempt to shift left with overflow

thread 'algorithms::funnel_shift_right_u64::tests::test_funnel_shift_right_u64_equivalence' (13928810) panicked at crates/bcinr-logic/src/algorithms/funnel_shift_right_u64.rs:28:41:
attempt to shift left with overflow

thread 'algorithms::funnel_shift_right_u64::tests::test_funnel_shift_right_u64_equivalence' (13928810) panicked at crates/bcinr-logic/src/algorithms/funnel_shift_right_u64.rs:28:41:
attempt to shift left with overflow

thread 'algorithms::funnel_shift_right_u64::tests::test_funnel_shift_right_u64_equivalence' (13928810) panicked at crates/bcinr-logic/src/algorithms/funnel_shift_right_u64.rs:57:5:
Test failed: attempt to shift left with overflow.
minimal failing input: val = 0, aux = 13835058055282163712
	successes: 0
	local rejects: 0
	global rejects: 0


---- algorithms::gaussian_noise_box_muller::tests::test_gaussian_noise_box_muller_boundaries stdout ----

thread 'algorithms::gaussian_noise_box_muller::tests::test_gaussian_noise_box_muller_boundaries' (13928817) panicked at crates/bcinr-logic/src/algorithms/gaussian_noise_box_muller.rs:103:9:
assertion `left == right` failed
  left: 3972333552
 right: 308650

---- algorithms::gaussian_noise_box_muller::tests::test_gaussian_noise_box_muller_equivalence stdout ----

thread 'algorithms::gaussian_noise_box_muller::tests::test_gaussian_noise_box_muller_equivalence' (13928821) panicked at crates/bcinr-logic/src/algorithms/gaussian_noise_box_muller.rs:29:21:
attempt to multiply with overflow

thread 'algorithms::gaussian_noise_box_muller::tests::test_gaussian_noise_box_muller_equivalence' (13928821) panicked at crates/bcinr-logic/src/algorithms/gaussian_noise_box_muller.rs:29:21:
attempt to multiply with overflow

thread 'algorithms::gaussian_noise_box_muller::tests::test_gaussian_noise_box_muller_equivalence' (13928821) panicked at crates/bcinr-logic/src/algorithms/gaussian_noise_box_muller.rs:29:21:
attempt to multiply with overflow

thread 'algorithms::gaussian_noise_box_muller::tests::test_gaussian_noise_box_muller_equivalence' (13928821) panicked at crates/bcinr-logic/src/algorithms/gaussian_noise_box_muller.rs:29:21:
attempt to multiply with overflow

thread 'algorithms::gaussian_noise_box_muller::tests::test_gaussian_noise_box_muller_equivalence' (13928821) panicked at crates/bcinr-logic/src/algorithms/gaussian_noise_box_muller.rs:29:21:
attempt to multiply with overflow

thread 'algorithms::gaussian_noise_box_muller::tests::test_gaussian_noise_box_muller_equivalence' (13928821) panicked at crates/bcinr-logic/src/algorithms/gaussian_noise_box_muller.rs:29:21:
attempt to multiply with overflow

thread 'algorithms::gaussian_noise_box_muller::tests::test_gaussian_noise_box_muller_equivalence' (13928821) panicked at crates/bcinr-logic/src/algorithms/gaussian_noise_box_muller.rs:29:21:
attempt to multiply with overflow

thread 'algorithms::gaussian_noise_box_muller::tests::test_gaussian_noise_box_muller_equivalence' (13928821) panicked at crates/bcinr-logic/src/algorithms/gaussian_noise_box_muller.rs:29:21:
attempt to multiply with overflow

thread 'algorithms::gaussian_noise_box_muller::tests::test_gaussian_noise_box_muller_equivalence' (13928821) panicked at crates/bcinr-logic/src/algorithms/gaussian_noise_box_muller.rs:29:21:
attempt to multiply with overflow

thread 'algorithms::gaussian_noise_box_muller::tests::test_gaussian_noise_box_muller_equivalence' (13928821) panicked at crates/bcinr-logic/src/algorithms/gaussian_noise_box_muller.rs:29:21:
attempt to multiply with overflow

thread 'algorithms::gaussian_noise_box_muller::tests::test_gaussian_noise_box_muller_equivalence' (13928821) panicked at crates/bcinr-logic/src/algorithms/gaussian_noise_box_muller.rs:29:21:
attempt to multiply with overflow

thread 'algorithms::gaussian_noise_box_muller::tests::test_gaussian_noise_box_muller_equivalence' (13928821) panicked at crates/bcinr-logic/src/algorithms/gaussian_noise_box_muller.rs:29:21:
attempt to multiply with overflow

thread 'algorithms::gaussian_noise_box_muller::tests::test_gaussian_noise_box_muller_equivalence' (13928821) panicked at crates/bcinr-logic/src/algorithms/gaussian_noise_box_muller.rs:29:21:
attempt to multiply with overflow

thread 'algorithms::gaussian_noise_box_muller::tests::test_gaussian_noise_box_muller_equivalence' (13928821) panicked at crates/bcinr-logic/src/algorithms/gaussian_noise_box_muller.rs:29:21:
attempt to multiply with overflow

thread 'algorithms::gaussian_noise_box_muller::tests::test_gaussian_noise_box_muller_equivalence' (13928821) panicked at crates/bcinr-logic/src/algorithms/gaussian_noise_box_muller.rs:29:21:
attempt to multiply with overflow

thread 'algorithms::gaussian_noise_box_muller::tests::test_gaussian_noise_box_muller_equivalence' (13928821) panicked at crates/bcinr-logic/src/algorithms/gaussian_noise_box_muller.rs:29:21:
attempt to multiply with overflow

thread 'algorithms::gaussian_noise_box_muller::tests::test_gaussian_noise_box_muller_equivalence' (13928821) panicked at crates/bcinr-logic/src/algorithms/gaussian_noise_box_muller.rs:29:21:
attempt to multiply with overflow

thread 'algorithms::gaussian_noise_box_muller::tests::test_gaussian_noise_box_muller_equivalence' (13928821) panicked at crates/bcinr-logic/src/algorithms/gaussian_noise_box_muller.rs:29:21:
attempt to multiply with overflow

thread 'algorithms::gaussian_noise_box_muller::tests::test_gaussian_noise_box_muller_equivalence' (13928821) panicked at crates/bcinr-logic/src/algorithms/gaussian_noise_box_muller.rs:29:21:
attempt to multiply with overflow

thread 'algorithms::gaussian_noise_box_muller::tests::test_gaussian_noise_box_muller_equivalence' (13928821) panicked at crates/bcinr-logic/src/algorithms/gaussian_noise_box_muller.rs:29:21:
attempt to multiply with overflow

thread 'algorithms::gaussian_noise_box_muller::tests::test_gaussian_noise_box_muller_equivalence' (13928821) panicked at crates/bcinr-logic/src/algorithms/gaussian_noise_box_muller.rs:29:21:
attempt to multiply with overflow

thread 'algorithms::gaussian_noise_box_muller::tests::test_gaussian_noise_box_muller_equivalence' (13928821) panicked at crates/bcinr-logic/src/algorithms/gaussian_noise_box_muller.rs:29:21:
attempt to multiply with overflow

thread 'algorithms::gaussian_noise_box_muller::tests::test_gaussian_noise_box_muller_equivalence' (13928821) panicked at crates/bcinr-logic/src/algorithms/gaussian_noise_box_muller.rs:29:21:
attempt to multiply with overflow

thread 'algorithms::gaussian_noise_box_muller::tests::test_gaussian_noise_box_muller_equivalence' (13928821) panicked at crates/bcinr-logic/src/algorithms/gaussian_noise_box_muller.rs:29:21:
attempt to multiply with overflow

thread 'algorithms::gaussian_noise_box_muller::tests::test_gaussian_noise_box_muller_equivalence' (13928821) panicked at crates/bcinr-logic/src/algorithms/gaussian_noise_box_muller.rs:29:21:
attempt to multiply with overflow

thread 'algorithms::gaussian_noise_box_muller::tests::test_gaussian_noise_box_muller_equivalence' (13928821) panicked at crates/bcinr-logic/src/algorithms/gaussian_noise_box_muller.rs:29:21:
attempt to multiply with overflow

thread 'algorithms::gaussian_noise_box_muller::tests::test_gaussian_noise_box_muller_equivalence' (13928821) panicked at crates/bcinr-logic/src/algorithms/gaussian_noise_box_muller.rs:29:21:
attempt to multiply with overflow

thread 'algorithms::gaussian_noise_box_muller::tests::test_gaussian_noise_box_muller_equivalence' (13928821) panicked at crates/bcinr-logic/src/algorithms/gaussian_noise_box_muller.rs:29:21:
attempt to multiply with overflow

thread 'algorithms::gaussian_noise_box_muller::tests::test_gaussian_noise_box_muller_equivalence' (13928821) panicked at crates/bcinr-logic/src/algorithms/gaussian_noise_box_muller.rs:29:21:
attempt to multiply with overflow

thread 'algorithms::gaussian_noise_box_muller::tests::test_gaussian_noise_box_muller_equivalence' (13928821) panicked at crates/bcinr-logic/src/algorithms/gaussian_noise_box_muller.rs:29:21:
attempt to multiply with overflow

thread 'algorithms::gaussian_noise_box_muller::tests::test_gaussian_noise_box_muller_equivalence' (13928821) panicked at crates/bcinr-logic/src/algorithms/gaussian_noise_box_muller.rs:29:21:
attempt to multiply with overflow

thread 'algorithms::gaussian_noise_box_muller::tests::test_gaussian_noise_box_muller_equivalence' (13928821) panicked at crates/bcinr-logic/src/algorithms/gaussian_noise_box_muller.rs:29:21:
attempt to multiply with overflow

thread 'algorithms::gaussian_noise_box_muller::tests::test_gaussian_noise_box_muller_equivalence' (13928821) panicked at crates/bcinr-logic/src/algorithms/gaussian_noise_box_muller.rs:29:21:
attempt to multiply with overflow

thread 'algorithms::gaussian_noise_box_muller::tests::test_gaussian_noise_box_muller_equivalence' (13928821) panicked at crates/bcinr-logic/src/algorithms/gaussian_noise_box_muller.rs:29:21:
attempt to multiply with overflow

thread 'algorithms::gaussian_noise_box_muller::tests::test_gaussian_noise_box_muller_equivalence' (13928821) panicked at crates/bcinr-logic/src/algorithms/gaussian_noise_box_muller.rs:29:21:
attempt to multiply with overflow

thread 'algorithms::gaussian_noise_box_muller::tests::test_gaussian_noise_box_muller_equivalence' (13928821) panicked at crates/bcinr-logic/src/algorithms/gaussian_noise_box_muller.rs:29:21:
attempt to multiply with overflow

thread 'algorithms::gaussian_noise_box_muller::tests::test_gaussian_noise_box_muller_equivalence' (13928821) panicked at crates/bcinr-logic/src/algorithms/gaussian_noise_box_muller.rs:29:21:
attempt to multiply with overflow

thread 'algorithms::gaussian_noise_box_muller::tests::test_gaussian_noise_box_muller_equivalence' (13928821) panicked at crates/bcinr-logic/src/algorithms/gaussian_noise_box_muller.rs:29:21:
attempt to multiply with overflow

thread 'algorithms::gaussian_noise_box_muller::tests::test_gaussian_noise_box_muller_equivalence' (13928821) panicked at crates/bcinr-logic/src/algorithms/gaussian_noise_box_muller.rs:29:21:
attempt to multiply with overflow

thread 'algorithms::gaussian_noise_box_muller::tests::test_gaussian_noise_box_muller_equivalence' (13928821) panicked at crates/bcinr-logic/src/algorithms/gaussian_noise_box_muller.rs:29:21:
attempt to multiply with overflow

thread 'algorithms::gaussian_noise_box_muller::tests::test_gaussian_noise_box_muller_equivalence' (13928821) panicked at crates/bcinr-logic/src/algorithms/gaussian_noise_box_muller.rs:29:21:
attempt to multiply with overflow

thread 'algorithms::gaussian_noise_box_muller::tests::test_gaussian_noise_box_muller_equivalence' (13928821) panicked at crates/bcinr-logic/src/algorithms/gaussian_noise_box_muller.rs:29:21:
attempt to multiply with overflow

thread 'algorithms::gaussian_noise_box_muller::tests::test_gaussian_noise_box_muller_equivalence' (13928821) panicked at crates/bcinr-logic/src/algorithms/gaussian_noise_box_muller.rs:29:21:
attempt to multiply with overflow

thread 'algorithms::gaussian_noise_box_muller::tests::test_gaussian_noise_box_muller_equivalence' (13928821) panicked at crates/bcinr-logic/src/algorithms/gaussian_noise_box_muller.rs:29:21:
attempt to multiply with overflow

thread 'algorithms::gaussian_noise_box_muller::tests::test_gaussian_noise_box_muller_equivalence' (13928821) panicked at crates/bcinr-logic/src/algorithms/gaussian_noise_box_muller.rs:29:21:
attempt to multiply with overflow

thread 'algorithms::gaussian_noise_box_muller::tests::test_gaussian_noise_box_muller_equivalence' (13928821) panicked at crates/bcinr-logic/src/algorithms/gaussian_noise_box_muller.rs:29:21:
attempt to multiply with overflow

thread 'algorithms::gaussian_noise_box_muller::tests::test_gaussian_noise_box_muller_equivalence' (13928821) panicked at crates/bcinr-logic/src/algorithms/gaussian_noise_box_muller.rs:29:21:
attempt to multiply with overflow

thread 'algorithms::gaussian_noise_box_muller::tests::test_gaussian_noise_box_muller_equivalence' (13928821) panicked at crates/bcinr-logic/src/algorithms/gaussian_noise_box_muller.rs:29:21:
attempt to multiply with overflow

thread 'algorithms::gaussian_noise_box_muller::tests::test_gaussian_noise_box_muller_equivalence' (13928821) panicked at crates/bcinr-logic/src/algorithms/gaussian_noise_box_muller.rs:29:21:
attempt to multiply with overflow

thread 'algorithms::gaussian_noise_box_muller::tests::test_gaussian_noise_box_muller_equivalence' (13928821) panicked at crates/bcinr-logic/src/algorithms/gaussian_noise_box_muller.rs:29:21:
attempt to multiply with overflow

thread 'algorithms::gaussian_noise_box_muller::tests::test_gaussian_noise_box_muller_equivalence' (13928821) panicked at crates/bcinr-logic/src/algorithms/gaussian_noise_box_muller.rs:29:21:
attempt to multiply with overflow

thread 'algorithms::gaussian_noise_box_muller::tests::test_gaussian_noise_box_muller_equivalence' (13928821) panicked at crates/bcinr-logic/src/algorithms/gaussian_noise_box_muller.rs:29:21:
attempt to multiply with overflow

thread 'algorithms::gaussian_noise_box_muller::tests::test_gaussian_noise_box_muller_equivalence' (13928821) panicked at crates/bcinr-logic/src/algorithms/gaussian_noise_box_muller.rs:29:21:
attempt to multiply with overflow

thread 'algorithms::gaussian_noise_box_muller::tests::test_gaussian_noise_box_muller_equivalence' (13928821) panicked at crates/bcinr-logic/src/algorithms/gaussian_noise_box_muller.rs:29:21:
attempt to multiply with overflow

thread 'algorithms::gaussian_noise_box_muller::tests::test_gaussian_noise_box_muller_equivalence' (13928821) panicked at crates/bcinr-logic/src/algorithms/gaussian_noise_box_muller.rs:29:21:
attempt to multiply with overflow

thread 'algorithms::gaussian_noise_box_muller::tests::test_gaussian_noise_box_muller_equivalence' (13928821) panicked at crates/bcinr-logic/src/algorithms/gaussian_noise_box_muller.rs:29:21:
attempt to multiply with overflow

thread 'algorithms::gaussian_noise_box_muller::tests::test_gaussian_noise_box_muller_equivalence' (13928821) panicked at crates/bcinr-logic/src/algorithms/gaussian_noise_box_muller.rs:29:21:
attempt to multiply with overflow

thread 'algorithms::gaussian_noise_box_muller::tests::test_gaussian_noise_box_muller_equivalence' (13928821) panicked at crates/bcinr-logic/src/algorithms/gaussian_noise_box_muller.rs:29:21:
attempt to multiply with overflow

thread 'algorithms::gaussian_noise_box_muller::tests::test_gaussian_noise_box_muller_equivalence' (13928821) panicked at crates/bcinr-logic/src/algorithms/gaussian_noise_box_muller.rs:29:21:
attempt to multiply with overflow

thread 'algorithms::gaussian_noise_box_muller::tests::test_gaussian_noise_box_muller_equivalence' (13928821) panicked at crates/bcinr-logic/src/algorithms/gaussian_noise_box_muller.rs:29:21:
attempt to multiply with overflow

thread 'algorithms::gaussian_noise_box_muller::tests::test_gaussian_noise_box_muller_equivalence' (13928821) panicked at crates/bcinr-logic/src/algorithms/gaussian_noise_box_muller.rs:29:21:
attempt to multiply with overflow

thread 'algorithms::gaussian_noise_box_muller::tests::test_gaussian_noise_box_muller_equivalence' (13928821) panicked at crates/bcinr-logic/src/algorithms/gaussian_noise_box_muller.rs:29:21:
attempt to multiply with overflow

thread 'algorithms::gaussian_noise_box_muller::tests::test_gaussian_noise_box_muller_equivalence' (13928821) panicked at crates/bcinr-logic/src/algorithms/gaussian_noise_box_muller.rs:29:21:
attempt to multiply with overflow

thread 'algorithms::gaussian_noise_box_muller::tests::test_gaussian_noise_box_muller_equivalence' (13928821) panicked at crates/bcinr-logic/src/algorithms/gaussian_noise_box_muller.rs:29:21:
attempt to multiply with overflow

thread 'algorithms::gaussian_noise_box_muller::tests::test_gaussian_noise_box_muller_equivalence' (13928821) panicked at crates/bcinr-logic/src/algorithms/gaussian_noise_box_muller.rs:29:21:
attempt to multiply with overflow

thread 'algorithms::gaussian_noise_box_muller::tests::test_gaussian_noise_box_muller_equivalence' (13928821) panicked at crates/bcinr-logic/src/algorithms/gaussian_noise_box_muller.rs:29:21:
attempt to multiply with overflow

thread 'algorithms::gaussian_noise_box_muller::tests::test_gaussian_noise_box_muller_equivalence' (13928821) panicked at crates/bcinr-logic/src/algorithms/gaussian_noise_box_muller.rs:29:21:
attempt to multiply with overflow

thread 'algorithms::gaussian_noise_box_muller::tests::test_gaussian_noise_box_muller_equivalence' (13928821) panicked at crates/bcinr-logic/src/algorithms/gaussian_noise_box_muller.rs:29:21:
attempt to multiply with overflow

thread 'algorithms::gaussian_noise_box_muller::tests::test_gaussian_noise_box_muller_equivalence' (13928821) panicked at crates/bcinr-logic/src/algorithms/gaussian_noise_box_muller.rs:29:21:
attempt to multiply with overflow

thread 'algorithms::gaussian_noise_box_muller::tests::test_gaussian_noise_box_muller_equivalence' (13928821) panicked at crates/bcinr-logic/src/algorithms/gaussian_noise_box_muller.rs:29:21:
attempt to multiply with overflow

thread 'algorithms::gaussian_noise_box_muller::tests::test_gaussian_noise_box_muller_equivalence' (13928821) panicked at crates/bcinr-logic/src/algorithms/gaussian_noise_box_muller.rs:29:21:
attempt to multiply with overflow

thread 'algorithms::gaussian_noise_box_muller::tests::test_gaussian_noise_box_muller_equivalence' (13928821) panicked at crates/bcinr-logic/src/algorithms/gaussian_noise_box_muller.rs:29:21:
attempt to multiply with overflow

thread 'algorithms::gaussian_noise_box_muller::tests::test_gaussian_noise_box_muller_equivalence' (13928821) panicked at crates/bcinr-logic/src/algorithms/gaussian_noise_box_muller.rs:29:21:
attempt to multiply with overflow

thread 'algorithms::gaussian_noise_box_muller::tests::test_gaussian_noise_box_muller_equivalence' (13928821) panicked at crates/bcinr-logic/src/algorithms/gaussian_noise_box_muller.rs:29:21:
attempt to multiply with overflow

thread 'algorithms::gaussian_noise_box_muller::tests::test_gaussian_noise_box_muller_equivalence' (13928821) panicked at crates/bcinr-logic/src/algorithms/gaussian_noise_box_muller.rs:29:21:
attempt to multiply with overflow

thread 'algorithms::gaussian_noise_box_muller::tests::test_gaussian_noise_box_muller_equivalence' (13928821) panicked at crates/bcinr-logic/src/algorithms/gaussian_noise_box_muller.rs:29:21:
attempt to multiply with overflow

thread 'algorithms::gaussian_noise_box_muller::tests::test_gaussian_noise_box_muller_equivalence' (13928821) panicked at crates/bcinr-logic/src/algorithms/gaussian_noise_box_muller.rs:29:21:
attempt to multiply with overflow

thread 'algorithms::gaussian_noise_box_muller::tests::test_gaussian_noise_box_muller_equivalence' (13928821) panicked at crates/bcinr-logic/src/algorithms/gaussian_noise_box_muller.rs:29:21:
attempt to multiply with overflow

thread 'algorithms::gaussian_noise_box_muller::tests::test_gaussian_noise_box_muller_equivalence' (13928821) panicked at crates/bcinr-logic/src/algorithms/gaussian_noise_box_muller.rs:29:21:
attempt to multiply with overflow

thread 'algorithms::gaussian_noise_box_muller::tests::test_gaussian_noise_box_muller_equivalence' (13928821) panicked at crates/bcinr-logic/src/algorithms/gaussian_noise_box_muller.rs:29:21:
attempt to multiply with overflow

thread 'algorithms::gaussian_noise_box_muller::tests::test_gaussian_noise_box_muller_equivalence' (13928821) panicked at crates/bcinr-logic/src/algorithms/gaussian_noise_box_muller.rs:29:21:
attempt to multiply with overflow

thread 'algorithms::gaussian_noise_box_muller::tests::test_gaussian_noise_box_muller_equivalence' (13928821) panicked at crates/bcinr-logic/src/algorithms/gaussian_noise_box_muller.rs:29:21:
attempt to multiply with overflow

thread 'algorithms::gaussian_noise_box_muller::tests::test_gaussian_noise_box_muller_equivalence' (13928821) panicked at crates/bcinr-logic/src/algorithms/gaussian_noise_box_muller.rs:29:21:
attempt to multiply with overflow

thread 'algorithms::gaussian_noise_box_muller::tests::test_gaussian_noise_box_muller_equivalence' (13928821) panicked at crates/bcinr-logic/src/algorithms/gaussian_noise_box_muller.rs:32:15:
attempt to multiply with overflow

thread 'algorithms::gaussian_noise_box_muller::tests::test_gaussian_noise_box_muller_equivalence' (13928821) panicked at crates/bcinr-logic/src/algorithms/gaussian_noise_box_muller.rs:32:15:
attempt to multiply with overflow

thread 'algorithms::gaussian_noise_box_muller::tests::test_gaussian_noise_box_muller_equivalence' (13928821) panicked at crates/bcinr-logic/src/algorithms/gaussian_noise_box_muller.rs:32:15:
attempt to multiply with overflow

thread 'algorithms::gaussian_noise_box_muller::tests::test_gaussian_noise_box_muller_equivalence' (13928821) panicked at crates/bcinr-logic/src/algorithms/gaussian_noise_box_muller.rs:32:15:
attempt to multiply with overflow

thread 'algorithms::gaussian_noise_box_muller::tests::test_gaussian_noise_box_muller_equivalence' (13928821) panicked at crates/bcinr-logic/src/algorithms/gaussian_noise_box_muller.rs:32:15:
attempt to multiply with overflow

thread 'algorithms::gaussian_noise_box_muller::tests::test_gaussian_noise_box_muller_equivalence' (13928821) panicked at crates/bcinr-logic/src/algorithms/gaussian_noise_box_muller.rs:32:15:
attempt to multiply with overflow

thread 'algorithms::gaussian_noise_box_muller::tests::test_gaussian_noise_box_muller_equivalence' (13928821) panicked at crates/bcinr-logic/src/algorithms/gaussian_noise_box_muller.rs:32:15:
attempt to multiply with overflow

thread 'algorithms::gaussian_noise_box_muller::tests::test_gaussian_noise_box_muller_equivalence' (13928821) panicked at crates/bcinr-logic/src/algorithms/gaussian_noise_box_muller.rs:32:15:
attempt to multiply with overflow

thread 'algorithms::gaussian_noise_box_muller::tests::test_gaussian_noise_box_muller_equivalence' (13928821) panicked at crates/bcinr-logic/src/algorithms/gaussian_noise_box_muller.rs:32:15:
attempt to multiply with overflow

thread 'algorithms::gaussian_noise_box_muller::tests::test_gaussian_noise_box_muller_equivalence' (13928821) panicked at crates/bcinr-logic/src/algorithms/gaussian_noise_box_muller.rs:32:15:
attempt to multiply with overflow

thread 'algorithms::gaussian_noise_box_muller::tests::test_gaussian_noise_box_muller_equivalence' (13928821) panicked at crates/bcinr-logic/src/algorithms/gaussian_noise_box_muller.rs:32:15:
attempt to multiply with overflow

thread 'algorithms::gaussian_noise_box_muller::tests::test_gaussian_noise_box_muller_equivalence' (13928821) panicked at crates/bcinr-logic/src/algorithms/gaussian_noise_box_muller.rs:32:15:
attempt to multiply with overflow

thread 'algorithms::gaussian_noise_box_muller::tests::test_gaussian_noise_box_muller_equivalence' (13928821) panicked at crates/bcinr-logic/src/algorithms/gaussian_noise_box_muller.rs:32:15:
attempt to multiply with overflow

thread 'algorithms::gaussian_noise_box_muller::tests::test_gaussian_noise_box_muller_equivalence' (13928821) panicked at crates/bcinr-logic/src/algorithms/gaussian_noise_box_muller.rs:32:15:
attempt to multiply with overflow

thread 'algorithms::gaussian_noise_box_muller::tests::test_gaussian_noise_box_muller_equivalence' (13928821) panicked at crates/bcinr-logic/src/algorithms/gaussian_noise_box_muller.rs:32:15:
attempt to multiply with overflow

thread 'algorithms::gaussian_noise_box_muller::tests::test_gaussian_noise_box_muller_equivalence' (13928821) panicked at crates/bcinr-logic/src/algorithms/gaussian_noise_box_muller.rs:62:5:
Test failed: assertion failed: `(left == right)` 
  left: `308650`, 
 right: `3972333552`: Adversarial failure: branchless mismatch at crates/bcinr-logic/src/algorithms/gaussian_noise_box_muller.rs:67.
minimal failing input: val = 0, aux = 0
	successes: 0
	local rejects: 0
	global rejects: 0


---- algorithms::gcd_u64_branchless::tests::test_gcd_u64_branchless_equivalence stdout ----

thread 'algorithms::gcd_u64_branchless::tests::test_gcd_u64_branchless_equivalence' (13928826) panicked at crates/bcinr-logic/src/algorithms/gcd_u64_branchless.rs:73:5:
Test failed: assertion failed: `(left == right)` 
  left: `1`, 
 right: `3`: Adversarial failure: branchless mismatch at crates/bcinr-logic/src/algorithms/gcd_u64_branchless.rs:78.
minimal failing input: val = 1, aux = 3
	successes: 0
	local rejects: 0
	global rejects: 0


---- algorithms::get_mask_boundary_high_u64::tests::test_get_mask_boundary_high_u64_boundaries stdout ----

thread 'algorithms::get_mask_boundary_high_u64::tests::test_get_mask_boundary_high_u64_boundaries' (13928827) panicked at crates/bcinr-logic/src/algorithms/get_mask_boundary_high_u64.rs:25:21:
attempt to subtract with overflow

---- algorithms::green_sorting_network_16::tests::test_green_sorting_network_16_equivalence stdout ----

thread 'algorithms::green_sorting_network_16::tests::test_green_sorting_network_16_equivalence' (13928862) panicked at crates/bcinr-logic/src/algorithms/green_sorting_network_16.rs:96:5:
Test failed: assertion failed: `(left == right)` 
  left: `10485323498178740224`, 
 right: `10485323314216566784`: Adversarial failure: branchless mismatch at crates/bcinr-logic/src/algorithms/green_sorting_network_16.rs:101.
minimal failing input: val = 186887344384, aux = 0
	successes: 0
	local rejects: 0
	global rejects: 0


---- algorithms::heavy_keepers_add::tests::test_heavy_keepers_add_boundaries stdout ----

thread 'algorithms::heavy_keepers_add::tests::test_heavy_keepers_add_boundaries' (13928888) panicked at crates/bcinr-logic/src/algorithms/heavy_keepers_add.rs:32:22:
attempt to add with overflow

---- algorithms::hex_decode_simd::tests::test_hex_decode_simd_boundaries stdout ----

thread 'algorithms::hex_decode_simd::tests::test_hex_decode_simd_boundaries' (13928893) panicked at crates/bcinr-logic/src/algorithms/hex_decode_simd.rs:27:26:
attempt to subtract with overflow

---- algorithms::hex_decode_simd::tests::test_hex_decode_simd_equivalence stdout ----

thread 'algorithms::hex_decode_simd::tests::test_hex_decode_simd_equivalence' (13928897) panicked at crates/bcinr-logic/src/algorithms/hex_decode_simd.rs:27:26:
attempt to subtract with overflow

thread 'algorithms::hex_decode_simd::tests::test_hex_decode_simd_equivalence' (13928897) panicked at crates/bcinr-logic/src/algorithms/hex_decode_simd.rs:29:27:
attempt to subtract with overflow

thread 'algorithms::hex_decode_simd::tests::test_hex_decode_simd_equivalence' (13928897) panicked at crates/bcinr-logic/src/algorithms/hex_decode_simd.rs:27:26:
attempt to subtract with overflow

thread 'algorithms::hex_decode_simd::tests::test_hex_decode_simd_equivalence' (13928897) panicked at crates/bcinr-logic/src/algorithms/hex_decode_simd.rs:27:26:
attempt to subtract with overflow

thread 'algorithms::hex_decode_simd::tests::test_hex_decode_simd_equivalence' (13928897) panicked at crates/bcinr-logic/src/algorithms/hex_decode_simd.rs:27:26:
attempt to subtract with overflow

thread 'algorithms::hex_decode_simd::tests::test_hex_decode_simd_equivalence' (13928897) panicked at crates/bcinr-logic/src/algorithms/hex_decode_simd.rs:27:26:
attempt to subtract with overflow

thread 'algorithms::hex_decode_simd::tests::test_hex_decode_simd_equivalence' (13928897) panicked at crates/bcinr-logic/src/algorithms/hex_decode_simd.rs:27:26:
attempt to subtract with overflow

thread 'algorithms::hex_decode_simd::tests::test_hex_decode_simd_equivalence' (13928897) panicked at crates/bcinr-logic/src/algorithms/hex_decode_simd.rs:27:26:
attempt to subtract with overflow

thread 'algorithms::hex_decode_simd::tests::test_hex_decode_simd_equivalence' (13928897) panicked at crates/bcinr-logic/src/algorithms/hex_decode_simd.rs:27:26:
attempt to subtract with overflow

thread 'algorithms::hex_decode_simd::tests::test_hex_decode_simd_equivalence' (13928897) panicked at crates/bcinr-logic/src/algorithms/hex_decode_simd.rs:27:26:
attempt to subtract with overflow

thread 'algorithms::hex_decode_simd::tests::test_hex_decode_simd_equivalence' (13928897) panicked at crates/bcinr-logic/src/algorithms/hex_decode_simd.rs:29:27:
attempt to subtract with overflow

thread 'algorithms::hex_decode_simd::tests::test_hex_decode_simd_equivalence' (13928897) panicked at crates/bcinr-logic/src/algorithms/hex_decode_simd.rs:27:26:
attempt to subtract with overflow

thread 'algorithms::hex_decode_simd::tests::test_hex_decode_simd_equivalence' (13928897) panicked at crates/bcinr-logic/src/algorithms/hex_decode_simd.rs:28:27:
attempt to subtract with overflow

thread 'algorithms::hex_decode_simd::tests::test_hex_decode_simd_equivalence' (13928897) panicked at crates/bcinr-logic/src/algorithms/hex_decode_simd.rs:27:26:
attempt to subtract with overflow

thread 'algorithms::hex_decode_simd::tests::test_hex_decode_simd_equivalence' (13928897) panicked at crates/bcinr-logic/src/algorithms/hex_decode_simd.rs:27:26:
attempt to subtract with overflow

thread 'algorithms::hex_decode_simd::tests::test_hex_decode_simd_equivalence' (13928897) panicked at crates/bcinr-logic/src/algorithms/hex_decode_simd.rs:29:27:
attempt to subtract with overflow

thread 'algorithms::hex_decode_simd::tests::test_hex_decode_simd_equivalence' (13928897) panicked at crates/bcinr-logic/src/algorithms/hex_decode_simd.rs:29:27:
attempt to subtract with overflow

thread 'algorithms::hex_decode_simd::tests::test_hex_decode_simd_equivalence' (13928897) panicked at crates/bcinr-logic/src/algorithms/hex_decode_simd.rs:29:27:
attempt to subtract with overflow

thread 'algorithms::hex_decode_simd::tests::test_hex_decode_simd_equivalence' (13928897) panicked at crates/bcinr-logic/src/algorithms/hex_decode_simd.rs:27:26:
attempt to subtract with overflow

thread 'algorithms::hex_decode_simd::tests::test_hex_decode_simd_equivalence' (13928897) panicked at crates/bcinr-logic/src/algorithms/hex_decode_simd.rs:29:27:
attempt to subtract with overflow

thread 'algorithms::hex_decode_simd::tests::test_hex_decode_simd_equivalence' (13928897) panicked at crates/bcinr-logic/src/algorithms/hex_decode_simd.rs:27:26:
attempt to subtract with overflow

thread 'algorithms::hex_decode_simd::tests::test_hex_decode_simd_equivalence' (13928897) panicked at crates/bcinr-logic/src/algorithms/hex_decode_simd.rs:27:26:
attempt to subtract with overflow

thread 'algorithms::hex_decode_simd::tests::test_hex_decode_simd_equivalence' (13928897) panicked at crates/bcinr-logic/src/algorithms/hex_decode_simd.rs:27:26:
attempt to subtract with overflow

thread 'algorithms::hex_decode_simd::tests::test_hex_decode_simd_equivalence' (13928897) panicked at crates/bcinr-logic/src/algorithms/hex_decode_simd.rs:27:26:
attempt to subtract with overflow

thread 'algorithms::hex_decode_simd::tests::test_hex_decode_simd_equivalence' (13928897) panicked at crates/bcinr-logic/src/algorithms/hex_decode_simd.rs:27:26:
attempt to subtract with overflow

thread 'algorithms::hex_decode_simd::tests::test_hex_decode_simd_equivalence' (13928897) panicked at crates/bcinr-logic/src/algorithms/hex_decode_simd.rs:27:26:
attempt to subtract with overflow

thread 'algorithms::hex_decode_simd::tests::test_hex_decode_simd_equivalence' (13928897) panicked at crates/bcinr-logic/src/algorithms/hex_decode_simd.rs:27:26:
attempt to subtract with overflow

thread 'algorithms::hex_decode_simd::tests::test_hex_decode_simd_equivalence' (13928897) panicked at crates/bcinr-logic/src/algorithms/hex_decode_simd.rs:27:26:
attempt to subtract with overflow

thread 'algorithms::hex_decode_simd::tests::test_hex_decode_simd_equivalence' (13928897) panicked at crates/bcinr-logic/src/algorithms/hex_decode_simd.rs:27:26:
attempt to subtract with overflow

thread 'algorithms::hex_decode_simd::tests::test_hex_decode_simd_equivalence' (13928897) panicked at crates/bcinr-logic/src/algorithms/hex_decode_simd.rs:27:26:
attempt to subtract with overflow

thread 'algorithms::hex_decode_simd::tests::test_hex_decode_simd_equivalence' (13928897) panicked at crates/bcinr-logic/src/algorithms/hex_decode_simd.rs:27:26:
attempt to subtract with overflow

thread 'algorithms::hex_decode_simd::tests::test_hex_decode_simd_equivalence' (13928897) panicked at crates/bcinr-logic/src/algorithms/hex_decode_simd.rs:27:26:
attempt to subtract with overflow

thread 'algorithms::hex_decode_simd::tests::test_hex_decode_simd_equivalence' (13928897) panicked at crates/bcinr-logic/src/algorithms/hex_decode_simd.rs:27:26:
attempt to subtract with overflow

thread 'algorithms::hex_decode_simd::tests::test_hex_decode_simd_equivalence' (13928897) panicked at crates/bcinr-logic/src/algorithms/hex_decode_simd.rs:27:26:
attempt to subtract with overflow

thread 'algorithms::hex_decode_simd::tests::test_hex_decode_simd_equivalence' (13928897) panicked at crates/bcinr-logic/src/algorithms/hex_decode_simd.rs:27:26:
attempt to subtract with overflow

thread 'algorithms::hex_decode_simd::tests::test_hex_decode_simd_equivalence' (13928897) panicked at crates/bcinr-logic/src/algorithms/hex_decode_simd.rs:27:26:
attempt to subtract with overflow

thread 'algorithms::hex_decode_simd::tests::test_hex_decode_simd_equivalence' (13928897) panicked at crates/bcinr-logic/src/algorithms/hex_decode_simd.rs:27:26:
attempt to subtract with overflow

thread 'algorithms::hex_decode_simd::tests::test_hex_decode_simd_equivalence' (13928897) panicked at crates/bcinr-logic/src/algorithms/hex_decode_simd.rs:27:26:
attempt to subtract with overflow

thread 'algorithms::hex_decode_simd::tests::test_hex_decode_simd_equivalence' (13928897) panicked at crates/bcinr-logic/src/algorithms/hex_decode_simd.rs:27:26:
attempt to subtract with overflow

thread 'algorithms::hex_decode_simd::tests::test_hex_decode_simd_equivalence' (13928897) panicked at crates/bcinr-logic/src/algorithms/hex_decode_simd.rs:27:26:
attempt to subtract with overflow

thread 'algorithms::hex_decode_simd::tests::test_hex_decode_simd_equivalence' (13928897) panicked at crates/bcinr-logic/src/algorithms/hex_decode_simd.rs:27:26:
attempt to subtract with overflow

thread 'algorithms::hex_decode_simd::tests::test_hex_decode_simd_equivalence' (13928897) panicked at crates/bcinr-logic/src/algorithms/hex_decode_simd.rs:27:26:
attempt to subtract with overflow

thread 'algorithms::hex_decode_simd::tests::test_hex_decode_simd_equivalence' (13928897) panicked at crates/bcinr-logic/src/algorithms/hex_decode_simd.rs:27:26:
attempt to subtract with overflow

thread 'algorithms::hex_decode_simd::tests::test_hex_decode_simd_equivalence' (13928897) panicked at crates/bcinr-logic/src/algorithms/hex_decode_simd.rs:27:26:
attempt to subtract with overflow

thread 'algorithms::hex_decode_simd::tests::test_hex_decode_simd_equivalence' (13928897) panicked at crates/bcinr-logic/src/algorithms/hex_decode_simd.rs:27:26:
attempt to subtract with overflow

thread 'algorithms::hex_decode_simd::tests::test_hex_decode_simd_equivalence' (13928897) panicked at crates/bcinr-logic/src/algorithms/hex_decode_simd.rs:27:26:
attempt to subtract with overflow

thread 'algorithms::hex_decode_simd::tests::test_hex_decode_simd_equivalence' (13928897) panicked at crates/bcinr-logic/src/algorithms/hex_decode_simd.rs:27:26:
attempt to subtract with overflow

thread 'algorithms::hex_decode_simd::tests::test_hex_decode_simd_equivalence' (13928897) panicked at crates/bcinr-logic/src/algorithms/hex_decode_simd.rs:27:26:
attempt to subtract with overflow

thread 'algorithms::hex_decode_simd::tests::test_hex_decode_simd_equivalence' (13928897) panicked at crates/bcinr-logic/src/algorithms/hex_decode_simd.rs:27:26:
attempt to subtract with overflow

thread 'algorithms::hex_decode_simd::tests::test_hex_decode_simd_equivalence' (13928897) panicked at crates/bcinr-logic/src/algorithms/hex_decode_simd.rs:27:26:
attempt to subtract with overflow

thread 'algorithms::hex_decode_simd::tests::test_hex_decode_simd_equivalence' (13928897) panicked at crates/bcinr-logic/src/algorithms/hex_decode_simd.rs:27:26:
attempt to subtract with overflow

thread 'algorithms::hex_decode_simd::tests::test_hex_decode_simd_equivalence' (13928897) panicked at crates/bcinr-logic/src/algorithms/hex_decode_simd.rs:27:26:
attempt to subtract with overflow

thread 'algorithms::hex_decode_simd::tests::test_hex_decode_simd_equivalence' (13928897) panicked at crates/bcinr-logic/src/algorithms/hex_decode_simd.rs:27:26:
attempt to subtract with overflow

thread 'algorithms::hex_decode_simd::tests::test_hex_decode_simd_equivalence' (13928897) panicked at crates/bcinr-logic/src/algorithms/hex_decode_simd.rs:27:26:
attempt to subtract with overflow

thread 'algorithms::hex_decode_simd::tests::test_hex_decode_simd_equivalence' (13928897) panicked at crates/bcinr-logic/src/algorithms/hex_decode_simd.rs:27:26:
attempt to subtract with overflow

thread 'algorithms::hex_decode_simd::tests::test_hex_decode_simd_equivalence' (13928897) panicked at crates/bcinr-logic/src/algorithms/hex_decode_simd.rs:27:26:
attempt to subtract with overflow

thread 'algorithms::hex_decode_simd::tests::test_hex_decode_simd_equivalence' (13928897) panicked at crates/bcinr-logic/src/algorithms/hex_decode_simd.rs:27:26:
attempt to subtract with overflow

thread 'algorithms::hex_decode_simd::tests::test_hex_decode_simd_equivalence' (13928897) panicked at crates/bcinr-logic/src/algorithms/hex_decode_simd.rs:27:26:
attempt to subtract with overflow

thread 'algorithms::hex_decode_simd::tests::test_hex_decode_simd_equivalence' (13928897) panicked at crates/bcinr-logic/src/algorithms/hex_decode_simd.rs:27:26:
attempt to subtract with overflow

thread 'algorithms::hex_decode_simd::tests::test_hex_decode_simd_equivalence' (13928897) panicked at crates/bcinr-logic/src/algorithms/hex_decode_simd.rs:27:26:
attempt to subtract with overflow

thread 'algorithms::hex_decode_simd::tests::test_hex_decode_simd_equivalence' (13928897) panicked at crates/bcinr-logic/src/algorithms/hex_decode_simd.rs:27:26:
attempt to subtract with overflow

thread 'algorithms::hex_decode_simd::tests::test_hex_decode_simd_equivalence' (13928897) panicked at crates/bcinr-logic/src/algorithms/hex_decode_simd.rs:27:26:
attempt to subtract with overflow

thread 'algorithms::hex_decode_simd::tests::test_hex_decode_simd_equivalence' (13928897) panicked at crates/bcinr-logic/src/algorithms/hex_decode_simd.rs:27:26:
attempt to subtract with overflow

thread 'algorithms::hex_decode_simd::tests::test_hex_decode_simd_equivalence' (13928897) panicked at crates/bcinr-logic/src/algorithms/hex_decode_simd.rs:27:26:
attempt to subtract with overflow

thread 'algorithms::hex_decode_simd::tests::test_hex_decode_simd_equivalence' (13928897) panicked at crates/bcinr-logic/src/algorithms/hex_decode_simd.rs:27:26:
attempt to subtract with overflow

thread 'algorithms::hex_decode_simd::tests::test_hex_decode_simd_equivalence' (13928897) panicked at crates/bcinr-logic/src/algorithms/hex_decode_simd.rs:27:26:
attempt to subtract with overflow

thread 'algorithms::hex_decode_simd::tests::test_hex_decode_simd_equivalence' (13928897) panicked at crates/bcinr-logic/src/algorithms/hex_decode_simd.rs:27:26:
attempt to subtract with overflow

thread 'algorithms::hex_decode_simd::tests::test_hex_decode_simd_equivalence' (13928897) panicked at crates/bcinr-logic/src/algorithms/hex_decode_simd.rs:27:26:
attempt to subtract with overflow

thread 'algorithms::hex_decode_simd::tests::test_hex_decode_simd_equivalence' (13928897) panicked at crates/bcinr-logic/src/algorithms/hex_decode_simd.rs:27:26:
attempt to subtract with overflow

thread 'algorithms::hex_decode_simd::tests::test_hex_decode_simd_equivalence' (13928897) panicked at crates/bcinr-logic/src/algorithms/hex_decode_simd.rs:27:26:
attempt to subtract with overflow

thread 'algorithms::hex_decode_simd::tests::test_hex_decode_simd_equivalence' (13928897) panicked at crates/bcinr-logic/src/algorithms/hex_decode_simd.rs:27:26:
attempt to subtract with overflow

thread 'algorithms::hex_decode_simd::tests::test_hex_decode_simd_equivalence' (13928897) panicked at crates/bcinr-logic/src/algorithms/hex_decode_simd.rs:27:26:
attempt to subtract with overflow

thread 'algorithms::hex_decode_simd::tests::test_hex_decode_simd_equivalence' (13928897) panicked at crates/bcinr-logic/src/algorithms/hex_decode_simd.rs:27:26:
attempt to subtract with overflow

thread 'algorithms::hex_decode_simd::tests::test_hex_decode_simd_equivalence' (13928897) panicked at crates/bcinr-logic/src/algorithms/hex_decode_simd.rs:27:26:
attempt to subtract with overflow

thread 'algorithms::hex_decode_simd::tests::test_hex_decode_simd_equivalence' (13928897) panicked at crates/bcinr-logic/src/algorithms/hex_decode_simd.rs:27:26:
attempt to subtract with overflow

thread 'algorithms::hex_decode_simd::tests::test_hex_decode_simd_equivalence' (13928897) panicked at crates/bcinr-logic/src/algorithms/hex_decode_simd.rs:27:26:
attempt to subtract with overflow

thread 'algorithms::hex_decode_simd::tests::test_hex_decode_simd_equivalence' (13928897) panicked at crates/bcinr-logic/src/algorithms/hex_decode_simd.rs:27:26:
attempt to subtract with overflow

thread 'algorithms::hex_decode_simd::tests::test_hex_decode_simd_equivalence' (13928897) panicked at crates/bcinr-logic/src/algorithms/hex_decode_simd.rs:27:26:
attempt to subtract with overflow

thread 'algorithms::hex_decode_simd::tests::test_hex_decode_simd_equivalence' (13928897) panicked at crates/bcinr-logic/src/algorithms/hex_decode_simd.rs:27:26:
attempt to subtract with overflow

thread 'algorithms::hex_decode_simd::tests::test_hex_decode_simd_equivalence' (13928897) panicked at crates/bcinr-logic/src/algorithms/hex_decode_simd.rs:27:26:
attempt to subtract with overflow

thread 'algorithms::hex_decode_simd::tests::test_hex_decode_simd_equivalence' (13928897) panicked at crates/bcinr-logic/src/algorithms/hex_decode_simd.rs:27:26:
attempt to subtract with overflow

thread 'algorithms::hex_decode_simd::tests::test_hex_decode_simd_equivalence' (13928897) panicked at crates/bcinr-logic/src/algorithms/hex_decode_simd.rs:27:26:
attempt to subtract with overflow

thread 'algorithms::hex_decode_simd::tests::test_hex_decode_simd_equivalence' (13928897) panicked at crates/bcinr-logic/src/algorithms/hex_decode_simd.rs:27:26:
attempt to subtract with overflow

thread 'algorithms::hex_decode_simd::tests::test_hex_decode_simd_equivalence' (13928897) panicked at crates/bcinr-logic/src/algorithms/hex_decode_simd.rs:27:26:
attempt to subtract with overflow

thread 'algorithms::hex_decode_simd::tests::test_hex_decode_simd_equivalence' (13928897) panicked at crates/bcinr-logic/src/algorithms/hex_decode_simd.rs:27:26:
attempt to subtract with overflow

thread 'algorithms::hex_decode_simd::tests::test_hex_decode_simd_equivalence' (13928897) panicked at crates/bcinr-logic/src/algorithms/hex_decode_simd.rs:27:26:
attempt to subtract with overflow

thread 'algorithms::hex_decode_simd::tests::test_hex_decode_simd_equivalence' (13928897) panicked at crates/bcinr-logic/src/algorithms/hex_decode_simd.rs:27:26:
attempt to subtract with overflow

thread 'algorithms::hex_decode_simd::tests::test_hex_decode_simd_equivalence' (13928897) panicked at crates/bcinr-logic/src/algorithms/hex_decode_simd.rs:27:26:
attempt to subtract with overflow

thread 'algorithms::hex_decode_simd::tests::test_hex_decode_simd_equivalence' (13928897) panicked at crates/bcinr-logic/src/algorithms/hex_decode_simd.rs:56:5:
Test failed: attempt to subtract with overflow.
minimal failing input: val = 1680493626513672448, aux = 0
	successes: 0
	local rejects: 0
	global rejects: 0


---- algorithms::is_alphanumeric_simd_u8x16::tests::test_is_alphanumeric_simd_u8x16_equivalence stdout ----

thread 'algorithms::is_alphanumeric_simd_u8x16::tests::test_is_alphanumeric_simd_u8x16_equivalence' (13928960) panicked at crates/bcinr-logic/src/algorithms/is_alphanumeric_simd_u8x16.rs:67:5:
Test failed: assertion failed: `(left == right)` 
  left: `72057594037927680`, 
 right: `71776119061217280`: Adversarial failure: branchless mismatch at crates/bcinr-logic/src/algorithms/is_alphanumeric_simd_u8x16.rs:72.
minimal failing input: val = 10121658031647906395, aux = 0
	successes: 0
	local rejects: 0
	global rejects: 0


---- algorithms::is_digit_simd_u8x16::tests::test_is_digit_simd_u8x16_equivalence stdout ----

thread 'algorithms::is_digit_simd_u8x16::tests::test_is_digit_simd_u8x16_equivalence' (13928971) panicked at crates/bcinr-logic/src/algorithms/is_digit_simd_u8x16.rs:60:5:
Test failed: assertion failed: `(left == right)` 
  left: `18374686479671623680`, 
 right: `0`: Adversarial failure: branchless mismatch at crates/bcinr-logic/src/algorithms/is_digit_simd_u8x16.rs:65.
minimal failing input: val = 3458764513820540928, aux = 0
	successes: 0
	local rejects: 0
	global rejects: 0


---- algorithms::lerp_sat_u32::tests::test_lerp_sat_u32_equivalence stdout ----

thread 'algorithms::lerp_sat_u32::tests::test_lerp_sat_u32_equivalence' (13929065) panicked at crates/bcinr-logic/src/algorithms/lerp_sat_u32.rs:33:19:
attempt to multiply with overflow

thread 'algorithms::lerp_sat_u32::tests::test_lerp_sat_u32_equivalence' (13929065) panicked at crates/bcinr-logic/src/algorithms/lerp_sat_u32.rs:33:19:
attempt to multiply with overflow

thread 'algorithms::lerp_sat_u32::tests::test_lerp_sat_u32_equivalence' (13929065) panicked at crates/bcinr-logic/src/algorithms/lerp_sat_u32.rs:33:19:
attempt to multiply with overflow

thread 'algorithms::lerp_sat_u32::tests::test_lerp_sat_u32_equivalence' (13929065) panicked at crates/bcinr-logic/src/algorithms/lerp_sat_u32.rs:33:19:
attempt to multiply with overflow

thread 'algorithms::lerp_sat_u32::tests::test_lerp_sat_u32_equivalence' (13929065) panicked at crates/bcinr-logic/src/algorithms/lerp_sat_u32.rs:33:19:
attempt to multiply with overflow

thread 'algorithms::lerp_sat_u32::tests::test_lerp_sat_u32_equivalence' (13929065) panicked at crates/bcinr-logic/src/algorithms/lerp_sat_u32.rs:33:19:
attempt to multiply with overflow

thread 'algorithms::lerp_sat_u32::tests::test_lerp_sat_u32_equivalence' (13929065) panicked at crates/bcinr-logic/src/algorithms/lerp_sat_u32.rs:33:19:
attempt to multiply with overflow

thread 'algorithms::lerp_sat_u32::tests::test_lerp_sat_u32_equivalence' (13929065) panicked at crates/bcinr-logic/src/algorithms/lerp_sat_u32.rs:33:19:
attempt to multiply with overflow

thread 'algorithms::lerp_sat_u32::tests::test_lerp_sat_u32_equivalence' (13929065) panicked at crates/bcinr-logic/src/algorithms/lerp_sat_u32.rs:33:19:
attempt to multiply with overflow

thread 'algorithms::lerp_sat_u32::tests::test_lerp_sat_u32_equivalence' (13929065) panicked at crates/bcinr-logic/src/algorithms/lerp_sat_u32.rs:33:19:
attempt to multiply with overflow

thread 'algorithms::lerp_sat_u32::tests::test_lerp_sat_u32_equivalence' (13929065) panicked at crates/bcinr-logic/src/algorithms/lerp_sat_u32.rs:33:19:
attempt to multiply with overflow

thread 'algorithms::lerp_sat_u32::tests::test_lerp_sat_u32_equivalence' (13929065) panicked at crates/bcinr-logic/src/algorithms/lerp_sat_u32.rs:33:19:
attempt to multiply with overflow

thread 'algorithms::lerp_sat_u32::tests::test_lerp_sat_u32_equivalence' (13929065) panicked at crates/bcinr-logic/src/algorithms/lerp_sat_u32.rs:33:19:
attempt to multiply with overflow

thread 'algorithms::lerp_sat_u32::tests::test_lerp_sat_u32_equivalence' (13929065) panicked at crates/bcinr-logic/src/algorithms/lerp_sat_u32.rs:33:19:
attempt to multiply with overflow

thread 'algorithms::lerp_sat_u32::tests::test_lerp_sat_u32_equivalence' (13929065) panicked at crates/bcinr-logic/src/algorithms/lerp_sat_u32.rs:33:19:
attempt to multiply with overflow

thread 'algorithms::lerp_sat_u32::tests::test_lerp_sat_u32_equivalence' (13929065) panicked at crates/bcinr-logic/src/algorithms/lerp_sat_u32.rs:33:19:
attempt to multiply with overflow

thread 'algorithms::lerp_sat_u32::tests::test_lerp_sat_u32_equivalence' (13929065) panicked at crates/bcinr-logic/src/algorithms/lerp_sat_u32.rs:33:19:
attempt to multiply with overflow

thread 'algorithms::lerp_sat_u32::tests::test_lerp_sat_u32_equivalence' (13929065) panicked at crates/bcinr-logic/src/algorithms/lerp_sat_u32.rs:33:19:
attempt to multiply with overflow

thread 'algorithms::lerp_sat_u32::tests::test_lerp_sat_u32_equivalence' (13929065) panicked at crates/bcinr-logic/src/algorithms/lerp_sat_u32.rs:33:19:
attempt to multiply with overflow

thread 'algorithms::lerp_sat_u32::tests::test_lerp_sat_u32_equivalence' (13929065) panicked at crates/bcinr-logic/src/algorithms/lerp_sat_u32.rs:33:19:
attempt to multiply with overflow

thread 'algorithms::lerp_sat_u32::tests::test_lerp_sat_u32_equivalence' (13929065) panicked at crates/bcinr-logic/src/algorithms/lerp_sat_u32.rs:33:19:
attempt to multiply with overflow

thread 'algorithms::lerp_sat_u32::tests::test_lerp_sat_u32_equivalence' (13929065) panicked at crates/bcinr-logic/src/algorithms/lerp_sat_u32.rs:33:19:
attempt to multiply with overflow

thread 'algorithms::lerp_sat_u32::tests::test_lerp_sat_u32_equivalence' (13929065) panicked at crates/bcinr-logic/src/algorithms/lerp_sat_u32.rs:33:19:
attempt to multiply with overflow

thread 'algorithms::lerp_sat_u32::tests::test_lerp_sat_u32_equivalence' (13929065) panicked at crates/bcinr-logic/src/algorithms/lerp_sat_u32.rs:33:19:
attempt to multiply with overflow

thread 'algorithms::lerp_sat_u32::tests::test_lerp_sat_u32_equivalence' (13929065) panicked at crates/bcinr-logic/src/algorithms/lerp_sat_u32.rs:33:19:
attempt to multiply with overflow

thread 'algorithms::lerp_sat_u32::tests::test_lerp_sat_u32_equivalence' (13929065) panicked at crates/bcinr-logic/src/algorithms/lerp_sat_u32.rs:33:19:
attempt to multiply with overflow

thread 'algorithms::lerp_sat_u32::tests::test_lerp_sat_u32_equivalence' (13929065) panicked at crates/bcinr-logic/src/algorithms/lerp_sat_u32.rs:33:19:
attempt to multiply with overflow

thread 'algorithms::lerp_sat_u32::tests::test_lerp_sat_u32_equivalence' (13929065) panicked at crates/bcinr-logic/src/algorithms/lerp_sat_u32.rs:33:19:
attempt to multiply with overflow

thread 'algorithms::lerp_sat_u32::tests::test_lerp_sat_u32_equivalence' (13929065) panicked at crates/bcinr-logic/src/algorithms/lerp_sat_u32.rs:33:19:
attempt to multiply with overflow

thread 'algorithms::lerp_sat_u32::tests::test_lerp_sat_u32_equivalence' (13929065) panicked at crates/bcinr-logic/src/algorithms/lerp_sat_u32.rs:33:19:
attempt to multiply with overflow

thread 'algorithms::lerp_sat_u32::tests::test_lerp_sat_u32_equivalence' (13929065) panicked at crates/bcinr-logic/src/algorithms/lerp_sat_u32.rs:33:19:
attempt to multiply with overflow

thread 'algorithms::lerp_sat_u32::tests::test_lerp_sat_u32_equivalence' (13929065) panicked at crates/bcinr-logic/src/algorithms/lerp_sat_u32.rs:33:19:
attempt to multiply with overflow

thread 'algorithms::lerp_sat_u32::tests::test_lerp_sat_u32_equivalence' (13929065) panicked at crates/bcinr-logic/src/algorithms/lerp_sat_u32.rs:33:19:
attempt to multiply with overflow

thread 'algorithms::lerp_sat_u32::tests::test_lerp_sat_u32_equivalence' (13929065) panicked at crates/bcinr-logic/src/algorithms/lerp_sat_u32.rs:33:19:
attempt to multiply with overflow

thread 'algorithms::lerp_sat_u32::tests::test_lerp_sat_u32_equivalence' (13929065) panicked at crates/bcinr-logic/src/algorithms/lerp_sat_u32.rs:33:19:
attempt to multiply with overflow

thread 'algorithms::lerp_sat_u32::tests::test_lerp_sat_u32_equivalence' (13929065) panicked at crates/bcinr-logic/src/algorithms/lerp_sat_u32.rs:33:19:
attempt to multiply with overflow

thread 'algorithms::lerp_sat_u32::tests::test_lerp_sat_u32_equivalence' (13929065) panicked at crates/bcinr-logic/src/algorithms/lerp_sat_u32.rs:33:19:
attempt to multiply with overflow

thread 'algorithms::lerp_sat_u32::tests::test_lerp_sat_u32_equivalence' (13929065) panicked at crates/bcinr-logic/src/algorithms/lerp_sat_u32.rs:33:19:
attempt to multiply with overflow

thread 'algorithms::lerp_sat_u32::tests::test_lerp_sat_u32_equivalence' (13929065) panicked at crates/bcinr-logic/src/algorithms/lerp_sat_u32.rs:33:19:
attempt to multiply with overflow

thread 'algorithms::lerp_sat_u32::tests::test_lerp_sat_u32_equivalence' (13929065) panicked at crates/bcinr-logic/src/algorithms/lerp_sat_u32.rs:33:19:
attempt to multiply with overflow

thread 'algorithms::lerp_sat_u32::tests::test_lerp_sat_u32_equivalence' (13929065) panicked at crates/bcinr-logic/src/algorithms/lerp_sat_u32.rs:33:19:
attempt to multiply with overflow

thread 'algorithms::lerp_sat_u32::tests::test_lerp_sat_u32_equivalence' (13929065) panicked at crates/bcinr-logic/src/algorithms/lerp_sat_u32.rs:33:19:
attempt to multiply with overflow

thread 'algorithms::lerp_sat_u32::tests::test_lerp_sat_u32_equivalence' (13929065) panicked at crates/bcinr-logic/src/algorithms/lerp_sat_u32.rs:33:19:
attempt to multiply with overflow

thread 'algorithms::lerp_sat_u32::tests::test_lerp_sat_u32_equivalence' (13929065) panicked at crates/bcinr-logic/src/algorithms/lerp_sat_u32.rs:33:19:
attempt to multiply with overflow

thread 'algorithms::lerp_sat_u32::tests::test_lerp_sat_u32_equivalence' (13929065) panicked at crates/bcinr-logic/src/algorithms/lerp_sat_u32.rs:33:19:
attempt to multiply with overflow

thread 'algorithms::lerp_sat_u32::tests::test_lerp_sat_u32_equivalence' (13929065) panicked at crates/bcinr-logic/src/algorithms/lerp_sat_u32.rs:33:19:
attempt to multiply with overflow

thread 'algorithms::lerp_sat_u32::tests::test_lerp_sat_u32_equivalence' (13929065) panicked at crates/bcinr-logic/src/algorithms/lerp_sat_u32.rs:66:5:
Test failed: attempt to multiply with overflow.
minimal failing input: val = 14530670537635528704, aux = 376406796199205694
	successes: 0
	local rejects: 0
	global rejects: 0


---- algorithms::misra_gries_add::tests::test_misra_gries_add_boundaries stdout ----

thread 'algorithms::misra_gries_add::tests::test_misra_gries_add_boundaries' (13929219) panicked at crates/bcinr-logic/src/algorithms/misra_gries_add.rs:52:38:
attempt to add with overflow

---- algorithms::point_in_polygon_branchless::tests::test_point_in_polygon_branchless_boundaries stdout ----

thread 'algorithms::point_in_polygon_branchless::tests::test_point_in_polygon_branchless_boundaries' (13929384) panicked at crates/bcinr-logic/src/algorithms/point_in_polygon_branchless.rs:125:9:
assertion `left == right` failed
  left: 18446744073709551615
 right: 1

---- algorithms::point_in_polygon_branchless::tests::test_point_in_polygon_branchless_equivalence stdout ----

thread 'algorithms::point_in_polygon_branchless::tests::test_point_in_polygon_branchless_equivalence' (13929388) panicked at crates/bcinr-logic/src/algorithms/point_in_polygon_branchless.rs:84:5:
Test failed: assertion failed: `(left == right)` 
  left: `1`, 
 right: `18446744073709551615`: Adversarial failure: branchless mismatch at crates/bcinr-logic/src/algorithms/point_in_polygon_branchless.rs:89.
minimal failing input: val = 0, aux = 0
	successes: 0
	local rejects: 0
	global rejects: 0


---- algorithms::succinct_bit_vector_select::tests::test_succinct_bit_vector_select_boundaries stdout ----

thread 'algorithms::succinct_bit_vector_select::tests::test_succinct_bit_vector_select_boundaries' (13931405) panicked at crates/bcinr-logic/src/algorithms/succinct_bit_vector_select.rs:22:104:
attempt to add with overflow

---- algorithms::t_digest_add_u32::tests::test_t_digest_add_u32_boundaries stdout ----

thread 'algorithms::t_digest_add_u32::tests::test_t_digest_add_u32_boundaries' (13931425) panicked at crates/bcinr-logic/src/algorithms/t_digest_add_u32.rs:34:9:
attempt to add with overflow

---- algorithms::t_digest_add_u32::tests::test_t_digest_add_u32_counterfactual_mutant_1 stdout ----

thread 'algorithms::t_digest_add_u32::tests::test_t_digest_add_u32_counterfactual_mutant_1' (13931426) panicked at crates/bcinr-logic/src/algorithms/t_digest_add_u32.rs:34:9:
attempt to add with overflow

thread 'algorithms::t_digest_add_u32::tests::test_t_digest_add_u32_counterfactual_mutant_1' (13931426) panicked at crates/bcinr-logic/src/algorithms/t_digest_add_u32.rs:34:9:
attempt to add with overflow

thread 'algorithms::t_digest_add_u32::tests::test_t_digest_add_u32_counterfactual_mutant_1' (13931426) panicked at crates/bcinr-logic/src/algorithms/t_digest_add_u32.rs:34:9:
attempt to add with overflow

thread 'algorithms::t_digest_add_u32::tests::test_t_digest_add_u32_counterfactual_mutant_1' (13931426) panicked at crates/bcinr-logic/src/algorithms/t_digest_add_u32.rs:34:9:
attempt to add with overflow

thread 'algorithms::t_digest_add_u32::tests::test_t_digest_add_u32_counterfactual_mutant_1' (13931426) panicked at crates/bcinr-logic/src/algorithms/t_digest_add_u32.rs:34:9:
attempt to add with overflow

thread 'algorithms::t_digest_add_u32::tests::test_t_digest_add_u32_counterfactual_mutant_1' (13931426) panicked at crates/bcinr-logic/src/algorithms/t_digest_add_u32.rs:34:9:
attempt to add with overflow

thread 'algorithms::t_digest_add_u32::tests::test_t_digest_add_u32_counterfactual_mutant_1' (13931426) panicked at crates/bcinr-logic/src/algorithms/t_digest_add_u32.rs:34:9:
attempt to add with overflow

thread 'algorithms::t_digest_add_u32::tests::test_t_digest_add_u32_counterfactual_mutant_1' (13931426) panicked at crates/bcinr-logic/src/algorithms/t_digest_add_u32.rs:34:9:
attempt to add with overflow

thread 'algorithms::t_digest_add_u32::tests::test_t_digest_add_u32_counterfactual_mutant_1' (13931426) panicked at crates/bcinr-logic/src/algorithms/t_digest_add_u32.rs:34:9:
attempt to add with overflow

thread 'algorithms::t_digest_add_u32::tests::test_t_digest_add_u32_counterfactual_mutant_1' (13931426) panicked at crates/bcinr-logic/src/algorithms/t_digest_add_u32.rs:34:9:
attempt to add with overflow

thread 'algorithms::t_digest_add_u32::tests::test_t_digest_add_u32_counterfactual_mutant_1' (13931426) panicked at crates/bcinr-logic/src/algorithms/t_digest_add_u32.rs:34:9:
attempt to add with overflow

thread 'algorithms::t_digest_add_u32::tests::test_t_digest_add_u32_counterfactual_mutant_1' (13931426) panicked at crates/bcinr-logic/src/algorithms/t_digest_add_u32.rs:34:9:
attempt to add with overflow

thread 'algorithms::t_digest_add_u32::tests::test_t_digest_add_u32_counterfactual_mutant_1' (13931426) panicked at crates/bcinr-logic/src/algorithms/t_digest_add_u32.rs:34:9:
attempt to add with overflow

thread 'algorithms::t_digest_add_u32::tests::test_t_digest_add_u32_counterfactual_mutant_1' (13931426) panicked at crates/bcinr-logic/src/algorithms/t_digest_add_u32.rs:34:9:
attempt to add with overflow

thread 'algorithms::t_digest_add_u32::tests::test_t_digest_add_u32_counterfactual_mutant_1' (13931426) panicked at crates/bcinr-logic/src/algorithms/t_digest_add_u32.rs:34:9:
attempt to add with overflow

thread 'algorithms::t_digest_add_u32::tests::test_t_digest_add_u32_counterfactual_mutant_1' (13931426) panicked at crates/bcinr-logic/src/algorithms/t_digest_add_u32.rs:34:9:
attempt to add with overflow

thread 'algorithms::t_digest_add_u32::tests::test_t_digest_add_u32_counterfactual_mutant_1' (13931426) panicked at crates/bcinr-logic/src/algorithms/t_digest_add_u32.rs:34:9:
attempt to add with overflow

thread 'algorithms::t_digest_add_u32::tests::test_t_digest_add_u32_counterfactual_mutant_1' (13931426) panicked at crates/bcinr-logic/src/algorithms/t_digest_add_u32.rs:34:9:
attempt to add with overflow

thread 'algorithms::t_digest_add_u32::tests::test_t_digest_add_u32_counterfactual_mutant_1' (13931426) panicked at crates/bcinr-logic/src/algorithms/t_digest_add_u32.rs:34:9:
attempt to add with overflow

thread 'algorithms::t_digest_add_u32::tests::test_t_digest_add_u32_counterfactual_mutant_1' (13931426) panicked at crates/bcinr-logic/src/algorithms/t_digest_add_u32.rs:34:9:
attempt to add with overflow

thread 'algorithms::t_digest_add_u32::tests::test_t_digest_add_u32_counterfactual_mutant_1' (13931426) panicked at crates/bcinr-logic/src/algorithms/t_digest_add_u32.rs:34:9:
attempt to add with overflow

thread 'algorithms::t_digest_add_u32::tests::test_t_digest_add_u32_counterfactual_mutant_1' (13931426) panicked at crates/bcinr-logic/src/algorithms/t_digest_add_u32.rs:34:9:
attempt to add with overflow

thread 'algorithms::t_digest_add_u32::tests::test_t_digest_add_u32_counterfactual_mutant_1' (13931426) panicked at crates/bcinr-logic/src/algorithms/t_digest_add_u32.rs:34:9:
attempt to add with overflow

thread 'algorithms::t_digest_add_u32::tests::test_t_digest_add_u32_counterfactual_mutant_1' (13931426) panicked at crates/bcinr-logic/src/algorithms/t_digest_add_u32.rs:34:9:
attempt to add with overflow

thread 'algorithms::t_digest_add_u32::tests::test_t_digest_add_u32_counterfactual_mutant_1' (13931426) panicked at crates/bcinr-logic/src/algorithms/t_digest_add_u32.rs:34:9:
attempt to add with overflow

thread 'algorithms::t_digest_add_u32::tests::test_t_digest_add_u32_counterfactual_mutant_1' (13931426) panicked at crates/bcinr-logic/src/algorithms/t_digest_add_u32.rs:34:9:
attempt to add with overflow

thread 'algorithms::t_digest_add_u32::tests::test_t_digest_add_u32_counterfactual_mutant_1' (13931426) panicked at crates/bcinr-logic/src/algorithms/t_digest_add_u32.rs:34:9:
attempt to add with overflow

thread 'algorithms::t_digest_add_u32::tests::test_t_digest_add_u32_counterfactual_mutant_1' (13931426) panicked at crates/bcinr-logic/src/algorithms/t_digest_add_u32.rs:34:9:
attempt to add with overflow

thread 'algorithms::t_digest_add_u32::tests::test_t_digest_add_u32_counterfactual_mutant_1' (13931426) panicked at crates/bcinr-logic/src/algorithms/t_digest_add_u32.rs:34:9:
attempt to add with overflow

thread 'algorithms::t_digest_add_u32::tests::test_t_digest_add_u32_counterfactual_mutant_1' (13931426) panicked at crates/bcinr-logic/src/algorithms/t_digest_add_u32.rs:34:9:
attempt to add with overflow

thread 'algorithms::t_digest_add_u32::tests::test_t_digest_add_u32_counterfactual_mutant_1' (13931426) panicked at crates/bcinr-logic/src/algorithms/t_digest_add_u32.rs:34:9:
attempt to add with overflow

thread 'algorithms::t_digest_add_u32::tests::test_t_digest_add_u32_counterfactual_mutant_1' (13931426) panicked at crates/bcinr-logic/src/algorithms/t_digest_add_u32.rs:34:9:
attempt to add with overflow

thread 'algorithms::t_digest_add_u32::tests::test_t_digest_add_u32_counterfactual_mutant_1' (13931426) panicked at crates/bcinr-logic/src/algorithms/t_digest_add_u32.rs:34:9:
attempt to add with overflow

thread 'algorithms::t_digest_add_u32::tests::test_t_digest_add_u32_counterfactual_mutant_1' (13931426) panicked at crates/bcinr-logic/src/algorithms/t_digest_add_u32.rs:34:9:
attempt to add with overflow

thread 'algorithms::t_digest_add_u32::tests::test_t_digest_add_u32_counterfactual_mutant_1' (13931426) panicked at crates/bcinr-logic/src/algorithms/t_digest_add_u32.rs:34:9:
attempt to add with overflow

thread 'algorithms::t_digest_add_u32::tests::test_t_digest_add_u32_counterfactual_mutant_1' (13931426) panicked at crates/bcinr-logic/src/algorithms/t_digest_add_u32.rs:47:5:
Test failed: attempt to add with overflow.
minimal failing input: val = 12402659463118460564, aux = 6044084610591091052
	successes: 0
	local rejects: 0
	global rejects: 0


---- algorithms::t_digest_add_u32::tests::test_t_digest_add_u32_counterfactual_mutant_2 stdout ----

thread 'algorithms::t_digest_add_u32::tests::test_t_digest_add_u32_counterfactual_mutant_2' (13931427) panicked at crates/bcinr-logic/src/algorithms/t_digest_add_u32.rs:34:9:
attempt to add with overflow

thread 'algorithms::t_digest_add_u32::tests::test_t_digest_add_u32_counterfactual_mutant_2' (13931427) panicked at crates/bcinr-logic/src/algorithms/t_digest_add_u32.rs:34:9:
attempt to add with overflow

thread 'algorithms::t_digest_add_u32::tests::test_t_digest_add_u32_counterfactual_mutant_2' (13931427) panicked at crates/bcinr-logic/src/algorithms/t_digest_add_u32.rs:34:9:
attempt to add with overflow

thread 'algorithms::t_digest_add_u32::tests::test_t_digest_add_u32_counterfactual_mutant_2' (13931427) panicked at crates/bcinr-logic/src/algorithms/t_digest_add_u32.rs:34:9:
attempt to add with overflow

thread 'algorithms::t_digest_add_u32::tests::test_t_digest_add_u32_counterfactual_mutant_2' (13931427) panicked at crates/bcinr-logic/src/algorithms/t_digest_add_u32.rs:34:9:
attempt to add with overflow

thread 'algorithms::t_digest_add_u32::tests::test_t_digest_add_u32_counterfactual_mutant_2' (13931427) panicked at crates/bcinr-logic/src/algorithms/t_digest_add_u32.rs:34:9:
attempt to add with overflow

thread 'algorithms::t_digest_add_u32::tests::test_t_digest_add_u32_counterfactual_mutant_2' (13931427) panicked at crates/bcinr-logic/src/algorithms/t_digest_add_u32.rs:34:9:
attempt to add with overflow

thread 'algorithms::t_digest_add_u32::tests::test_t_digest_add_u32_counterfactual_mutant_2' (13931427) panicked at crates/bcinr-logic/src/algorithms/t_digest_add_u32.rs:34:9:
attempt to add with overflow

thread 'algorithms::t_digest_add_u32::tests::test_t_digest_add_u32_counterfactual_mutant_2' (13931427) panicked at crates/bcinr-logic/src/algorithms/t_digest_add_u32.rs:34:9:
attempt to add with overflow

thread 'algorithms::t_digest_add_u32::tests::test_t_digest_add_u32_counterfactual_mutant_2' (13931427) panicked at crates/bcinr-logic/src/algorithms/t_digest_add_u32.rs:34:9:
attempt to add with overflow

thread 'algorithms::t_digest_add_u32::tests::test_t_digest_add_u32_counterfactual_mutant_2' (13931427) panicked at crates/bcinr-logic/src/algorithms/t_digest_add_u32.rs:34:9:
attempt to add with overflow

thread 'algorithms::t_digest_add_u32::tests::test_t_digest_add_u32_counterfactual_mutant_2' (13931427) panicked at crates/bcinr-logic/src/algorithms/t_digest_add_u32.rs:34:9:
attempt to add with overflow

thread 'algorithms::t_digest_add_u32::tests::test_t_digest_add_u32_counterfactual_mutant_2' (13931427) panicked at crates/bcinr-logic/src/algorithms/t_digest_add_u32.rs:34:9:
attempt to add with overflow

thread 'algorithms::t_digest_add_u32::tests::test_t_digest_add_u32_counterfactual_mutant_2' (13931427) panicked at crates/bcinr-logic/src/algorithms/t_digest_add_u32.rs:34:9:
attempt to add with overflow

thread 'algorithms::t_digest_add_u32::tests::test_t_digest_add_u32_counterfactual_mutant_2' (13931427) panicked at crates/bcinr-logic/src/algorithms/t_digest_add_u32.rs:34:9:
attempt to add with overflow

thread 'algorithms::t_digest_add_u32::tests::test_t_digest_add_u32_counterfactual_mutant_2' (13931427) panicked at crates/bcinr-logic/src/algorithms/t_digest_add_u32.rs:34:9:
attempt to add with overflow

thread 'algorithms::t_digest_add_u32::tests::test_t_digest_add_u32_counterfactual_mutant_2' (13931427) panicked at crates/bcinr-logic/src/algorithms/t_digest_add_u32.rs:34:9:
attempt to add with overflow

thread 'algorithms::t_digest_add_u32::tests::test_t_digest_add_u32_counterfactual_mutant_2' (13931427) panicked at crates/bcinr-logic/src/algorithms/t_digest_add_u32.rs:34:9:
attempt to add with overflow

thread 'algorithms::t_digest_add_u32::tests::test_t_digest_add_u32_counterfactual_mutant_2' (13931427) panicked at crates/bcinr-logic/src/algorithms/t_digest_add_u32.rs:34:9:
attempt to add with overflow

thread 'algorithms::t_digest_add_u32::tests::test_t_digest_add_u32_counterfactual_mutant_2' (13931427) panicked at crates/bcinr-logic/src/algorithms/t_digest_add_u32.rs:34:9:
attempt to add with overflow

thread 'algorithms::t_digest_add_u32::tests::test_t_digest_add_u32_counterfactual_mutant_2' (13931427) panicked at crates/bcinr-logic/src/algorithms/t_digest_add_u32.rs:34:9:
attempt to add with overflow

thread 'algorithms::t_digest_add_u32::tests::test_t_digest_add_u32_counterfactual_mutant_2' (13931427) panicked at crates/bcinr-logic/src/algorithms/t_digest_add_u32.rs:34:9:
attempt to add with overflow

thread 'algorithms::t_digest_add_u32::tests::test_t_digest_add_u32_counterfactual_mutant_2' (13931427) panicked at crates/bcinr-logic/src/algorithms/t_digest_add_u32.rs:34:9:
attempt to add with overflow

thread 'algorithms::t_digest_add_u32::tests::test_t_digest_add_u32_counterfactual_mutant_2' (13931427) panicked at crates/bcinr-logic/src/algorithms/t_digest_add_u32.rs:34:9:
attempt to add with overflow

thread 'algorithms::t_digest_add_u32::tests::test_t_digest_add_u32_counterfactual_mutant_2' (13931427) panicked at crates/bcinr-logic/src/algorithms/t_digest_add_u32.rs:34:9:
attempt to add with overflow

thread 'algorithms::t_digest_add_u32::tests::test_t_digest_add_u32_counterfactual_mutant_2' (13931427) panicked at crates/bcinr-logic/src/algorithms/t_digest_add_u32.rs:34:9:
attempt to add with overflow

thread 'algorithms::t_digest_add_u32::tests::test_t_digest_add_u32_counterfactual_mutant_2' (13931427) panicked at crates/bcinr-logic/src/algorithms/t_digest_add_u32.rs:34:9:
attempt to add with overflow

thread 'algorithms::t_digest_add_u32::tests::test_t_digest_add_u32_counterfactual_mutant_2' (13931427) panicked at crates/bcinr-logic/src/algorithms/t_digest_add_u32.rs:34:9:
attempt to add with overflow

thread 'algorithms::t_digest_add_u32::tests::test_t_digest_add_u32_counterfactual_mutant_2' (13931427) panicked at crates/bcinr-logic/src/algorithms/t_digest_add_u32.rs:34:9:
attempt to add with overflow

thread 'algorithms::t_digest_add_u32::tests::test_t_digest_add_u32_counterfactual_mutant_2' (13931427) panicked at crates/bcinr-logic/src/algorithms/t_digest_add_u32.rs:34:9:
attempt to add with overflow

thread 'algorithms::t_digest_add_u32::tests::test_t_digest_add_u32_counterfactual_mutant_2' (13931427) panicked at crates/bcinr-logic/src/algorithms/t_digest_add_u32.rs:34:9:
attempt to add with overflow

thread 'algorithms::t_digest_add_u32::tests::test_t_digest_add_u32_counterfactual_mutant_2' (13931427) panicked at crates/bcinr-logic/src/algorithms/t_digest_add_u32.rs:34:9:
attempt to add with overflow

thread 'algorithms::t_digest_add_u32::tests::test_t_digest_add_u32_counterfactual_mutant_2' (13931427) panicked at crates/bcinr-logic/src/algorithms/t_digest_add_u32.rs:34:9:
attempt to add with overflow

thread 'algorithms::t_digest_add_u32::tests::test_t_digest_add_u32_counterfactual_mutant_2' (13931427) panicked at crates/bcinr-logic/src/algorithms/t_digest_add_u32.rs:34:9:
attempt to add with overflow

thread 'algorithms::t_digest_add_u32::tests::test_t_digest_add_u32_counterfactual_mutant_2' (13931427) panicked at crates/bcinr-logic/src/algorithms/t_digest_add_u32.rs:34:9:
attempt to add with overflow

thread 'algorithms::t_digest_add_u32::tests::test_t_digest_add_u32_counterfactual_mutant_2' (13931427) panicked at crates/bcinr-logic/src/algorithms/t_digest_add_u32.rs:47:5:
Test failed: attempt to add with overflow.
minimal failing input: val = 12402659463118460564, aux = 6044084610591091052
	successes: 0
	local rejects: 0
	global rejects: 0


---- algorithms::t_digest_add_u32::tests::test_t_digest_add_u32_counterfactual_mutant_3 stdout ----

thread 'algorithms::t_digest_add_u32::tests::test_t_digest_add_u32_counterfactual_mutant_3' (13931428) panicked at crates/bcinr-logic/src/algorithms/t_digest_add_u32.rs:34:9:
attempt to add with overflow

thread 'algorithms::t_digest_add_u32::tests::test_t_digest_add_u32_counterfactual_mutant_3' (13931428) panicked at crates/bcinr-logic/src/algorithms/t_digest_add_u32.rs:34:9:
attempt to add with overflow

thread 'algorithms::t_digest_add_u32::tests::test_t_digest_add_u32_counterfactual_mutant_3' (13931428) panicked at crates/bcinr-logic/src/algorithms/t_digest_add_u32.rs:34:9:
attempt to add with overflow

thread 'algorithms::t_digest_add_u32::tests::test_t_digest_add_u32_counterfactual_mutant_3' (13931428) panicked at crates/bcinr-logic/src/algorithms/t_digest_add_u32.rs:34:9:
attempt to add with overflow

thread 'algorithms::t_digest_add_u32::tests::test_t_digest_add_u32_counterfactual_mutant_3' (13931428) panicked at crates/bcinr-logic/src/algorithms/t_digest_add_u32.rs:34:9:
attempt to add with overflow

thread 'algorithms::t_digest_add_u32::tests::test_t_digest_add_u32_counterfactual_mutant_3' (13931428) panicked at crates/bcinr-logic/src/algorithms/t_digest_add_u32.rs:34:9:
attempt to add with overflow

thread 'algorithms::t_digest_add_u32::tests::test_t_digest_add_u32_counterfactual_mutant_3' (13931428) panicked at crates/bcinr-logic/src/algorithms/t_digest_add_u32.rs:34:9:
attempt to add with overflow

thread 'algorithms::t_digest_add_u32::tests::test_t_digest_add_u32_counterfactual_mutant_3' (13931428) panicked at crates/bcinr-logic/src/algorithms/t_digest_add_u32.rs:34:9:
attempt to add with overflow

thread 'algorithms::t_digest_add_u32::tests::test_t_digest_add_u32_counterfactual_mutant_3' (13931428) panicked at crates/bcinr-logic/src/algorithms/t_digest_add_u32.rs:34:9:
attempt to add with overflow

thread 'algorithms::t_digest_add_u32::tests::test_t_digest_add_u32_counterfactual_mutant_3' (13931428) panicked at crates/bcinr-logic/src/algorithms/t_digest_add_u32.rs:34:9:
attempt to add with overflow

thread 'algorithms::t_digest_add_u32::tests::test_t_digest_add_u32_counterfactual_mutant_3' (13931428) panicked at crates/bcinr-logic/src/algorithms/t_digest_add_u32.rs:34:9:
attempt to add with overflow

thread 'algorithms::t_digest_add_u32::tests::test_t_digest_add_u32_counterfactual_mutant_3' (13931428) panicked at crates/bcinr-logic/src/algorithms/t_digest_add_u32.rs:34:9:
attempt to add with overflow

thread 'algorithms::t_digest_add_u32::tests::test_t_digest_add_u32_counterfactual_mutant_3' (13931428) panicked at crates/bcinr-logic/src/algorithms/t_digest_add_u32.rs:34:9:
attempt to add with overflow

thread 'algorithms::t_digest_add_u32::tests::test_t_digest_add_u32_counterfactual_mutant_3' (13931428) panicked at crates/bcinr-logic/src/algorithms/t_digest_add_u32.rs:34:9:
attempt to add with overflow

thread 'algorithms::t_digest_add_u32::tests::test_t_digest_add_u32_counterfactual_mutant_3' (13931428) panicked at crates/bcinr-logic/src/algorithms/t_digest_add_u32.rs:34:9:
attempt to add with overflow

thread 'algorithms::t_digest_add_u32::tests::test_t_digest_add_u32_counterfactual_mutant_3' (13931428) panicked at crates/bcinr-logic/src/algorithms/t_digest_add_u32.rs:34:9:
attempt to add with overflow

thread 'algorithms::t_digest_add_u32::tests::test_t_digest_add_u32_counterfactual_mutant_3' (13931428) panicked at crates/bcinr-logic/src/algorithms/t_digest_add_u32.rs:34:9:
attempt to add with overflow

thread 'algorithms::t_digest_add_u32::tests::test_t_digest_add_u32_counterfactual_mutant_3' (13931428) panicked at crates/bcinr-logic/src/algorithms/t_digest_add_u32.rs:34:9:
attempt to add with overflow

thread 'algorithms::t_digest_add_u32::tests::test_t_digest_add_u32_counterfactual_mutant_3' (13931428) panicked at crates/bcinr-logic/src/algorithms/t_digest_add_u32.rs:34:9:
attempt to add with overflow

thread 'algorithms::t_digest_add_u32::tests::test_t_digest_add_u32_counterfactual_mutant_3' (13931428) panicked at crates/bcinr-logic/src/algorithms/t_digest_add_u32.rs:34:9:
attempt to add with overflow

thread 'algorithms::t_digest_add_u32::tests::test_t_digest_add_u32_counterfactual_mutant_3' (13931428) panicked at crates/bcinr-logic/src/algorithms/t_digest_add_u32.rs:34:9:
attempt to add with overflow

thread 'algorithms::t_digest_add_u32::tests::test_t_digest_add_u32_counterfactual_mutant_3' (13931428) panicked at crates/bcinr-logic/src/algorithms/t_digest_add_u32.rs:34:9:
attempt to add with overflow

thread 'algorithms::t_digest_add_u32::tests::test_t_digest_add_u32_counterfactual_mutant_3' (13931428) panicked at crates/bcinr-logic/src/algorithms/t_digest_add_u32.rs:34:9:
attempt to add with overflow

thread 'algorithms::t_digest_add_u32::tests::test_t_digest_add_u32_counterfactual_mutant_3' (13931428) panicked at crates/bcinr-logic/src/algorithms/t_digest_add_u32.rs:34:9:
attempt to add with overflow

thread 'algorithms::t_digest_add_u32::tests::test_t_digest_add_u32_counterfactual_mutant_3' (13931428) panicked at crates/bcinr-logic/src/algorithms/t_digest_add_u32.rs:34:9:
attempt to add with overflow

thread 'algorithms::t_digest_add_u32::tests::test_t_digest_add_u32_counterfactual_mutant_3' (13931428) panicked at crates/bcinr-logic/src/algorithms/t_digest_add_u32.rs:34:9:
attempt to add with overflow

thread 'algorithms::t_digest_add_u32::tests::test_t_digest_add_u32_counterfactual_mutant_3' (13931428) panicked at crates/bcinr-logic/src/algorithms/t_digest_add_u32.rs:34:9:
attempt to add with overflow

thread 'algorithms::t_digest_add_u32::tests::test_t_digest_add_u32_counterfactual_mutant_3' (13931428) panicked at crates/bcinr-logic/src/algorithms/t_digest_add_u32.rs:34:9:
attempt to add with overflow

thread 'algorithms::t_digest_add_u32::tests::test_t_digest_add_u32_counterfactual_mutant_3' (13931428) panicked at crates/bcinr-logic/src/algorithms/t_digest_add_u32.rs:34:9:
attempt to add with overflow

thread 'algorithms::t_digest_add_u32::tests::test_t_digest_add_u32_counterfactual_mutant_3' (13931428) panicked at crates/bcinr-logic/src/algorithms/t_digest_add_u32.rs:34:9:
attempt to add with overflow

thread 'algorithms::t_digest_add_u32::tests::test_t_digest_add_u32_counterfactual_mutant_3' (13931428) panicked at crates/bcinr-logic/src/algorithms/t_digest_add_u32.rs:34:9:
attempt to add with overflow

thread 'algorithms::t_digest_add_u32::tests::test_t_digest_add_u32_counterfactual_mutant_3' (13931428) panicked at crates/bcinr-logic/src/algorithms/t_digest_add_u32.rs:34:9:
attempt to add with overflow

thread 'algorithms::t_digest_add_u32::tests::test_t_digest_add_u32_counterfactual_mutant_3' (13931428) panicked at crates/bcinr-logic/src/algorithms/t_digest_add_u32.rs:34:9:
attempt to add with overflow

thread 'algorithms::t_digest_add_u32::tests::test_t_digest_add_u32_counterfactual_mutant_3' (13931428) panicked at crates/bcinr-logic/src/algorithms/t_digest_add_u32.rs:34:9:
attempt to add with overflow

thread 'algorithms::t_digest_add_u32::tests::test_t_digest_add_u32_counterfactual_mutant_3' (13931428) panicked at crates/bcinr-logic/src/algorithms/t_digest_add_u32.rs:34:9:
attempt to add with overflow

thread 'algorithms::t_digest_add_u32::tests::test_t_digest_add_u32_counterfactual_mutant_3' (13931428) panicked at crates/bcinr-logic/src/algorithms/t_digest_add_u32.rs:47:5:
Test failed: attempt to add with overflow.
minimal failing input: val = 12402659463118460564, aux = 6044084610591091052
	successes: 0
	local rejects: 0
	global rejects: 0


---- algorithms::t_digest_add_u32::tests::test_t_digest_add_u32_equivalence stdout ----

thread 'algorithms::t_digest_add_u32::tests::test_t_digest_add_u32_equivalence' (13931429) panicked at crates/bcinr-logic/src/algorithms/t_digest_add_u32.rs:34:9:
attempt to add with overflow

thread 'algorithms::t_digest_add_u32::tests::test_t_digest_add_u32_equivalence' (13931429) panicked at crates/bcinr-logic/src/algorithms/t_digest_add_u32.rs:34:9:
attempt to add with overflow

thread 'algorithms::t_digest_add_u32::tests::test_t_digest_add_u32_equivalence' (13931429) panicked at crates/bcinr-logic/src/algorithms/t_digest_add_u32.rs:34:9:
attempt to add with overflow

thread 'algorithms::t_digest_add_u32::tests::test_t_digest_add_u32_equivalence' (13931429) panicked at crates/bcinr-logic/src/algorithms/t_digest_add_u32.rs:34:9:
attempt to add with overflow

thread 'algorithms::t_digest_add_u32::tests::test_t_digest_add_u32_equivalence' (13931429) panicked at crates/bcinr-logic/src/algorithms/t_digest_add_u32.rs:34:9:
attempt to add with overflow

thread 'algorithms::t_digest_add_u32::tests::test_t_digest_add_u32_equivalence' (13931429) panicked at crates/bcinr-logic/src/algorithms/t_digest_add_u32.rs:34:9:
attempt to add with overflow

thread 'algorithms::t_digest_add_u32::tests::test_t_digest_add_u32_equivalence' (13931429) panicked at crates/bcinr-logic/src/algorithms/t_digest_add_u32.rs:34:9:
attempt to add with overflow

thread 'algorithms::t_digest_add_u32::tests::test_t_digest_add_u32_equivalence' (13931429) panicked at crates/bcinr-logic/src/algorithms/t_digest_add_u32.rs:34:9:
attempt to add with overflow

thread 'algorithms::t_digest_add_u32::tests::test_t_digest_add_u32_equivalence' (13931429) panicked at crates/bcinr-logic/src/algorithms/t_digest_add_u32.rs:34:9:
attempt to add with overflow

thread 'algorithms::t_digest_add_u32::tests::test_t_digest_add_u32_equivalence' (13931429) panicked at crates/bcinr-logic/src/algorithms/t_digest_add_u32.rs:34:9:
attempt to add with overflow

thread 'algorithms::t_digest_add_u32::tests::test_t_digest_add_u32_equivalence' (13931429) panicked at crates/bcinr-logic/src/algorithms/t_digest_add_u32.rs:34:9:
attempt to add with overflow

thread 'algorithms::t_digest_add_u32::tests::test_t_digest_add_u32_equivalence' (13931429) panicked at crates/bcinr-logic/src/algorithms/t_digest_add_u32.rs:34:9:
attempt to add with overflow

thread 'algorithms::t_digest_add_u32::tests::test_t_digest_add_u32_equivalence' (13931429) panicked at crates/bcinr-logic/src/algorithms/t_digest_add_u32.rs:34:9:
attempt to add with overflow

thread 'algorithms::t_digest_add_u32::tests::test_t_digest_add_u32_equivalence' (13931429) panicked at crates/bcinr-logic/src/algorithms/t_digest_add_u32.rs:34:9:
attempt to add with overflow

thread 'algorithms::t_digest_add_u32::tests::test_t_digest_add_u32_equivalence' (13931429) panicked at crates/bcinr-logic/src/algorithms/t_digest_add_u32.rs:34:9:
attempt to add with overflow

thread 'algorithms::t_digest_add_u32::tests::test_t_digest_add_u32_equivalence' (13931429) panicked at crates/bcinr-logic/src/algorithms/t_digest_add_u32.rs:34:9:
attempt to add with overflow

thread 'algorithms::t_digest_add_u32::tests::test_t_digest_add_u32_equivalence' (13931429) panicked at crates/bcinr-logic/src/algorithms/t_digest_add_u32.rs:34:9:
attempt to add with overflow

thread 'algorithms::t_digest_add_u32::tests::test_t_digest_add_u32_equivalence' (13931429) panicked at crates/bcinr-logic/src/algorithms/t_digest_add_u32.rs:34:9:
attempt to add with overflow

thread 'algorithms::t_digest_add_u32::tests::test_t_digest_add_u32_equivalence' (13931429) panicked at crates/bcinr-logic/src/algorithms/t_digest_add_u32.rs:34:9:
attempt to add with overflow

thread 'algorithms::t_digest_add_u32::tests::test_t_digest_add_u32_equivalence' (13931429) panicked at crates/bcinr-logic/src/algorithms/t_digest_add_u32.rs:34:9:
attempt to add with overflow

thread 'algorithms::t_digest_add_u32::tests::test_t_digest_add_u32_equivalence' (13931429) panicked at crates/bcinr-logic/src/algorithms/t_digest_add_u32.rs:34:9:
attempt to add with overflow

thread 'algorithms::t_digest_add_u32::tests::test_t_digest_add_u32_equivalence' (13931429) panicked at crates/bcinr-logic/src/algorithms/t_digest_add_u32.rs:34:9:
attempt to add with overflow

thread 'algorithms::t_digest_add_u32::tests::test_t_digest_add_u32_equivalence' (13931429) panicked at crates/bcinr-logic/src/algorithms/t_digest_add_u32.rs:34:9:
attempt to add with overflow

thread 'algorithms::t_digest_add_u32::tests::test_t_digest_add_u32_equivalence' (13931429) panicked at crates/bcinr-logic/src/algorithms/t_digest_add_u32.rs:34:9:
attempt to add with overflow

thread 'algorithms::t_digest_add_u32::tests::test_t_digest_add_u32_equivalence' (13931429) panicked at crates/bcinr-logic/src/algorithms/t_digest_add_u32.rs:34:9:
attempt to add with overflow

thread 'algorithms::t_digest_add_u32::tests::test_t_digest_add_u32_equivalence' (13931429) panicked at crates/bcinr-logic/src/algorithms/t_digest_add_u32.rs:34:9:
attempt to add with overflow

thread 'algorithms::t_digest_add_u32::tests::test_t_digest_add_u32_equivalence' (13931429) panicked at crates/bcinr-logic/src/algorithms/t_digest_add_u32.rs:34:9:
attempt to add with overflow

thread 'algorithms::t_digest_add_u32::tests::test_t_digest_add_u32_equivalence' (13931429) panicked at crates/bcinr-logic/src/algorithms/t_digest_add_u32.rs:34:9:
attempt to add with overflow

thread 'algorithms::t_digest_add_u32::tests::test_t_digest_add_u32_equivalence' (13931429) panicked at crates/bcinr-logic/src/algorithms/t_digest_add_u32.rs:34:9:
attempt to add with overflow

thread 'algorithms::t_digest_add_u32::tests::test_t_digest_add_u32_equivalence' (13931429) panicked at crates/bcinr-logic/src/algorithms/t_digest_add_u32.rs:34:9:
attempt to add with overflow

thread 'algorithms::t_digest_add_u32::tests::test_t_digest_add_u32_equivalence' (13931429) panicked at crates/bcinr-logic/src/algorithms/t_digest_add_u32.rs:34:9:
attempt to add with overflow

thread 'algorithms::t_digest_add_u32::tests::test_t_digest_add_u32_equivalence' (13931429) panicked at crates/bcinr-logic/src/algorithms/t_digest_add_u32.rs:34:9:
attempt to add with overflow

thread 'algorithms::t_digest_add_u32::tests::test_t_digest_add_u32_equivalence' (13931429) panicked at crates/bcinr-logic/src/algorithms/t_digest_add_u32.rs:34:9:
attempt to add with overflow

thread 'algorithms::t_digest_add_u32::tests::test_t_digest_add_u32_equivalence' (13931429) panicked at crates/bcinr-logic/src/algorithms/t_digest_add_u32.rs:34:9:
attempt to add with overflow

thread 'algorithms::t_digest_add_u32::tests::test_t_digest_add_u32_equivalence' (13931429) panicked at crates/bcinr-logic/src/algorithms/t_digest_add_u32.rs:34:9:
attempt to add with overflow

thread 'algorithms::t_digest_add_u32::tests::test_t_digest_add_u32_equivalence' (13931429) panicked at crates/bcinr-logic/src/algorithms/t_digest_add_u32.rs:47:5:
Test failed: attempt to add with overflow.
minimal failing input: val = 12402659463118460564, aux = 6044084610591091052
	successes: 0
	local rejects: 0
	global rejects: 0



failures:
    algorithms::abs_diff_i64::tests::test_abs_diff_i64_counterfactual_mutant_1
    algorithms::abs_diff_i64::tests::test_abs_diff_i64_counterfactual_mutant_2
    algorithms::abs_diff_i64::tests::test_abs_diff_i64_counterfactual_mutant_3
    algorithms::abs_diff_i64::tests::test_abs_diff_i64_equivalence
    algorithms::add_sat_i32::tests::test_add_sat_i32_equivalence
    algorithms::aho_corasick_simd_step::tests::test_aho_corasick_simd_step_boundaries
    algorithms::aho_corasick_simd_step::tests::test_aho_corasick_simd_step_equivalence
    algorithms::ascii_to_lowercase_simd::tests::test_ascii_to_lowercase_simd_equivalence
    algorithms::ascii_to_uppercase_simd::tests::test_ascii_to_uppercase_simd_equivalence
    algorithms::base32_encode_rfc4648::tests::test_base32_encode_rfc4648_boundaries
    algorithms::base32_encode_rfc4648::tests::test_base32_encode_rfc4648_equivalence
    algorithms::benes_network_u64::tests::test_benes_network_u64_boundaries
    algorithms::benes_network_u64::tests::test_benes_network_u64_equivalence
    algorithms::binom_sat_u32::tests::test_binom_sat_u32_boundaries
    algorithms::binom_sat_u32::tests::test_binom_sat_u32_equivalence
    algorithms::bit_permute_step_u64::tests::test_bit_permute_step_u64_boundaries
    algorithms::bit_permute_step_u64::tests::test_bit_permute_step_u64_counterfactual_mutant_1
    algorithms::bit_permute_step_u64::tests::test_bit_permute_step_u64_counterfactual_mutant_2
    algorithms::bit_permute_step_u64::tests::test_bit_permute_step_u64_counterfactual_mutant_3
    algorithms::bit_permute_step_u64::tests::test_bit_permute_step_u64_equivalence
    algorithms::bit_swap_u64::tests::test_bit_swap_u64_boundaries
    algorithms::bit_swap_u64::tests::test_bit_swap_u64_equivalence
    algorithms::bitpacking_decode_u32_k::tests::test_bitpacking_decode_u32_k_boundaries
    algorithms::bitpacking_decode_u32_k::tests::test_bitpacking_decode_u32_k_counterfactual_mutant_1
    algorithms::bitpacking_decode_u32_k::tests::test_bitpacking_decode_u32_k_counterfactual_mutant_2
    algorithms::bitpacking_decode_u32_k::tests::test_bitpacking_decode_u32_k_counterfactual_mutant_3
    algorithms::bitpacking_decode_u32_k::tests::test_bitpacking_decode_u32_k_equivalence
    algorithms::bool_slice_from_mask::tests::test_bool_slice_from_mask_equivalence
    algorithms::convex_hull_monotone_chain_step::tests::test_convex_hull_monotone_chain_step_boundaries
    algorithms::convex_hull_monotone_chain_step::tests::test_convex_hull_monotone_chain_step_equivalence
    algorithms::count_min_sketch_query::tests::test_count_min_sketch_query_boundaries
    algorithms::count_min_sketch_query::tests::test_count_min_sketch_query_equivalence
    algorithms::counting_sort_branchless_u8::tests::test_counting_sort_branchless_u8_boundaries
    algorithms::csv_scan_row_simd::tests::test_csv_scan_row_simd_boundaries
    algorithms::csv_scan_row_simd::tests::test_csv_scan_row_simd_equivalence
    algorithms::cubic_interpolate_u32::tests::test_cubic_interpolate_u32_boundaries
    algorithms::cubic_interpolate_u32::tests::test_cubic_interpolate_u32_equivalence
    algorithms::fixed_point_log2::tests::test_fixed_point_log2_boundaries
    algorithms::fixed_point_log2::tests::test_fixed_point_log2_equivalence
    algorithms::fp_atan2_u32_q16::tests::test_fp_atan2_u32_q16_boundaries
    algorithms::fp_atan2_u32_q16::tests::test_fp_atan2_u32_q16_equivalence
    algorithms::fp_cos_u32_q16::tests::test_fp_cos_u32_q16_boundaries
    algorithms::fp_cos_u32_q16::tests::test_fp_cos_u32_q16_equivalence
    algorithms::fp_div_u32_q16::tests::test_fp_div_u32_q16_boundaries
    algorithms::fp_div_u32_q16::tests::test_fp_div_u32_q16_equivalence
    algorithms::fp_mul_u32_q16::tests::test_fp_mul_u32_q16_equivalence
    algorithms::fp_sin_u32_q16::tests::test_fp_sin_u32_q16_boundaries
    algorithms::fp_sin_u32_q16::tests::test_fp_sin_u32_q16_equivalence
    algorithms::fp_sqrt_u32_q16::tests::test_fp_sqrt_u32_q16_boundaries
    algorithms::fp_sqrt_u32_q16::tests::test_fp_sqrt_u32_q16_equivalence
    algorithms::funnel_shift_right_u64::tests::test_funnel_shift_right_u64_boundaries
    algorithms::funnel_shift_right_u64::tests::test_funnel_shift_right_u64_equivalence
    algorithms::gaussian_noise_box_muller::tests::test_gaussian_noise_box_muller_boundaries
    algorithms::gaussian_noise_box_muller::tests::test_gaussian_noise_box_muller_equivalence
    algorithms::gcd_u64_branchless::tests::test_gcd_u64_branchless_equivalence
    algorithms::get_mask_boundary_high_u64::tests::test_get_mask_boundary_high_u64_boundaries
    algorithms::green_sorting_network_16::tests::test_green_sorting_network_16_equivalence
    algorithms::heavy_keepers_add::tests::test_heavy_keepers_add_boundaries
    algorithms::hex_decode_simd::tests::test_hex_decode_simd_boundaries
    algorithms::hex_decode_simd::tests::test_hex_decode_simd_equivalence
    algorithms::is_alphanumeric_simd_u8x16::tests::test_is_alphanumeric_simd_u8x16_equivalence
    algorithms::is_digit_simd_u8x16::tests::test_is_digit_simd_u8x16_equivalence
    algorithms::lerp_sat_u32::tests::test_lerp_sat_u32_equivalence
    algorithms::misra_gries_add::tests::test_misra_gries_add_boundaries
    algorithms::point_in_polygon_branchless::tests::test_point_in_polygon_branchless_boundaries
    algorithms::point_in_polygon_branchless::tests::test_point_in_polygon_branchless_equivalence
    algorithms::succinct_bit_vector_select::tests::test_succinct_bit_vector_select_boundaries
    algorithms::t_digest_add_u32::tests::test_t_digest_add_u32_boundaries
    algorithms::t_digest_add_u32::tests::test_t_digest_add_u32_counterfactual_mutant_1
    algorithms::t_digest_add_u32::tests::test_t_digest_add_u32_counterfactual_mutant_2
    algorithms::t_digest_add_u32::tests::test_t_digest_add_u32_counterfactual_mutant_3
    algorithms::t_digest_add_u32::tests::test_t_digest_add_u32_equivalence

test result: FAILED. 1636 passed; 72 failed; 0 ignored; 0 measured; 0 filtered out; finished in 82.86s

error: test failed, to rerun pass `--lib`
